[2026.05.12-14.33.10:530][832]LogModuleManager: Shutting down and abandoning module SlateReflector (230)
[2026.05.12-14.33.10:530][832]LogModuleManager: Shutting down and abandoning module Slate (228)
[2026.05.12-14.33.10:530][832]LogModuleManager: Shutting down and abandoning module SlateCore (226)
[2026.05.12-14.33.10:532][832]LogModuleManager: Shutting down and abandoning module LandscapeEditorUtilities (224)
[2026.05.12-14.33.10:532][832]LogModuleManager: Shutting down and abandoning module UnrealEd (222)
[2026.05.12-14.33.10:532][832]LogModuleManager: Shutting down and abandoning module MRMesh (220)
[2026.05.12-14.33.10:532][832]LogModuleManager: Shutting down and abandoning module Messaging (218)
[2026.05.12-14.33.10:532][832]LogModuleManager: Shutting down and abandoning module SourceCodeAccess (216)
[2026.05.12-14.33.10:532][832]LogModuleManager: Shutting down and abandoning module HeadMountedDisplay (214)
[2026.05.12-14.33.10:532][832]LogModuleManager: Shutting down and abandoning module XAudio2 (212)
[2026.05.12-14.33.10:532][832]LogModuleManager: Shutting down and abandoning module Networking (210)
[2026.05.12-14.33.10:532][832]LogModuleManager: Shutting down and abandoning module Core (208)
[2026.05.12-14.33.10:532][832]LogModuleManager: Shutting down and abandoning module MaterialEditor (206)
[2026.05.12-14.33.10:532][832]LogModuleManager: Shutting down and abandoning module MovieSceneTools (204)
[2026.05.12-14.33.10:533][832]LogModuleManager: Shutting down and abandoning module EditorStyle (203)
[2026.05.12-14.33.10:533][832]LogModuleManager: Shutting down and abandoning module KismetCompiler (200)
[2026.05.12-14.33.10:533][832]LogModuleManager: Shutting down and abandoning module MeshBuilder (198)
[2026.05.12-14.33.10:533][832]LogModuleManager: Shutting down and abandoning module MeshUtilities (196)
[2026.05.12-14.33.10:533][832]LogModuleManager: Shutting down and abandoning module MeshMergeUtilities (195)
[2026.05.12-14.33.10:533][832]LogModuleManager: Shutting down and abandoning module MeshReductionInterface (194)
[2026.05.12-14.33.10:533][832]LogModuleManager: Shutting down and abandoning module MeshBoneReduction (193)
[2026.05.12-14.33.10:533][832]LogModuleManager: Shutting down and abandoning module SkeletalMeshReduction (191)
[2026.05.12-14.33.10:533][832]LogModuleManager: Shutting down and abandoning module ProxyLODMeshReduction (189)
[2026.05.12-14.33.10:533][832]LogModuleManager: Shutting down and abandoning module QuadricMeshReduction (187)
[2026.05.12-14.33.10:533][832]LogModuleManager: Shutting down and abandoning module MaterialBaking (183)
[2026.05.12-14.33.10:535][832]LogModuleManager: Shutting down and abandoning module NullInstallBundleManager (178)
[2026.05.12-14.33.10:535][832]LogModuleManager: Shutting down and abandoning module PIEPreviewDeviceProfileSelector (176)
[2026.05.12-14.33.10:535][832]LogModuleManager: Shutting down and abandoning module DerivedDataCache (174)
[2026.05.12-14.33.10:535][832]LogModuleManager: Shutting down and abandoning module TargetPlatform (172)
[2026.05.12-14.33.10:535][832]LogModuleManager: Shutting down and abandoning module VulkanShaderFormat (171)
[2026.05.12-14.33.10:535][832]LogModuleManager: Shutting down and abandoning module ShaderFormatVectorVM (169)
[2026.05.12-14.33.10:535][832]LogModuleManager: Shutting down and abandoning module ShaderFormatOpenGL (167)
[2026.05.12-14.33.10:535][832]LogModuleManager: Shutting down and abandoning module ShaderFormatD3D (165)
[2026.05.12-14.33.10:535][832]LogModuleManager: Shutting down and abandoning module MetalShaderFormat (163)
[2026.05.12-14.33.10:535][832]LogModuleManager: Shutting down and abandoning module TextureFormatOodle (161)
[2026.05.12-14.33.10:535][832]LogModuleManager: Shutting down and abandoning module TextureFormatUncompressed (159)
[2026.05.12-14.33.10:535][832]LogModuleManager: Shutting down and abandoning module TextureFormatPVR (157)
[2026.05.12-14.33.10:535][832]LogModuleManager: Shutting down and abandoning module TextureFormatETC2 (155)
[2026.05.12-14.33.10:535][832]LogModuleManager: Shutting down and abandoning module TextureFormatDXT (153)
[2026.05.12-14.33.10:535][832]LogModuleManager: Shutting down and abandoning module TextureFormatIntelISPCTexComp (151)
[2026.05.12-14.33.10:536][832]LogModuleManager: Shutting down and abandoning module TextureFormatASTC (149)
[2026.05.12-14.33.10:536][832]LogModuleManager: Shutting down and abandoning module ImageWrapper (148)
[2026.05.12-14.33.10:536][832]LogModuleManager: Shutting down and abandoning module AudioFormatOpus (145)
[2026.05.12-14.33.10:536][832]LogModuleManager: Shutting down and abandoning module AudioFormatOgg (143)
[2026.05.12-14.33.10:536][832]LogModuleManager: Shutting down and abandoning module AudioFormatADPCM (141)
[2026.05.12-14.33.10:536][832]LogModuleManager: Shutting down and abandoning module WindowsServerTargetPlatform (139)
[2026.05.12-14.33.10:536][832]LogModuleManager: Shutting down and abandoning module WindowsClientTargetPlatform (137)
[2026.05.12-14.33.10:536][832]LogModuleManager: Shutting down and abandoning module WindowsTargetPlatform (135)
[2026.05.12-14.33.10:536][832]LogModuleManager: Shutting down and abandoning module WindowsNoEditorTargetPlatform (133)
[2026.05.12-14.33.10:536][832]LogModuleManager: Shutting down and abandoning module D3D11RHI (130)
[2026.05.12-14.33.10:536][832]LogModuleManager: Shutting down and abandoning module InputCore (128)
[2026.05.12-14.33.10:536][832]LogModuleManager: Shutting down and abandoning module Settings (126)
[2026.05.12-14.33.10:536][832]LogModuleManager: Shutting down and abandoning module PhysXCooking (124)
[2026.05.12-14.33.10:536][832]LogModuleManager: Shutting down and abandoning module Chaos (122)
[2026.05.12-14.33.10:537][832]LogModuleManager: Shutting down and abandoning module WindowsPlatformFeatures (120)
[2026.05.12-14.33.10:537][832]LogModuleManager: Shutting down and abandoning module GameplayMediaEncoder (119)
[2026.05.12-14.33.10:537][832]LogModuleManager: Shutting down and abandoning module AVEncoder (118)
[2026.05.12-14.33.10:537][832]LogModuleManager: Shutting down and abandoning module SteamVRInputDevice (114)
[2026.05.12-14.33.10:537][832]LogModuleManager: Shutting down and abandoning module SteamVRInput (112)
[2026.05.12-14.33.10:537][832]LogModuleManager: Shutting down and abandoning module SteamVR (110)
[2026.05.12-14.33.10:537][832]LogHMD: Freeing OpenVRDLLHandle.
[2026.05.12-14.33.10:537][832]LogModuleManager: Shutting down and abandoning module OculusHMD (108)
[2026.05.12-14.33.10:537][832]LogModuleManager: Shutting down and abandoning module LauncherChunkInstaller (106)
[2026.05.12-14.33.10:537][832]LogModuleManager: Shutting down and abandoning module OpenXRHandTracking (104)
[2026.05.12-14.33.10:537][832]LogSlate: Slate User Destroyed.  User Index 0, Is Virtual User: 0
[2026.05.12-14.33.10:537][832]LogModuleManager: Shutting down and abandoning module OpenXREyeTracker (102)
[2026.05.12-14.33.10:537][832]LogModuleManager: Shutting down and abandoning module OpenXRAR (100)
[2026.05.12-14.33.10:538][832]LogModuleManager: Shutting down and abandoning module AugmentedReality (99)
[2026.05.12-14.33.10:538][832]LogModuleManager: Shutting down and abandoning module OpenXRHMD (96)
[2026.05.12-14.33.10:538][832]LogModuleManager: Shutting down and abandoning module ExampleDeviceProfileSelector (94)
[2026.05.12-14.33.10:538][832]LogModuleManager: Shutting down and abandoning module ChunkDownloader (92)
[2026.05.12-14.33.10:538][832]LogModuleManager: Shutting down and abandoning module OnlineSubsystem (90)
[2026.05.12-14.33.10:539][832]LogModuleManager: Shutting down and abandoning module XMPP (85)
[2026.05.12-14.33.10:539][832]LogModuleManager: Shutting down and abandoning module WebSockets (84)
[2026.05.12-14.33.10:563][832]LogModuleManager: Shutting down and abandoning module HTTP (81)
[2026.05.12-14.33.10:563][832]LogHttp: Display: cleaning up 0 outstanding Http requests.
[2026.05.12-14.33.10:595][832]LogModuleManager: Shutting down and abandoning module SSL (80)
[2026.05.12-14.33.10:596][832]LogModuleManager: Shutting down and abandoning module OnlineBlueprintSupport (76)
[2026.05.12-14.33.10:596][832]LogModuleManager: Shutting down and abandoning module VariantManagerContent (72)
[2026.05.12-14.33.10:596][832]LogModuleManager: Shutting down and abandoning module MLSDK (70)
[2026.05.12-14.33.10:596][832]LogModuleManager: Shutting down and abandoning module MagicLeap (68)
[2026.05.12-14.33.10:596][832]LogModuleManager: Shutting down and abandoning module WmfMedia (66)
[2026.05.12-14.33.10:597][832]LogModuleManager: Shutting down and abandoning module Media (65)
[2026.05.12-14.33.10:597][832]LogModuleManager: Shutting down and abandoning module MediaInfo (64)
[2026.05.12-14.33.10:598][832]LogModuleManager: Shutting down and abandoning module ExrReaderGpu (60)
[2026.05.12-14.33.10:598][832]LogModuleManager: Shutting down and abandoning module DatasmithContent (58)
[2026.05.12-14.33.10:598][832]LogModuleManager: Shutting down and abandoning module ChaosCloth (56)
[2026.05.12-14.33.10:598][832]LogModuleManager: Shutting down and abandoning module PixWinPlugin (54)
[2026.05.12-14.33.10:598][832]LogModuleManager: Shutting down and abandoning module NiagaraVertexFactories (52)
[2026.05.12-14.33.10:598][832]LogModuleManager: Shutting down and abandoning module NiagaraShader (50)
[2026.05.12-14.33.10:598][832]LogModuleManager: Shutting down and abandoning module AISupportModule (48)
[2026.05.12-14.33.10:598][832]LogModuleManager: Shutting down and abandoning module PythonScriptPluginPreload (46)
[2026.05.12-14.33.10:598][832]LogModuleManager: Shutting down and abandoning module PlatformCryptoOpenSSL (44)
[2026.05.12-14.33.10:598][832]LogModuleManager: Shutting down and abandoning module PlatformCryptoTypes (42)
[2026.05.12-14.33.10:598][832]LogModuleManager: Shutting down and abandoning module PlatformCrypto (40)
[2026.05.12-14.33.10:598][832]LogModuleManager: Shutting down and abandoning module OodleDataCompressionFormat (38)
[2026.05.12-14.33.10:598][832]LogModuleManager: Shutting down and abandoning module XGEController (36)
[2026.05.12-14.33.10:598][832]LogXGEController: Cleaning working directory: C:/Users/kapil/AppData/Local/Temp/UnrealXGEWorkingDir/
[2026.05.12-14.33.10:598][832]LogModuleManager: Shutting down and abandoning module AnimationModifiers (34)
[2026.05.12-14.33.10:598][832]LogModuleManager: Shutting down and abandoning module AudioEditor (32)
[2026.05.12-14.33.10:598][832]LogModuleManager: Shutting down and abandoning module PropertyEditor (31)
[2026.05.12-14.33.10:598][832]LogModuleManager: Shutting down and abandoning module TextureCompressor (28)
[2026.05.12-14.33.10:598][832]LogModuleManager: Shutting down and abandoning module RenderCore (26)
[2026.05.12-14.33.10:598][832]LogModuleManager: Shutting down and abandoning module Landscape (24)
[2026.05.12-14.33.10:598][832]LogModuleManager: Shutting down and abandoning module SlateRHIRenderer (22)
[2026.05.12-14.33.10:599][832]LogModuleManager: Shutting down and abandoning module AnimGraphRuntime (20)
[2026.05.12-14.33.10:599][832]LogModuleManager: Shutting down and abandoning module Renderer (18)
[2026.05.12-14.33.10:599][832]LogModuleManager: Shutting down and abandoning module Engine (16)
[2026.05.12-14.33.10:599][832]LogModuleManager: Shutting down and abandoning module CoreUObject (14)
[2026.05.12-14.33.10:599][832]LogModuleManager: Shutting down and abandoning module NetworkFile (12)
[2026.05.12-14.33.10:599][832]LogModuleManager: Shutting down and abandoning module CookedIterativeFile (10)
[2026.05.12-14.33.10:599][832]LogModuleManager: Shutting down and abandoning module StreamingFile (8)
[2026.05.12-14.33.10:599][832]LogModuleManager: Shutting down and abandoning module SandboxFile (6)
[2026.05.12-14.33.10:599][832]LogModuleManager: Shutting down and abandoning module PakFile (4)
[2026.05.12-14.33.10:599][832]LogModuleManager: Shutting down and abandoning module RSA (3)
[2026.05.12-14.33.10:982][832]LogContentStreaming: Display: There are 1 unreleased StreamingManagers
[2026.05.12-14.33.10:998][832]LogD3D11RHI: Shutdown
[2026.05.12-14.33.10:998][832]LogD3D11RHI: CleanupD3DDevice
[2026.05.12-14.33.11:072][832]LogExit: Exiting.
[2026.05.12-14.33.11:074][832]Log file closed, 05/12/26 07:33:11
