[2026.05.12-10.04.14:925][  0]LogInit: Selected Device Profile: [Windows]
[2026.05.12-10.04.14:925][  0]LogInit: Active device profile: [000001D6F955B300][000001D6DDD55A00 49] Windows
[2026.05.12-10.04.14:925][  0]LogInit: Profiles: [000001D6F955B300][000001D6DDD55A00 49] Windows, [000001D6F9504F00][000001D6F4589B80 49] WindowsNoEditor, [000001D6F9558F00][000001D6F458C180 49] WindowsServer, [000001D6F9506A00][000001D6F4590300 49] WindowsClient, [000001D6F955A900][000001D6F4594480 49] IOS, [000001D6F9505900][000001D6F4598600 49] iPadAir, [000001D6F9559800][000001D6F459C780 49] iPadAir2, [000001D6F94A7800][000001D6F4E72A40 49] IPadPro, [000001D6F94A7900][000001D6F4E6EA80 49] iPadAir3, [000001D6F955A200][000001D6F4E76C00 49] iPadAir4, [000001D6F94A5400][000001D6F4E7AD80 49] iPadMini2, [000001D6F955BC00][000001D6F4E7EF00 49] iPadMini3, [000001D6F94A6400][000001D6F4E83080 49] iPadMini4, [000001D6F9559100][000001D6F4E87200 49] iPadMini5, [000001D6F94F7100][000001D6F4E8F4C0 49] iPhone6, [000001D6F94F7200][000001D6F4E8B500 49] iPodTouch6, [000001D6F94A4600][000001D6F4E93740 49] iPhone7, [000001D6F94A4400][000001D6DDD59780 49] iPodTouch7, [000001D6F94F5300][000001D6F4E978C0 49] iPhone5S, [000001D6F94A4D00][000001D6F4E9FA40 49] iPhone6Plus, [000001D6F94F6500][000001D6F4EA3BC0 49] iPhone6S, [000001D6F94A7D00][000001D6F4EA61C0 49] iPhone6SPlus, [000001D6F94F7A00][000001D6F4EAA340 49] iPhone7Plus, [000001D6F94A5900][000001D6F40C84C0 49] iPhoneSE, [000001D6F94F4900][000001D6F40CC640 49] iPhone8, [000001D6F94A6600][000001D6F40D07C0 49] iPhone8Plus, [000001D6F94F6300][000001D6F40D4940 49] iPhoneX, [000001D6F94A6D00][000001D6F40D8AC0 49] iPhoneXS, [000001D6F94F7B00][000001D6F40DCC40 49] iPhoneXSMax, [000001D6F94A6A00][000001D6F40E0DC0 49] iPhoneXR, [000001D6F94F7700][000001D6F40E4F40 49] iPhone11, [000001D6F94A7000][000001D6F40E90C0 49] iPhone11Pro, [000001D6F94F5500][000001D6F40ED240 49] iPhone11ProMax, [000001D6F94A4200][000001D6F40F13C0 49] iPhoneSE2, [000001D6F94F4E00][000001D6F40F5540 49] iPhone12Mini, [000001D6F94A6100][000001D6F40F96C0 49] iPhone12, [000001D6F94F7600][000001D6F4E9B800 49] iPhone12Pro, [000001D6F94A6E00][000001D6F40FD940 49] iPhone12ProMax, [000001D6F94F4A00][000001D6F4101A80 49] iPadPro105, [000001D6F94A5300][000001D6F4109C00 49] iPadPro129, [000001D6F94F5100][000001D6F410C200 49] iPadPro97, [000001D6F94A7500][000001D6F4110380 49] iPadPro2_129, [000001D6F94F6C00][000001D6F43BE500 49] iPad5, [000001D6F94A4900][000001D6F43C2680 49] iPad6, [000001D6F94F5800][000001D6F43C6800 49] iPad7, [000001D6F94A5C00][000001D6F43CA980 49] iPad8, [000001D6F94F5C00][000001D6F43CEB00 49] iPadPro11, [000001D6F94A4B00][000001D6F43D2C80 49] iPadPro2_11, [000001D6F94F6100][000001D6F43D6E00 49] iPadPro3_129, [000001D6F94A6000][000001D6F43DAF80 49] iPadPro4_129, [000001D6F94F6800][000001D6F43DF100 49] AppleTV, [000001D6F94A4C00][000001D6F43E3280 49] AppleTV4K, [000001D6F94F6F00][000001D6F43E7400 49] TVOS, [000001D6F94A4E00][000001D6F43EB580 49] Mac, [000001D6F94F7C00][000001D6F43EF700 49] MacClient, [000001D6F94A7100][000001D6F43F3880 49] MacNoEditor, [000001D6F94F7D00][000001D6F41059C0 49] MacServer, [000001D6F94A4300][000001D6F43F7B00 49] Linux, [000001D6F94F5600][000001D6F43FA0C0 49] LinuxAArch64, [000001D6F94A5100][000001D6F4402240 49] LinuxNoEditor, [000001D6F9506500][000001D6F44063C0 49] LinuxAArch64NoEditor, [000001D6F9592000][000001D6F440A540 49] LinuxClient, [000001D6F9505A00][000001D6F440E6C0 49] LinuxAArch64Client, [000001D6F9591B00][000001D6F4412840 49] LinuxServer, [000001D6F9506D00][000001D6F44169C0 49] LinuxAArch64Server, [000001D6F9590300][000001D6F441AB40 49] Android, [000001D6F9506300][000001D6F441ECC0 49] Android_Low, [000001D6F9591C00][000001D6F4422E40 49] Android_Mid, [000001D6F9505700][000001D6F4426FC0 49] Android_High, [000001D6F9590800][000001D6F442B140 49] Android_Default, [000001D6F9507200][000001D6F442F2C0 49] Android_Adreno4xx, [000001D6F9591700][000001D6F4433440 49] Android_Adreno5xx_Low, [000001D6F9506800][000001D6F44375C0 49] Android_Adreno5xx, [000001D6F9592100][000001D6F443B740 49] Android_Adreno6xx, [000001D6F9504D00][000001D6F443F8C0 49] Android_Adreno6xx_Vulkan, [000001D6F9592600][000001D6F4443A40 49] Android_Mali_T6xx, [000001D6F9506C00][000001D6F43FFB80 49] Android_Mali_T7xx, [000001D6F9591D00][000001D6F4446140 49] Android_Mali_T8xx, [000001D6F9504500][000001D6F444A280 49] Android_Mali_G71, [000001D6F9590100][000001D6F444E3C0 49] Android_Mali_G72, [000001D6F94A5600][000001D6F4456540 49] Android_Mali_G72_Vulkan, [000001D6F94F4F00][000001D6F445A6C0 49] Android_Mali_G76, [000001D6F94A5000][000001D6F445E840 49] Android_Mali_G76_Vulkan, [000001D6F94F5B00][000001D6F44629C0 49] Android_Mali_G77, [000001D6F94A7E00][000001D6F4466B40 49] Android_Mali_G77_Vulkan, [000001D6F94F4700][000001D6F446ACC0 49] Android_Mali_G78, [000001D6F94A4700][000001D6F446EE40 49] Android_Mali_G78_Vulkan, [000001D6F9590F00][000001D6F4472FC0 49] Android_Mali_G710, [000001D6F94A6200][000001D6F4477140 49] Android_Mali_G710_Vulkan, [000001D6F9590D00][000001D6F447B2C0 49] Android_Vulkan_SM5, [000001D6F94A7600][000001D6F447F440 49] Android_PowerVR_G6xxx, [000001D6F9592500][000001D6F44835C0 49] Android_PowerVR_GT7xxx, [000001D6F94A7400][000001D6F4487740 49] Android_PowerVR_GE8xxx, [000001D6F9591300][000001D6F448B8C0 49] Android_PowerVR_GM9xxx, [000001D6F94A6700][000001D6F448FA40 49] Android_PowerVR_GM9xxx_Vulkan, [000001D6F9591500][000001D6F4493BC0 49] Android_TegraK1, [000001D6F94A5700][000001D6F4452180 49] Android_Unknown_Vulkan, [000001D6F9590600][000001D6F44962C0 49] Lumin, [000001D6F94A5800][000001D6F449A400 49] Lumin_Desktop, [000001D6F9590B00][000001D6F449E540 49] HoloLens, 
[2026.05.12-10.04.15:123][  0]LogMeshReduction: Using QuadricMeshReduction for automatic static mesh reduction
[2026.05.12-10.04.15:123][  0]LogMeshReduction: Using SimplygonMeshReduction for automatic skeletal mesh reduction
[2026.05.12-10.04.15:123][  0]LogMeshReduction: Using ProxyLODMeshReduction for automatic mesh merging
[2026.05.12-10.04.15:123][  0]LogMeshReduction: No distributed automatic mesh merging module available
[2026.05.12-10.04.15:124][  0]LogMeshMerging: No distributed automatic mesh merging module available
[2026.05.12-10.04.15:301][  0]LogNetVersion: testTP 1.0.0, NetCL: 17155196, EngineNetVer: 17, GameNetVer: 0 (Checksum: 3966549976)
[2026.05.12-10.04.16:334][  0]LogTexture: Default maximum texture size for cubemaps generated from long-lat sources has been changed from 512 to unlimited. In order to preserve old behaiour for '/Engine/MapTemplates/Sky/DaylightAmbientCubemap.DaylightAmbientCubemap', its maximum texture size has been explicitly set to 512.
[2026.05.12-10.04.16:464][  0]LogHMD: PokeAHoleMaterial loaded successfully
[2026.05.12-10.04.16:689][  0]LogMoviePlayer: Initializing movie player
[2026.05.12-10.04.16:861][  0]LogNiagaraDebuggerClient: Niagara Debugger Client Initialized | Session: 4B6BB1C04161EF72073701BD696537C8 | Instance: 33D415B940B5D0544A3E48A339D53D07 (IMMERSEDEMOM5-35336).
[2026.05.12-10.04.16:917][  0]LogCollectionManager: Loaded 0 collections in 0.003534 seconds
[2026.05.12-10.04.16:923][  0]LogFileCache: Scanning file cache for directory 'C:/Users/kapil/OneDrive/Documents/Unreal Projects/testTP/Saved/Collections/' took 0.00s
[2026.05.12-10.04.16:923][  0]LogFileCache: Scanning file cache for directory 'C:/Users/kapil/OneDrive/Documents/Unreal Projects/testTP/Content/Developers/kapil/Collections/' took 0.00s
[2026.05.12-10.04.16:923][  0]LogFileCache: Scanning file cache for directory 'C:/Users/kapil/OneDrive/Documents/Unreal Projects/testTP/Content/Collections/' took 0.00s
[2026.05.12-10.04.16:923][  0]LogCollectionManager: Fixed up redirectors for 0 collections in 0.000002 seconds (updated 0 objects)
[2026.05.12-10.04.16:965][  0]LogPython: Using Python 3.7.7
[2026.05.12-10.04.18:095][  0]LogAkAudio: Wwise(R) SDK Version 2019.2.15 Build 7667. Copyright (c) 2006-2019 Audiokinetic Inc.
[2026.05.12-10.04.18:095][  0]LogAkAudio: Wwise plug-in DLL path: C:/Users/kapil/OneDrive/Documents/Unreal Projects/testTP/Plugins/Wwise/ThirdParty/x64_vc150/Profile/bin/
[2026.05.12-10.04.18:096][  0]LogAkAudio: Wwise remote connection application name: testTP
[2026.05.12-10.04.18:096][  0]LogAkAudio: Wwise successfully initialized.
[2026.05.12-10.04.19:141][  0]LogAkAudio: Initialization complete.
[2026.05.12-10.04.19:142][  0]LogInit: Audiokinetic Audio Device initialized.
[2026.05.12-10.04.20:521][  0]LogOpenImageDenoise: OIDN starting up
[2026.05.12-10.04.20:542][  0]LogAndroidPermission: UAndroidPermissionCallbackProxy::GetInstance
[2026.05.12-10.04.20:561][  0]LogAudioCaptureCore: Display: No Audio Capture implementations found. Audio input will be silent.
[2026.05.12-10.04.20:561][  0]LogAudioCaptureCore: Display: No Audio Capture implementations found. Audio input will be silent.
[2026.05.12-10.04.20:659][  0]SourceControl: Source control is disabled
[2026.05.12-10.04.20:659][  0]SourceControl: Source control is disabled
[2026.05.12-10.04.20:662][  0]LogUProjectInfo: Found projects:
[2026.05.12-10.04.20:678][  0]SourceControl: Source control is disabled
[2026.05.12-10.04.20:707][  0]LogOcInput: OculusInput pre-init called
[2026.05.12-10.04.20:717][  0]LogUObjectArray: 22811 objects as part of root set at end of initial load.
[2026.05.12-10.04.20:717][  0]LogUObjectAllocator: 6215680 out of 0 bytes used by permanent object pool.
[2026.05.12-10.04.20:717][  0]LogUObjectArray: CloseDisregardForGC: 0/0 objects in disregard for GC pool
[2026.05.12-10.04.20:865][  0]LogClass: Display: EnumProperty FAkExternalSourceInfo::CodecID is not initialized properly. Module:AkAudio File:Classes/AkGameplayTypes.h
[2026.05.12-10.04.20:866][  0]LogClass: Warning: ObjectProperty FAkExternalSourceInfo::ExternalSourceAsset is not initialized properly. Module:AkAudio File:Classes/AkGameplayTypes.h
[2026.05.12-10.04.20:866][  0]LogClass: Display: IntProperty FAkChannelMask::ChannelMask is not initialized properly. Module:AkAudio File:Classes/AkGameplayTypes.h
[2026.05.12-10.04.20:867][  0]LogClass: Display: 3 Uninitialized script struct members found including 1 object properties
[2026.05.12-10.04.20:869][  0]LogAutomationTest: Warning: ObjectProperty FAkExternalSourceInfo::ExternalSourceAsset is not initialized properly. Module:AkAudio File:Classes/AkGameplayTypes.h
[2026.05.12-10.04.20:871][  0]LogEngine: Initializing Engine...
[2026.05.12-10.04.20:924][  0]LogHMD: Failed to enumerate extensions. Please check that you have a valid OpenXR runtime installed.
[2026.05.12-10.04.20:925][  0]LogHMD: Failed to initialize OpenVR with code 110
[2026.05.12-10.04.20:925][  0]LogMagicLeap: Warning: VR disabled because ZI is not enabled.  To enable, in the editor, Edit -> Project Settings -> Plugins -> Magic Leap Plugin -> Enable Zero Iteration
[2026.05.12-10.04.20:929][  0]LogStats: UGameplayTagsManager::InitializeManager -  0.001 s
[2026.05.12-10.04.21:160][  0]LogInit: Initializing FReadOnlyCVARCache
[2026.05.12-10.04.21:160][  0]LogAudio: Display: Initializing Audio Device Manager...
[2026.05.12-10.04.21:164][  0]LogAudio: Display: Loading Default Audio Settings Objects...
[2026.05.12-10.04.21:171][  0]LogAudio: Display: No default SoundConcurrencyObject specified (or failed to load).
[2026.05.12-10.04.21:172][  0]LogAudio: Display: Audio Device Manager Initialized
[2026.05.12-10.04.21:172][  0]LogAudio: Display: Creating Audio Device:                 Id: 1, Scope: Shared, Realtime: True
[2026.05.12-10.04.21:173][  0]LogAudioMixer: Display: Audio Mixer Platform Settings:
[2026.05.12-10.04.21:173][  0]LogAudioMixer: Display: 	Sample Rate:						  48000
[2026.05.12-10.04.21:173][  0]LogAudioMixer: Display: 	Callback Buffer Frame Size Requested: 1024
[2026.05.12-10.04.21:173][  0]LogAudioMixer: Display: 	Callback Buffer Frame Size To Use:	  1024
[2026.05.12-10.04.21:173][  0]LogAudioMixer: Display: 	Number of buffers to queue:			  2
[2026.05.12-10.04.21:173][  0]LogAudioMixer: Display: 	Max Channels (voices):				  32
[2026.05.12-10.04.21:173][  0]LogAudioMixer: Display: 	Number of Async Source Workers:		  0
[2026.05.12-10.04.21:173][  0]LogAudio: Display: AudioDevice MaxSources: 32
[2026.05.12-10.04.21:175][  0]LogAudio: Display: Audio Spatialization Plugin: None (built-in).
[2026.05.12-10.04.21:175][  0]LogAudio: Display: Audio Reverb Plugin: None (built-in).
[2026.05.12-10.04.21:175][  0]LogAudio: Display: Audio Occlusion Plugin: None (built-in).
[2026.05.12-10.04.21:175][  0]LogAudioMixer: Display: Initializing audio mixer.
[2026.05.12-10.04.21:191][  0]LogAudioMixer: Display: 0: FrontLeft
[2026.05.12-10.04.21:191][  0]LogAudioMixer: Display: 1: FrontRight
[2026.05.12-10.04.21:208][  0]LogAudioMixer: Display: Using Audio Device Speakers (2- Realtek(R) Audio)
[2026.05.12-10.04.21:211][  0]LogAudioMixer: Display: Initializing Sound Submixes...
[2026.05.12-10.04.21:234][  0]LogAudioMixer: Display: Creating Master Submix 'MasterSubmixDefault'
[2026.05.12-10.04.21:234][  0]LogAudioMixer: Display: Creating Master Submix 'MasterReverbSubmixDefault'
[2026.05.12-10.04.21:236][  0]LogAudioMixer: Display: Creating Master Submix 'MasterEQSubmixDefault'
[2026.05.12-10.04.21:237][  0]LogAudioMixer: FMixerPlatformXAudio2::StartAudioStream() called
[2026.05.12-10.04.21:237][  0]LogAudioMixer: Display: Output buffers initialized: Frames=1024, Channels=2, Samples=2048
[2026.05.12-10.04.21:238][  0]LogAudioMixer: Display: Starting AudioMixerPlatformInterface::RunInternal()
[2026.05.12-10.04.21:238][  0]LogAudioMixer: Display: FMixerPlatformXAudio2::SubmitBuffer() called for the first time
[2026.05.12-10.04.21:238][  0]LogInit: FAudioDevice initialized.
[2026.05.12-10.04.21:240][  0]LogNetVersion: Set ProjectVersion to 1.0.0.0. Version Checksum will be recalculated on next use.
[2026.05.12-10.04.21:284][  0]LogDerivedDataCache: Saved boot cache 0.04s 78MB C:/Users/kapil/AppData/Local/UnrealEngine/4.27/DerivedDataCache/Boot.ddc.
[2026.05.12-10.04.21:285][  0]LogInit: Texture streaming: Enabled
[2026.05.12-10.04.21:524][  0]LogAudio: Display: Audio Device (ID: 1) registered with world 'Untitled'.
[2026.05.12-10.04.21:528][  0]LogSlate: Updating window title bar state: overlay mode, drag disabled, window buttons hidden, title bar hidden
[2026.05.12-10.04.21:531][  0]LogInit: Display: Game Engine Initialized.
[2026.05.12-10.04.21:533][  0]LogNiagaraEditor: GEditor isn't valid! Particle reset commands will not work for Niagara components!
[2026.05.12-10.04.21:637][  0]LogInit: Display: Starting Game.
[2026.05.12-10.04.21:638][  0]LogNet: Browse: /Game/ThirdPersonBP/Maps/ThirdPersonExampleMap?Name=Player
[2026.05.12-10.04.21:638][  0]LogLoad: LoadMap: /Game/ThirdPersonBP/Maps/ThirdPersonExampleMap?Name=Player
[2026.05.12-10.04.21:639][  0]LogWorld: BeginTearingDown for /Temp/Untitled_0
[2026.05.12-10.04.21:648][  0]LogWorld: UWorld::CleanupWorld for Untitled, bSessionEnded=true, bCleanupResources=true
[2026.05.12-10.04.21:652][  0]LogSlate: InvalidateAllWidgets triggered.  All widgets were invalidated
[2026.05.12-10.04.21:664][  0]LogAudio: Display: Audio Device unregistered from world 'None'.
[2026.05.12-10.04.21:676][  0]LogUObjectHash: Compacting FUObjectHashTables data took   0.73ms
[2026.05.12-10.04.22:163][  0]LogAudio: Display: Audio Device (ID: 1) registered with world 'ThirdPersonExampleMap'.
[2026.05.12-10.04.22:175][  0]LogAIModule: Creating AISystem for world ThirdPersonExampleMap
[2026.05.12-10.04.22:183][  0]LogLoad: Game class is 'ThirdPersonGameMode_C'
[2026.05.12-10.04.22:204][  0]LogWorld: Bringing World /Game/ThirdPersonBP/Maps/ThirdPersonExampleMap.ThirdPersonExampleMap up for play (max tick rate 0) at 2026.05.12-03.04.22
[2026.05.12-10.04.22:204][  0]LogWorld: Bringing up level for play took: 0.020608
[2026.05.12-10.04.22:218][  0]LogTemp: Display: [ImmerseStress] Ready. Defaults: event=SwordHits bus=7p1p4 shareset=Immerse_Audio_Renderer_(Custom)
[2026.05.12-10.04.22:218][  0]LogTemp: Display: [ImmerseStress] IMMERSE_USER_ID env=kevin_tencenttest1_emb | IMMERSE_USERID=kevin_tencenttest1_emb | IMMERSE_USER=kevin_tencenttest1_emb
[2026.05.12-10.04.22:218][  0]LogTemp: Display: [testTP] Auto-spawned ImmerseStressTestActor into ThirdPersonExampleMap (type=1)
[2026.05.12-10.04.22:218][  0]LogLoad: Took 0.578536 seconds to LoadMap(/Game/ThirdPersonBP/Maps/ThirdPersonExampleMap)
[2026.05.12-10.04.22:253][  0]LogRenderer: Reallocating scene render targets to support 1536x864 Format 10 NumSamples 1 (Frame:1).
[2026.05.12-10.04.22:253][  0]LogSlate: Took 0.005149 seconds to synchronously load lazily loaded font '../../../Engine/Content/Slate/Fonts/Roboto-Regular.ttf' (155K)
[2026.05.12-10.04.22:289][  0]LogInit: Display: Engine is initialized. Leaving FEngineLoop::Init()
[2026.05.12-10.04.22:289][  0]LogLoad: (Engine Initialization) Total time: 15.29 seconds
[2026.05.12-10.04.22:289][  0]LogLoad: (Engine Initialization) Total Blueprint compile time: 0.00 seconds
[2026.05.12-10.04.22:310][  0]LogContentStreaming: Texture pool size now 1000 MB
[2026.05.12-10.04.22:318][  0]LogSlate: InvalidateAllWidgets triggered.  All widgets were invalidated
[2026.05.12-10.04.22:442][  0]LogRenderer: Reallocating scene render targets to support 128x128 Format 10 NumSamples 1 (Frame:1).
[2026.05.12-10.04.22:468][  0]LogRenderer: Reallocating scene render targets to support 1536x864 Format 10 NumSamples 1 (Frame:2).
[2026.05.12-10.04.22:483][  1]LogSlate: Took 0.000123 seconds to synchronously load lazily loaded font '../../../Engine/Content/Slate/Fonts/Roboto-Regular.ttf' (155K)
[2026.05.12-10.04.24:810][217]LogTemp: Display: [ImmerseStress] PLAN START  steps=8 (concurrency=4 Ã— immerse{off,on}) rate=300.0Hz life=500ms warmup=2.0s phase=15.0s cooldown=2.0s CSV=../../../../../../Users/kapil/OneDrive/Documents/Unreal Projects/testTP/Saved/ImmerseStress/run_20260512_030424.csv
[2026.05.12-10.04.24:810][217]LogTemp: Display: [ImmerseStress] BypassImmerse(bus=7p1p4) -> OK
[2026.05.12-10.04.24:810][217]LogTemp: Display: [ImmerseStress] >>> WARMUP step=0/8 immerse=off conc=32 (align Wwise profiler capture here)
[2026.05.12-10.04.24:810][217]LogTemp: Display: [ImmerseStress] Churn START  event=SwordHits rate=300.0Hz life=500ms cap=32 immerse=BYPASSED
[2026.05.12-10.04.24:869][244]LogStats: Display: There is no thread with id: 37564. Please add thread metadata for this thread.
[2026.05.12-10.04.26:802][168]LogTemp: Display: [ImmerseStress] >>> RUNNING step=0/8 immerse=off conc=32 (align Wwise profiler capture here)
[2026.05.12-10.04.26:803][168]LogTemp: Display: [ImmerseStress] CAPTURE_WAV_v2 START ../../../../../../Users/kapil/OneDrive/Documents/Unreal Projects/testTP/Saved/ImmerseStress/phase_0_off.wav
[2026.05.12-10.04.26:805][170]LogAkAudio: Error: Cannot open file ../../../../../../Users/kapil/OneDrive/Documents/Unreal Projects/testTP/Saved/Wwise/../../../../../../Users/kapil/OneDrive/Documents/Unreal Projects/testTP/Saved/ImmerseStress/phase_0_off.wav for write.
[2026.05.12-10.04.26:805][170]LogAkAudio: Error: Cannot open file: ../../../../../../Users/kapil/OneDrive/Documents/Unreal Projects/testTP/Saved/ImmerseStress/phase_0_off.wav
