Log file open, 05/13/26 03:17:10
LogWindows: Failed to load 'aqProf.dll' (GetLastError=126)
LogWindows: File 'aqProf.dll' does not exist
LogWindows: Failed to load 'VtuneApi.dll' (GetLastError=126)
LogWindows: File 'VtuneApi.dll' does not exist
LogWindows: Failed to load 'VtuneApi32e.dll' (GetLastError=126)
LogWindows: File 'VtuneApi32e.dll' does not exist
LogConsoleResponse: Display: Failed to find resolution value strings in scalability ini. Falling back to default.
LogConsoleResponse: Display: Failed to find resolution value strings in scalability ini. Falling back to default.
LogInit: Display: Running engine for game: testTP
LogPlatformFile: Not using cached read wrapper
LogTaskGraph: Started task graph with 5 named threads and 59 total threads with 3 sets of task threads.
LogStats: Stats thread started at 0.232096
LogICUInternationalization: ICU TimeZone Detection - Raw Offset: -8:00, Platform Override: ''
LogInit: Display: Loading text-based GConfig....
LogPluginManager: Mounting plugin MeshPainting
LogPluginManager: Mounting plugin XGEController
LogPluginManager: Mounting plugin EnvironmentQueryEditor
LogPluginManager: Mounting plugin Paper2D
LogPluginManager: Mounting plugin AISupport
LogPluginManager: Mounting plugin GameplayCameras
LogPluginManager: Mounting plugin OodleData
LogPluginManager: Mounting plugin LiveLink
LogPluginManager: Mounting plugin OodleNetwork
LogPluginManager: Mounting plugin AnimationSharing
LogPluginManager: Mounting plugin CLionSourceCodeAccess
LogPluginManager: Mounting plugin LightPropagationVolume
LogPluginManager: Mounting plugin CameraShakePreviewer
LogPluginManager: Mounting plugin GitSourceControl
LogPluginManager: Mounting plugin NullSourceCodeAccess
LogPluginManager: Mounting plugin CodeLiteSourceCodeAccess
LogPluginManager: Mounting plugin PlasticSourceControl
LogPluginManager: Mounting plugin TextureFormatOodle
LogPluginManager: Mounting plugin KDevelopSourceCodeAccess
LogPluginManager: Mounting plugin PluginUtils
LogPluginManager: Mounting plugin PropertyAccessNode
LogPluginManager: Mounting plugin VisualStudioSourceCodeAccess
LogPluginManager: Mounting plugin UObjectPlugin
LogPluginManager: Mounting plugin SubversionSourceControl
LogPluginManager: Mounting plugin PerforceSourceControl
LogPluginManager: Mounting plugin XCodeSourceCodeAccess
LogPluginManager: Mounting plugin RiderSourceCodeAccess
LogPluginManager: Mounting plugin PixWinPlugin
LogPluginManager: Mounting plugin DatasmithContent
LogPluginManager: Mounting plugin VisualStudioCodeSourceCodeAccess
LogPluginManager: Mounting plugin AssetManagerEditor
LogPluginManager: Mounting plugin AutomationUtils
LogPluginManager: Mounting plugin ChaosCloth
LogPluginManager: Mounting plugin VariantManagerContent
LogPluginManager: Mounting plugin ChaosNiagara
LogPluginManager: Mounting plugin ChaosClothEditor
LogPluginManager: Mounting plugin ChaosSolverPlugin
LogPluginManager: Mounting plugin CurveEditorTools
LogPluginManager: Mounting plugin DataValidation
LogPluginManager: Mounting plugin FacialAnimation
LogPluginManager: Mounting plugin BackChannel
LogPluginManager: Mounting plugin AlembicImporter
LogPluginManager: Mounting plugin GeometryMode
LogPluginManager: Mounting plugin CharacterAI
LogPluginManager: Mounting plugin CryptoKeys
LogPluginManager: Mounting plugin MaterialAnalyzer
LogPluginManager: Mounting plugin GameplayTagsEditor
LogPluginManager: Mounting plugin MobileLauncherProfileWizard
LogPluginManager: Mounting plugin ChaosEditor
LogPluginManager: Mounting plugin SpeedTreeImporter
LogPluginManager: Mounting plugin MacGraphicsSwitching
LogPluginManager: Mounting plugin GeometryCollectionPlugin
LogPluginManager: Mounting plugin GeometryCache
LogPluginManager: Mounting plugin GeometryProcessing
LogPluginManager: Mounting plugin PluginBrowser
LogPluginManager: Mounting plugin OpenImageDenoise
LogPluginManager: Mounting plugin PlanarCut
LogPluginManager: Mounting plugin PlatformCrypto
LogPluginManager: Mounting plugin MotoSynth
LogPluginManager: Mounting plugin PythonScriptPlugin
LogPluginManager: Mounting plugin ProxyLODPlugin
LogPluginManager: Mounting plugin SkeletalReduction
LogPluginManager: Mounting plugin AvfMedia
LogPluginManager: Mounting plugin Niagara
LogPluginManager: Mounting plugin MediaCompositing
LogPluginManager: Mounting plugin AndroidMedia
LogPluginManager: Mounting plugin ImgMedia
LogPluginManager: Mounting plugin WmfMedia
LogPluginManager: Mounting plugin ActorSequence
LogPluginManager: Mounting plugin LevelSequenceEditor
LogPluginManager: Mounting plugin WebMMedia
LogPluginManager: Mounting plugin MediaPlayerEditor
LogPluginManager: Mounting plugin MatineeToLevelSequence
LogPluginManager: Mounting plugin TemplateSequence
LogPluginManager: Mounting plugin OnlineSubsystem
LogPluginManager: Mounting plugin OnlineSubsystemNull
LogPluginManager: Mounting plugin OnlineSubsystemUtils
LogPluginManager: Mounting plugin LuminPlatformFeatures
LogPluginManager: Mounting plugin TcpMessaging
LogPluginManager: Mounting plugin MagicLeap
LogPluginManager: Mounting plugin MagicLeapMedia
LogPluginManager: Mounting plugin MagicLeapLightEstimation
LogPluginManager: Mounting plugin MLSDK
LogPluginManager: Mounting plugin AndroidMoviePlayer
LogPluginManager: Mounting plugin UdpMessaging
LogPluginManager: Mounting plugin LauncherChunkInstaller
LogPluginManager: Mounting plugin AndroidDeviceProfileSelector
LogPluginManager: Mounting plugin ActorLayerUtilities
LogPluginManager: Mounting plugin AndroidPermission
LogPluginManager: Mounting plugin AppleImageUtils
LogPluginManager: Mounting plugin AssetTags
LogPluginManager: Mounting plugin AppleMoviePlayer
LogPluginManager: Mounting plugin AudioCapture
LogPluginManager: Mounting plugin ChunkDownloader
LogPluginManager: Mounting plugin CustomMeshComponent
LogPluginManager: Mounting plugin MagicLeapPassableWorld
LogPluginManager: Mounting plugin CableComponent
LogPluginManager: Mounting plugin AudioSynesthesia
LogPluginManager: Mounting plugin EditableMesh
LogPluginManager: Mounting plugin ExampleDeviceProfileSelector
LogPluginManager: Mounting plugin GooglePAD
LogPluginManager: Mounting plugin IOSDeviceProfileSelector
LogPluginManager: Mounting plugin LinuxDeviceProfileSelector
LogPluginManager: Mounting plugin GoogleCloudMessaging
LogPluginManager: Mounting plugin ArchVisCharacter
LogPluginManager: Mounting plugin LocationServicesBPLibrary
LogPluginManager: Mounting plugin MobilePatchingUtils
LogPluginManager: Mounting plugin OpenXREyeTracker
LogPluginManager: Mounting plugin OpenXR
LogPluginManager: Mounting plugin PostSplashScreen
LogPluginManager: Mounting plugin ProceduralMeshComponent
LogPluginManager: Mounting plugin ScreenshotTools
LogPluginManager: Mounting plugin PropertyAccessEditor
LogPluginManager: Mounting plugin RuntimePhysXCooking
LogPluginManager: Mounting plugin SoundFields
LogPluginManager: Mounting plugin SignificanceManager
LogPluginManager: Mounting plugin Synthesis
LogPluginManager: Mounting plugin WindowsMoviePlayer
LogPluginManager: Mounting plugin WebMMoviePlayer
LogPluginManager: Mounting plugin PhysXVehicles
LogPluginManager: Mounting plugin Takes
LogPluginManager: Mounting plugin OpenXRHandTracking
LogPluginManager: Mounting plugin ContentBrowserAssetDataSource
LogPluginManager: Mounting plugin ContentBrowserFileDataSource
LogPluginManager: Mounting plugin ContentBrowserClassDataSource
LogPluginManager: Mounting plugin OnlineSubsystemIOS
LogPluginManager: Mounting plugin OnlineSubsystemGooglePlay
LogPluginManager: Mounting plugin OculusVR
LogPluginManager: Mounting plugin SteamVR
LogPluginManager: Mounting plugin Wwise
PixWinPlugin: PIX capture plugin failed to initialize! Check that the process is launched from PIX.
LogInit: Using libcurl 7.55.1-DEV
LogInit:  - built for x86_64-pc-win32
LogInit:  - supports SSL with OpenSSL/1.1.1
LogInit:  - supports HTTP deflate (compression) using libz 1.2.8
LogInit:  - other features:
LogInit:      CURL_VERSION_SSL
LogInit:      CURL_VERSION_LIBZ
LogInit:      CURL_VERSION_IPV6
LogInit:      CURL_VERSION_ASYNCHDNS
LogInit:      CURL_VERSION_LARGEFILE
LogInit:      CURL_VERSION_IDN
LogInit:  CurlRequestOptions (configurable via config and command line):
LogInit:  - bVerifyPeer = true  - Libcurl will verify peer certificate
LogInit:  - bUseHttpProxy = false  - Libcurl will NOT use HTTP proxy
LogInit:  - bDontReuseConnections = false  - Libcurl will reuse connections
LogInit:  - MaxHostConnections = 16  - Libcurl will limit the number of connections to a host
LogInit:  - LocalHostAddr = Default
LogInit:  - BufferSize = 65536
LogOnline: OSS: Creating online subsystem instance for: NULL
LogInit: WinSock: version 1.1 (2.2), MaxSocks=32767, MaxUdp=65467
LogOnline: OSS: TryLoadSubsystemAndSetDefault: Loaded subsystem for module [NULL]
LogOculusPluginWrapper: OculusPlugin initialized successfully
LogHMD: Failed initializing OVRPlugin 1.59.0
LogInit: Build: ++UE4+Release-4.27-CL-18319896
LogInit: Engine Version: 4.27.2-18319896+++UE4+Release-4.27
LogInit: Compatible Engine Version: 4.27.0-17155196+++UE4+Release-4.27
LogInit: Net CL: 17155196
LogInit: OS: Windows 10 (Release 2009) (), CPU: 13th Gen Intel(R) Core(TM) i7-13650HX, GPU: Intel(R) UHD Graphics
LogInit: Compiled (64-bit): Nov 30 2021 07:12:08
LogInit: Compiled with Visual C++: 19.24.28315.00
LogInit: Build Configuration: Development
LogInit: Branch Name: ++UE4+Release-4.27
LogInit: Command Line:  /Game/ThirdPersonBP/Maps/ThirdPersonExampleMap -game -RenderOffscreen -unattended -nopause -NoSplash -abslog=C:\Users\kapil\AppData\Local\Temp\immerse_editor_20260513-031700.log
LogInit: Base Directory: C:/Program Files/Epic Games/UE_4.27/Engine/Binaries/Win64/
LogInit: Allocator: TBB
LogInit: Installed Engine Build: 1
LogDevObjectVersion: Number of dev versions registered: 29
LogDevObjectVersion:   Dev-Blueprints (B0D832E4-1F89-4F0D-ACCF-7EB736FD4AA2): 10
LogDevObjectVersion:   Dev-Build (E1C64328-A22C-4D53-A36C-8E866417BD8C): 0
LogDevObjectVersion:   Dev-Core (375EC13C-06E4-48FB-B500-84F0262A717E): 4
LogDevObjectVersion:   Dev-Editor (E4B068ED-F494-42E9-A231-DA0B2E46BB41): 40
LogDevObjectVersion:   Dev-Framework (CFFC743F-43B0-4480-9391-14DF171D2073): 37
LogDevObjectVersion:   Dev-Mobile (B02B49B5-BB20-44E9-A304-32B752E40360): 3
LogDevObjectVersion:   Dev-Networking (A4E4105C-59A1-49B5-A7C5-40C4547EDFEE): 0
LogDevObjectVersion:   Dev-Online (39C831C9-5AE6-47DC-9A44-9C173E1C8E7C): 0
LogDevObjectVersion:   Dev-Physics (78F01B33-EBEA-4F98-B9B4-84EACCB95AA2): 14
LogDevObjectVersion:   Dev-Platform (6631380F-2D4D-43E0-8009-CF276956A95A): 0
LogDevObjectVersion:   Dev-Rendering (12F88B9F-8875-4AFC-A67C-D90C383ABD29): 45
LogDevObjectVersion:   Dev-Sequencer (7B5AE74C-D270-4C10-A958-57980B212A5A): 13
LogDevObjectVersion:   Dev-VR (D7296918-1DD6-4BDD-9DE2-64A83CC13884): 3
LogDevObjectVersion:   Dev-LoadTimes (C2A15278-BFE7-4AFE-6C17-90FF531DF755): 1
LogDevObjectVersion:   Private-Geometry (6EACA3D4-40EC-4CC1-B786-8BED09428FC5): 3
LogDevObjectVersion:   Dev-AnimPhys (29E575DD-E0A3-4627-9D10-D276232CDCEA): 17
LogDevObjectVersion:   Dev-Anim (AF43A65D-7FD3-4947-9873-3E8ED9C1BB05): 15
LogDevObjectVersion:   Dev-ReflectionCapture (6B266CEC-1EC7-4B8F-A30B-E4D90942FC07): 1
LogDevObjectVersion:   Dev-Automation (0DF73D61-A23F-47EA-B727-89E90C41499A): 1
LogDevObjectVersion:   FortniteMain (601D1886-AC64-4F84-AA16-D3DE0DEAC7D6): 47
LogDevObjectVersion:   FortniteRelease (E7086368-6B23-4C58-8439-1B7016265E91): 1
LogDevObjectVersion:   Dev-Enterprise (9DFFBCD6-494F-0158-E221-12823C92A888): 10
LogDevObjectVersion:   Dev-Niagara (F2AED0AC-9AFE-416F-8664-AA7FFA26D6FC): 1
LogDevObjectVersion:   Dev-Destruction (174F1F0B-B4C6-45A5-B13F-2EE8D0FB917D): 10
LogDevObjectVersion:   Dev-Physics-Ext (35F94A83-E258-406C-A318-09F59610247C): 41
LogDevObjectVersion:   Dev-PhysicsMaterial-Chaos (B68FC16E-8B1B-42E2-B453-215C058844FE): 1
LogDevObjectVersion:   Dev-CineCamera (B2E18506-4273-CFC2-A54E-F4BB758BBA07): 1
LogDevObjectVersion:   Dev-VirtualProduction (64F58936-FD1B-42BA-BA96-7289D5D0FA4E): 1
LogDevObjectVersion:   Dev-MediaFramework (6F0ED827-A609-4895-9C91-998D90180EA4): 2
LogInit: Presizing for max 25165824 objects, including 0 objects not considered by GC, pre-allocating 0 bytes for permanent pool.
LogConfig: Applying CVar settings from Section [/Script/Engine.StreamingSettings] File [C:/Users/kapil/OneDrive/Documents/Unreal Projects/testTP/Saved/Config/Windows/Engine.ini]
LogConfig: Setting CVar [[s.MinBulkDataSizeForAsyncLoading:131072]]
LogConfig: Setting CVar [[s.AsyncLoadingThreadEnabled:0]]
LogConfig: Setting CVar [[s.EventDrivenLoaderEnabled:1]]
LogConfig: Setting CVar [[s.WarnIfTimeLimitExceeded:0]]
LogConfig: Setting CVar [[s.TimeLimitExceededMultiplier:1.5]]
LogConfig: Setting CVar [[s.TimeLimitExceededMinTime:0.005]]
LogConfig: Setting CVar [[s.UseBackgroundLevelStreaming:1]]
LogConfig: Setting CVar [[s.PriorityAsyncLoadingExtraTime:15.0]]
LogConfig: Setting CVar [[s.LevelStreamingActorsUpdateTimeLimit:5.0]]
LogConfig: Setting CVar [[s.PriorityLevelStreamingActorsUpdateExtraTime:5.0]]
LogConfig: Setting CVar [[s.LevelStreamingComponentsRegistrationGranularity:10]]
LogConfig: Setting CVar [[s.UnregisterComponentsTimeLimit:1.0]]
LogConfig: Setting CVar [[s.LevelStreamingComponentsUnregistrationGranularity:5]]
LogConfig: Setting CVar [[s.FlushStreamingOnExit:1]]
LogInit: Object subsystem initialized
LogConfig: Setting CVar [[con.DebugEarlyDefault:1]]
LogConfig: Setting CVar [[r.setres:1280x720]]
[2026.05.13-10.17.11:047][  0]LogConfig: Setting CVar [[con.DebugEarlyDefault:1]]
[2026.05.13-10.17.11:047][  0]LogConfig: Setting CVar [[r.setres:1280x720]]
[2026.05.13-10.17.11:047][  0]LogConfig: Applying CVar settings from Section [/Script/Engine.RendererSettings] File [C:/Users/kapil/OneDrive/Documents/Unreal Projects/testTP/Saved/Config/Windows/Engine.ini]
[2026.05.13-10.17.11:047][  0]LogConfig: Setting CVar [[r.GPUCrashDebugging:0]]
[2026.05.13-10.17.11:047][  0]LogConfig: Applying CVar settings from Section [/Script/Engine.RendererOverrideSettings] File [C:/Users/kapil/OneDrive/Documents/Unreal Projects/testTP/Saved/Config/Windows/Engine.ini]
[2026.05.13-10.17.11:047][  0]LogConfig: Applying CVar settings from Section [/Script/Engine.StreamingSettings] File [C:/Users/kapil/OneDrive/Documents/Unreal Projects/testTP/Saved/Config/Windows/Engine.ini]
[2026.05.13-10.17.11:047][  0]LogConfig: Setting CVar [[s.MinBulkDataSizeForAsyncLoading:131072]]
[2026.05.13-10.17.11:047][  0]LogConfig: Setting CVar [[s.AsyncLoadingThreadEnabled:0]]
[2026.05.13-10.17.11:047][  0]LogConfig: Setting CVar [[s.EventDrivenLoaderEnabled:1]]
[2026.05.13-10.17.11:048][  0]LogConfig: Setting CVar [[s.WarnIfTimeLimitExceeded:0]]
[2026.05.13-10.17.11:048][  0]LogConfig: Setting CVar [[s.TimeLimitExceededMultiplier:1.5]]
[2026.05.13-10.17.11:048][  0]LogConfig: Setting CVar [[s.TimeLimitExceededMinTime:0.005]]
[2026.05.13-10.17.11:048][  0]LogConfig: Setting CVar [[s.UseBackgroundLevelStreaming:1]]
[2026.05.13-10.17.11:048][  0]LogConfig: Setting CVar [[s.PriorityAsyncLoadingExtraTime:15.0]]
[2026.05.13-10.17.11:048][  0]LogConfig: Setting CVar [[s.LevelStreamingActorsUpdateTimeLimit:5.0]]
[2026.05.13-10.17.11:048][  0]LogConfig: Setting CVar [[s.PriorityLevelStreamingActorsUpdateExtraTime:5.0]]
[2026.05.13-10.17.11:048][  0]LogConfig: Setting CVar [[s.LevelStreamingComponentsRegistrationGranularity:10]]
[2026.05.13-10.17.11:048][  0]LogConfig: Setting CVar [[s.UnregisterComponentsTimeLimit:1.0]]
[2026.05.13-10.17.11:048][  0]LogConfig: Setting CVar [[s.LevelStreamingComponentsUnregistrationGranularity:5]]
[2026.05.13-10.17.11:048][  0]LogConfig: Setting CVar [[s.FlushStreamingOnExit:1]]
[2026.05.13-10.17.11:048][  0]LogConfig: Applying CVar settings from Section [/Script/Engine.GarbageCollectionSettings] File [C:/Users/kapil/OneDrive/Documents/Unreal Projects/testTP/Saved/Config/Windows/Engine.ini]
[2026.05.13-10.17.11:050][  0]LogConfig: Setting CVar [[gc.MaxObjectsNotConsideredByGC:1]]
[2026.05.13-10.17.11:050][  0]LogConfig: Setting CVar [[gc.SizeOfPermanentObjectPool:0]]
[2026.05.13-10.17.11:050][  0]LogConfig: Setting CVar [[gc.FlushStreamingOnGC:0]]
[2026.05.13-10.17.11:050][  0]LogConfig: Setting CVar [[gc.NumRetriesBeforeForcingGC:10]]
[2026.05.13-10.17.11:050][  0]LogConfig: Setting CVar [[gc.AllowParallelGC:1]]
[2026.05.13-10.17.11:050][  0]LogConfig: Setting CVar [[gc.TimeBetweenPurgingPendingKillObjects:61.1]]
[2026.05.13-10.17.11:050][  0]LogConfig: Setting CVar [[gc.MaxObjectsInEditor:25165824]]
[2026.05.13-10.17.11:050][  0]LogConfig: Setting CVar [[gc.IncrementalBeginDestroyEnabled:1]]
[2026.05.13-10.17.11:050][  0]LogConfig: Setting CVar [[gc.CreateGCClusters:1]]
[2026.05.13-10.17.11:050][  0]LogConfig: Setting CVar [[gc.MinGCClusterSize:5]]
[2026.05.13-10.17.11:051][  0]LogConfig: Setting CVar [[gc.ActorClusteringEnabled:0]]
[2026.05.13-10.17.11:051][  0]LogConfig: Setting CVar [[gc.BlueprintClusteringEnabled:0]]
[2026.05.13-10.17.11:051][  0]LogConfig: Setting CVar [[gc.UseDisregardForGCOnDedicatedServers:0]]
[2026.05.13-10.17.11:051][  0]LogConfig: Setting CVar [[gc.MultithreadedDestructionEnabled:1]]
[2026.05.13-10.17.11:051][  0]LogConfig: Applying CVar settings from Section [/Script/Engine.NetworkSettings] File [C:/Users/kapil/OneDrive/Documents/Unreal Projects/testTP/Saved/Config/Windows/Engine.ini]
[2026.05.13-10.17.11:051][  0]LogConfig: Applying CVar settings from Section [/Script/UnrealEd.CookerSettings] File [C:/Users/kapil/OneDrive/Documents/Unreal Projects/testTP/Saved/Config/Windows/Engine.ini]
[2026.05.13-10.17.11:056][  0]LogConfig: Applying CVar settings from Section [ViewDistanceQuality@3] File [C:/Users/kapil/OneDrive/Documents/Unreal Projects/testTP/Saved/Config/Windows/Scalability.ini]
[2026.05.13-10.17.11:056][  0]LogConfig: Setting CVar [[r.SkeletalMeshLODBias:0]]
[2026.05.13-10.17.11:056][  0]LogConfig: Setting CVar [[r.ViewDistanceScale:1.0]]
[2026.05.13-10.17.11:056][  0]LogConfig: Applying CVar settings from Section [AntiAliasingQuality@3] File [C:/Users/kapil/OneDrive/Documents/Unreal Projects/testTP/Saved/Config/Windows/Scalability.ini]
[2026.05.13-10.17.11:056][  0]LogConfig: Setting CVar [[r.PostProcessAAQuality:4]]
[2026.05.13-10.17.11:056][  0]LogConfig: Applying CVar settings from Section [ShadowQuality@3] File [C:/Users/kapil/OneDrive/Documents/Unreal Projects/testTP/Saved/Config/Windows/Scalability.ini]
[2026.05.13-10.17.11:056][  0]LogConfig: Setting CVar [[r.LightFunctionQuality:1]]
[2026.05.13-10.17.11:056][  0]LogConfig: Setting CVar [[r.ShadowQuality:5]]
[2026.05.13-10.17.11:056][  0]LogConfig: Setting CVar [[r.Shadow.CSM.MaxCascades:10]]
[2026.05.13-10.17.11:056][  0]LogConfig: Setting CVar [[r.Shadow.MaxResolution:2048]]
[2026.05.13-10.17.11:056][  0]LogConfig: Setting CVar [[r.Shadow.MaxCSMResolution:2048]]
[2026.05.13-10.17.11:056][  0]LogConfig: Setting CVar [[r.Shadow.RadiusThreshold:0.01]]
[2026.05.13-10.17.11:056][  0]LogConfig: Setting CVar [[r.Shadow.DistanceScale:1.0]]
[2026.05.13-10.17.11:057][  0]LogConfig: Setting CVar [[r.Shadow.CSM.TransitionScale:1.0]]
[2026.05.13-10.17.11:057][  0]LogConfig: Setting CVar [[r.Shadow.PreShadowResolutionFactor:1.0]]
[2026.05.13-10.17.11:057][  0]LogConfig: Setting CVar [[r.DistanceFieldShadowing:1]]
[2026.05.13-10.17.11:057][  0]LogConfig: Setting CVar [[r.DistanceFieldAO:1]]
[2026.05.13-10.17.11:057][  0]LogConfig: Setting CVar [[r.AOQuality:2]]
[2026.05.13-10.17.11:057][  0]LogConfig: Setting CVar [[r.VolumetricFog:1]]
[2026.05.13-10.17.11:057][  0]LogConfig: Setting CVar [[r.VolumetricFog.GridPixelSize:8]]
[2026.05.13-10.17.11:057][  0]LogConfig: Setting CVar [[r.VolumetricFog.GridSizeZ:128]]
[2026.05.13-10.17.11:057][  0]LogConfig: Setting CVar [[r.VolumetricFog.HistoryMissSupersampleCount:4]]
[2026.05.13-10.17.11:057][  0]LogConfig: Setting CVar [[r.LightMaxDrawDistanceScale:1]]
[2026.05.13-10.17.11:057][  0]LogConfig: Setting CVar [[r.CapsuleShadows:1]]
[2026.05.13-10.17.11:057][  0]LogConfig: Applying CVar settings from Section [PostProcessQuality@3] File [C:/Users/kapil/OneDrive/Documents/Unreal Projects/testTP/Saved/Config/Windows/Scalability.ini]
[2026.05.13-10.17.11:057][  0]LogConfig: Setting CVar [[r.MotionBlurQuality:4]]
[2026.05.13-10.17.11:057][  0]LogConfig: Setting CVar [[r.AmbientOcclusionMipLevelFactor:0.4]]
[2026.05.13-10.17.11:058][  0]LogConfig: Setting CVar [[r.AmbientOcclusionMaxQuality:100]]
[2026.05.13-10.17.11:058][  0]LogConfig: Setting CVar [[r.AmbientOcclusionLevels:-1]]
[2026.05.13-10.17.11:058][  0]LogConfig: Setting CVar [[r.AmbientOcclusionRadiusScale:1.0]]
[2026.05.13-10.17.11:058][  0]LogConfig: Setting CVar [[r.DepthOfFieldQuality:2]]
[2026.05.13-10.17.11:058][  0]LogConfig: Setting CVar [[r.RenderTargetPoolMin:400]]
[2026.05.13-10.17.11:058][  0]LogConfig: Setting CVar [[r.LensFlareQuality:2]]
[2026.05.13-10.17.11:058][  0]LogConfig: Setting CVar [[r.SceneColorFringeQuality:1]]
[2026.05.13-10.17.11:058][  0]LogConfig: Setting CVar [[r.EyeAdaptationQuality:2]]
[2026.05.13-10.17.11:058][  0]LogConfig: Setting CVar [[r.BloomQuality:5]]
[2026.05.13-10.17.11:058][  0]LogConfig: Setting CVar [[r.FastBlurThreshold:100]]
[2026.05.13-10.17.11:058][  0]LogConfig: Setting CVar [[r.Upscale.Quality:3]]
[2026.05.13-10.17.11:058][  0]LogConfig: Setting CVar [[r.Tonemapper.GrainQuantization:1]]
[2026.05.13-10.17.11:058][  0]LogConfig: Setting CVar [[r.LightShaftQuality:1]]
[2026.05.13-10.17.11:059][  0]LogConfig: Setting CVar [[r.Filter.SizeScale:1]]
[2026.05.13-10.17.11:059][  0]LogConfig: Setting CVar [[r.Tonemapper.Quality:5]]
[2026.05.13-10.17.11:059][  0]LogConfig: Setting CVar [[r.DOF.Gather.AccumulatorQuality:1        ; higher gathering accumulator quality]]
[2026.05.13-10.17.11:059][  0]LogConfig: Setting CVar [[r.DOF.Gather.PostfilterMethod:1          ; Median3x3 postfilering method]]
[2026.05.13-10.17.11:059][  0]LogConfig: Setting CVar [[r.DOF.Gather.EnableBokehSettings:0       ; no bokeh simulation when gathering]]
[2026.05.13-10.17.11:059][  0]LogConfig: Setting CVar [[r.DOF.Gather.RingCount:4                 ; medium number of samples when gathering]]
[2026.05.13-10.17.11:059][  0]LogConfig: Setting CVar [[r.DOF.Scatter.ForegroundCompositing:1    ; additive foreground scattering]]
[2026.05.13-10.17.11:059][  0]LogConfig: Setting CVar [[r.DOF.Scatter.BackgroundCompositing:2    ; additive background scattering]]
[2026.05.13-10.17.11:059][  0]LogConfig: Setting CVar [[r.DOF.Scatter.EnableBokehSettings:1      ; bokeh simulation when scattering]]
[2026.05.13-10.17.11:060][  0]LogConfig: Setting CVar [[r.DOF.Scatter.MaxSpriteRatio:0.1         ; only a maximum of 10% of scattered bokeh]]
[2026.05.13-10.17.11:060][  0]LogConfig: Setting CVar [[r.DOF.Recombine.Quality:1                ; cheap slight out of focus]]
[2026.05.13-10.17.11:060][  0]LogConfig: Setting CVar [[r.DOF.Recombine.EnableBokehSettings:0    ; no bokeh simulation on slight out of focus]]
[2026.05.13-10.17.11:060][  0]LogConfig: Setting CVar [[r.DOF.TemporalAAQuality:1                ; more stable temporal accumulation]]
[2026.05.13-10.17.11:060][  0]LogConfig: Setting CVar [[r.DOF.Kernel.MaxForegroundRadius:0.025]]
[2026.05.13-10.17.11:060][  0]LogConfig: Setting CVar [[r.DOF.Kernel.MaxBackgroundRadius:0.025]]
[2026.05.13-10.17.11:060][  0]LogConfig: Applying CVar settings from Section [TextureQuality@3] File [C:/Users/kapil/OneDrive/Documents/Unreal Projects/testTP/Saved/Config/Windows/Scalability.ini]
[2026.05.13-10.17.11:060][  0]LogConfig: Setting CVar [[r.Streaming.MipBias:0]]
[2026.05.13-10.17.11:060][  0]LogConfig: Setting CVar [[r.Streaming.AmortizeCPUToGPUCopy:0]]
[2026.05.13-10.17.11:060][  0]LogConfig: Setting CVar [[r.Streaming.MaxNumTexturesToStreamPerFrame:0]]
[2026.05.13-10.17.11:060][  0]LogConfig: Setting CVar [[r.Streaming.Boost:1]]
[2026.05.13-10.17.11:060][  0]LogConfig: Setting CVar [[r.MaxAnisotropy:8]]
[2026.05.13-10.17.11:060][  0]LogConfig: Setting CVar [[r.VT.MaxAnisotropy:8]]
[2026.05.13-10.17.11:060][  0]LogConfig: Setting CVar [[r.Streaming.LimitPoolSizeToVRAM:0]]
[2026.05.13-10.17.11:061][  0]LogConfig: Setting CVar [[r.Streaming.PoolSize:1000]]
[2026.05.13-10.17.11:061][  0]LogConfig: Setting CVar [[r.Streaming.MaxEffectiveScreenSize:0]]
[2026.05.13-10.17.11:061][  0]LogConfig: Applying CVar settings from Section [EffectsQuality@3] File [C:/Users/kapil/OneDrive/Documents/Unreal Projects/testTP/Saved/Config/Windows/Scalability.ini]
[2026.05.13-10.17.11:061][  0]LogConfig: Setting CVar [[r.TranslucencyLightingVolumeDim:64]]
[2026.05.13-10.17.11:061][  0]LogConfig: Setting CVar [[r.RefractionQuality:2]]
[2026.05.13-10.17.11:061][  0]LogConfig: Setting CVar [[r.SSR.Quality:3]]
[2026.05.13-10.17.11:061][  0]LogConfig: Setting CVar [[r.SSR.HalfResSceneColor:0]]
[2026.05.13-10.17.11:061][  0]LogConfig: Setting CVar [[r.SceneColorFormat:4]]
[2026.05.13-10.17.11:061][  0]LogConfig: Setting CVar [[r.DetailMode:2]]
[2026.05.13-10.17.11:061][  0]LogConfig: Setting CVar [[r.TranslucencyVolumeBlur:1]]
[2026.05.13-10.17.11:061][  0]LogConfig: Setting CVar [[r.MaterialQualityLevel:1 ; High quality]]
[2026.05.13-10.17.11:061][  0]LogConfig: Setting CVar [[r.AnisotropicMaterials:1]]
[2026.05.13-10.17.11:061][  0]LogConfig: Setting CVar [[r.SSS.Scale:1]]
[2026.05.13-10.17.11:061][  0]LogConfig: Setting CVar [[r.SSS.SampleSet:2]]
[2026.05.13-10.17.11:061][  0]LogConfig: Setting CVar [[r.SSS.Quality:1]]
[2026.05.13-10.17.11:061][  0]LogConfig: Setting CVar [[r.SSS.HalfRes:0]]
[2026.05.13-10.17.11:062][  0]LogConfig: Setting CVar [[r.SSGI.Quality:3]]
[2026.05.13-10.17.11:062][  0]LogConfig: Setting CVar [[r.EmitterSpawnRateScale:1.0]]
[2026.05.13-10.17.11:062][  0]LogConfig: Setting CVar [[r.ParticleLightQuality:2]]
[2026.05.13-10.17.11:062][  0]LogConfig: Setting CVar [[r.SkyAtmosphere.AerialPerspectiveLUT.FastApplyOnOpaque:1 ; Always have FastSkyLUT 1 in this case to avoid wrong sky]]
[2026.05.13-10.17.11:062][  0]LogConfig: Setting CVar [[r.SkyAtmosphere.AerialPerspectiveLUT.SampleCountMaxPerSlice:4]]
[2026.05.13-10.17.11:062][  0]LogConfig: Setting CVar [[r.SkyAtmosphere.AerialPerspectiveLUT.DepthResolution:16.0]]
[2026.05.13-10.17.11:062][  0]LogConfig: Setting CVar [[r.SkyAtmosphere.FastSkyLUT:1]]
[2026.05.13-10.17.11:062][  0]LogConfig: Setting CVar [[r.SkyAtmosphere.FastSkyLUT.SampleCountMin:4.0]]
[2026.05.13-10.17.11:062][  0]LogConfig: Setting CVar [[r.SkyAtmosphere.FastSkyLUT.SampleCountMax:128.0]]
[2026.05.13-10.17.11:062][  0]LogConfig: Setting CVar [[r.SkyAtmosphere.SampleCountMin:4.0]]
[2026.05.13-10.17.11:062][  0]LogConfig: Setting CVar [[r.SkyAtmosphere.SampleCountMax:128.0]]
[2026.05.13-10.17.11:062][  0]LogConfig: Setting CVar [[r.SkyAtmosphere.TransmittanceLUT.UseSmallFormat:0]]
[2026.05.13-10.17.11:062][  0]LogConfig: Setting CVar [[r.SkyAtmosphere.TransmittanceLUT.SampleCount:10.0]]
[2026.05.13-10.17.11:062][  0]LogConfig: Setting CVar [[r.SkyAtmosphere.MultiScatteringLUT.SampleCount:15.0]]
[2026.05.13-10.17.11:062][  0]LogConfig: Setting CVar [[r.SkyLight.RealTimeReflectionCapture:1]]
[2026.05.13-10.17.11:062][  0]LogConfig: Applying CVar settings from Section [FoliageQuality@3] File [C:/Users/kapil/OneDrive/Documents/Unreal Projects/testTP/Saved/Config/Windows/Scalability.ini]
[2026.05.13-10.17.11:063][  0]LogConfig: Setting CVar [[foliage.DensityScale:1.0]]
[2026.05.13-10.17.11:063][  0]LogConfig: Setting CVar [[grass.DensityScale:1.0]]
[2026.05.13-10.17.11:063][  0]LogConfig: Applying CVar settings from Section [ShadingQuality@3] File [C:/Users/kapil/OneDrive/Documents/Unreal Projects/testTP/Saved/Config/Windows/Scalability.ini]
[2026.05.13-10.17.11:063][  0]LogConfig: Setting CVar [[r.HairStrands.SkyLighting.IntegrationType:2]]
[2026.05.13-10.17.11:063][  0]LogConfig: Setting CVar [[r.HairStrands.SkyAO.SampleCount:4]]
[2026.05.13-10.17.11:063][  0]LogConfig: Setting CVar [[r.HairStrands.Visibility.MSAA.SamplePerPixel:4]]
[2026.05.13-10.17.11:063][  0]LogInit: Selected Device Profile: [Windows]
[2026.05.13-10.17.11:063][  0]LogInit: Applying CVar settings loaded from the selected device profile: [Windows]
[2026.05.13-10.17.11:063][  0]LogHAL: Display: Platform has ~ 16 GB [16849256448 / 17179869184 / 16], which maps to Larger [LargestMinGB=32, LargerMinGB=12, DefaultMinGB=8, SmallerMinGB=6, SmallestMinGB=0)
[2026.05.13-10.17.11:063][  0]LogInit: Going up to parent DeviceProfile []
[2026.05.13-10.17.11:063][  0]LogConfig: Applying CVar settings from Section [ViewDistanceQuality@3] File [C:/Users/kapil/OneDrive/Documents/Unreal Projects/testTP/Saved/Config/Windows/Scalability.ini]
[2026.05.13-10.17.11:063][  0]LogConfig: Setting CVar [[r.SkeletalMeshLODBias:0]]
[2026.05.13-10.17.11:063][  0]LogConfig: Setting CVar [[r.ViewDistanceScale:1.0]]
[2026.05.13-10.17.11:064][  0]LogConfig: Applying CVar settings from Section [AntiAliasingQuality@3] File [C:/Users/kapil/OneDrive/Documents/Unreal Projects/testTP/Saved/Config/Windows/Scalability.ini]
[2026.05.13-10.17.11:064][  0]LogConfig: Setting CVar [[r.PostProcessAAQuality:4]]
[2026.05.13-10.17.11:064][  0]LogConfig: Applying CVar settings from Section [ShadowQuality@3] File [C:/Users/kapil/OneDrive/Documents/Unreal Projects/testTP/Saved/Config/Windows/Scalability.ini]
[2026.05.13-10.17.11:064][  0]LogConfig: Setting CVar [[r.LightFunctionQuality:1]]
[2026.05.13-10.17.11:064][  0]LogConfig: Setting CVar [[r.ShadowQuality:5]]
[2026.05.13-10.17.11:064][  0]LogConfig: Setting CVar [[r.Shadow.CSM.MaxCascades:10]]
[2026.05.13-10.17.11:064][  0]LogConfig: Setting CVar [[r.Shadow.MaxResolution:2048]]
[2026.05.13-10.17.11:064][  0]LogConfig: Setting CVar [[r.Shadow.MaxCSMResolution:2048]]
[2026.05.13-10.17.11:064][  0]LogConfig: Setting CVar [[r.Shadow.RadiusThreshold:0.01]]
[2026.05.13-10.17.11:064][  0]LogConfig: Setting CVar [[r.Shadow.DistanceScale:1.0]]
[2026.05.13-10.17.11:064][  0]LogConfig: Setting CVar [[r.Shadow.CSM.TransitionScale:1.0]]
[2026.05.13-10.17.11:064][  0]LogConfig: Setting CVar [[r.Shadow.PreShadowResolutionFactor:1.0]]
[2026.05.13-10.17.11:064][  0]LogConfig: Setting CVar [[r.DistanceFieldShadowing:1]]
[2026.05.13-10.17.11:065][  0]LogConfig: Setting CVar [[r.DistanceFieldAO:1]]
[2026.05.13-10.17.11:065][  0]LogConfig: Setting CVar [[r.AOQuality:2]]
[2026.05.13-10.17.11:065][  0]LogConfig: Setting CVar [[r.VolumetricFog:1]]
[2026.05.13-10.17.11:065][  0]LogConfig: Setting CVar [[r.VolumetricFog.GridPixelSize:8]]
[2026.05.13-10.17.11:065][  0]LogConfig: Setting CVar [[r.VolumetricFog.GridSizeZ:128]]
[2026.05.13-10.17.11:065][  0]LogConfig: Setting CVar [[r.VolumetricFog.HistoryMissSupersampleCount:4]]
[2026.05.13-10.17.11:065][  0]LogConfig: Setting CVar [[r.LightMaxDrawDistanceScale:1]]
[2026.05.13-10.17.11:065][  0]LogConfig: Setting CVar [[r.CapsuleShadows:1]]
[2026.05.13-10.17.11:065][  0]LogConfig: Applying CVar settings from Section [PostProcessQuality@3] File [C:/Users/kapil/OneDrive/Documents/Unreal Projects/testTP/Saved/Config/Windows/Scalability.ini]
[2026.05.13-10.17.11:065][  0]LogConfig: Setting CVar [[r.MotionBlurQuality:4]]
[2026.05.13-10.17.11:065][  0]LogConfig: Setting CVar [[r.AmbientOcclusionMipLevelFactor:0.4]]
[2026.05.13-10.17.11:065][  0]LogConfig: Setting CVar [[r.AmbientOcclusionMaxQuality:100]]
[2026.05.13-10.17.11:065][  0]LogConfig: Setting CVar [[r.AmbientOcclusionLevels:-1]]
[2026.05.13-10.17.11:065][  0]LogConfig: Setting CVar [[r.AmbientOcclusionRadiusScale:1.0]]
[2026.05.13-10.17.11:065][  0]LogConfig: Setting CVar [[r.DepthOfFieldQuality:2]]
[2026.05.13-10.17.11:065][  0]LogConfig: Setting CVar [[r.RenderTargetPoolMin:400]]
[2026.05.13-10.17.11:065][  0]LogConfig: Setting CVar [[r.LensFlareQuality:2]]
[2026.05.13-10.17.11:065][  0]LogConfig: Setting CVar [[r.SceneColorFringeQuality:1]]
[2026.05.13-10.17.11:065][  0]LogConfig: Setting CVar [[r.EyeAdaptationQuality:2]]
[2026.05.13-10.17.11:065][  0]LogConfig: Setting CVar [[r.BloomQuality:5]]
[2026.05.13-10.17.11:065][  0]LogConfig: Setting CVar [[r.FastBlurThreshold:100]]
[2026.05.13-10.17.11:065][  0]LogConfig: Setting CVar [[r.Upscale.Quality:3]]
[2026.05.13-10.17.11:065][  0]LogConfig: Setting CVar [[r.Tonemapper.GrainQuantization:1]]
[2026.05.13-10.17.11:065][  0]LogConfig: Setting CVar [[r.LightShaftQuality:1]]
[2026.05.13-10.17.11:066][  0]LogConfig: Setting CVar [[r.Filter.SizeScale:1]]
[2026.05.13-10.17.11:066][  0]LogConfig: Setting CVar [[r.Tonemapper.Quality:5]]
[2026.05.13-10.17.11:066][  0]LogConfig: Setting CVar [[r.DOF.Gather.AccumulatorQuality:1        ; higher gathering accumulator quality]]
[2026.05.13-10.17.11:066][  0]LogConfig: Setting CVar [[r.DOF.Gather.PostfilterMethod:1          ; Median3x3 postfilering method]]
[2026.05.13-10.17.11:066][  0]LogConfig: Setting CVar [[r.DOF.Gather.EnableBokehSettings:0       ; no bokeh simulation when gathering]]
[2026.05.13-10.17.11:066][  0]LogConfig: Setting CVar [[r.DOF.Gather.RingCount:4                 ; medium number of samples when gathering]]
[2026.05.13-10.17.11:066][  0]LogConfig: Setting CVar [[r.DOF.Scatter.ForegroundCompositing:1    ; additive foreground scattering]]
[2026.05.13-10.17.11:066][  0]LogConfig: Setting CVar [[r.DOF.Scatter.BackgroundCompositing:2    ; additive background scattering]]
[2026.05.13-10.17.11:066][  0]LogConfig: Setting CVar [[r.DOF.Scatter.EnableBokehSettings:1      ; bokeh simulation when scattering]]
[2026.05.13-10.17.11:066][  0]LogConfig: Setting CVar [[r.DOF.Scatter.MaxSpriteRatio:0.1         ; only a maximum of 10% of scattered bokeh]]
[2026.05.13-10.17.11:066][  0]LogConfig: Setting CVar [[r.DOF.Recombine.Quality:1                ; cheap slight out of focus]]
[2026.05.13-10.17.11:066][  0]LogConfig: Setting CVar [[r.DOF.Recombine.EnableBokehSettings:0    ; no bokeh simulation on slight out of focus]]
[2026.05.13-10.17.11:066][  0]LogConfig: Setting CVar [[r.DOF.TemporalAAQuality:1                ; more stable temporal accumulation]]
[2026.05.13-10.17.11:066][  0]LogConfig: Setting CVar [[r.DOF.Kernel.MaxForegroundRadius:0.025]]
[2026.05.13-10.17.11:066][  0]LogConfig: Setting CVar [[r.DOF.Kernel.MaxBackgroundRadius:0.025]]
[2026.05.13-10.17.11:066][  0]LogConfig: Applying CVar settings from Section [TextureQuality@3] File [C:/Users/kapil/OneDrive/Documents/Unreal Projects/testTP/Saved/Config/Windows/Scalability.ini]
[2026.05.13-10.17.11:066][  0]LogConfig: Setting CVar [[r.Streaming.MipBias:0]]
[2026.05.13-10.17.11:067][  0]LogConfig: Setting CVar [[r.Streaming.AmortizeCPUToGPUCopy:0]]
[2026.05.13-10.17.11:067][  0]LogConfig: Setting CVar [[r.Streaming.MaxNumTexturesToStreamPerFrame:0]]
[2026.05.13-10.17.11:067][  0]LogConfig: Setting CVar [[r.Streaming.Boost:1]]
[2026.05.13-10.17.11:067][  0]LogConfig: Setting CVar [[r.MaxAnisotropy:8]]
[2026.05.13-10.17.11:067][  0]LogConfig: Setting CVar [[r.VT.MaxAnisotropy:8]]
[2026.05.13-10.17.11:067][  0]LogConfig: Setting CVar [[r.Streaming.LimitPoolSizeToVRAM:0]]
[2026.05.13-10.17.11:067][  0]LogConfig: Setting CVar [[r.Streaming.PoolSize:1000]]
[2026.05.13-10.17.11:067][  0]LogConfig: Setting CVar [[r.Streaming.MaxEffectiveScreenSize:0]]
[2026.05.13-10.17.11:067][  0]LogConfig: Applying CVar settings from Section [EffectsQuality@3] File [C:/Users/kapil/OneDrive/Documents/Unreal Projects/testTP/Saved/Config/Windows/Scalability.ini]
[2026.05.13-10.17.11:067][  0]LogConfig: Setting CVar [[r.TranslucencyLightingVolumeDim:64]]
[2026.05.13-10.17.11:067][  0]LogConfig: Setting CVar [[r.RefractionQuality:2]]
[2026.05.13-10.17.11:067][  0]LogConfig: Setting CVar [[r.SSR.Quality:3]]
[2026.05.13-10.17.11:067][  0]LogConfig: Setting CVar [[r.SSR.HalfResSceneColor:0]]
[2026.05.13-10.17.11:067][  0]LogConfig: Setting CVar [[r.SceneColorFormat:4]]
[2026.05.13-10.17.11:067][  0]LogConfig: Setting CVar [[r.DetailMode:2]]
[2026.05.13-10.17.11:067][  0]LogConfig: Setting CVar [[r.TranslucencyVolumeBlur:1]]
[2026.05.13-10.17.11:068][  0]LogConfig: Setting CVar [[r.MaterialQualityLevel:1 ; High quality]]
[2026.05.13-10.17.11:068][  0]LogConfig: Setting CVar [[r.AnisotropicMaterials:1]]
[2026.05.13-10.17.11:068][  0]LogConfig: Setting CVar [[r.SSS.Scale:1]]
[2026.05.13-10.17.11:068][  0]LogConfig: Setting CVar [[r.SSS.SampleSet:2]]
[2026.05.13-10.17.11:068][  0]LogConfig: Setting CVar [[r.SSS.Quality:1]]
[2026.05.13-10.17.11:068][  0]LogConfig: Setting CVar [[r.SSS.HalfRes:0]]
[2026.05.13-10.17.11:068][  0]LogConfig: Setting CVar [[r.SSGI.Quality:3]]
[2026.05.13-10.17.11:068][  0]LogConfig: Setting CVar [[r.EmitterSpawnRateScale:1.0]]
[2026.05.13-10.17.11:068][  0]LogConfig: Setting CVar [[r.ParticleLightQuality:2]]
[2026.05.13-10.17.11:068][  0]LogConfig: Setting CVar [[r.SkyAtmosphere.AerialPerspectiveLUT.FastApplyOnOpaque:1 ; Always have FastSkyLUT 1 in this case to avoid wrong sky]]
[2026.05.13-10.17.11:068][  0]LogConfig: Setting CVar [[r.SkyAtmosphere.AerialPerspectiveLUT.SampleCountMaxPerSlice:4]]
[2026.05.13-10.17.11:068][  0]LogConfig: Setting CVar [[r.SkyAtmosphere.AerialPerspectiveLUT.DepthResolution:16.0]]
[2026.05.13-10.17.11:068][  0]LogConfig: Setting CVar [[r.SkyAtmosphere.FastSkyLUT:1]]
[2026.05.13-10.17.11:068][  0]LogConfig: Setting CVar [[r.SkyAtmosphere.FastSkyLUT.SampleCountMin:4.0]]
[2026.05.13-10.17.11:068][  0]LogConfig: Setting CVar [[r.SkyAtmosphere.FastSkyLUT.SampleCountMax:128.0]]
[2026.05.13-10.17.11:068][  0]LogConfig: Setting CVar [[r.SkyAtmosphere.SampleCountMin:4.0]]
[2026.05.13-10.17.11:069][  0]LogConfig: Setting CVar [[r.SkyAtmosphere.SampleCountMax:128.0]]
[2026.05.13-10.17.11:069][  0]LogConfig: Setting CVar [[r.SkyAtmosphere.TransmittanceLUT.UseSmallFormat:0]]
[2026.05.13-10.17.11:069][  0]LogConfig: Setting CVar [[r.SkyAtmosphere.TransmittanceLUT.SampleCount:10.0]]
[2026.05.13-10.17.11:069][  0]LogConfig: Setting CVar [[r.SkyAtmosphere.MultiScatteringLUT.SampleCount:15.0]]
[2026.05.13-10.17.11:069][  0]LogConfig: Setting CVar [[r.SkyLight.RealTimeReflectionCapture:1]]
[2026.05.13-10.17.11:069][  0]LogConfig: Applying CVar settings from Section [FoliageQuality@3] File [C:/Users/kapil/OneDrive/Documents/Unreal Projects/testTP/Saved/Config/Windows/Scalability.ini]
[2026.05.13-10.17.11:069][  0]LogConfig: Setting CVar [[foliage.DensityScale:1.0]]
[2026.05.13-10.17.11:069][  0]LogConfig: Setting CVar [[grass.DensityScale:1.0]]
[2026.05.13-10.17.11:069][  0]LogConfig: Applying CVar settings from Section [ShadingQuality@3] File [C:/Users/kapil/OneDrive/Documents/Unreal Projects/testTP/Saved/Config/Windows/Scalability.ini]
[2026.05.13-10.17.11:070][  0]LogConfig: Setting CVar [[r.HairStrands.SkyLighting.IntegrationType:2]]
[2026.05.13-10.17.11:070][  0]LogConfig: Setting CVar [[r.HairStrands.SkyAO.SampleCount:4]]
[2026.05.13-10.17.11:070][  0]LogConfig: Setting CVar [[r.HairStrands.Visibility.MSAA.SamplePerPixel:4]]
[2026.05.13-10.17.11:070][  0]LogConfig: Applying CVar settings from Section [Startup] File [../../../Engine/Config/ConsoleVariables.ini]
[2026.05.13-10.17.11:070][  0]LogConfig: Setting CVar [[net.UseAdaptiveNetUpdateFrequency:0]]
[2026.05.13-10.17.11:070][  0]LogConfig: Setting CVar [[p.chaos.AllowCreatePhysxBodies:1]]
[2026.05.13-10.17.11:070][  0]LogConfig: Setting CVar [[fx.SkipVectorVMBackendOptimizations:1]]
[2026.05.13-10.17.11:070][  0]LogConfig: Applying CVar settings from Section [ConsoleVariables] File [C:/Users/kapil/OneDrive/Documents/Unreal Projects/testTP/Saved/Config/Windows/Engine.ini]
[2026.05.13-10.17.11:070][  0]LogConfig: Applying CVar settings from Section [ConsoleVariables] File [C:/Users/kapil/OneDrive/Documents/Unreal Projects/testTP/Saved/Config/Windows/Editor.ini]
[2026.05.13-10.17.11:070][  0]LogInit: Computer: IMMERSEDEMOM5
[2026.05.13-10.17.11:070][  0]LogInit: User: kapil
[2026.05.13-10.17.11:070][  0]LogInit: CPU Page size=4096, Cores=14
[2026.05.13-10.17.11:070][  0]LogInit: High frequency timer resolution =10.000000 MHz
[2026.05.13-10.17.11:070][  0]LogMemory: Memory total: Physical=15.7GB (16GB approx)
[2026.05.13-10.17.11:070][  0]LogMemory: Platform Memory Stats for Windows
[2026.05.13-10.17.11:071][  0]LogMemory: Process Physical Memory: 155.43 MB used, 155.43 MB peak
[2026.05.13-10.17.11:071][  0]LogMemory: Process Virtual Memory: 128.92 MB used, 128.92 MB peak
[2026.05.13-10.17.11:071][  0]LogMemory: Physical Memory: 13179.12 MB used,  2889.58 MB free, 16068.70 MB total
[2026.05.13-10.17.11:071][  0]LogMemory: Virtual Memory: 134206768.00 MB used,  10960.39 MB free, 134217728.00 MB total
[2026.05.13-10.17.11:075][  0]LogWindows: WindowsPlatformFeatures enabled
[2026.05.13-10.17.11:116][  0]LogInit: Physics initialised using underlying interface: PhysX
[2026.05.13-10.17.11:116][  0]LogInit: Using OS detected language (en-US).
[2026.05.13-10.17.11:116][  0]LogInit: Using OS detected locale (en-US).
[2026.05.13-10.17.11:122][  0]LogTextLocalizationManager: No specific localization for 'en-US' exists, so the 'en' localization will be used.
[2026.05.13-10.17.11:285][  0]LogWindowsTextInputMethodSystem: Display: IME system deactivated.
[2026.05.13-10.17.11:296][  0]LogSlate: New Slate User Created.  User Index 0, Is Virtual User: 0
[2026.05.13-10.17.11:296][  0]LogSlate: Slate User Registered.  User Index 0, Is Virtual User: 0
[2026.05.13-10.17.11:306][  0]LogD3D11RHI: Loaded GFSDK_Aftermath_Lib.x64.dll
[2026.05.13-10.17.11:351][  0]LogHMD: Failed to initialize OpenVR with code 110
[2026.05.13-10.17.11:351][  0]LogD3D11RHI: D3D11 min allowed feature level: 11_0
[2026.05.13-10.17.11:351][  0]LogD3D11RHI: D3D11 max allowed feature level: 11_0
[2026.05.13-10.17.11:351][  0]LogD3D11RHI: D3D11 adapters:
[2026.05.13-10.17.11:516][  0]LogD3D11RHI:    0. 'NVIDIA GeForce RTX 4060 Laptop GPU' (Feature Level 11_0)
[2026.05.13-10.17.11:516][  0]LogD3D11RHI:       7957/0/8034 MB DedicatedVideo/DedicatedSystem/SharedSystem, Outputs:1, VendorId:0x10de
[2026.05.13-10.17.11:542][  0]LogD3D11RHI:    1. 'Intel(R) UHD Graphics' (Feature Level 11_0)
[2026.05.13-10.17.11:542][  0]LogD3D11RHI:       128/0/8034 MB DedicatedVideo/DedicatedSystem/SharedSystem, Outputs:0, VendorId:0x8086
[2026.05.13-10.17.11:545][  0]LogD3D11RHI:    2. 'Microsoft Basic Render Driver' (Feature Level 11_0)
[2026.05.13-10.17.11:545][  0]LogD3D11RHI:       0/0/8034 MB DedicatedVideo/DedicatedSystem/SharedSystem, Outputs:0, VendorId:0x1414
[2026.05.13-10.17.11:546][  0]LogD3D11RHI: Chosen D3D11 Adapter:
[2026.05.13-10.17.11:546][  0]LogD3D11RHI:     Description : NVIDIA GeForce RTX 4060 Laptop GPU
[2026.05.13-10.17.11:546][  0]LogD3D11RHI:     VendorId    : 10de
[2026.05.13-10.17.11:546][  0]LogD3D11RHI:     DeviceId    : 28e0
[2026.05.13-10.17.11:546][  0]LogD3D11RHI:     SubSysId    : bf81028
[2026.05.13-10.17.11:546][  0]LogD3D11RHI:     Revision    : 00a1
[2026.05.13-10.17.11:546][  0]LogD3D11RHI:     DedicatedVideoMemory : 8343519232 bytes
[2026.05.13-10.17.11:546][  0]LogD3D11RHI:     DedicatedSystemMemory : 0 bytes
[2026.05.13-10.17.11:546][  0]LogD3D11RHI:     SharedSystemMemory : 8424628224 bytes
[2026.05.13-10.17.11:546][  0]LogD3D11RHI:     AdapterLuid : 0 72942
[2026.05.13-10.17.11:552][  0]LogD3D11RHI: Creating new Direct3DDevice
[2026.05.13-10.17.11:552][  0]LogD3D11RHI:     GPU DeviceId: 0x28e0 (for the marketing name, search the web for "GPU Device Id")
[2026.05.13-10.17.11:552][  0]LogWindows: EnumDisplayDevices:
[2026.05.13-10.17.11:553][  0]LogWindows:    0. 'Intel(R) UHD Graphics' (P:1 D:1)
[2026.05.13-10.17.11:553][  0]LogWindows:    1. 'Intel(R) UHD Graphics' (P:0 D:0)
[2026.05.13-10.17.11:553][  0]LogWindows:    2. 'Intel(R) UHD Graphics' (P:0 D:0)
[2026.05.13-10.17.11:553][  0]LogWindows:    3. 'Intel(R) UHD Graphics' (P:0 D:0)
[2026.05.13-10.17.11:553][  0]LogWindows:    4. 'NVIDIA GeForce RTX 4060 Laptop GPU' (P:0 D:0)
[2026.05.13-10.17.11:553][  0]LogWindows: DebugString: PrimaryIsNotTheChoosenAdapter PrimaryIsNotTheChoosenAdapter PrimaryIsNotTheChoosenAdapter PrimaryIsNotTheChoosenAdapter 
[2026.05.13-10.17.11:553][  0]LogD3D11RHI:     Adapter Name: NVIDIA GeForce RTX 4060 Laptop GPU
[2026.05.13-10.17.11:553][  0]LogD3D11RHI:   Driver Version: 581.95 (internal:32.0.15.8195, unified:581.95)
[2026.05.13-10.17.11:553][  0]LogD3D11RHI:      Driver Date: 11-18-2025
[2026.05.13-10.17.11:553][  0]LogRHI: Texture pool is 5569 MB (70% of 7957 MB)
[2026.05.13-10.17.11:553][  0]LogD3D11RHI: Creating D3DDevice using adapter:
[2026.05.13-10.17.11:553][  0]LogD3D11RHI:     Description : NVIDIA GeForce RTX 4060 Laptop GPU
[2026.05.13-10.17.11:554][  0]LogD3D11RHI:     VendorId    : 10de
[2026.05.13-10.17.11:554][  0]LogD3D11RHI:     DeviceId    : 28e0
[2026.05.13-10.17.11:554][  0]LogD3D11RHI:     SubSysId    : bf81028
[2026.05.13-10.17.11:554][  0]LogD3D11RHI:     Revision    : 00a1
[2026.05.13-10.17.11:554][  0]LogD3D11RHI:     DedicatedVideoMemory : 8343519232 bytes
[2026.05.13-10.17.11:554][  0]LogD3D11RHI:     DedicatedSystemMemory : 0 bytes
[2026.05.13-10.17.11:554][  0]LogD3D11RHI:     SharedSystemMemory : 8424628224 bytes
[2026.05.13-10.17.11:554][  0]LogD3D11RHI:     AdapterLuid : 0 72942
[2026.05.13-10.17.11:661][  0]LogD3D11RHI: RHI has support for 64 bit atomics
[2026.05.13-10.17.11:661][  0]LogD3D11RHI: Async texture creation enabled
[2026.05.13-10.17.11:661][  0]LogD3D11RHI: Array index from any shader is supported
[2026.05.13-10.17.11:673][  0]LogD3D11RHI: GPU Timing Frequency: 1000.000000 (Debug: 2 1)
[2026.05.13-10.17.11:700][  0]LogRHI: GeForceNow SDK initialized: 1
[2026.05.13-10.17.11:971][  0]LogTargetPlatformManager: Display: Loaded TargetPlatform 'WindowsNoEditor'
[2026.05.13-10.17.11:975][  0]LogTargetPlatformManager: Display: Loaded TargetPlatform 'Windows'
[2026.05.13-10.17.11:978][  0]LogTargetPlatformManager: Display: Loaded TargetPlatform 'WindowsClient'
[2026.05.13-10.17.11:982][  0]LogTargetPlatformManager: Display: Loaded TargetPlatform 'WindowsServer'
[2026.05.13-10.17.11:983][  0]LogTargetPlatformManager: Display: Building Assets For Windows
[2026.05.13-10.17.11:989][  0]LogAudioDebug: Display: Lib vorbis DLL was dynamically loaded.
[2026.05.13-10.17.12:017][  0]LogTextureFormatOodle: Display: Oodle Texture 2.9.0 init RDO Off
[2026.05.13-10.17.12:045][  0]LogRendererCore: Ray tracing is disabled. Reason: r.RayTracing=0.
[2026.05.13-10.17.12:045][  0]LogShaderCompilers: Guid format shader working directory is -26 characters bigger than the processId version (../../../../../../Users/kapil/OneDrive/Documents/Unreal Projects/testTP/Intermediate/Shaders/WorkingDirectory/12520/).
[2026.05.13-10.17.12:045][  0]LogShaderCompilers: Cleaned the shader compiler working directory 'C:/Users/kapil/AppData/Local/Temp/UnrealShaderWorkingDir/36CB927340CA89D8D11CCAB19CCE5B86/'.
[2026.05.13-10.17.12:045][  0]LogXGEController: Cannot use XGE Controller as Incredibuild is not installed on this machine.
[2026.05.13-10.17.12:045][  0]LogShaderCompilers: Cannot use XGE Shader Compiler as Incredibuild is not installed on this machine.
[2026.05.13-10.17.12:045][  0]LogShaderCompilers: Display: Using Local Shader Compiler.
[2026.05.13-10.17.12:619][  0]LogDerivedDataCache: Display: Max Cache Size: 512 MB
[2026.05.13-10.17.12:678][  0]LogDerivedDataCache: Loaded boot cache 0.06s 78MB C:/Users/kapil/AppData/Local/UnrealEngine/4.27/DerivedDataCache/Boot.ddc.
[2026.05.13-10.17.12:678][  0]LogDerivedDataCache: Display: Loaded Boot cache: C:/Users/kapil/AppData/Local/UnrealEngine/4.27/DerivedDataCache/Boot.ddc
[2026.05.13-10.17.12:678][  0]LogDerivedDataCache: FDerivedDataBackendGraph:  Pak pak cache file ../../../../../../Users/kapil/OneDrive/Documents/Unreal Projects/testTP/DerivedDataCache/DDC.ddp not found, will not use a pak cache.
[2026.05.13-10.17.12:678][  0]LogDerivedDataCache: Unable to find inner node Pak for hierarchical cache Hierarchy.
[2026.05.13-10.17.12:678][  0]LogDerivedDataCache: FDerivedDataBackendGraph:  CompressedPak pak cache file ../../../../../../Users/kapil/OneDrive/Documents/Unreal Projects/testTP/DerivedDataCache/Compressed.ddp not found, will not use a pak cache.
[2026.05.13-10.17.12:678][  0]LogDerivedDataCache: Unable to find inner node CompressedPak for hierarchical cache Hierarchy.
[2026.05.13-10.17.12:692][  0]LogDerivedDataCache: Display: Pak cache opened for reading ../../../Engine/DerivedDataCache/Compressed.ddp.
[2026.05.13-10.17.12:692][  0]LogDerivedDataCache: FDerivedDataBackendGraph:  EnterprisePak pak cache file ../../../Enterprise/DerivedDataCache/Compressed.ddp not found, will not use a pak cache.
[2026.05.13-10.17.12:692][  0]LogDerivedDataCache: Unable to find inner node EnterprisePak for hierarchical cache Hierarchy.
[2026.05.13-10.17.12:699][  0]LogDerivedDataCache: Speed tests for C:/Users/kapil/AppData/Local/UnrealEngine/Common/DerivedDataCache took 0.01 seconds
[2026.05.13-10.17.12:699][  0]LogDerivedDataCache: Display: Performance to C:/Users/kapil/AppData/Local/UnrealEngine/Common/DerivedDataCache: Latency=0.02ms. RandomReadSpeed=1148.76MBs, RandomWriteSpeed=144.88MBs. Assigned SpeedClass 'Local'
[2026.05.13-10.17.12:700][  0]LogDerivedDataCache: Using Local data cache path C:/Users/kapil/AppData/Local/UnrealEngine/Common/DerivedDataCache: Writable
[2026.05.13-10.17.12:701][  0]LogDerivedDataCache: Shared data cache path not found in *engine.ini, will not use an Shared cache.
[2026.05.13-10.17.12:701][  0]LogDerivedDataCache: Unable to find inner node Shared for hierarchical cache Hierarchy.
[2026.05.13-10.17.12:733][  0]LogSlate: Using FreeType 2.10.0
[2026.05.13-10.17.12:733][  0]LogSlate: SlateFontServices - WITH_FREETYPE: 1, WITH_HARFBUZZ: 1
[2026.05.13-10.17.12:777][  0]LogInit: Using OS detected language (en-US).
[2026.05.13-10.17.12:777][  0]LogInit: Using OS detected locale (en-US).
[2026.05.13-10.17.12:777][  0]LogTextLocalizationManager: No localization for 'en-US' exists, so 'en' will be used for the language.
[2026.05.13-10.17.12:777][  0]LogTextLocalizationManager: No localization for 'en-US' exists, so 'en' will be used for the locale.
[2026.05.13-10.17.12:777][  0]LogSlate: FontCache flush requested. Reason: Culture for localization was changed
[2026.05.13-10.17.12:777][  0]LogSlate: FontCache flush requested. Reason: Culture for localization was changed
[2026.05.13-10.17.12:780][  0]LogTextLocalizationManager: Compacting localization data took   0.00ms
[2026.05.13-10.17.12:780][  0]LogAssetRegistry: FAssetRegistry took 0.0015 seconds to start up
[2026.05.13-10.17.12:936][  0]LogPackageLocalizationCache: Processed 28 localized package path(s) for 1 prioritized culture(s) in 0.029591 seconds
[2026.05.13-10.17.12:987][  0]LogInit: Selected Device Profile: [Windows]
[2026.05.13-10.17.12:988][  0]LogInit: Active device profile: [00000230517E3400][000002304A245680 49] Windows
[2026.05.13-10.17.12:988][  0]LogInit: Profiles: [00000230517E3400][000002304A245680 49] Windows, [0000023051794E00][000002304A24D800 49] WindowsNoEditor, [00000230517E0E00][000002304A251980 49] WindowsServer, [0000023051796B00][000002304A255B00 49] WindowsClient, [00000230517E2A00][000002304A258100 49] IOS, [0000023051795800][000002303AEB6280 49] iPadAir, [00000230517E1700][000002303AEBA400 49] iPadAir2, [0000023051743900][000002303AEC26C0 49] IPadPro, [0000023051743A00][000002303AEBE700 49] iPadAir3, [00000230517E2300][000002303AEC6880 49] iPadAir4, [0000023051741300][000002303AECAA00 49] iPadMini2, [00000230517E3C00][000002303AECEB80 49] iPadMini3, [0000023051742500][000002304A7E6D00 49] iPadMini4, [00000230517E1100][000002304A7EAE80 49] iPadMini5, [000002305178B200][000002304A7F3140 49] iPhone6, [000002305178B300][000002304A7EF180 49] iPodTouch6, [0000023051740400][000002304A7FB440 49] iPhone7, [0000023051740300][000002304A7F7480 49] iPodTouch7, [0000023051789200][000002304A2495C0 49] iPhone5S, [0000023051740A00][000002304A7FF700 49] iPhone6Plus, [000002305178A600][000002304A803840 49] iPhone6S, [0000023051743E00][000002304A80B9C0 49] iPhone6SPlus, [000002305178BA00][000002304A80FB40 49] iPhone7Plus, [0000023051741800][000002304A812140 49] iPhoneSE, [0000023051788900][000002304A8162C0 49] iPhone8, [0000023051742800][000002304A81A440 49] iPhone8Plus, [000002305178A300][000002304A81E5C0 49] iPhoneX, [0000023051742D00][000002304A822740 49] iPhoneXS, [000002305178BC00][000002304A8268C0 49] iPhoneXSMax, [0000023051743500][000002304A82AA40 49] iPhoneXR, [000002305178B700][000002304A82EBC0 49] iPhone11, [0000023051741500][000002304A42AD40 49] iPhone11Pro, [0000023051789E00][000002304A42EEC0 49] iPhone11ProMax, [0000023051740C00][000002304A433040 49] iPhoneSE2, [0000023051788F00][000002304A4371C0 49] iPhone12Mini, [0000023051740F00][000002304A43B340 49] iPhone12, [000002305178A400][000002304A43F4C0 49] iPhone12Pro, [0000023051741400][000002304A443640 49] iPhone12ProMax, [000002305178BD00][000002304A807780 49] iPadPro105, [0000023051742700][000002304A4478C0 49] iPadPro129, [000002305178B900][000002304A44BA00 49] iPadPro97, [0000023051740900][000002304A44FB40 49] iPadPro2_129, [000002305178AF00][000002304A456140 49] iPad5, [0000023051743600][000002304A45A2C0 49] iPad6, [000002305178AB00][000002304A45E440 49] iPad7, [0000023051742300][000002304A4625C0 49] iPad8, [0000023051789700][000002304A466740 49] iPadPro11, [0000023051743400][000002304A46A8C0 49] iPadPro2_11, [000002305178AD00][000002304A46EA40 49] iPadPro3_129, [0000023051740200][000002304A472BC0 49] iPadPro4_129, [0000023051789100][0000023051F3ED40 49] AppleTV, [0000023051742A00][0000023051F42EC0 49] AppleTV4K, [0000023051788400][0000023051F47040 49] TVOS, [0000023051741C00][0000023051F4B1C0 49] Mac, [0000023051788100][0000023051F4F340 49] MacClient, [0000023051743300][0000023051F534C0 49] MacNoEditor, [000002305178B600][0000023051F57640 49] MacServer, [0000023051740B00][0000023051F5B7C0 49] Linux, [0000023051789B00][000002304A453900 49] LinuxAArch64, [0000023051740E00][0000023051F5FA40 49] LinuxNoEditor, [0000023051796600][0000023051F63B80 49] LinuxAArch64NoEditor, [000002305181C300][0000023051F66140 49] LinuxClient, [0000023051794400][0000023051F6E2C0 49] LinuxAArch64Client, [000002305181D800][0000023051F72440 49] LinuxServer, [0000023051795500][0000023051F765C0 49] LinuxAArch64Server, [000002305181C400][0000023051F7A740 49] Android, [0000023051794900][0000023051F7E8C0 49] Android_Low, [000002305181DB00][0000023051F82A40 49] Android_Mid, [0000023051794F00][0000023051F86BC0 49] Android_High, [000002305181C700][0000023051F8AD40 49] Android_Default, [0000023051796900][0000023051F8EEC0 49] Android_Adreno4xx, [000002305181D300][0000023051F93040 49] Android_Adreno5xx_Low, [0000023051794200][0000023051F971C0 49] Android_Adreno5xx, [000002305181C500][0000023051F9B340 49] Android_Adreno6xx, [0000023051797400][0000023051F9F4C0 49] Android_Adreno6xx_Vulkan, [000002305181E700][0000023051FA3640 49] Android_Mali_T6xx, [0000023051795000][0000023051FA77C0 49] Android_Mali_T7xx, [000002305181D900][0000023051FAB940 49] Android_Mali_T8xx, [0000023051797100][0000023051FAFAC0 49] Android_Mali_G71, [000002305181C100][0000023051F6BC00 49] Android_Mali_G72, [0000023051740500][0000023051FB21C0 49] Android_Mali_G72_Vulkan, [0000023051789900][0000023051FB6300 49] Android_Mali_G76, [0000023051741B00][0000023051FBE480 49] Android_Mali_G76_Vulkan, [0000023051789800][0000023051FC2600 49] Android_Mali_G77, [0000023051740700][0000023051FC6780 49] Android_Mali_G77_Vulkan, [000002305178BB00][0000023051FCA900 49] Android_Mali_G78, [0000023051742B00][0000023051FCEA80 49] Android_Mali_G78_Vulkan, [000002305181CA00][0000023051FD2C00 49] Android_Mali_G710, [0000023051742600][0000023051FD6D80 49] Android_Mali_G710_Vulkan, [000002305181D100][0000023051FDAF00 49] Android_Vulkan_SM5, [0000023051743200][0000023051FDF080 49] Android_PowerVR_G6xxx, [000002305181C600][0000023051FE3200 49] Android_PowerVR_GT7xxx, [0000023051742100][0000023051FE7380 49] Android_PowerVR_GE8xxx, [000002305181E300][0000023051FEB500 49] Android_PowerVR_GM9xxx, [0000023051742E00][0000023051FEF680 49] Android_PowerVR_GM9xxx_Vulkan, [000002305181C900][0000023051FF3800 49] Android_TegraK1, [0000023051741D00][0000023051FF7980 49] Android_Unknown_Vulkan, [000002305181CE00][0000023051FFBB00 49] Lumin, [0000023051740600][0000023051FFE100 49] Lumin_Desktop, [000002305181E500][0000023051FBA240 49] HoloLens, 
[2026.05.13-10.17.13:023][  0]LogMeshReduction: Using QuadricMeshReduction for automatic static mesh reduction
[2026.05.13-10.17.13:023][  0]LogMeshReduction: Using SimplygonMeshReduction for automatic skeletal mesh reduction
[2026.05.13-10.17.13:023][  0]LogMeshReduction: Using ProxyLODMeshReduction for automatic mesh merging
[2026.05.13-10.17.13:023][  0]LogMeshReduction: No distributed automatic mesh merging module available
[2026.05.13-10.17.13:023][  0]LogMeshMerging: No distributed automatic mesh merging module available
[2026.05.13-10.17.13:099][  0]LogNetVersion: testTP 1.0.0, NetCL: 17155196, EngineNetVer: 17, GameNetVer: 0 (Checksum: 3966549976)
[2026.05.13-10.17.13:290][  0]LogTexture: Default maximum texture size for cubemaps generated from long-lat sources has been changed from 512 to unlimited. In order to preserve old behaiour for '/Engine/MapTemplates/Sky/DaylightAmbientCubemap.DaylightAmbientCubemap', its maximum texture size has been explicitly set to 512.
[2026.05.13-10.17.13:335][  0]LogHMD: PokeAHoleMaterial loaded successfully
[2026.05.13-10.17.13:421][  0]LogMoviePlayer: Initializing movie player
[2026.05.13-10.17.13:470][  0]LogPython: Using Python 3.7.7
[2026.05.13-10.17.13:783][  0]LogNiagaraDebuggerClient: Niagara Debugger Client Initialized | Session: C40D2A5B4199FA3B9F2639B735943D4D | Instance: A0AF778D44AF666FC857DE8A3FDD601F (IMMERSEDEMOM5-12520).
[2026.05.13-10.17.13:802][  0]LogCollectionManager: Loaded 0 collections in 0.001181 seconds
[2026.05.13-10.17.13:805][  0]LogFileCache: Scanning file cache for directory 'C:/Users/kapil/OneDrive/Documents/Unreal Projects/testTP/Saved/Collections/' took 0.00s
[2026.05.13-10.17.13:805][  0]LogFileCache: Scanning file cache for directory 'C:/Users/kapil/OneDrive/Documents/Unreal Projects/testTP/Content/Developers/kapil/Collections/' took 0.00s
[2026.05.13-10.17.13:805][  0]LogFileCache: Scanning file cache for directory 'C:/Users/kapil/OneDrive/Documents/Unreal Projects/testTP/Content/Collections/' took 0.00s
[2026.05.13-10.17.13:805][  0]LogCollectionManager: Fixed up redirectors for 0 collections in 0.000002 seconds (updated 0 objects)
[2026.05.13-10.17.13:954][  0]LogAkAudio: Wwise(R) SDK Version 2019.2.15 Build 7667. Copyright (c) 2006-2019 Audiokinetic Inc.
[2026.05.13-10.17.13:954][  0]LogAkAudio: Wwise plug-in DLL path: C:/Users/kapil/OneDrive/Documents/Unreal Projects/testTP/Plugins/Wwise/ThirdParty/x64_vc150/Profile/bin/
[2026.05.13-10.17.13:956][  0]LogAkAudio: Wwise remote connection application name: testTP
[2026.05.13-10.17.13:956][  0]LogAkAudio: Wwise successfully initialized.
[2026.05.13-10.17.13:961][  0]LogAkAudio: Initialization complete.
[2026.05.13-10.17.13:961][  0]LogInit: Audiokinetic Audio Device initialized.
[2026.05.13-10.17.14:040][  0]LogUProjectInfo: Found projects:
[2026.05.13-10.17.14:050][  0]SourceControl: Source control is disabled
[2026.05.13-10.17.14:050][  0]SourceControl: Source control is disabled
[2026.05.13-10.17.14:053][  0]SourceControl: Source control is disabled
[2026.05.13-10.17.14:110][  0]LogOpenImageDenoise: OIDN starting up
[2026.05.13-10.17.14:138][  0]LogAndroidPermission: UAndroidPermissionCallbackProxy::GetInstance
[2026.05.13-10.17.14:152][  0]LogAudioCaptureCore: Display: No Audio Capture implementations found. Audio input will be silent.
[2026.05.13-10.17.14:152][  0]LogAudioCaptureCore: Display: No Audio Capture implementations found. Audio input will be silent.
[2026.05.13-10.17.14:213][  0]LogOcInput: OculusInput pre-init called
[2026.05.13-10.17.14:218][  0]LogUObjectArray: 22857 objects as part of root set at end of initial load.
[2026.05.13-10.17.14:218][  0]LogUObjectAllocator: 6232704 out of 0 bytes used by permanent object pool.
[2026.05.13-10.17.14:218][  0]LogUObjectArray: CloseDisregardForGC: 0/0 objects in disregard for GC pool
[2026.05.13-10.17.14:256][  0]LogClass: Display: EnumProperty FAkExternalSourceInfo::CodecID is not initialized properly. Module:AkAudio File:Classes/AkGameplayTypes.h
[2026.05.13-10.17.14:256][  0]LogClass: Warning: ObjectProperty FAkExternalSourceInfo::ExternalSourceAsset is not initialized properly. Module:AkAudio File:Classes/AkGameplayTypes.h
[2026.05.13-10.17.14:256][  0]LogClass: Display: IntProperty FAkChannelMask::ChannelMask is not initialized properly. Module:AkAudio File:Classes/AkGameplayTypes.h
[2026.05.13-10.17.14:256][  0]LogClass: Display: BoolProperty FAkPS5AdvancedInitializationSettings::bVorbisHwAcceleration is not initialized properly. Module:AkAudio File:Classes/Platforms/AkPlatform_Pellegrino/AkPS5InitializationSettings.h
[2026.05.13-10.17.14:256][  0]LogClass: Display: 4 Uninitialized script struct members found including 1 object properties
[2026.05.13-10.17.14:257][  0]LogAutomationTest: Warning: ObjectProperty FAkExternalSourceInfo::ExternalSourceAsset is not initialized properly. Module:AkAudio File:Classes/AkGameplayTypes.h
[2026.05.13-10.17.14:257][  0]LogEngine: Initializing Engine...
[2026.05.13-10.17.14:259][  0]LogHMD: Failed to enumerate extensions. Please check that you have a valid OpenXR runtime installed.
[2026.05.13-10.17.14:260][  0]LogHMD: Failed to initialize OpenVR with code 110
[2026.05.13-10.17.14:260][  0]LogMagicLeap: Warning: VR disabled because ZI is not enabled.  To enable, in the editor, Edit -> Project Settings -> Plugins -> Magic Leap Plugin -> Enable Zero Iteration
[2026.05.13-10.17.14:261][  0]LogStats: UGameplayTagsManager::InitializeManager -  0.000 s
[2026.05.13-10.17.14:341][  0]LogInit: Initializing FReadOnlyCVARCache
[2026.05.13-10.17.14:342][  0]LogAudio: Display: Initializing Audio Device Manager...
[2026.05.13-10.17.14:344][  0]LogAudio: Display: Loading Default Audio Settings Objects...
[2026.05.13-10.17.14:345][  0]LogAudio: Display: No default SoundConcurrencyObject specified (or failed to load).
[2026.05.13-10.17.14:345][  0]LogAudio: Display: Audio Device Manager Initialized
[2026.05.13-10.17.14:345][  0]LogAudio: Display: Creating Audio Device:                 Id: 1, Scope: Shared, Realtime: True
[2026.05.13-10.17.14:345][  0]LogAudioMixer: Display: Audio Mixer Platform Settings:
[2026.05.13-10.17.14:345][  0]LogAudioMixer: Display: 	Sample Rate:						  48000
[2026.05.13-10.17.14:345][  0]LogAudioMixer: Display: 	Callback Buffer Frame Size Requested: 1024
[2026.05.13-10.17.14:345][  0]LogAudioMixer: Display: 	Callback Buffer Frame Size To Use:	  1024
[2026.05.13-10.17.14:345][  0]LogAudioMixer: Display: 	Number of buffers to queue:			  2
[2026.05.13-10.17.14:345][  0]LogAudioMixer: Display: 	Max Channels (voices):				  32
[2026.05.13-10.17.14:345][  0]LogAudioMixer: Display: 	Number of Async Source Workers:		  0
[2026.05.13-10.17.14:345][  0]LogAudio: Display: AudioDevice MaxSources: 32
[2026.05.13-10.17.14:345][  0]LogAudio: Display: Audio Spatialization Plugin: None (built-in).
[2026.05.13-10.17.14:345][  0]LogAudio: Display: Audio Reverb Plugin: None (built-in).
[2026.05.13-10.17.14:345][  0]LogAudio: Display: Audio Occlusion Plugin: None (built-in).
[2026.05.13-10.17.14:345][  0]LogAudioMixer: Display: Initializing audio mixer.
[2026.05.13-10.17.14:354][  0]LogAudioMixer: Display: 0: FrontLeft
[2026.05.13-10.17.14:354][  0]LogAudioMixer: Display: 1: FrontRight
[2026.05.13-10.17.14:365][  0]LogAudioMixer: Display: Using Audio Device Speakers (2- Realtek(R) Audio)
[2026.05.13-10.17.14:371][  0]LogAudioMixer: Display: Initializing Sound Submixes...
[2026.05.13-10.17.14:372][  0]LogAudioMixer: Display: Creating Master Submix 'MasterSubmixDefault'
[2026.05.13-10.17.14:372][  0]LogAudioMixer: Display: Creating Master Submix 'MasterReverbSubmixDefault'
[2026.05.13-10.17.14:374][  0]LogAudioMixer: Display: Creating Master Submix 'MasterEQSubmixDefault'
[2026.05.13-10.17.14:374][  0]LogAudioMixer: FMixerPlatformXAudio2::StartAudioStream() called
[2026.05.13-10.17.14:374][  0]LogAudioMixer: Display: Output buffers initialized: Frames=1024, Channels=2, Samples=2048
[2026.05.13-10.17.14:375][  0]LogAudioMixer: Display: Starting AudioMixerPlatformInterface::RunInternal()
[2026.05.13-10.17.14:375][  0]LogAudioMixer: Display: FMixerPlatformXAudio2::SubmitBuffer() called for the first time
[2026.05.13-10.17.14:375][  0]LogInit: FAudioDevice initialized.
[2026.05.13-10.17.14:375][  0]LogNetVersion: Set ProjectVersion to 1.0.0.0. Version Checksum will be recalculated on next use.
[2026.05.13-10.17.14:413][  0]LogDerivedDataCache: Saved boot cache 0.04s 78MB C:/Users/kapil/AppData/Local/UnrealEngine/4.27/DerivedDataCache/Boot.ddc.
[2026.05.13-10.17.14:414][  0]LogInit: Texture streaming: Enabled
[2026.05.13-10.17.14:460][  0]LogAudio: Display: Audio Device (ID: 1) registered with world 'Untitled'.
[2026.05.13-10.17.14:460][  0]LogSlate: Updating window title bar state: overlay mode, drag disabled, window buttons hidden, title bar hidden
[2026.05.13-10.17.14:461][  0]LogInit: Display: Game Engine Initialized.
[2026.05.13-10.17.14:461][  0]LogNiagaraEditor: GEditor isn't valid! Particle reset commands will not work for Niagara components!
[2026.05.13-10.17.14:545][  0]LogInit: Display: Starting Game.
[2026.05.13-10.17.14:545][  0]LogNet: Browse: /Game/ThirdPersonBP/Maps/ThirdPersonExampleMap?Name=Player
[2026.05.13-10.17.14:545][  0]LogLoad: LoadMap: /Game/ThirdPersonBP/Maps/ThirdPersonExampleMap?Name=Player
[2026.05.13-10.17.14:545][  0]LogWorld: BeginTearingDown for /Temp/Untitled_0
[2026.05.13-10.17.14:545][  0]LogWorld: UWorld::CleanupWorld for Untitled, bSessionEnded=true, bCleanupResources=true
[2026.05.13-10.17.14:545][  0]LogSlate: InvalidateAllWidgets triggered.  All widgets were invalidated
[2026.05.13-10.17.14:552][  0]LogAudio: Display: Audio Device unregistered from world 'None'.
[2026.05.13-10.17.14:554][  0]LogUObjectHash: Compacting FUObjectHashTables data took   0.51ms
[2026.05.13-10.17.14:740][  0]LogAudio: Display: Audio Device (ID: 1) registered with world 'ThirdPersonExampleMap'.
[2026.05.13-10.17.14:747][  0]LogAIModule: Creating AISystem for world ThirdPersonExampleMap
[2026.05.13-10.17.14:749][  0]LogLoad: Game class is 'ThirdPersonGameMode_C'
[2026.05.13-10.17.14:751][  0]LogWorld: Bringing World /Game/ThirdPersonBP/Maps/ThirdPersonExampleMap.ThirdPersonExampleMap up for play (max tick rate 0) at 2026.05.13-03.17.14
[2026.05.13-10.17.14:751][  0]LogWorld: Bringing up level for play took: 0.002456
[2026.05.13-10.17.14:753][  0]LogTemp: Display: [ImmerseStress] Ready. Defaults: event=SwordHits bus=7p1p4 shareset=Immerse_Audio_Renderer_(Custom)
[2026.05.13-10.17.14:753][  0]LogTemp: Display: [ImmerseStress] IMMERSE_USER_ID env=kevin_tencenttest1_emb | IMMERSE_USERID= | IMMERSE_USER=
[2026.05.13-10.17.14:754][  0]LogTemp: Display: [testTP] Auto-spawned ImmerseStressTestActor into ThirdPersonExampleMap (type=1)
[2026.05.13-10.17.14:754][  0]LogLoad: Took 0.209687 seconds to LoadMap(/Game/ThirdPersonBP/Maps/ThirdPersonExampleMap)
[2026.05.13-10.17.14:778][  0]LogSlate: Took 0.000246 seconds to synchronously load lazily loaded font '../../../Engine/Content/Slate/Fonts/Roboto-Regular.ttf' (155K)
[2026.05.13-10.17.14:797][  0]LogRenderer: Reallocating scene render targets to support 1536x864 Format 10 NumSamples 1 (Frame:1).
[2026.05.13-10.17.14:797][  0]LogInit: Display: Engine is initialized. Leaving FEngineLoop::Init()
[2026.05.13-10.17.14:797][  0]LogLoad: (Engine Initialization) Total time: 4.65 seconds
[2026.05.13-10.17.14:797][  0]LogLoad: (Engine Initialization) Total Blueprint compile time: 0.00 seconds
[2026.05.13-10.17.14:813][  0]LogContentStreaming: Texture pool size now 1000 MB
[2026.05.13-10.17.14:815][  0]LogSlate: InvalidateAllWidgets triggered.  All widgets were invalidated
[2026.05.13-10.17.14:929][  0]LogRenderer: Reallocating scene render targets to support 128x128 Format 10 NumSamples 1 (Frame:1).
[2026.05.13-10.17.14:953][  0]LogRenderer: Reallocating scene render targets to support 1536x864 Format 10 NumSamples 1 (Frame:2).
[2026.05.13-10.17.14:961][  1]LogSlate: Took 0.000200 seconds to synchronously load lazily loaded font '../../../Engine/Content/Slate/Fonts/Roboto-Regular.ttf' (155K)
[2026.05.13-10.17.17:313][134]LogTemp: Display: [ImmerseStress] REMOTE_HOLD_v1: waiting for go.flag (../../../../../../Users/kapil/OneDrive/Documents/Unreal Projects/testTP/Saved/ImmerseStress/go.flag) retry=1
[2026.05.13-10.17.25:963][ 80]LogAkAudio: Error: Voice Starvation
[2026.05.13-10.17.26:836][490]LogTemp: Display: [ImmerseStress] REMOTE_HOLD_v1: waiting for go.flag (../../../../../../Users/kapil/OneDrive/Documents/Unreal Projects/testTP/Saved/ImmerseStress/go.flag) retry=20
[2026.05.13-10.17.26:963][546]LogAkAudio: Error: Voice Starvation
