[2026-05-13T02:49:53.4887798-07:00] DebugMonitor start, maxSeconds=1800
[2026-05-13T02:49:53.6419226-07:00] [pid=27484] ---> Focus Exec Name: wwise.exe does not has WS_OVERLAPPEDWINDOW
[2026-05-13T02:49:53.6449242-07:00] [pid=27484] ---> Focus Exec Name: Wwise 2019.2.15  has WS_OVERLAPPEDWINDOW
[2026-05-13T02:49:53.6474335-07:00] [pid=27484] ---> Focus Exec Name: Wwise 2019.2.15  has WS_OVERLAPPEDWINDOW
[2026-05-13T02:49:53.7296938-07:00] [pid=12416] RegisterImmerseAudioRendererFX()
[2026-05-13T02:49:53.7301976-07:00] [pid=12416] <<<_____ ImmerseAudioRenderer _____>>> 
[2026-05-13T02:49:53.7301976-07:00] [pid=12416] 
[2026-05-13T02:49:53.7301976-07:00] [pid=12416] loadAndInitializeImmerseEngine
[2026-05-13T02:49:53.7432407-07:00] [pid=12416] <<<_____ ImmerseAudioRenderer _____>>> 
[2026-05-13T02:49:53.7432407-07:00] [pid=12416] 
[2026-05-13T02:49:53.7432407-07:00] [pid=12416] CreateImmerseManager
[2026-05-13T02:49:53.7713145-07:00] [pid=12416] <<<_____ ImmerseAudioRenderer _____>>> 
[2026-05-13T02:49:53.7713145-07:00] [pid=12416] 
[2026-05-13T02:49:53.7723192-07:00] [pid=12416] WwiseFxNullParams::Init()
[2026-05-13T02:49:53.7723192-07:00] [pid=12416] <<<_____ ImmerseAudioRenderer _____>>> 
[2026-05-13T02:49:53.7723192-07:00] [pid=12416] 
[2026-05-13T02:49:53.7723192-07:00] [pid=12416] WwiseFxNullParams::SetParam()
[2026-05-13T02:49:53.7723192-07:00] [pid=12416] <<<_____ ImmerseAudioRenderer _____>>> 
[2026-05-13T02:49:53.7733203-07:00] [pid=12416] 
[2026-05-13T02:49:53.7733203-07:00] [pid=12416] WwiseFxNullParams::SetParam()
[2026-05-13T02:49:53.7733203-07:00] [pid=12416] <<<_____ ImmerseAudioRenderer _____>>> 
[2026-05-13T02:49:53.7733203-07:00] [pid=12416] 
[2026-05-13T02:49:53.7743196-07:00] [pid=12416] WwiseFxNullParams::SetParam()
[2026-05-13T02:49:53.7743196-07:00] [pid=12416] <<<_____ ImmerseAudioRenderer _____>>> 
[2026-05-13T02:49:53.7743196-07:00] [pid=12416] 
[2026-05-13T02:49:53.7743196-07:00] [pid=12416] WwiseFxNullParams::SetParam()
[2026-05-13T02:49:53.7753199-07:00] [pid=12416] <<<_____ ImmerseAudioRenderer _____>>> 
[2026-05-13T02:49:53.7753199-07:00] [pid=12416] 
[2026-05-13T02:49:53.7753199-07:00] [pid=12416] WwiseFxNullParams::ApplyParam()
[2026-05-13T02:49:53.7753199-07:00] [pid=12416] <<<_____ ImmerseAudioRenderer _____>>> 
[2026-05-13T02:49:53.7768245-07:00] [pid=12416] 
[2026-05-13T02:49:53.7768245-07:00] [pid=12416] WwiseFxNullParams::ApplyParam()
[2026-05-13T02:49:53.7768245-07:00] [pid=12416] <<<_____ ImmerseAudioRenderer _____>>> 
[2026-05-13T02:49:53.7768245-07:00] [pid=12416] 
[2026-05-13T02:49:53.7778315-07:00] [pid=12416] WwiseFxNullParams::ApplyParam()
[2026-05-13T02:49:53.7778315-07:00] [pid=12416] <<<_____ ImmerseAudioRenderer _____>>> 
[2026-05-13T02:49:53.7778315-07:00] [pid=12416] 
[2026-05-13T02:49:53.7778315-07:00] [pid=12416] WwiseFxNullParams::ApplyParam()
[2026-05-13T02:49:53.7778315-07:00] [pid=12416] <<<_____ ImmerseAudioRenderer _____>>> 
[2026-05-13T02:49:53.7778315-07:00] [pid=12416] 
[2026-05-13T02:49:53.7778315-07:00] [pid=12416] WwiseFxNullParams::ApplyParam()
[2026-05-13T02:49:53.8049041-07:00] [pid=27484] Focus Exec Name: wwise.exe
[2026-05-13T02:49:53.9994411-07:00] [pid=18712] <1>May13 02:49:53.999 SF_18712[CpBoard] [CB] HandleClipboard S to C
[2026-05-13T02:49:53.9999462-07:00] [pid=18712] <1>May13 02:49:53.000 SF_18712[CpBoard] [CB] Data Push start. len:639
[2026-05-13T02:49:54.2049196-07:00] [pid=27484] ---> Focus Exec Name: wwise.exe has WS_OVERLAPPEDWINDOW
[2026-05-13T02:49:54.2084336-07:00] [pid=27484] ---> Focus Exec Name: wwise.exe has WS_OVERLAPPEDWINDOW
[2026-05-13T02:49:54.6248929-07:00] [pid=27484] ---> Focus Exec Name: wwise.exe has WS_OVERLAPPEDWINDOW
[2026-05-13T02:49:54.6299072-07:00] [pid=27484] ---> Focus Exec Name: wwise.exe has WS_OVERLAPPEDWINDOW
[2026-05-13T02:49:57.0837281-07:00] [pid=27484] ---> Focus Exec Name: explorer.exe does not has WS_OVERLAPPEDWINDOW
[2026-05-13T02:49:57.1701741-07:00] [pid=27484] ---> Focus Exec Name: windowsterminal.exe has WS_OVERLAPPEDWINDOW
[2026-05-13T02:49:57.8451978-07:00] [pid=25428] Looking for binary: ../../../Engine/Programs/CrashReportClient/Config/BinaryConfig.ini
[2026-05-13T02:49:57.8477110-07:00] [pid=25428] LogPlatformFile: Not using cached read wrapper
[2026-05-13T02:49:57.8477110-07:00] [pid=25428] LogICUInternationalization: ICU TimeZone Detection - Raw Offset: -8:00, Platform Override: ''
[2026-05-13T02:49:57.8622444-07:00] [pid=25428] LogInit: Build: ++UE4+Release-4.27-CL-18319896
[2026-05-13T02:49:57.8622444-07:00] [pid=25428] LogInit: Compatible Engine Version: 4.27.0-17155196+++UE4+Release-4.27
[2026-05-13T02:49:57.8622444-07:00] [pid=25428] LogInit: OS: Windows 10 (Release 2009) (), CPU: 13th Gen Intel(R) Core(TM) i7-13650HX, GPU: Intel(R) UHD Graphics
[2026-05-13T02:49:57.8622444-07:00] [pid=25428] LogInit: Compiled with Visual C++: 19.24.28315.00
[2026-05-13T02:49:57.8622444-07:00] [pid=25428] LogInit: Branch Name: ++UE4+Release-4.27
[2026-05-13T02:49:57.8622444-07:00] [pid=25428] LogInit: Base Directory: C:/Program Files/Epic Games/UE_4.27/Engine/Binaries/Win64/
[2026-05-13T02:49:57.8622444-07:00] [pid=25428] LogInit: Installed Engine Build: 1
[2026-05-13T02:49:57.8687528-07:00] [pid=25428] LogConfig: Applying CVar settings from Section [/Script/Engine.StreamingSettings] File [C:/Users/kapil/AppData/Local/CrashReportClient/Saved/Config/WindowsNoEditor/Engine.ini]
[2026-05-13T02:49:57.8687528-07:00] [pid=25428] LogConfig: Setting CVar [[s.AsyncLoadingThreadEnabled:0]]
[2026-05-13T02:49:57.8697540-07:00] [pid=25428] LogConfig: Setting CVar [[s.WarnIfTimeLimitExceeded:0]]
[2026-05-13T02:49:57.8697540-07:00] [pid=25428] LogConfig: Setting CVar [[s.TimeLimitExceededMinTime:0.005]]
[2026-05-13T02:49:57.8702571-07:00] [pid=25428] LogInit: Object subsystem initialized
[2026-05-13T02:49:57.8702571-07:00] [pid=25428] [2026.05.13-09.49.57:870][  0]LogInit: Computer: IMMERSEDEMOM5
[2026-05-13T02:49:57.8712612-07:00] [pid=25428] [2026.05.13-09.49.57:871][  0]LogInit: CPU Page size=4096, Cores=14
[2026-05-13T02:49:57.8712612-07:00] [pid=25428] [2026.05.13-09.49.57:871][  0]LogMemory: Memory total: Physical=15.7GB (16GB approx)
[2026-05-13T02:49:57.8712612-07:00] [pid=25428] [2026.05.13-09.49.57:871][  0]LogMemory: Process Physical Memory: 31.42 MB used, 31.43 MB peak
[2026-05-13T02:49:57.8712612-07:00] [pid=25428] [2026.05.13-09.49.57:871][  0]LogMemory: Physical Memory: 13215.47 MB used,  2853.23 MB free, 16068.70 MB total
[2026-05-13T02:49:57.8752655-07:00] [pid=25428] [2026.05.13-09.49.57:875][  0]LogUObjectArray: 363 objects as part of root set at end of initial load.
[2026-05-13T02:49:57.8752655-07:00] [pid=25428] [2026.05.13-09.49.57:875][  0]LogUObjectAllocator: 53496 out of 0 bytes used by permanent object pool.
[2026-05-13T02:49:57.8752655-07:00] [pid=25428] [2026.05.13-09.49.57:875][  0]LogInit: Using OS detected language (en-US).
[2026-05-13T02:49:57.8752655-07:00] [pid=25428] [2026.05.13-09.49.57:875][  0]LogTextLocalizationManager: No specific localization for 'en-US' exists, so the 'en' localization will be used.
[2026-05-13T02:49:57.8903766-07:00] [pid=25428] [2026.05.13-09.49.57:890][  0]LogInit: Using OS detected locale (en-US).
[2026-05-13T02:49:57.8903766-07:00] [pid=25428] [2026.05.13-09.49.57:890][  0]LogTextLocalizationManager: No localization for 'en-US' exists, so 'en' will be used for the locale.
[2026-05-13T02:49:57.8913761-07:00] [pid=25428] [2026.05.13-09.49.57:890][  0]LogPackageLocalizationCache: Processed 2 localized package path(s) for 1 prioritized culture(s) in 0.000049 seconds
[2026-05-13T02:49:57.8923803-07:00] [pid=25428] [2026.05.13-09.49.57:892][  0]CrashReportClientDiagnosticLog: CRC/Config
[2026-05-13T02:49:57.8923803-07:00] [pid=25428] [2026.05.13-09.49.57:892][  0]CrashReportCoreLog: CrashReportReceiver disabled
[2026-05-13T02:49:57.8923803-07:00] [pid=25428] [2026.05.13-09.49.57:892][  0]LogCrashDebugHelper: DepotName: //UE4/Release-4.27
[2026-05-13T02:49:57.8923803-07:00] [pid=25428] [2026.05.13-09.49.57:892][  0]LogCrashDebugHelper: EngineVersion: 4.27.2-18319896+++UE4+Release-4.27
[2026-05-13T02:49:57.8933801-07:00] [pid=25428] [2026.05.13-09.49.57:893][  0]CrashReportClientDiagnosticLog: Monitor/Start:25428
[2026-05-13T02:49:58.2302472-07:00] [pid=27688] Looking for binary: ../../../../../../Users/kapil/OneDrive/Documents/Unreal Projects/testTP/Config/BinaryConfig.ini
[2026-05-13T02:49:58.2312586-07:00] [pid=27688] LogWindows: File 'aqProf.dll' does not exist
[2026-05-13T02:49:58.2312586-07:00] [pid=27688] LogWindows: File 'VtuneApi.dll' does not exist
[2026-05-13T02:49:58.2312586-07:00] [pid=27688] LogWindows: File 'VtuneApi32e.dll' does not exist
[2026-05-13T02:49:58.2312586-07:00] [pid=27688] LogConsoleResponse: Display: Failed to find resolution value strings in scalability ini. Falling back to default.
[2026-05-13T02:49:58.2312586-07:00] [pid=27688] LogPlatformFile: Not using cached read wrapper
[2026-05-13T02:49:58.2312586-07:00] [pid=27688] LogStats: Stats thread started at 0.237280
[2026-05-13T02:49:58.2312586-07:00] [pid=27688] LogInit: Display: Loading text-based GConfig....
[2026-05-13T02:49:58.2863883-07:00] [pid=27688] LogPluginManager: Mounting plugin XGEController
[2026-05-13T02:49:58.2883924-07:00] [pid=27688] LogPluginManager: Mounting plugin EnvironmentQueryEditor
[2026-05-13T02:49:58.2898961-07:00] [pid=27688] LogPluginManager: Mounting plugin GameplayCameras
[2026-05-13T02:49:58.2909006-07:00] [pid=27688] LogPluginManager: Mounting plugin DataValidation
[2026-05-13T02:49:58.2929045-07:00] [pid=27688] LogPluginManager: Mounting plugin CameraShakePreviewer
[2026-05-13T02:49:58.2939048-07:00] [pid=27688] LogPluginManager: Mounting plugin GeometryMode
[2026-05-13T02:49:58.2964095-07:00] [pid=27688] LogPluginManager: Mounting plugin GameplayTagsEditor
[2026-05-13T02:49:58.2974171-07:00] [pid=27688] LogPluginManager: Mounting plugin MobileLauncherProfileWizard
[2026-05-13T02:49:58.2984173-07:00] [pid=27688] LogPluginManager: Mounting plugin MaterialAnalyzer
[2026-05-13T02:49:58.2999193-07:00] [pid=27688] LogPluginManager: Mounting plugin MacGraphicsSwitching
[2026-05-13T02:49:58.3019275-07:00] [pid=27688] LogPluginManager: Mounting plugin OodleData
[2026-05-13T02:49:58.3029278-07:00] [pid=27688] LogPluginManager: Mounting plugin OodleNetwork
[2026-05-13T02:49:58.3049283-07:00] [pid=27688] LogPluginManager: Mounting plugin AnimationSharing
[2026-05-13T02:49:58.3064324-07:00] [pid=27688] LogPluginManager: Mounting plugin VariantManagerContent
[2026-05-13T02:49:58.3084464-07:00] [pid=27688] LogPluginManager: Mounting plugin PropertyAccessNode
[2026-05-13T02:49:58.3099487-07:00] [pid=27688] LogPluginManager: Mounting plugin PixWinPlugin
[2026-05-13T02:49:58.3109571-07:00] [pid=27688] LogPluginManager: Mounting plugin TextureFormatOodle
[2026-05-13T02:49:58.3119675-07:00] [pid=27688] LogPluginManager: Mounting plugin VisualStudioSourceCodeAccess
[2026-05-13T02:49:58.3139605-07:00] [pid=27688] LogPluginManager: Mounting plugin XCodeSourceCodeAccess
[2026-05-13T02:49:58.3149608-07:00] [pid=27688] LogPluginManager: Mounting plugin LuminPlatformFeatures
[2026-05-13T02:49:58.3149608-07:00] [pid=27688] LogPluginManager: Mounting plugin PlasticSourceControl
[2026-05-13T02:49:58.3174702-07:00] [pid=27688] LogPluginManager: Mounting plugin MagicLeapMedia
[2026-05-13T02:49:58.3184688-07:00] [pid=27688] LogPluginManager: Mounting plugin NullSourceCodeAccess
[2026-05-13T02:49:58.3199737-07:00] [pid=27688] LogPluginManager: Mounting plugin BackChannel
[2026-05-13T02:49:58.3209787-07:00] [pid=27688] LogPluginManager: Mounting plugin ChaosEditor
[2026-05-13T02:49:58.3219826-07:00] [pid=27688] LogPluginManager: Mounting plugin ChaosSolverPlugin
[2026-05-13T02:49:58.3239829-07:00] [pid=27688] LogPluginManager: Mounting plugin MagicLeapPassableWorld
[2026-05-13T02:49:58.3249821-07:00] [pid=27688] LogPluginManager: Mounting plugin MagicLeap
[2026-05-13T02:49:58.3264851-07:00] [pid=27688] LogPluginManager: Mounting plugin MatineeToLevelSequence
[2026-05-13T02:49:58.3274905-07:00] [pid=27688] LogPluginManager: Mounting plugin LevelSequenceEditor
[2026-05-13T02:49:58.3284966-07:00] [pid=27688] LogPluginManager: Mounting plugin TemplateSequence
[2026-05-13T02:49:58.3299935-07:00] [pid=27688] LogPluginManager: Mounting plugin TcpMessaging
[2026-05-13T02:49:58.3310055-07:00] [pid=27688] LogPluginManager: Mounting plugin AlembicImporter
[2026-05-13T02:49:58.3320164-07:00] [pid=27688] LogPluginManager: Mounting plugin MotoSynth
[2026-05-13T02:49:58.3340128-07:00] [pid=27688] LogPluginManager: Mounting plugin AvfMedia
[2026-05-13T02:49:58.3350136-07:00] [pid=27688] LogPluginManager: Mounting plugin PlatformCrypto
[2026-05-13T02:49:58.3365173-07:00] [pid=27688] LogPluginManager: Mounting plugin PythonScriptPlugin
[2026-05-13T02:49:58.3385231-07:00] [pid=27688] LogPluginManager: Mounting plugin MediaCompositing
[2026-05-13T02:49:58.3400269-07:00] [pid=27688] LogPluginManager: Mounting plugin MediaPlayerEditor
[2026-05-13T02:49:58.3410312-07:00] [pid=27688] LogPluginManager: Mounting plugin OnlineSubsystem
[2026-05-13T02:49:58.3430355-07:00] [pid=27688] LogPluginManager: Mounting plugin OnlineSubsystemNull
[2026-05-13T02:49:58.3440351-07:00] [pid=27688] LogPluginManager: Mounting plugin SkeletalReduction
[2026-05-13T02:49:58.3450357-07:00] [pid=27688] LogPluginManager: Mounting plugin AndroidDeviceProfileSelector
[2026-05-13T02:49:58.3465389-07:00] [pid=27688] LogPluginManager: Mounting plugin AppleImageUtils
[2026-05-13T02:49:58.3475444-07:00] [pid=27688] LogPluginManager: Mounting plugin WebMMedia
[2026-05-13T02:49:58.3495447-07:00] [pid=27688] LogPluginManager: Mounting plugin ArchVisCharacter
[2026-05-13T02:49:58.3510612-07:00] [pid=27688] LogPluginManager: Mounting plugin CableComponent
[2026-05-13T02:49:58.3520654-07:00] [pid=27688] LogPluginManager: Mounting plugin CustomMeshComponent
[2026-05-13T02:49:58.3540655-07:00] [pid=27688] LogPluginManager: Mounting plugin ExampleDeviceProfileSelector
[2026-05-13T02:49:58.3550659-07:00] [pid=27688] LogPluginManager: Mounting plugin EditableMesh
[2026-05-13T02:49:58.3565691-07:00] [pid=27688] LogPluginManager: Mounting plugin GooglePAD
[2026-05-13T02:49:58.3575768-07:00] [pid=27688] LogPluginManager: Mounting plugin LocationServicesBPLibrary
[2026-05-13T02:49:58.3595760-07:00] [pid=27688] LogPluginManager: Mounting plugin OpenXR
[2026-05-13T02:49:58.3610831-07:00] [pid=27688] LogPluginManager: Mounting plugin OpenXREyeTracker
[2026-05-13T02:49:58.3620869-07:00] [pid=27688] LogPluginManager: Mounting plugin ProceduralMeshComponent
[2026-05-13T02:49:58.3640873-07:00] [pid=27688] LogPluginManager: Mounting plugin PropertyAccessEditor
[2026-05-13T02:49:58.3650872-07:00] [pid=27688] LogPluginManager: Mounting plugin SignificanceManager
[2026-05-13T02:49:58.3665921-07:00] [pid=27688] LogPluginManager: Mounting plugin SoundFields
[2026-05-13T02:49:58.3686003-07:00] [pid=27688] LogPluginManager: Mounting plugin Takes
[2026-05-13T02:49:58.3701040-07:00] [pid=27688] LogPluginManager: Mounting plugin WindowsMoviePlayer
[2026-05-13T02:49:58.3711081-07:00] [pid=27688] LogPluginManager: Mounting plugin LinuxDeviceProfileSelector
[2026-05-13T02:49:58.3731118-07:00] [pid=27688] LogPluginManager: Mounting plugin ContentBrowserFileDataSource
[2026-05-13T02:49:58.3741118-07:00] [pid=27688] LogPluginManager: Mounting plugin OnlineSubsystemGooglePlay
[2026-05-13T02:49:58.3751117-07:00] [pid=27688] LogPluginManager: Mounting plugin OculusVR
[2026-05-13T02:49:58.3776243-07:00] [pid=27688] LogPluginManager: Mounting plugin Wwise
[2026-05-13T02:49:58.4853907-07:00] [pid=27688] LogInit: Using libcurl 7.55.1-DEV
[2026-05-13T02:49:58.4853907-07:00] [pid=27688] LogInit:  - supports SSL with OpenSSL/1.1.1
[2026-05-13T02:49:58.4853907-07:00] [pid=27688] LogInit:  - other features:
[2026-05-13T02:49:58.4853907-07:00] [pid=27688] LogInit:      CURL_VERSION_LIBZ
[2026-05-13T02:49:58.4853907-07:00] [pid=27688] LogInit:      CURL_VERSION_ASYNCHDNS
[2026-05-13T02:49:58.4853907-07:00] [pid=27688] LogInit:      CURL_VERSION_IDN
[2026-05-13T02:49:58.4853907-07:00] [pid=27688] LogInit:  - bVerifyPeer = true  - Libcurl will verify peer certificate
[2026-05-13T02:49:58.4853907-07:00] [pid=27688] LogInit:  - bDontReuseConnections = false  - Libcurl will reuse connections
[2026-05-13T02:49:58.4853907-07:00] [pid=27688] LogInit:  - LocalHostAddr = Default
[2026-05-13T02:49:58.5139665-07:00] [pid=27688] LogOnline: OSS: Creating online subsystem instance for: NULL
[2026-05-13T02:49:58.5149658-07:00] [pid=27688] LogOnline: OSS: TryLoadSubsystemAndSetDefault: Loaded subsystem for module [NULL]
[2026-05-13T02:49:58.5896819-07:00] [pid=27688] [OVRPlugin][ERROR] 
[2026-05-13T02:49:58.5896819-07:00] [pid=27688] 
[2026-05-13T02:49:58.5896819-07:00] [pid=27688] LogInit: Build: ++UE4+Release-4.27-CL-18319896
[2026-05-13T02:49:58.5896819-07:00] [pid=27688] LogInit: Compatible Engine Version: 4.27.0-17155196+++UE4+Release-4.27
[2026-05-13T02:49:58.5896819-07:00] [pid=27688] LogInit: OS: Windows 10 (Release 2009) (), CPU: 13th Gen Intel(R) Core(TM) i7-13650HX, GPU: Intel(R) UHD Graphics
[2026-05-13T02:49:58.5901852-07:00] [pid=27688] LogInit: Compiled with Visual C++: 19.24.28315.00
[2026-05-13T02:49:58.5901852-07:00] [pid=27688] LogInit: Branch Name: ++UE4+Release-4.27
[2026-05-13T02:49:58.5901852-07:00] [pid=27688] LogInit: Base Directory: C:/Program Files/Epic Games/UE_4.27/Engine/Binaries/Win64/
[2026-05-13T02:49:58.5901852-07:00] [pid=27688] LogInit: Installed Engine Build: 1
[2026-05-13T02:49:58.5901852-07:00] [pid=27688] LogDevObjectVersion:   Dev-Blueprints (B0D832E4-1F89-4F0D-ACCF-7EB736FD4AA2): 10
[2026-05-13T02:49:58.5901852-07:00] [pid=27688] LogDevObjectVersion:   Dev-Core (375EC13C-06E4-48FB-B500-84F0262A717E): 4
[2026-05-13T02:49:58.5901852-07:00] [pid=27688] LogDevObjectVersion:   Dev-Framework (CFFC743F-43B0-4480-9391-14DF171D2073): 37
[2026-05-13T02:49:58.5901852-07:00] [pid=27688] LogDevObjectVersion:   Dev-Networking (A4E4105C-59A1-49B5-A7C5-40C4547EDFEE): 0
[2026-05-13T02:49:58.5901852-07:00] [pid=27688] LogDevObjectVersion:   Dev-Physics (78F01B33-EBEA-4F98-B9B4-84EACCB95AA2): 14
[2026-05-13T02:49:58.5901852-07:00] [pid=27688] LogDevObjectVersion:   Dev-Rendering (12F88B9F-8875-4AFC-A67C-D90C383ABD29): 45
[2026-05-13T02:49:58.5901852-07:00] [pid=27688] LogDevObjectVersion:   Dev-VR (D7296918-1DD6-4BDD-9DE2-64A83CC13884): 3
[2026-05-13T02:49:58.5901852-07:00] [pid=27688] LogDevObjectVersion:   Private-Geometry (6EACA3D4-40EC-4CC1-B786-8BED09428FC5): 3
[2026-05-13T02:49:58.5901852-07:00] [pid=27688] LogDevObjectVersion:   Dev-Anim (AF43A65D-7FD3-4947-9873-3E8ED9C1BB05): 15
[2026-05-13T02:49:58.5911894-07:00] [pid=27688] LogDevObjectVersion:   Dev-Automation (0DF73D61-A23F-47EA-B727-89E90C41499A): 1
[2026-05-13T02:49:58.5911894-07:00] [pid=27688] LogDevObjectVersion:   FortniteRelease (E7086368-6B23-4C58-8439-1B7016265E91): 1
[2026-05-13T02:49:58.5911894-07:00] [pid=27688] LogDevObjectVersion:   Dev-Niagara (F2AED0AC-9AFE-416F-8664-AA7FFA26D6FC): 1
[2026-05-13T02:49:58.5911894-07:00] [pid=27688] LogDevObjectVersion:   Dev-Physics-Ext (35F94A83-E258-406C-A318-09F59610247C): 41
[2026-05-13T02:49:58.5911894-07:00] [pid=27688] LogDevObjectVersion:   Dev-CineCamera (B2E18506-4273-CFC2-A54E-F4BB758BBA07): 1
[2026-05-13T02:49:58.5911894-07:00] [pid=27688] LogDevObjectVersion:   Dev-MediaFramework (6F0ED827-A609-4895-9C91-998D90180EA4): 2
[2026-05-13T02:49:58.5966994-07:00] [pid=27688] LogConfig: Applying CVar settings from Section [/Script/Engine.StreamingSettings] File [C:/Users/kapil/OneDrive/Documents/Unreal Projects/testTP/Saved/Config/Windows/Engine.ini]
[2026-05-13T02:49:58.5966994-07:00] [pid=27688] LogConfig: Setting CVar [[s.AsyncLoadingThreadEnabled:0]]
[2026-05-13T02:49:58.5966994-07:00] [pid=27688] LogConfig: Setting CVar [[s.WarnIfTimeLimitExceeded:0]]
[2026-05-13T02:49:58.5966994-07:00] [pid=27688] LogConfig: Setting CVar [[s.TimeLimitExceededMinTime:0.005]]
[2026-05-13T02:49:58.5966994-07:00] [pid=27688] LogConfig: Setting CVar [[s.PriorityAsyncLoadingExtraTime:15.0]]
[2026-05-13T02:49:58.5966994-07:00] [pid=27688] LogConfig: Setting CVar [[s.PriorityLevelStreamingActorsUpdateExtraTime:5.0]]
[2026-05-13T02:49:58.5966994-07:00] [pid=27688] LogConfig: Setting CVar [[s.UnregisterComponentsTimeLimit:1.0]]
[2026-05-13T02:49:58.5966994-07:00] [pid=27688] LogConfig: Setting CVar [[s.FlushStreamingOnExit:1]]
[2026-05-13T02:49:58.6022144-07:00] [pid=27688] LogConfig: Setting CVar [[con.DebugEarlyDefault:1]]
[2026-05-13T02:49:58.6022144-07:00] [pid=27688] [2026.05.13-09.49.58:602][  0]LogConfig: Setting CVar [[con.DebugEarlyDefault:1]]
[2026-05-13T02:49:58.6022144-07:00] [pid=27688] [2026.05.13-09.49.58:602][  0]LogConfig: Applying CVar settings from Section [/Script/Engine.RendererSettings] File [C:/Users/kapil/OneDrive/Documents/Unreal Projects/testTP/Saved/Config/Windows/Engine.ini]
[2026-05-13T02:49:58.6022144-07:00] [pid=27688] [2026.05.13-09.49.58:602][  0]LogConfig: Applying CVar settings from Section [/Script/Engine.RendererOverrideSettings] File [C:/Users/kapil/OneDrive/Documents/Unreal Projects/testTP/Saved/Config/Windows/Engine.ini]
[2026-05-13T02:49:58.6022144-07:00] [pid=27688] [2026.05.13-09.49.58:602][  0]LogConfig: Setting CVar [[s.MinBulkDataSizeForAsyncLoading:131072]]
[2026-05-13T02:49:58.6022144-07:00] [pid=27688] [2026.05.13-09.49.58:602][  0]LogConfig: Setting CVar [[s.EventDrivenLoaderEnabled:1]]
[2026-05-13T02:49:58.6022144-07:00] [pid=27688] [2026.05.13-09.49.58:602][  0]LogConfig: Setting CVar [[s.TimeLimitExceededMultiplier:1.5]]
[2026-05-13T02:49:58.6022144-07:00] [pid=27688] [2026.05.13-09.49.58:602][  0]LogConfig: Setting CVar [[s.UseBackgroundLevelStreaming:1]]
[2026-05-13T02:49:58.6022144-07:00] [pid=27688] [2026.05.13-09.49.58:602][  0]LogConfig: Setting CVar [[s.LevelStreamingActorsUpdateTimeLimit:5.0]]
[2026-05-13T02:49:58.6022144-07:00] [pid=27688] [2026.05.13-09.49.58:602][  0]LogConfig: Setting CVar [[s.LevelStreamingComponentsRegistrationGranularity:10]]
[2026-05-13T02:49:58.6022144-07:00] [pid=27688] [2026.05.13-09.49.58:602][  0]LogConfig: Setting CVar [[s.LevelStreamingComponentsUnregistrationGranularity:5]]
[2026-05-13T02:49:58.6022144-07:00] [pid=27688] [2026.05.13-09.49.58:602][  0]LogConfig: Applying CVar settings from Section [/Script/Engine.GarbageCollectionSettings] File [C:/Users/kapil/OneDrive/Documents/Unreal Projects/testTP/Saved/Config/Windows/Engine.ini]
[2026-05-13T02:49:58.6032150-07:00] [pid=27688] [2026.05.13-09.49.58:602][  0]LogConfig: Setting CVar [[gc.SizeOfPermanentObjectPool:0]]
[2026-05-13T02:49:58.6032150-07:00] [pid=27688] [2026.05.13-09.49.58:603][  0]LogConfig: Setting CVar [[gc.NumRetriesBeforeForcingGC:10]]
[2026-05-13T02:49:58.6032150-07:00] [pid=27688] [2026.05.13-09.49.58:603][  0]LogConfig: Setting CVar [[gc.TimeBetweenPurgingPendingKillObjects:61.1]]
[2026-05-13T02:49:58.6032150-07:00] [pid=27688] [2026.05.13-09.49.58:603][  0]LogConfig: Setting CVar [[gc.IncrementalBeginDestroyEnabled:1]]
[2026-05-13T02:49:58.6032150-07:00] [pid=27688] [2026.05.13-09.49.58:603][  0]LogConfig: Setting CVar [[gc.MinGCClusterSize:5]]
[2026-05-13T02:49:58.6032150-07:00] [pid=27688] [2026.05.13-09.49.58:603][  0]LogConfig: Setting CVar [[gc.BlueprintClusteringEnabled:0]]
[2026-05-13T02:49:58.6032150-07:00] [pid=27688] [2026.05.13-09.49.58:603][  0]LogConfig: Setting CVar [[gc.MultithreadedDestructionEnabled:1]]
[2026-05-13T02:49:58.6032150-07:00] [pid=27688] [2026.05.13-09.49.58:603][  0]LogConfig: Applying CVar settings from Section [/Script/UnrealEd.CookerSettings] File [C:/Users/kapil/OneDrive/Documents/Unreal Projects/testTP/Saved/Config/Windows/Engine.ini]
[2026-05-13T02:49:58.6087242-07:00] [pid=27688] [2026.05.13-09.49.58:607][  0]LogConfig: Setting CVar [[r.SkeletalMeshLODBias:0]]
[2026-05-13T02:49:58.6087242-07:00] [pid=27688] [2026.05.13-09.49.58:608][  0]LogConfig: Applying CVar settings from Section [AntiAliasingQuality@3] File [C:/Users/kapil/OneDrive/Documents/Unreal Projects/testTP/Saved/Config/Windows/Scalability.ini]
[2026-05-13T02:49:58.6087242-07:00] [pid=27688] [2026.05.13-09.49.58:608][  0]LogConfig: Applying CVar settings from Section [ShadowQuality@3] File [C:/Users/kapil/OneDrive/Documents/Unreal Projects/testTP/Saved/Config/Windows/Scalability.ini]
[2026-05-13T02:49:58.6087242-07:00] [pid=27688] [2026.05.13-09.49.58:608][  0]LogConfig: Setting CVar [[r.ShadowQuality:5]]
[2026-05-13T02:49:58.6087242-07:00] [pid=27688] [2026.05.13-09.49.58:608][  0]LogConfig: Setting CVar [[r.Shadow.MaxResolution:2048]]
[2026-05-13T02:49:58.6087242-07:00] [pid=27688] [2026.05.13-09.49.58:608][  0]LogConfig: Setting CVar [[r.Shadow.RadiusThreshold:0.01]]
[2026-05-13T02:49:58.6087242-07:00] [pid=27688] [2026.05.13-09.49.58:608][  0]LogConfig: Setting CVar [[r.Shadow.CSM.TransitionScale:1.0]]
[2026-05-13T02:49:58.6087242-07:00] [pid=27688] [2026.05.13-09.49.58:608][  0]LogConfig: Setting CVar [[r.DistanceFieldShadowing:1]]
[2026-05-13T02:49:58.6087242-07:00] [pid=27688] [2026.05.13-09.49.58:608][  0]LogConfig: Setting CVar [[r.AOQuality:2]]
[2026-05-13T02:49:58.6087242-07:00] [pid=27688] [2026.05.13-09.49.58:608][  0]LogConfig: Setting CVar [[r.VolumetricFog.GridPixelSize:8]]
[2026-05-13T02:49:58.6087242-07:00] [pid=27688] [2026.05.13-09.49.58:608][  0]LogConfig: Setting CVar [[r.VolumetricFog.HistoryMissSupersampleCount:4]]
[2026-05-13T02:49:58.6087242-07:00] [pid=27688] [2026.05.13-09.49.58:608][  0]LogConfig: Setting CVar [[r.CapsuleShadows:1]]
[2026-05-13T02:49:58.6087242-07:00] [pid=27688] [2026.05.13-09.49.58:608][  0]LogConfig: Setting CVar [[r.MotionBlurQuality:4]]
[2026-05-13T02:49:58.6087242-07:00] [pid=27688] [2026.05.13-09.49.58:608][  0]LogConfig: Setting CVar [[r.AmbientOcclusionMaxQuality:100]]
[2026-05-13T02:49:58.6097244-07:00] [pid=27688] [2026.05.13-09.49.58:608][  0]LogConfig: Setting CVar [[r.AmbientOcclusionRadiusScale:1.0]]
[2026-05-13T02:49:58.6097244-07:00] [pid=27688] [2026.05.13-09.49.58:609][  0]LogConfig: Setting CVar [[r.RenderTargetPoolMin:400]]
[2026-05-13T02:49:58.6097244-07:00] [pid=27688] [2026.05.13-09.49.58:609][  0]LogConfig: Setting CVar [[r.SceneColorFringeQuality:1]]
[2026-05-13T02:49:58.6097244-07:00] [pid=27688] [2026.05.13-09.49.58:609][  0]LogConfig: Setting CVar [[r.BloomQuality:5]]
[2026-05-13T02:49:58.6097244-07:00] [pid=27688] [2026.05.13-09.49.58:609][  0]LogConfig: Setting CVar [[r.Upscale.Quality:3]]
[2026-05-13T02:49:58.6097244-07:00] [pid=27688] [2026.05.13-09.49.58:609][  0]LogConfig: Setting CVar [[r.LightShaftQuality:1]]
[2026-05-13T02:49:58.6097244-07:00] [pid=27688] [2026.05.13-09.49.58:609][  0]LogConfig: Setting CVar [[r.Tonemapper.Quality:5]]
[2026-05-13T02:49:58.6097244-07:00] [pid=27688] [2026.05.13-09.49.58:609][  0]LogConfig: Setting CVar [[r.DOF.Gather.PostfilterMethod:1          ; Median3x3 postfilering method]]
[2026-05-13T02:49:58.6097244-07:00] [pid=27688] [2026.05.13-09.49.58:609][  0]LogConfig: Setting CVar [[r.DOF.Gather.RingCount:4                 ; medium number of samples when gathering]]
[2026-05-13T02:49:58.6102270-07:00] [pid=27688] [2026.05.13-09.49.58:609][  0]LogConfig: Setting CVar [[r.DOF.Scatter.BackgroundCompositing:2    ; additive background scattering]]
[2026-05-13T02:49:58.6102270-07:00] [pid=27688] [2026.05.13-09.49.58:610][  0]LogConfig: Setting CVar [[r.DOF.Scatter.MaxSpriteRatio:0.1         ; only a maximum of 10% of scattered bokeh]]
[2026-05-13T02:49:58.6102270-07:00] [pid=27688] [2026.05.13-09.49.58:610][  0]LogConfig: Setting CVar [[r.DOF.Recombine.EnableBokehSettings:0    ; no bokeh simulation on slight out of focus]]
[2026-05-13T02:49:58.6102270-07:00] [pid=27688] [2026.05.13-09.49.58:610][  0]LogConfig: Setting CVar [[r.DOF.Kernel.MaxForegroundRadius:0.025]]
[2026-05-13T02:49:58.6102270-07:00] [pid=27688] [2026.05.13-09.49.58:610][  0]LogConfig: Applying CVar settings from Section [TextureQuality@3] File [C:/Users/kapil/OneDrive/Documents/Unreal Projects/testTP/Saved/Config/Windows/Scalability.ini]
[2026-05-13T02:49:58.6102270-07:00] [pid=27688] [2026.05.13-09.49.58:610][  0]LogConfig: Setting CVar [[r.Streaming.AmortizeCPUToGPUCopy:0]]
[2026-05-13T02:49:58.6102270-07:00] [pid=27688] [2026.05.13-09.49.58:610][  0]LogConfig: Setting CVar [[r.Streaming.Boost:1]]
[2026-05-13T02:49:58.6102270-07:00] [pid=27688] [2026.05.13-09.49.58:610][  0]LogConfig: Setting CVar [[r.VT.MaxAnisotropy:8]]
[2026-05-13T02:49:58.6102270-07:00] [pid=27688] [2026.05.13-09.49.58:610][  0]LogConfig: Setting CVar [[r.Streaming.PoolSize:1000]]
[2026-05-13T02:49:58.6102270-07:00] [pid=27688] [2026.05.13-09.49.58:610][  0]LogConfig: Applying CVar settings from Section [EffectsQuality@3] File [C:/Users/kapil/OneDrive/Documents/Unreal Projects/testTP/Saved/Config/Windows/Scalability.ini]
[2026-05-13T02:49:58.6102270-07:00] [pid=27688] [2026.05.13-09.49.58:610][  0]LogConfig: Setting CVar [[r.RefractionQuality:2]]
[2026-05-13T02:49:58.6112308-07:00] [pid=27688] [2026.05.13-09.49.58:610][  0]LogConfig: Setting CVar [[r.SSR.HalfResSceneColor:0]]
[2026-05-13T02:49:58.6112308-07:00] [pid=27688] [2026.05.13-09.49.58:611][  0]LogConfig: Setting CVar [[r.DetailMode:2]]
[2026-05-13T02:49:58.6112308-07:00] [pid=27688] [2026.05.13-09.49.58:611][  0]LogConfig: Setting CVar [[r.MaterialQualityLevel:1 ; High quality]]
[2026-05-13T02:49:58.6112308-07:00] [pid=27688] [2026.05.13-09.49.58:611][  0]LogConfig: Setting CVar [[r.SSS.Scale:1]]
[2026-05-13T02:49:58.6112308-07:00] [pid=27688] [2026.05.13-09.49.58:611][  0]LogConfig: Setting CVar [[r.SSS.Quality:1]]
[2026-05-13T02:49:58.6112308-07:00] [pid=27688] [2026.05.13-09.49.58:611][  0]LogConfig: Setting CVar [[r.SSGI.Quality:3]]
[2026-05-13T02:49:58.6112308-07:00] [pid=27688] [2026.05.13-09.49.58:611][  0]LogConfig: Setting CVar [[r.ParticleLightQuality:2]]
[2026-05-13T02:49:58.6112308-07:00] [pid=27688] [2026.05.13-09.49.58:611][  0]LogConfig: Setting CVar [[r.SkyAtmosphere.AerialPerspectiveLUT.SampleCountMaxPerSlice:4]]
[2026-05-13T02:49:58.6112308-07:00] [pid=27688] [2026.05.13-09.49.58:611][  0]LogConfig: Setting CVar [[r.SkyAtmosphere.FastSkyLUT:1]]
[2026-05-13T02:49:58.6112308-07:00] [pid=27688] [2026.05.13-09.49.58:611][  0]LogConfig: Setting CVar [[r.SkyAtmosphere.FastSkyLUT.SampleCountMax:128.0]]
[2026-05-13T02:49:58.6112308-07:00] [pid=27688] [2026.05.13-09.49.58:611][  0]LogConfig: Setting CVar [[r.SkyAtmosphere.SampleCountMax:128.0]]
[2026-05-13T02:49:58.6112308-07:00] [pid=27688] [2026.05.13-09.49.58:611][  0]LogConfig: Setting CVar [[r.SkyAtmosphere.TransmittanceLUT.SampleCount:10.0]]
[2026-05-13T02:49:58.6112308-07:00] [pid=27688] [2026.05.13-09.49.58:611][  0]LogConfig: Setting CVar [[r.SkyLight.RealTimeReflectionCapture:1]]
[2026-05-13T02:49:58.6112308-07:00] [pid=27688] [2026.05.13-09.49.58:611][  0]LogConfig: Setting CVar [[foliage.DensityScale:1.0]]
[2026-05-13T02:49:58.6112308-07:00] [pid=27688] [2026.05.13-09.49.58:611][  0]LogConfig: Applying CVar settings from Section [ShadingQuality@3] File [C:/Users/kapil/OneDrive/Documents/Unreal Projects/testTP/Saved/Config/Windows/Scalability.ini]
[2026-05-13T02:49:58.6112308-07:00] [pid=27688] [2026.05.13-09.49.58:611][  0]LogConfig: Setting CVar [[r.HairStrands.SkyAO.SampleCount:4]]
[2026-05-13T02:49:58.6112308-07:00] [pid=27688] [2026.05.13-09.49.58:611][  0]LogInit: Selected Device Profile: [Windows]
[2026-05-13T02:49:58.6122341-07:00] [pid=27688] [2026.05.13-09.49.58:612][  0]LogHAL: Display: Platform has ~ 16 GB [16849256448 / 17179869184 / 16], which maps to Larger [LargestMinGB=32, LargerMinGB=12, DefaultMinGB=8, SmallerMinGB=6, SmallestMinGB=0)
[2026-05-13T02:49:58.6122341-07:00] [pid=27688] [2026.05.13-09.49.58:612][  0]LogConfig: Applying CVar settings from Section [ViewDistanceQuality@3] File [C:/Users/kapil/OneDrive/Documents/Unreal Projects/testTP/Saved/Config/Windows/Scalability.ini]
[2026-05-13T02:49:58.6122341-07:00] [pid=27688] [2026.05.13-09.49.58:612][  0]LogConfig: Setting CVar [[r.ViewDistanceScale:1.0]]
[2026-05-13T02:49:58.6122341-07:00] [pid=27688] [2026.05.13-09.49.58:612][  0]LogConfig: Setting CVar [[r.PostProcessAAQuality:4]]
[2026-05-13T02:49:58.6122341-07:00] [pid=27688] [2026.05.13-09.49.58:612][  0]LogConfig: Setting CVar [[r.LightFunctionQuality:1]]
[2026-05-13T02:49:58.6122341-07:00] [pid=27688] [2026.05.13-09.49.58:612][  0]LogConfig: Setting CVar [[r.Shadow.CSM.MaxCascades:10]]
[2026-05-13T02:49:58.6122341-07:00] [pid=27688] [2026.05.13-09.49.58:612][  0]LogConfig: Setting CVar [[r.Shadow.MaxCSMResolution:2048]]
[2026-05-13T02:49:58.6122341-07:00] [pid=27688] [2026.05.13-09.49.58:612][  0]LogConfig: Setting CVar [[r.Shadow.DistanceScale:1.0]]
[2026-05-13T02:49:58.6122341-07:00] [pid=27688] [2026.05.13-09.49.58:612][  0]LogConfig: Setting CVar [[r.Shadow.PreShadowResolutionFactor:1.0]]
[2026-05-13T02:49:58.6122341-07:00] [pid=27688] [2026.05.13-09.49.58:612][  0]LogConfig: Setting CVar [[r.DistanceFieldAO:1]]
[2026-05-13T02:49:58.6122341-07:00] [pid=27688] [2026.05.13-09.49.58:612][  0]LogConfig: Setting CVar [[r.VolumetricFog:1]]
[2026-05-13T02:49:58.6122341-07:00] [pid=27688] [2026.05.13-09.49.58:612][  0]LogConfig: Setting CVar [[r.VolumetricFog.GridSizeZ:128]]
[2026-05-13T02:49:58.6122341-07:00] [pid=27688] [2026.05.13-09.49.58:612][  0]LogConfig: Setting CVar [[r.LightMaxDrawDistanceScale:1]]
[2026-05-13T02:49:58.6132345-07:00] [pid=27688] [2026.05.13-09.49.58:613][  0]LogConfig: Applying CVar settings from Section [PostProcessQuality@3] File [C:/Users/kapil/OneDrive/Documents/Unreal Projects/testTP/Saved/Config/Windows/Scalability.ini]
[2026-05-13T02:49:58.6132345-07:00] [pid=27688] [2026.05.13-09.49.58:613][  0]LogConfig: Setting CVar [[r.AmbientOcclusionMipLevelFactor:0.4]]
[2026-05-13T02:49:58.6132345-07:00] [pid=27688] [2026.05.13-09.49.58:613][  0]LogConfig: Setting CVar [[r.AmbientOcclusionLevels:-1]]
[2026-05-13T02:49:58.6132345-07:00] [pid=27688] [2026.05.13-09.49.58:613][  0]LogConfig: Setting CVar [[r.DepthOfFieldQuality:2]]
[2026-05-13T02:49:58.6132345-07:00] [pid=27688] [2026.05.13-09.49.58:613][  0]LogConfig: Setting CVar [[r.LensFlareQuality:2]]
[2026-05-13T02:49:58.6132345-07:00] [pid=27688] [2026.05.13-09.49.58:613][  0]LogConfig: Setting CVar [[r.EyeAdaptationQuality:2]]
[2026-05-13T02:49:58.6132345-07:00] [pid=27688] [2026.05.13-09.49.58:613][  0]LogConfig: Setting CVar [[r.FastBlurThreshold:100]]
[2026-05-13T02:49:58.6132345-07:00] [pid=27688] [2026.05.13-09.49.58:613][  0]LogConfig: Setting CVar [[r.Tonemapper.GrainQuantization:1]]
[2026-05-13T02:49:58.6132345-07:00] [pid=27688] [2026.05.13-09.49.58:613][  0]LogConfig: Setting CVar [[r.Filter.SizeScale:1]]
[2026-05-13T02:49:58.6132345-07:00] [pid=27688] [2026.05.13-09.49.58:613][  0]LogConfig: Setting CVar [[r.DOF.Gather.AccumulatorQuality:1        ; higher gathering accumulator quality]]
[2026-05-13T02:49:58.6132345-07:00] [pid=27688] [2026.05.13-09.49.58:613][  0]LogConfig: Setting CVar [[r.DOF.Gather.EnableBokehSettings:0       ; no bokeh simulation when gathering]]
[2026-05-13T02:49:58.6132345-07:00] [pid=27688] [2026.05.13-09.49.58:613][  0]LogConfig: Setting CVar [[r.DOF.Scatter.ForegroundCompositing:1    ; additive foreground scattering]]
[2026-05-13T02:49:58.6132345-07:00] [pid=27688] [2026.05.13-09.49.58:613][  0]LogConfig: Setting CVar [[r.DOF.Scatter.EnableBokehSettings:1      ; bokeh simulation when scattering]]
[2026-05-13T02:49:58.6132345-07:00] [pid=27688] [2026.05.13-09.49.58:613][  0]LogConfig: Setting CVar [[r.DOF.Recombine.Quality:1                ; cheap slight out of focus]]
[2026-05-13T02:49:58.6132345-07:00] [pid=27688] [2026.05.13-09.49.58:613][  0]LogConfig: Setting CVar [[r.DOF.TemporalAAQuality:1                ; more stable temporal accumulation]]
[2026-05-13T02:49:58.6132345-07:00] [pid=27688] [2026.05.13-09.49.58:613][  0]LogConfig: Setting CVar [[r.DOF.Kernel.MaxBackgroundRadius:0.025]]
[2026-05-13T02:49:58.6142337-07:00] [pid=27688] [2026.05.13-09.49.58:613][  0]LogConfig: Setting CVar [[r.Streaming.MipBias:0]]
[2026-05-13T02:49:58.6142337-07:00] [pid=27688] [2026.05.13-09.49.58:614][  0]LogConfig: Setting CVar [[r.Streaming.MaxNumTexturesToStreamPerFrame:0]]
[2026-05-13T02:49:58.6142337-07:00] [pid=27688] [2026.05.13-09.49.58:614][  0]LogConfig: Setting CVar [[r.MaxAnisotropy:8]]
[2026-05-13T02:49:58.6142337-07:00] [pid=27688] [2026.05.13-09.49.58:614][  0]LogConfig: Setting CVar [[r.Streaming.LimitPoolSizeToVRAM:0]]
[2026-05-13T02:49:58.6142337-07:00] [pid=27688] [2026.05.13-09.49.58:614][  0]LogConfig: Setting CVar [[r.Streaming.MaxEffectiveScreenSize:0]]
[2026-05-13T02:49:58.6142337-07:00] [pid=27688] [2026.05.13-09.49.58:614][  0]LogConfig: Setting CVar [[r.TranslucencyLightingVolumeDim:64]]
[2026-05-13T02:49:58.6142337-07:00] [pid=27688] [2026.05.13-09.49.58:614][  0]LogConfig: Setting CVar [[r.SSR.Quality:3]]
[2026-05-13T02:49:58.6142337-07:00] [pid=27688] [2026.05.13-09.49.58:614][  0]LogConfig: Setting CVar [[r.SceneColorFormat:4]]
[2026-05-13T02:49:58.6142337-07:00] [pid=27688] [2026.05.13-09.49.58:614][  0]LogConfig: Setting CVar [[r.TranslucencyVolumeBlur:1]]
[2026-05-13T02:49:58.6142337-07:00] [pid=27688] [2026.05.13-09.49.58:614][  0]LogConfig: Setting CVar [[r.AnisotropicMaterials:1]]
[2026-05-13T02:49:58.6142337-07:00] [pid=27688] [2026.05.13-09.49.58:614][  0]LogConfig: Setting CVar [[r.SSS.SampleSet:2]]
[2026-05-13T02:49:58.6142337-07:00] [pid=27688] [2026.05.13-09.49.58:614][  0]LogConfig: Setting CVar [[r.SSS.HalfRes:0]]
[2026-05-13T02:49:58.6142337-07:00] [pid=27688] [2026.05.13-09.49.58:614][  0]LogConfig: Setting CVar [[r.EmitterSpawnRateScale:1.0]]
[2026-05-13T02:49:58.6142337-07:00] [pid=27688] [2026.05.13-09.49.58:614][  0]LogConfig: Setting CVar [[r.SkyAtmosphere.AerialPerspectiveLUT.FastApplyOnOpaque:1 ; Always have FastSkyLUT 1 in this case to avoid wrong sky]]
[2026-05-13T02:49:58.6142337-07:00] [pid=27688] [2026.05.13-09.49.58:614][  0]LogConfig: Setting CVar [[r.SkyAtmosphere.AerialPerspectiveLUT.DepthResolution:16.0]]
[2026-05-13T02:49:58.6142337-07:00] [pid=27688] [2026.05.13-09.49.58:614][  0]LogConfig: Setting CVar [[r.SkyAtmosphere.FastSkyLUT.SampleCountMin:4.0]]
[2026-05-13T02:49:58.6142337-07:00] [pid=27688] [2026.05.13-09.49.58:614][  0]LogConfig: Setting CVar [[r.SkyAtmosphere.SampleCountMin:4.0]]
[2026-05-13T02:49:58.6142337-07:00] [pid=27688] [2026.05.13-09.49.58:614][  0]LogConfig: Setting CVar [[r.SkyAtmosphere.TransmittanceLUT.UseSmallFormat:0]]
[2026-05-13T02:49:58.6152335-07:00] [pid=27688] [2026.05.13-09.49.58:614][  0]LogConfig: Setting CVar [[r.SkyAtmosphere.MultiScatteringLUT.SampleCount:15.0]]
[2026-05-13T02:49:58.6152335-07:00] [pid=27688] [2026.05.13-09.49.58:615][  0]LogConfig: Applying CVar settings from Section [FoliageQuality@3] File [C:/Users/kapil/OneDrive/Documents/Unreal Projects/testTP/Saved/Config/Windows/Scalability.ini]
[2026-05-13T02:49:58.6152335-07:00] [pid=27688] [2026.05.13-09.49.58:615][  0]LogConfig: Setting CVar [[grass.DensityScale:1.0]]
[2026-05-13T02:49:58.6152335-07:00] [pid=27688] [2026.05.13-09.49.58:615][  0]LogConfig: Setting CVar [[r.HairStrands.SkyLighting.IntegrationType:2]]
[2026-05-13T02:49:58.6152335-07:00] [pid=27688] [2026.05.13-09.49.58:615][  0]LogConfig: Setting CVar [[r.HairStrands.Visibility.MSAA.SamplePerPixel:4]]
[2026-05-13T02:49:58.6152335-07:00] [pid=27688] [2026.05.13-09.49.58:615][  0]LogConfig: Setting CVar [[net.UseAdaptiveNetUpdateFrequency:0]]
[2026-05-13T02:49:58.6152335-07:00] [pid=27688] [2026.05.13-09.49.58:615][  0]LogConfig: Setting CVar [[fx.SkipVectorVMBackendOptimizations:1]]
[2026-05-13T02:49:58.6152335-07:00] [pid=27688] [2026.05.13-09.49.58:615][  0]LogConfig: Applying CVar settings from Section [ConsoleVariables] File [C:/Users/kapil/OneDrive/Documents/Unreal Projects/testTP/Saved/Config/Windows/Editor.ini]
[2026-05-13T02:49:58.6152335-07:00] [pid=27688] [2026.05.13-09.49.58:615][  0]LogInit: User: kapil
[2026-05-13T02:49:58.6152335-07:00] [pid=27688] [2026.05.13-09.49.58:615][  0]LogInit: High frequency timer resolution =10.000000 MHz
[2026-05-13T02:49:58.6152335-07:00] [pid=27688] [2026.05.13-09.49.58:615][  0]LogMemory: Platform Memory Stats for Windows
[2026-05-13T02:49:58.6152335-07:00] [pid=27688] [2026.05.13-09.49.58:615][  0]LogMemory: Process Virtual Memory: 124.87 MB used, 124.87 MB peak
[2026-05-13T02:49:58.6152335-07:00] [pid=27688] [2026.05.13-09.49.58:615][  0]LogMemory: Virtual Memory: 134206768.00 MB used,  10958.99 MB free, 134217728.00 MB total
[2026-05-13T02:49:58.6593449-07:00] [pid=27688] [2026.05.13-09.49.58:659][  0]LogInit: Physics initialised using underlying interface: PhysX
[2026-05-13T02:49:58.6593449-07:00] [pid=27688] [2026.05.13-09.49.58:659][  0]LogInit: Using OS detected locale (en-US).
[2026-05-13T02:49:58.8252690-07:00] [pid=27688] [2026.05.13-09.49.58:825][  0]LogWindowsTextInputMethodSystem: Display: IME system deactivated.
[2026-05-13T02:49:58.8393078-07:00] [pid=27688] [2026.05.13-09.49.58:837][  0]LogSlate: Slate User Registered.  User Index 0, Is Virtual User: 0
[2026-05-13T02:49:58.8929476-07:00] [pid=27688] [2026.05.13-09.49.58:892][  0]LogHMD: Failed to initialize OpenVR with code 110
[2026-05-13T02:49:58.8929476-07:00] [pid=27688] [2026.05.13-09.49.58:892][  0]LogD3D11RHI: D3D11 max allowed feature level: 11_0
[2026-05-13T02:49:59.0529112-07:00] [pid=27688] [2026.05.13-09.49.59:052][  0]LogD3D11RHI:    0. 'NVIDIA GeForce RTX 4060 Laptop GPU' (Feature Level 11_0)
[2026-05-13T02:49:59.0784658-07:00] [pid=27688] [2026.05.13-09.49.59:077][  0]LogD3D11RHI:    1. 'Intel(R) UHD Graphics' (Feature Level 11_0)
[2026-05-13T02:49:59.0819795-07:00] [pid=27688] [2026.05.13-09.49.59:081][  0]LogD3D11RHI:    2. 'Microsoft Basic Render Driver' (Feature Level 11_0)
[2026-05-13T02:49:59.0819795-07:00] [pid=27688] [2026.05.13-09.49.59:081][  0]LogD3D11RHI: Chosen D3D11 Adapter:
[2026-05-13T02:49:59.0819795-07:00] [pid=27688] [2026.05.13-09.49.59:081][  0]LogD3D11RHI:     VendorId    : 10de
[2026-05-13T02:49:59.0819795-07:00] [pid=27688] [2026.05.13-09.49.59:081][  0]LogD3D11RHI:     SubSysId    : bf81028
[2026-05-13T02:49:59.0829801-07:00] [pid=27688] [2026.05.13-09.49.59:081][  0]LogD3D11RHI:     DedicatedVideoMemory : 8343519232 bytes
[2026-05-13T02:49:59.0829801-07:00] [pid=27688] [2026.05.13-09.49.59:082][  0]LogD3D11RHI:     SharedSystemMemory : 8424628224 bytes
[2026-05-13T02:49:59.0894934-07:00] [pid=27688] [2026.05.13-09.49.59:089][  0]LogD3D11RHI: Creating new Direct3DDevice
[2026-05-13T02:49:59.0894934-07:00] [pid=27688] [2026.05.13-09.49.59:089][  0]LogWindows: EnumDisplayDevices:
[2026-05-13T02:49:59.0899966-07:00] [pid=27688] [2026.05.13-09.49.59:089][  0]LogWindows:    1. 'Intel(R) UHD Graphics' (P:0 D:0)
[2026-05-13T02:49:59.0899966-07:00] [pid=27688] [2026.05.13-09.49.59:089][  0]LogWindows:    3. 'Intel(R) UHD Graphics' (P:0 D:0)
[2026-05-13T02:49:59.0899966-07:00] [pid=27688] [2026.05.13-09.49.59:089][  0]LogWindows: DebugString: PrimaryIsNotTheChoosenAdapter PrimaryIsNotTheChoosenAdapter PrimaryIsNotTheChoosenAdapter PrimaryIsNotTheChoosenAdapter 
[2026-05-13T02:49:59.0899966-07:00] [pid=27688] [2026.05.13-09.49.59:089][  0]LogD3D11RHI:   Driver Version: 581.95 (internal:32.0.15.8195, unified:581.95)
[2026-05-13T02:49:59.0910014-07:00] [pid=27688] [2026.05.13-09.49.59:091][  0]LogRHI: Texture pool is 5569 MB (70% of 7957 MB)
[2026-05-13T02:49:59.0910014-07:00] [pid=27688] [2026.05.13-09.49.59:091][  0]LogD3D11RHI:     Description : NVIDIA GeForce RTX 4060 Laptop GPU
[2026-05-13T02:49:59.0910014-07:00] [pid=27688] [2026.05.13-09.49.59:091][  0]LogD3D11RHI:     DeviceId    : 28e0
[2026-05-13T02:49:59.0910014-07:00] [pid=27688] [2026.05.13-09.49.59:091][  0]LogD3D11RHI:     Revision    : 00a1
[2026-05-13T02:49:59.0910014-07:00] [pid=27688] [2026.05.13-09.49.59:091][  0]LogD3D11RHI:     DedicatedSystemMemory : 0 bytes
[2026-05-13T02:49:59.0910014-07:00] [pid=27688] [2026.05.13-09.49.59:091][  0]LogD3D11RHI:     AdapterLuid : 0 72942
[2026-05-13T02:49:59.2087252-07:00] [pid=27688] [2026.05.13-09.49.59:208][  0]LogD3D11RHI: Async texture creation enabled
[2026-05-13T02:49:59.2197397-07:00] [pid=27688] [2026.05.13-09.49.59:219][  0]LogD3D11RHI: GPU Timing Frequency: 1000.000000 (Debug: 2 1)
[2026-05-13T02:49:59.4438763-07:00] [pid=27692] MacPlatformFactory.RegisterBuildPlatforms: UnrealBuildTool.MacPlatformSDK using manually installed SDK
[2026-05-13T02:49:59.4584388-07:00] [pid=27692] AndroidPlatformFactory.RegisterBuildPlatforms: UnrealBuildTool.AndroidPlatformSDK has no valid SDK
[2026-05-13T02:49:59.4619484-07:00] [pid=27692] IOSPlatformFactory.RegisterBuildPlatforms: UnrealBuildTool.IOSPlatformSDK has no valid SDK
[2026-05-13T02:49:59.4649484-07:00] [pid=27692] LuminSDKVersionHelper.HasAnySDK: *** Unable to determine MLSDK location ***
[2026-05-13T02:49:59.4649484-07:00] [pid=27692] LuminPlatformFactory.RegisterBuildPlatforms: UnrealBuildTool.LuminPlatformSDK has no valid SDK
[2026-05-13T02:49:59.4709818-07:00] [pid=27692] ValidatePlatformsMode.Execute: ##PlatformValidate: Win32 VALID
[2026-05-13T02:49:59.4719881-07:00] [pid=27692] ValidatePlatformsMode.Execute: ##PlatformValidate: HoloLens VALID
[2026-05-13T02:49:59.4719881-07:00] [pid=27692] ValidatePlatformsMode.Execute: ##PlatformValidate: XboxOne INVALID
[2026-05-13T02:49:59.4719881-07:00] [pid=27692] ValidatePlatformsMode.Execute: ##PlatformValidate: IOS INVALID
[2026-05-13T02:49:59.4719881-07:00] [pid=27692] ValidatePlatformsMode.Execute: ##PlatformValidate: HTML5 INVALID
[2026-05-13T02:49:59.4719881-07:00] [pid=27692] ValidatePlatformsMode.Execute: ##PlatformValidate: LinuxAArch64 INVALID
[2026-05-13T02:49:59.4719881-07:00] [pid=27692] ValidatePlatformsMode.Execute: ##PlatformValidate: TVOS INVALID
[2026-05-13T02:49:59.4719881-07:00] [pid=27692] ValidatePlatformsMode.Execute: ##PlatformValidate: Lumin INVALID
[2026-05-13T02:49:59.4739946-07:00] [pid=27692] Timeline.Print: 
[2026-05-13T02:49:59.4749868-07:00] [pid=27692] Timeline.Print: [ 0.017](+0.067) XmlConfig.ReadConfigFiles()
[2026-05-13T02:49:59.4764914-07:00] [pid=27692] Timeline.Print: [ 0.086](+0.051) UEBuildPlatform.RegisterPlatforms()
[2026-05-13T02:49:59.4764914-07:00] [pid=27692] Timeline.Print:   0.109          [ 0.023](+0.000) Querying types
[2026-05-13T02:49:59.4764914-07:00] [pid=27692] Timeline.Print:   0.124          [ 0.038](+0.003) TVOSPlatformFactory
[2026-05-13T02:49:59.4764914-07:00] [pid=27692] Timeline.Print:   0.130          [ 0.044](+0.001) HoloLensPlatformFactory
[2026-05-13T02:49:59.4764914-07:00] [pid=27692] Timeline.Print:   0.133          [ 0.047](+0.002) LinuxPlatformFactory
[2026-05-13T02:49:59.4764914-07:00] [pid=27692] Timeline.Print:   0.137          [ 0.051](+0.000) WindowsPlatformFactory
[2026-05-13T02:49:59.4764914-07:00] [pid=27692] Timeline.Print: [ 0.146]
[2026-05-13T02:49:59.5010661-07:00] [pid=27688] [2026.05.13-09.49.59:501][  0]LogTargetPlatformManager: Display: Loaded TargetPlatform 'Windows'
[2026-05-13T02:49:59.5085834-07:00] [pid=27688] [2026.05.13-09.49.59:508][  0]LogTargetPlatformManager: Display: Loaded TargetPlatform 'WindowsServer'
[2026-05-13T02:49:59.5150948-07:00] [pid=27688] [2026.05.13-09.49.59:515][  0]LogAudioDebug: Display: Lib vorbis DLL was dynamically loaded.
[2026-05-13T02:49:59.5702727-07:00] [pid=27688] [2026.05.13-09.49.59:570][  0]LogRendererCore: Ray tracing is disabled. Reason: r.RayTracing=0.
[2026-05-13T02:49:59.5702727-07:00] [pid=27688] [2026.05.13-09.49.59:570][  0]LogShaderCompilers: Cleaned the shader compiler working directory 'C:/Users/kapil/AppData/Local/Temp/UnrealShaderWorkingDir/CC78FE0E4CAB57290EE2299E5FDA36C3/'.
[2026-05-13T02:49:59.5712785-07:00] [pid=27688] [2026.05.13-09.49.59:571][  0]LogShaderCompilers: Cannot use XGE Shader Compiler as Incredibuild is not installed on this machine.
[2026-05-13T02:50:00.1493365-07:00] [pid=27688] [2026.05.13-09.50.00:148][  0]LogDerivedDataCache: Display: Max Cache Size: 512 MB
[2026-05-13T02:50:00.1899140-07:00] [pid=27688] [2026.05.13-09.50.00:189][  0]LogDerivedDataCache: Display: Loaded Boot cache: C:/Users/kapil/AppData/Local/UnrealEngine/4.27/DerivedDataCache/Boot.ddc
[2026-05-13T02:50:00.1899140-07:00] [pid=27688] [2026.05.13-09.50.00:189][  0]LogDerivedDataCache: Unable to find inner node Pak for hierarchical cache Hierarchy.
[2026-05-13T02:50:00.1899140-07:00] [pid=27688] [2026.05.13-09.50.00:189][  0]LogDerivedDataCache: Unable to find inner node CompressedPak for hierarchical cache Hierarchy.
[2026-05-13T02:50:00.2029377-07:00] [pid=27688] [2026.05.13-09.50.00:202][  0]LogDerivedDataCache: FDerivedDataBackendGraph:  EnterprisePak pak cache file ../../../Enterprise/DerivedDataCache/Compressed.ddp not found, will not use a pak cache.
[2026-05-13T02:50:00.2094564-07:00] [pid=27688] [2026.05.13-09.50.00:208][  0]LogDerivedDataCache: Speed tests for C:/Users/kapil/AppData/Local/UnrealEngine/Common/DerivedDataCache took 0.01 seconds
[2026-05-13T02:50:00.2109700-07:00] [pid=27688] [2026.05.13-09.50.00:210][  0]LogDerivedDataCache: Using Local data cache path C:/Users/kapil/AppData/Local/UnrealEngine/Common/DerivedDataCache: Writable
[2026-05-13T02:50:00.2119765-07:00] [pid=27688] [2026.05.13-09.50.00:210][  0]LogDerivedDataCache: Unable to find inner node Shared for hierarchical cache Hierarchy.
[2026-05-13T02:50:00.2430419-07:00] [pid=27688] [2026.05.13-09.50.00:243][  0]LogSlate: SlateFontServices - WITH_FREETYPE: 1, WITH_HARFBUZZ: 1
[2026-05-13T02:50:00.2796965-07:00] [pid=27688] [2026.05.13-09.50.00:279][  0]LogInit: Using OS detected locale (en-US).
[2026-05-13T02:50:00.2796965-07:00] [pid=27688] [2026.05.13-09.50.00:279][  0]LogTextLocalizationManager: No localization for 'en-US' exists, so 'en' will be used for the locale.
[2026-05-13T02:50:00.2801989-07:00] [pid=27688] [2026.05.13-09.50.00:279][  0]LogSlate: FontCache flush requested. Reason: Culture for localization was changed
[2026-05-13T02:50:00.2822283-07:00] [pid=27688] [2026.05.13-09.50.00:282][  0]LogAssetRegistry: FAssetRegistry took 0.0012 seconds to start up
[2026-05-13T02:50:00.4697499-07:00] [pid=27688] [2026.05.13-09.50.00:469][  0]LogInit: Selected Device Profile: [Windows]
[2026-05-13T02:50:00.4702527-07:00] [pid=27688] [2026.05.13-09.50.00:470][  0]LogInit: Profiles: [000001D06D36AE00][000001D0551D7480 49] Windows, [000001D06D312C00][000001D0551DB5C0 49] WindowsNoEditor, [000001D06D369100][000001D06AC2D700 49] WindowsServer, [000001D06D312E00][000001D06AC35880 49] WindowsClient, [000001D06D368F00][000001D06AC39A00 49] IOS, [000001D06D2F3F00][000001D06AC3DB80 49] iPadAir, [000001D06D310700][000001D06CBDA180 49] iPadAir2, [000001D06D2AC800][000001D06CBE2440 49] IPadPro, [000001D06D2AC900][000001D06CBDE480 49] iPadAir3, [000001D06D2F0200][000001D06CBE6600 49] iPadAir4, [000001D06D2AD800][000001D06CBEA780 49] iPadMini2, [000001D06D2F1100][000001D06CBEE900 49] iPadMini3, [000001D06D2AE500][000001D06CBF2A80 49] iPadMini4, [000001D06D2F3700][000001D06CBF6C00 49] iPadMini5, [000001D06D368E00][000001D06CBFEEC0 49] iPhone6, [000001D06D369C00][000001D06CBFAF00 49] iPodTouch6, [000001D06D313B00][000001D06CC071C0 49] iPhone7, [000001D06D313C00][000001D06CC03200 49] iPodTouch7, [000001D06D2ACF00][000001D06CC0B380 49] iPhone5S, [000001D06D311700][000001D06AC314C0 49] iPhone6Plus, [000001D06D2AC700][000001D06CC0F600 49] iPhone6S, [000001D06D313400][000001D06CC13740 49] iPhone6SPlus, [000001D06D36B900][000001D06CC17880 49] iPhone7Plus, [000001D06D311100][000001D06CC1FA00 49] iPhoneSE, [000001D06D36A400][000001D06CC23B80 49] iPhone8, [000001D06D310E00][000001D06CC26180 49] iPhone8Plus, [000001D06D36B800][000001D06CC2A300 49] iPhoneX, [000001D06D312100][000001D06CC2E480 49] iPhoneXS, [000001D06D369800][000001D06CC32600 49] iPhoneXSMax, [000001D06D310500][000001D06CC36780 49] iPhoneXR, [000001D06D36B100][000001D06CC3A900 49] iPhone11, [000001D06D313600][000001D06CC3EA80 49] iPhone11Pro, [000001D06D36B300][000001D06CC42C00 49] iPhone11ProMax, [000001D06D311C00][000001D06CC46D80 49] iPhoneSE2, [000001D06D36B400][000001D06CC4AF00 49] iPhone12Mini, [000001D06D311900][000001D06CC4F080 49] iPhone12, [000001D06D369400][000001D06CC53200 49] iPhone12Pro, [000001D06D310900][000001D06CC57380 49] iPhone12ProMax, [000001D06D369500][000001D06CC5B500 49] iPadPro105, [000001D06D311A00][000001D06CC5F680 49] iPadPro129, [000001D06D369700][000001D06CC1B7C0 49] iPadPro97, [000001D06D312700][000001D06CC63900 49] iPadPro2_129, [000001D06D368A00][000001D06CC67A40 49] iPad5, [000001D06D312200][000001D06CC6FBC0 49] iPad6, [000001D06D368C00][000001D06CC721C0 49] iPad7, [000001D06D313000][000001D06CC76340 49] iPad8, [000001D06D36AC00][000001D06CC7A4C0 49] iPadPro11, [000001D06D310D00][000001D06CC7E640 49] iPadPro2_11, [000001D06D368800][000001D06CC827C0 49] iPadPro3_129, [000001D06D311800][000001D06CC86940 49] iPadPro4_129, [000001D06D369000][000001D06CC8AAC0 49] AppleTV, [000001D06D311200][000001D06AD52C40 49] AppleTV4K, [000001D06D369B00][000001D06AD56DC0 49] TVOS, [000001D06D312300][000001D06AD5AF40 49] Mac, [000001D06D36A200][000001D06AD5F0C0 49] MacClient, [000001D06D312800][000001D06AD63240 49] MacNoEditor, [000001D06D36A100][000001D06AD673C0 49] MacServer, [000001D06D311000][000001D06AD6B540 49] Linux, [000001D06D368700][000001D06AD6F6C0 49] LinuxAArch64, [000001D06D312000][000001D06AD73840 49] LinuxNoEditor, [000001D06D369E00][000001D06CC6B980 49] LinuxAArch64NoEditor, [000001D06D313E00][000001D06AD77AC0 49] LinuxClient, [000001D06D369300][000001D06AD7BC00 49] LinuxAArch64Client, [000001D06D311D00][000001D06AD7E1C0 49] LinuxServer, [000001D06D369600][000001D06AD86340 49] LinuxAArch64Server, [000001D06D2F2500][000001D06AD8A4C0 49] Android, [000001D06D2AFA00][000001D06AD8E640 49] Android_Low, [000001D06D2F3100][000001D06AD927C0 49] Android_Mid, [000001D06D2AD700][000001D06AD96940 49] Android_High, [000001D06D2F0300][000001D06AD9AAC0 49] Android_Default, [000001D06D2AE600][000001D06AD9EC40 49] Android_Adreno4xx, [000001D06D2F0D00][000001D06ADA2DC0 49] Android_Adreno5xx_Low, [000001D06D2AFB00][000001D06ADA6F40 49] Android_Adreno5xx, [000001D06D2F2100][000001D06ADAB0C0 49] Android_Adreno6xx, [000001D06D2AF800][000001D06ADAF240 49] Android_Adreno6xx_Vulkan, [000001D06D2F0B00][000001D06ADB33C0 49] Android_Mali_T6xx, [000001D06D2ACE00][000001D06ADB7540 49] Android_Mali_T7xx, [
[2026-05-13T02:50:00.5052156-07:00] [pid=27688] [2026.05.13-09.50.00:504][  0]LogMeshReduction: Using QuadricMeshReduction for automatic static mesh reduction
[2026-05-13T02:50:00.5052156-07:00] [pid=27688] [2026.05.13-09.50.00:505][  0]LogMeshReduction: Using ProxyLODMeshReduction for automatic mesh merging
[2026-05-13T02:50:00.5052156-07:00] [pid=27688] [2026.05.13-09.50.00:505][  0]LogMeshMerging: No distributed automatic mesh merging module available
[2026-05-13T02:50:00.7684020-07:00] [pid=27688] [2026.05.13-09.50.00:768][  0]LogTexture: Default maximum texture size for cubemaps generated from long-lat sources has been changed from 512 to unlimited. In order to preserve old behaiour for '/Engine/MapTemplates/Sky/DaylightAmbientCubemap.DaylightAmbientCubemap', its maximum texture size has been explicitly set to 512.
[2026-05-13T02:50:00.8906795-07:00] [pid=27688] [2026.05.13-09.50.00:890][  0]LogMoviePlayer: Initializing movie player
[2026-05-13T02:50:01.3075244-07:00] [pid=27688] [2026.05.13-09.50.01:307][  0]LogNiagaraDebuggerClient: Niagara Debugger Client Initialized | Session: 7783C02D49944D2B32369E9E7758A93B | Instance: E54AB8A647FCAB55C53E178CDF7FC344 (IMMERSEDEMOM5-27688).
[2026-05-13T02:50:01.3250909-07:00] [pid=27688] [2026.05.13-09.50.01:325][  0]LogFileCache: Scanning file cache for directory 'C:/Users/kapil/OneDrive/Documents/Unreal Projects/testTP/Saved/Collections/' took 0.00s
[2026-05-13T02:50:01.3250909-07:00] [pid=27688] [2026.05.13-09.50.01:325][  0]LogFileCache: Scanning file cache for directory 'C:/Users/kapil/OneDrive/Documents/Unreal Projects/testTP/Content/Collections/' took 0.00s
[2026-05-13T02:50:01.3842809-07:00] [pid=27688] [2026.05.13-09.50.01:384][  0]LogAkAudio: Wwise(R) SDK Version 2019.2.15 Build 7667. Copyright (c) 2006-2019 Audiokinetic Inc.
[2026-05-13T02:50:01.3852644-07:00] [pid=27688] [2026.05.13-09.50.01:385][  0]LogAkAudio: Wwise remote connection application name: testTP
[2026-05-13T02:50:01.3877724-07:00] [pid=27688] <<<_____ ImmerseAudioRenderer _____>>> 
[2026-05-13T02:50:01.3877724-07:00] [pid=27688] 
[2026-05-13T02:50:01.3877724-07:00] [pid=27688] CreateImmerseManager
[2026-05-13T02:50:01.3877724-07:00] [pid=27688] <<<_____ ImmerseAudioRenderer _____>>> 
[2026-05-13T02:50:01.3877724-07:00] [pid=27688] 
[2026-05-13T02:50:01.3902797-07:00] [pid=27688] [EmbodyLOG] May_13_2026 02:50:01.390 line: 466. ___IMMERSEENGINE___ Immerse_SetThreadInterface inThreadInterface:000000B077A2DBC0 
[2026-05-13T02:50:01.3902797-07:00] [pid=27688] [EmbodyLOG] May_13_2026 02:50:01.390 line: 495. ___IMMERSEENGINE___ Immerse_Initialize inImmerseInit:00007FFFC22D63C0 
[2026-05-13T02:50:01.3912834-07:00] [pid=27688] CreateImmerseAudioRendererFXParams()
[2026-05-13T02:50:01.3912834-07:00] [pid=27688] <<<_____ ImmerseAudioRenderer _____>>> 
[2026-05-13T02:50:01.3912834-07:00] [pid=27688] 
[2026-05-13T02:50:01.3912834-07:00] [pid=27688] [2026.05.13-09.50.01:391][  0]LogInit: Audiokinetic Audio Device initialized.
[2026-05-13T02:50:01.3932877-07:00] [pid=27688] [EmbodyLOG] May_13_2026 02:50:01.393 line: 143. ImmerseApiHelper: Immerse Api data path set: C:\ProgramData\Embody\Immerse Audio Renderer\Tencent\. 
[2026-05-13T02:50:01.3967919-07:00] [pid=27688] [EmbodyLOG] May_13_2026 02:50:01.397 line: 867. ImmerseAudioApiImplBase::InitHpeqData() - failed to initialize hpeq asset data! 
[2026-05-13T02:50:01.3967919-07:00] [pid=27688] [EmbodyLOG] May_13_2026 02:50:01.397 line: 544. ImmerseManager::Initialize() - failed to load head tracker library! 
[2026-05-13T02:50:01.4619712-07:00] [pid=27688] [2026.05.13-09.50.01:461][  0]SourceControl: Source control is disabled
[2026-05-13T02:50:01.4709987-07:00] [pid=27688] [2026.05.13-09.50.01:470][  0]LogUProjectInfo: Found projects:
[2026-05-13T02:50:01.5613049-07:00] [pid=27688] [2026.05.13-09.50.01:561][  0]LogAndroidPermission: UAndroidPermissionCallbackProxy::GetInstance
[2026-05-13T02:50:01.5763485-07:00] [pid=27688] [2026.05.13-09.50.01:576][  0]LogAudioCaptureCore: Display: No Audio Capture implementations found. Audio input will be silent.
[2026-05-13T02:50:01.6375568-07:00] [pid=27688] [2026.05.13-09.50.01:637][  0]LogUObjectArray: 22857 objects as part of root set at end of initial load.
[2026-05-13T02:50:01.6375568-07:00] [pid=27688] [2026.05.13-09.50.01:637][  0]LogUObjectArray: CloseDisregardForGC: 0/0 objects in disregard for GC pool
[2026-05-13T02:50:01.6801501-07:00] [pid=27688] [2026.05.13-09.50.01:680][  0]LogClass: Warning: ObjectProperty FAkExternalSourceInfo::ExternalSourceAsset is not initialized properly. Module:AkAudio File:Classes/AkGameplayTypes.h
[2026-05-13T02:50:01.6811542-07:00] [pid=27688] [2026.05.13-09.50.01:680][  0]LogClass: Display: BoolProperty FAkPS5AdvancedInitializationSettings::bVorbisHwAcceleration is not initialized properly. Module:AkAudio File:Classes/Platforms/AkPlatform_Pellegrino/AkPS5InitializationSettings.h
[2026-05-13T02:50:01.6811542-07:00] [pid=27688] [2026.05.13-09.50.01:681][  0]LogAutomationTest: Warning: ObjectProperty FAkExternalSourceInfo::ExternalSourceAsset is not initialized properly. Module:AkAudio File:Classes/AkGameplayTypes.h
[2026-05-13T02:50:01.6841600-07:00] [pid=27688] Error [GENERAL |  | OpenXR-Loader] : RuntimeManifestFile::FindManifestFiles - failed to find active runtime file in registry
[2026-05-13T02:50:01.6841600-07:00] [pid=27688] Error [GENERAL | xrEnumerateInstanceExtensionProperties | OpenXR-Loader] : RuntimeInterface::LoadRuntimes - failed to load a runtime
[2026-05-13T02:50:01.6841600-07:00] [pid=27688] Error [GENERAL | xrEnumerateInstanceExtensionProperties | OpenXR-Loader] : Failed querying extension properties
[2026-05-13T02:50:01.6851588-07:00] [pid=27688] [2026.05.13-09.50.01:685][  0]LogHMD: Failed to initialize OpenVR with code 110
[2026-05-13T02:50:01.6866628-07:00] [pid=27688] [2026.05.13-09.50.01:686][  0]LogStats: UGameplayTagsManager::InitializeManager -  0.000 s
[2026-05-13T02:50:01.7693938-07:00] [pid=27688] [2026.05.13-09.50.01:769][  0]LogAudio: Display: Initializing Audio Device Manager...
[2026-05-13T02:50:01.7729051-07:00] [pid=27688] [2026.05.13-09.50.01:772][  0]LogAudio: Display: No default SoundConcurrencyObject specified (or failed to load).
[2026-05-13T02:50:01.7729051-07:00] [pid=27688] [2026.05.13-09.50.01:772][  0]LogAudio: Display: Creating Audio Device:                 Id: 1, Scope: Shared, Realtime: True
[2026-05-13T02:50:01.7729051-07:00] [pid=27688] [2026.05.13-09.50.01:772][  0]LogAudioMixer: Display: 	Sample Rate:						  48000
[2026-05-13T02:50:01.7739046-07:00] [pid=27688] [2026.05.13-09.50.01:772][  0]LogAudioMixer: Display: 	Callback Buffer Frame Size To Use:	  1024
[2026-05-13T02:50:01.7739046-07:00] [pid=27688] [2026.05.13-09.50.01:773][  0]LogAudioMixer: Display: 	Max Channels (voices):				  32
[2026-05-13T02:50:01.7739046-07:00] [pid=27688] [2026.05.13-09.50.01:773][  0]LogAudio: Display: AudioDevice MaxSources: 32
[2026-05-13T02:50:01.7739046-07:00] [pid=27688] [2026.05.13-09.50.01:773][  0]LogAudio: Display: Audio Reverb Plugin: None (built-in).
[2026-05-13T02:50:01.7739046-07:00] [pid=27688] [2026.05.13-09.50.01:773][  0]LogAudioMixer: Display: Initializing audio mixer.
[2026-05-13T02:50:01.7830152-07:00] [pid=27688] [2026.05.13-09.50.01:783][  0]LogAudioMixer: Display: 1: FrontRight
[2026-05-13T02:50:01.8001973-07:00] [pid=27688] [2026.05.13-09.50.01:800][  0]LogAudioMixer: Display: Initializing Sound Submixes...
[2026-05-13T02:50:01.8022124-07:00] [pid=27688] [2026.05.13-09.50.01:802][  0]LogAudioMixer: Display: Creating Master Submix 'MasterReverbSubmixDefault'
[2026-05-13T02:50:01.8032080-07:00] [pid=27688] [2026.05.13-09.50.01:803][  0]LogAudioMixer: FMixerPlatformXAudio2::StartAudioStream() called
[2026-05-13T02:50:01.8042073-07:00] [pid=27688] [2026.05.13-09.50.01:804][  0]LogAudioMixer: Display: Starting AudioMixerPlatformInterface::RunInternal()
[2026-05-13T02:50:01.8042073-07:00] [pid=27688] [2026.05.13-09.50.01:804][  0]LogInit: FAudioDevice initialized.
[2026-05-13T02:50:01.8453483-07:00] [pid=27688] [2026.05.13-09.50.01:845][  0]LogDerivedDataCache: Saved boot cache 0.04s 78MB C:/Users/kapil/AppData/Local/UnrealEngine/4.27/DerivedDataCache/Boot.ddc.
[2026-05-13T02:50:01.9075543-07:00] [pid=27688] [2026.05.13-09.50.01:907][  0]LogAudio: Display: Audio Device (ID: 1) registered with world 'Untitled'.
[2026-05-13T02:50:01.9075543-07:00] [pid=27688] [2026.05.13-09.50.01:907][  0]LogInit: Display: Game Engine Initialized.
[2026-05-13T02:50:01.9913358-07:00] [pid=27688] [2026.05.13-09.50.01:991][  0]LogInit: Display: Starting Game.
[2026-05-13T02:50:01.9913358-07:00] [pid=27688] [2026.05.13-09.50.01:991][  0]LogLoad: LoadMap: /Game/ThirdPersonBP/Maps/ThirdPersonExampleMap?Name=Player
[2026-05-13T02:50:01.9923399-07:00] [pid=27688] [2026.05.13-09.50.01:992][  0]LogWorld: UWorld::CleanupWorld for Untitled, bSessionEnded=true, bCleanupResources=true
[2026-05-13T02:50:01.9953391-07:00] [pid=27688] [2026.05.13-09.50.01:995][  0]LogAudio: Display: Audio Device unregistered from world 'None'.
[2026-05-13T02:50:02.1699955-07:00] [pid=27688] [2026.05.13-09.50.02:169][  0]LogAudio: Display: Audio Device (ID: 1) registered with world 'ThirdPersonExampleMap'.
[2026-05-13T02:50:02.1795268-07:00] [pid=27688] [2026.05.13-09.50.02:179][  0]LogLoad: Game class is 'ThirdPersonGameMode_C'
[2026-05-13T02:50:02.1840389-07:00] [pid=27688] [2026.05.13-09.50.02:183][  0]LogWorld: Bringing up level for play took: 0.002732
[2026-05-13T02:50:02.1865447-07:00] [pid=27688] [2026.05.13-09.50.02:186][  0]LogTemp: Display: [ImmerseStress] IMMERSE_USER_ID env=kevin_tencenttest1_emb | IMMERSE_USERID= | IMMERSE_USER=
[2026-05-13T02:50:02.1865447-07:00] [pid=27688] [2026.05.13-09.50.02:186][  0]LogLoad: Took 0.194836 seconds to LoadMap(/Game/ThirdPersonBP/Maps/ThirdPersonExampleMap)
[2026-05-13T02:50:02.2277132-07:00] [pid=27688] [2026.05.13-09.50.02:227][  0]LogRenderer: Reallocating scene render targets to support 1536x864 Format 10 NumSamples 1 (Frame:1).
[2026-05-13T02:50:02.2287136-07:00] [pid=27688] [2026.05.13-09.50.02:227][  0]LogLoad: (Engine Initialization) Total time: 4.49 seconds
[2026-05-13T02:50:02.2287136-07:00] [pid=27688] Resizing viewport due to setres change, 1536 x 864
[2026-05-13T02:50:02.2452672-07:00] [pid=27688] [2026.05.13-09.50.02:245][  0]LogSlate: InvalidateAllWidgets triggered.  All widgets were invalidated
[2026-05-13T02:50:02.3602516-07:00] [pid=27688] [2026.05.13-09.50.02:360][  0]LogRenderer: Reallocating scene render targets to support 1536x864 Format 10 NumSamples 1 (Frame:2).
[2026-05-13T02:50:02.3830304-07:00] [pid=27688] <<<_____ ImmerseAudioRenderer _____>>> 
[2026-05-13T02:50:02.3830304-07:00] [pid=27688] 
[2026-05-13T02:50:02.3830304-07:00] [pid=27688] Init: this=000001D0029C0080
[2026-05-13T02:50:02.3830304-07:00] [pid=27688] <<<_____ ImmerseAudioRenderer _____>>> 
[2026-05-13T02:50:02.3830304-07:00] [pid=27688] 
[2026-05-13T02:50:02.3840299-07:00] [pid=27688] [EmbodyLOG] May_13_2026 02:50:02.384 line: 251. ImmerseAudioApiImplBase::CreateAudioProcessor: failed to obtain personalized shared decoder kernel - expected behaviour if user is not set! 
[2026-05-13T02:50:02.4286472-07:00] [pid=27688] [EmbodyLOG] May_13_2026 02:50:02.428 line: 281. AudioConfig::InitializeDecoders: Successfully created shared ambisonic decoder kernel 
[2026-05-13T02:50:06.6178109-07:00] [pid=12416] WwiseFxNullParams::Term()
[2026-05-13T02:50:06.6233253-07:00] [pid=12416] <<<_____ ImmerseAudioRenderer _____>>> 
[2026-05-13T02:50:06.6243239-07:00] [pid=12416] 
[2026-05-13T02:50:06.6243239-07:00] [pid=12416] DestroyImmerseManager
[2026-05-13T02:50:06.6735347-07:00] [pid=27484] Focus Exec Name: wwise.exe
[2026-05-13T02:50:06.7436154-07:00] [pid=27688] <<<_____ ImmerseAudioRenderer _____>>> 
[2026-05-13T02:50:06.7436154-07:00] [pid=27688] 
[2026-05-13T02:50:06.7446154-07:00] [pid=27688] CreateImmerseManager
[2026-05-13T02:50:07.5950983-07:00] [pid=27688] <<<_____ ImmerseAudioRenderer _____>>> 
[2026-05-13T02:50:07.5950983-07:00] [pid=27688] 
[2026-05-13T02:50:07.5950983-07:00] [pid=27688] WwiseFxNullParams::Init()
[2026-05-13T02:50:07.5950983-07:00] [pid=27688] <<<_____ ImmerseAudioRenderer _____>>> 
[2026-05-13T02:50:07.5961040-07:00] [pid=27688] 
[2026-05-13T02:50:07.5961040-07:00] [pid=27688] WwiseFxNullParams::SetParam()
[2026-05-13T02:50:07.5961040-07:00] [pid=27688] <<<_____ ImmerseAudioRenderer _____>>> 
[2026-05-13T02:50:07.5961040-07:00] [pid=27688] 
[2026-05-13T02:50:07.5961040-07:00] [pid=27688] WwiseFxNullParams::SetParam()
[2026-05-13T02:50:07.5961040-07:00] [pid=27688] <<<_____ ImmerseAudioRenderer _____>>> 
[2026-05-13T02:50:07.5961040-07:00] [pid=27688] 
[2026-05-13T02:50:07.5961040-07:00] [pid=27688] WwiseFxNullParams::SetParam()
[2026-05-13T02:50:07.5961040-07:00] [pid=27688] <<<_____ ImmerseAudioRenderer _____>>> 
[2026-05-13T02:50:07.5961040-07:00] [pid=27688] 
[2026-05-13T02:50:07.5961040-07:00] [pid=27688] WwiseFxNullParams::SetParam()
[2026-05-13T02:50:07.5961040-07:00] [pid=27688] <<<_____ ImmerseAudioRenderer _____>>> 
[2026-05-13T02:50:07.5971088-07:00] [pid=27688] 
[2026-05-13T02:50:07.5971088-07:00] [pid=27688] WwiseFxNullParams::ApplyParam()
[2026-05-13T02:50:07.5971088-07:00] [pid=27688] [EmbodyLOG] May_13_2026 02:50:07.597 line: 649. ___IMMERSEENGINE___ Immerse_SetUserId inUserId:000000B07912F260 
[2026-05-13T02:50:07.5971088-07:00] [pid=27688] WwiseFxNullParams::ApplyParam()
[2026-05-13T02:50:07.5971088-07:00] [pid=27688] [EmbodyLOG] May_13_2026 02:50:07.598 line: 673. ___IMMERSEENGINE___ Immerse_EnableImmerse inMode: 2 
[2026-05-13T02:50:07.5981084-07:00] [pid=27688] WwiseFxNullParams::ApplyParam()
[2026-05-13T02:50:07.5986127-07:00] [pid=27688] [EmbodyLOG] May_13_2026 02:50:07.598 line: 673. ___IMMERSEENGINE___ Immerse_EnableImmerse inMode: 1 
[2026-05-13T02:50:07.5986127-07:00] [pid=27688] WwiseFxNullParams::ApplyParam()
[2026-05-13T02:50:07.5986127-07:00] [pid=27688] [EmbodyLOG] May_13_2026 02:50:07.599 line: 710. ___IMMERSEENGINE___ Immerse_EnableHPEQ inHeadset: 0 
[2026-05-13T02:50:07.5986127-07:00] [pid=27688] WwiseFxNullParams::ApplyParam()
[2026-05-13T02:50:07.5996179-07:00] [pid=27688] <<<_____ ImmerseAudioRenderer _____>>> 
[2026-05-13T02:50:07.5996179-07:00] [pid=27688] 
[2026-05-13T02:50:07.5996179-07:00] [pid=27688] [EmbodyLOG] May_13_2026 02:50:07.599 line: 759. ___IMMERSEENGINE___ Immerse_SetSpeakerPlacement inSpeakerPlacement:2 
[2026-05-13T02:50:07.5996179-07:00] [pid=27688] 
[2026-05-13T02:50:07.5996179-07:00] [pid=27688] WwiseFxNullParams::ApplyParam()
[2026-05-13T02:50:07.5996179-07:00] [pid=27688] <<<_____ ImmerseAudioRenderer _____>>> 
[2026-05-13T02:50:07.5996179-07:00] [pid=27688] 
[2026-05-13T02:50:07.6016247-07:00] [pid=27688] Term: this=000001D0029C0080
[2026-05-13T02:50:07.6016247-07:00] [pid=27688] [EmbodyLOG] May_13_2026 02:50:07.601 line: 752. ___IMMERSEENGINE___ Immerse_DestroyAudioProcessor inAudioProcessor:1 
[2026-05-13T02:50:07.6016247-07:00] [pid=27688] WwiseFxNullParams::Term()
[2026-05-13T02:50:07.6016247-07:00] [pid=27688] <<<_____ ImmerseAudioRenderer _____>>> 
[2026-05-13T02:50:07.6016247-07:00] [pid=27688] 
[2026-05-13T02:50:07.6026234-07:00] [pid=27688] Init: this=000001D0029C01C0
[2026-05-13T02:50:07.6026234-07:00] [pid=27688] <<<_____ ImmerseAudioRenderer _____>>> 
[2026-05-13T02:50:07.6026234-07:00] [pid=27688] 
[2026-05-13T02:50:07.6036234-07:00] [pid=27688] Term: this=000001D0029C01C0
[2026-05-13T02:50:07.6036234-07:00] [pid=27688] <<<_____ ImmerseAudioRenderer _____>>> 
[2026-05-13T02:50:07.6036234-07:00] [pid=27688] 
[2026-05-13T02:50:07.6071346-07:00] [pid=27688] [EmbodyLOG] May_13_2026 02:50:07.607 line: 1316. getLocalSessionID for user: kevin_tencenttest1_emb 06756e30dc6941e7b44b3ad365984a2f 
[2026-05-13T02:50:07.6071346-07:00] [pid=27688] [EmbodyLOG] May_13_2026 02:50:07.608 line: 1377. constructWebAppUrl: https://u.embodyvr.io/i/p2LfoRN76E9Q19th8mEwaP-SVo3LB_ZYYYRuJeYT3TYyv9WDtmTGUw**?q=2h04:en 
[2026-05-13T02:50:07.6196744-07:00] [pid=27688] <<<_____ ImmerseAudioRenderer _____>>> 
[2026-05-13T02:50:07.6196744-07:00] [pid=27688] 
[2026-05-13T02:50:07.6196744-07:00] [pid=27688] Init: this=000001D0029C0300
[2026-05-13T02:50:07.6196744-07:00] [pid=27688] <<<_____ ImmerseAudioRenderer _____>>> 
[2026-05-13T02:50:07.6196744-07:00] [pid=27688] 
[2026-05-13T02:50:07.6206804-07:00] [pid=27688] [EmbodyLOG] May_13_2026 02:50:07.620 line: 738. ___IMMERSEENGINE___ Immerse_CreateAudioProcessor inChannelConfiguration:5 inInitHrirTuning:0 inInitSpeakerPlacement:0 outAudioProcessor:000000B0044FFBA0 
[2026-05-13T02:50:07.6216862-07:00] [pid=27688] [EmbodyLOG] May_13_2026 02:50:07.622 line: 269. ImmerseAudioApiImplBase::CreateAudioProcessor: failed to init personalized decoder - expected behaviour if user is not set! 
[2026-05-13T02:50:07.9274326-07:00] [pid=27688] [EmbodyLOG] May_13_2026 02:50:07.927 line: 2042. updateUserData onSetUserId: update user data on set user id 
[2026-05-13T02:50:07.9284327-07:00] [pid=27688] [EmbodyLOG] May_13_2026 02:50:07.928 line: 2060. ImmerseAPI_updateUserData onSetUserId: syncing with server 
[2026-05-13T02:50:07.9309416-07:00] [pid=27688] [EmbodyLOG] May_13_2026 02:50:07.931 line: 3274. getEmbodyData: STATUS_AUTHORIZING StatusCheck session_id: 06756e30dc6941e7b44b3ad365984a2f, immerse_id: v2.2.447, hrtf_id: 1408e0d2eca549feaf2d5631a49ca7d2, img_id: img_1 
[2026-05-13T02:50:07.9319462-07:00] [pid=27688] [EmbodyLOG] May_13_2026 02:50:07.932 line: 3232. updateUMWHPEQSelection() - updated headsetId: 18446744073709551615 
[2026-05-13T02:50:07.9319462-07:00] [pid=27688] [EmbodyLOG] May_13_2026 02:50:07.932 line: 2724. updateUserHRTFData: inside hrtfCallback invocation 
[2026-05-13T02:50:07.9329459-07:00] [pid=27688] [EmbodyLOG] May_13_2026 02:50:07.933 line: 3354. getEmbodyData: IMMERSE_STATUS::DATA_FINISHED 
[2026-05-13T02:50:08.3183826-07:00] [pid=27688] [EmbodyLOG] May_13_2026 02:50:08.318 line: 447. DecryptMultiSofaData() - decrypt result: Success 
[2026-05-13T02:50:08.3190179-07:00] [pid=27688] [EmbodyLOG] May_13_2026 02:50:08.319 line: 537. AssetManager - FOVD data (361 bytes): {"schema_version":1,"fov_groups":["l/r"],"fov_presets":[{"studio_speaker_angles_idx":[0,1,6,7,8,9,10,11,12,13,14,15,16,17,18],"label":"Narrow","id":"narrow"},{"studio_speaker_angles_idx":[2,3,6,7,8,9,10,11,12,13,14,15,16,17,18],"label":"Default","id":"default"},{"studio_speaker_angles_idx":[4,5,6,7,8,9,10,11,12,13,14,15,16,17,18],"label":"Wide","id":"wide"}]} 
[2026-05-13T02:50:08.3721494-07:00] [pid=27688] [EmbodyLOG] May_13_2026 02:50:08.372 line: 281. AudioConfig::InitializeDecoders: Successfully created shared ambisonic decoder kernel 
[2026-05-13T02:50:08.3766553-07:00] [pid=27688] [EmbodyLOG] May_13_2026 02:50:08.376 line: 1419. calculateLicenseDaysRemaining(): cached=358, elapsed=0, remaining=358 
[2026-05-13T02:50:08.3796655-07:00] [pid=27688] [EmbodyLOG] May_13_2026 02:50:08.379 line: 2576. ImmerseAPI: Too many status checks within the period allowed, returning early 
[2026-05-13T02:50:08.3801703-07:00] [pid=27688] [EmbodyLOG] May_13_2026 02:50:08.380 line: 1419. calculateLicenseDaysRemaining(): cached=358, elapsed=0, remaining=358 
[2026-05-13T02:50:08.3811762-07:00] [pid=27688] [EmbodyLOG] May_13_2026 02:50:08.381 line: 1419. calculateLicenseDaysRemaining(): cached=358, elapsed=0, remaining=358 
[2026-05-13T02:50:11.7232117-07:00] [pid=24380] [2026.05.13-09.50.11:723][975]LogSelfUpdateService: ExecuteEpicGamesUpdater: "C:/Program Files (x86)/Epic Games/Launcher/Portal/Binaries/Win64/EpicGamesUpdater.exe" queryinstallation - SUCCESS.
[2026-05-13T02:50:14.2622062-07:00] [pid=27688] [2026.05.13-09.50.14:262][621]LogTemp: Display: [ImmerseStress] REMOTE_HOLD_v1: waiting for go.flag (../../../../../../Users/kapil/OneDrive/Documents/Unreal Projects/testTP/Saved/ImmerseStress/go.flag) retry=20
[2026-05-13T02:50:43.4849477-07:00] [pid=24380] [2026.05.13-09.50.43:484][655]LogRunningAppService: Display: New foreground process [25428] C:/Program Files/Epic Games/UE_4.27/Engine/Binaries/Win64/CrashReportClientEditor.exe for app C:/Program Files/Epic Games/UE_4.27/
[2026-05-13T02:50:43.4849477-07:00] [pid=24380] [2026.05.13-09.50.43:484][655]LogRunningAppPresenceHandler: Display: Setting override presence for C:/Program Files/Epic Games/UE_4.27/ (PresenceId=ue)
[2026-05-13T02:50:44.9267972-07:00] [pid=27688] <<<_____ ImmerseAudioRenderer _____>>> 
[2026-05-13T02:50:44.9267972-07:00] [pid=27688] 
[2026-05-13T02:50:44.9267972-07:00] [pid=27688] WwiseFxNullParams::ApplyParam()
[2026-05-13T02:50:44.9267972-07:00] [pid=27688] [EmbodyLOG] May_13_2026 02:50:44.927 line: 673. ___IMMERSEENGINE___ Immerse_EnableImmerse inMode: 0 
[2026-05-13T02:50:44.9278087-07:00] [pid=27688] WwiseFxNullParams::SetParam()
[2026-05-13T02:50:44.9278087-07:00] [pid=27688] <<<_____ ImmerseAudioRenderer _____>>> 
[2026-05-13T02:50:44.9278087-07:00] [pid=27688] 
[2026-05-13T02:50:44.9278087-07:00] [pid=27688] [EmbodyLOG] May_13_2026 02:50:44.928 line: 1419. calculateLicenseDaysRemaining(): cached=358, elapsed=0, remaining=358 
[2026-05-13T02:50:45.0467207-07:00] [pid=27688] <<<_____ ImmerseAudioRenderer _____>>> 
[2026-05-13T02:50:45.0467207-07:00] [pid=27688] 
[2026-05-13T02:50:45.0477364-07:00] [pid=27688] WwiseFxNullParams::ApplyParam()
[2026-05-13T02:50:45.0477364-07:00] [pid=27688] [EmbodyLOG] May_13_2026 02:50:45.047 line: 673. ___IMMERSEENGINE___ Immerse_EnableImmerse inMode: 1 
[2026-05-13T02:50:45.0477364-07:00] [pid=27688] WwiseFxNullParams::SetParam()
[2026-05-13T02:50:45.0477364-07:00] [pid=27688] <<<_____ ImmerseAudioRenderer _____>>> 
[2026-05-13T02:50:45.0477364-07:00] [pid=27688] 
[2026-05-13T02:50:45.0487348-07:00] [pid=27688] [EmbodyLOG] May_13_2026 02:50:45.049 line: 1316. getLocalSessionID for user: kevin_tencenttest1_emb 06756e30dc6941e7b44b3ad365984a2f 
[2026-05-13T02:50:45.0502417-07:00] [pid=27688] [EmbodyLOG] May_13_2026 02:50:45.050 line: 3213. usingLocalUserCache: Using local cache for user: SCR license_type: trial, license_days_left: 358, license_expired: 0, isUniversalUser: 0 
[2026-05-13T02:50:45.0502417-07:00] [pid=27688] [EmbodyLOG] May_13_2026 02:50:45.051 line: 2669. updateUserHRTFData ProfileName set to : Profile_1 
[2026-05-13T02:50:45.0512515-07:00] [pid=27688] [EmbodyLOG] May_13_2026 02:50:45.051 line: 277. LoadHrtfCallback: HRTF already loaded 
[2026-05-13T02:50:45.0522614-07:00] [pid=27688] [EmbodyLOG] May_13_2026 02:50:45.052 line: 1419. calculateLicenseDaysRemaining(): cached=358, elapsed=0, remaining=358 
[2026-05-13T02:50:45.0552622-07:00] [pid=27688] [EmbodyLOG] May_13_2026 02:50:45.056 line: 2576. ImmerseAPI: Too many status checks within the period allowed, returning early 
[2026-05-13T02:50:45.0567742-07:00] [pid=27688] [EmbodyLOG] May_13_2026 02:50:45.057 line: 1419. calculateLicenseDaysRemaining(): cached=358, elapsed=0, remaining=358 
[2026-05-13T02:50:50.4051349-07:00] [pid=12416] RegisterImmerseAudioRendererFX()
[2026-05-13T02:50:50.4051349-07:00] [pid=12416] <<<_____ ImmerseAudioRenderer _____>>> 
[2026-05-13T02:50:50.4051349-07:00] [pid=12416] 
[2026-05-13T02:50:50.4051349-07:00] [pid=12416] loadAndInitializeImmerseEngine
[2026-05-13T02:50:50.4197404-07:00] [pid=12416] <<<_____ ImmerseAudioRenderer _____>>> 
[2026-05-13T02:50:50.4197404-07:00] [pid=12416] 
[2026-05-13T02:50:50.4202461-07:00] [pid=12416] CreateImmerseManager
[2026-05-13T02:50:50.4428514-07:00] [pid=12416] <<<_____ ImmerseAudioRenderer _____>>> 
[2026-05-13T02:50:50.4428514-07:00] [pid=12416] 
[2026-05-13T02:50:50.4428514-07:00] [pid=12416] WwiseFxNullParams::Init()
[2026-05-13T02:50:50.4428514-07:00] [pid=12416] <<<_____ ImmerseAudioRenderer _____>>> 
[2026-05-13T02:50:50.4428514-07:00] [pid=12416] 
[2026-05-13T02:50:50.4438427-07:00] [pid=12416] WwiseFxNullParams::SetParam()
[2026-05-13T02:50:50.4438427-07:00] [pid=12416] <<<_____ ImmerseAudioRenderer _____>>> 
[2026-05-13T02:50:50.4438427-07:00] [pid=12416] 
[2026-05-13T02:50:50.4438427-07:00] [pid=12416] WwiseFxNullParams::SetParam()
[2026-05-13T02:50:50.4438427-07:00] [pid=12416] <<<_____ ImmerseAudioRenderer _____>>> 
[2026-05-13T02:50:50.4438427-07:00] [pid=12416] 
[2026-05-13T02:50:50.4438427-07:00] [pid=12416] WwiseFxNullParams::SetParam()
[2026-05-13T02:50:50.4438427-07:00] [pid=12416] <<<_____ ImmerseAudioRenderer _____>>> 
[2026-05-13T02:50:50.4438427-07:00] [pid=12416] 
[2026-05-13T02:50:50.4438427-07:00] [pid=12416] WwiseFxNullParams::SetParam()
[2026-05-13T02:50:50.4438427-07:00] [pid=12416] <<<_____ ImmerseAudioRenderer _____>>> 
[2026-05-13T02:50:50.4438427-07:00] [pid=12416] 
[2026-05-13T02:50:50.4438427-07:00] [pid=12416] WwiseFxNullParams::ApplyParam()
[2026-05-13T02:50:50.4438427-07:00] [pid=12416] <<<_____ ImmerseAudioRenderer _____>>> 
[2026-05-13T02:50:50.4438427-07:00] [pid=12416] 
[2026-05-13T02:50:50.4438427-07:00] [pid=12416] WwiseFxNullParams::ApplyParam()
[2026-05-13T02:50:50.4448427-07:00] [pid=12416] <<<_____ ImmerseAudioRenderer _____>>> 
[2026-05-13T02:50:50.4448427-07:00] [pid=12416] 
[2026-05-13T02:50:50.4448427-07:00] [pid=12416] WwiseFxNullParams::ApplyParam()
[2026-05-13T02:50:50.4448427-07:00] [pid=12416] <<<_____ ImmerseAudioRenderer _____>>> 
[2026-05-13T02:50:50.4448427-07:00] [pid=12416] 
[2026-05-13T02:50:50.4448427-07:00] [pid=12416] WwiseFxNullParams::ApplyParam()
[2026-05-13T02:50:50.4448427-07:00] [pid=12416] <<<_____ ImmerseAudioRenderer _____>>> 
[2026-05-13T02:50:50.4448427-07:00] [pid=12416] 
[2026-05-13T02:50:50.4448427-07:00] [pid=12416] WwiseFxNullParams::ApplyParam()
[2026-05-13T02:50:50.5563418-07:00] [pid=25428] [2026.05.13-09.50.50:556][  0]CrashReportClientDiagnosticLog: Editor/ExitCode:-1
[2026-05-13T02:50:50.5573494-07:00] [pid=25428] [2026.05.13-09.50.50:557][  0]CrashReportClientDiagnosticLog: MTBF/LoadSession
[2026-05-13T02:50:50.5764443-07:00] [pid=25428] [2026.05.13-09.50.50:576][  0]LogInit: Using libcurl 7.55.1-DEV
[2026-05-13T02:50:50.5764443-07:00] [pid=25428] [2026.05.13-09.50.50:576][  0]LogInit:  - supports SSL with OpenSSL/1.1.1
[2026-05-13T02:50:50.5764443-07:00] [pid=25428] [2026.05.13-09.50.50:576][  0]LogInit:  - other features:
[2026-05-13T02:50:50.5764443-07:00] [pid=25428] [2026.05.13-09.50.50:576][  0]LogInit:      CURL_VERSION_LIBZ
[2026-05-13T02:50:50.5764443-07:00] [pid=25428] [2026.05.13-09.50.50:576][  0]LogInit:      CURL_VERSION_ASYNCHDNS
[2026-05-13T02:50:50.5764443-07:00] [pid=25428] [2026.05.13-09.50.50:576][  0]LogInit:      CURL_VERSION_IDN
[2026-05-13T02:50:50.5764443-07:00] [pid=25428] [2026.05.13-09.50.50:576][  0]LogInit:  - bVerifyPeer = false  - Libcurl will NOT verify peer certificate
[2026-05-13T02:50:50.5764443-07:00] [pid=25428] [2026.05.13-09.50.50:576][  0]LogInit:  - bDontReuseConnections = false  - Libcurl will reuse connections
[2026-05-13T02:50:50.5764443-07:00] [pid=25428] [2026.05.13-09.50.50:576][  0]LogInit:  - LocalHostAddr = Default
[2026-05-13T02:50:50.5764443-07:00] [pid=25428] [2026.05.13-09.50.50:576][  0]LogAnalytics: Display: [CrashReporter.Release] APIServer = https://datarouter.ol.epicgames.com/. AppVersion = ++UE4+Release-4.27-CL-18319896
[2026-05-13T02:50:50.5850192-07:00] [pid=25428] [2026.05.13-09.50.50:585][  0]LogCore: Engine exit requested (reason: CrashReportClientApp RequestExit)
[2026-05-13T02:50:50.5865255-07:00] [pid=25428] [2026.05.13-09.50.50:586][  0]LogExit: Object subsystem successfully closed.
[2026-05-13T02:50:50.5875319-07:00] [pid=25428] [2026.05.13-09.50.50:587][  0]LogModuleManager: Shutting down and abandoning module HTTP (13)
[2026-05-13T02:50:50.5875319-07:00] [pid=25428] [2026.05.13-09.50.50:587][  0]LogHttp: Display: 	verb=[POST] url=[https://datarouter.ol.epicgames.com/datarouter/api/v1/public/data?SessionID=%7B5980E9B9-4503-7C4D-FF5B-B9A056F9B2F7%7D&AppID=CrashReporter.Release&AppVersion=%2B%2BUE4%2BRelease-4.27-CL-18319896&UserID=f8b698bb42db84b438be4e9e5183ed14%7C6da9797861944dd5b2bedb495b874fce%7C2e2120c8-1d81-4764-95c5-a72e8ff85171&AppEnvironment=datacollector-binary&UploadType=eteventstream] refs=[1] status=Processing
[2026-05-13T02:50:50.5875319-07:00] [pid=25428] [2026.05.13-09.50.50:587][  0]LogHttp: Display: Sleeping 0.500s to wait for 1 outstanding Http requests.
[2026-05-13T02:50:51.0941316-07:00] [pid=25428] [2026.05.13-09.50.51:094][  0]LogModuleManager: Shutting down and abandoning module SSL (12)
[2026-05-13T02:50:51.0951269-07:00] [pid=25428] [2026.05.13-09.50.51:095][  0]LogModuleManager: Shutting down and abandoning module CoreUObject (6)
[2026-05-13T02:50:51.0951269-07:00] [pid=25428] [2026.05.13-09.50.51:095][  0]LogModuleManager: Shutting down and abandoning module RSA (3)
[2026-05-13T02:50:51.4765552-07:00] [pid=24380] [2026.05.13-09.50.51:476][826]LogRunningAppService: Display: Dead foreground process [25428] C:/Program Files/Epic Games/UE_4.27/Engine/Binaries/Win64/CrashReportClientEditor.exe for app C:/Program Files/Epic Games/UE_4.27/
