Log file open, 05/07/26 14:51:04
LogWindows: Failed to load 'aqProf.dll' (GetLastError=126)
LogWindows: File 'aqProf.dll' does not exist
LogWindows: Failed to load 'VtuneApi.dll' (GetLastError=126)
LogWindows: File 'VtuneApi.dll' does not exist
LogWindows: Failed to load 'VtuneApi32e.dll' (GetLastError=126)
LogWindows: File 'VtuneApi32e.dll' does not exist
LogConsoleResponse: Display: Failed to find resolution value strings in scalability ini. Falling back to default.
LogConsoleResponse: Display: Failed to find resolution value strings in scalability ini. Falling back to default.
LogInit: Display: Running engine for game: testTP
LogPlatformFile: Not using cached read wrapper
LogTaskGraph: Started task graph with 5 named threads and 59 total threads with 3 sets of task threads.
LogStats: Stats thread started at 0.615164
LogICUInternationalization: ICU TimeZone Detection - Raw Offset: -8:00, Platform Override: ''
LogInit: Display: Loading text-based GConfig....
LogPluginManager: Mounting plugin MeshPainting
LogPluginManager: Mounting plugin XGEController
LogPluginManager: Mounting plugin Paper2D
LogPluginManager: Mounting plugin LiveLink
LogPluginManager: Mounting plugin AISupport
LogPluginManager: Mounting plugin EnvironmentQueryEditor
LogPluginManager: Mounting plugin LightPropagationVolume
LogPluginManager: Mounting plugin CameraShakePreviewer
LogPluginManager: Mounting plugin OodleNetwork
LogPluginManager: Mounting plugin OodleData
LogPluginManager: Mounting plugin CodeLiteSourceCodeAccess
LogPluginManager: Mounting plugin CLionSourceCodeAccess
LogPluginManager: Mounting plugin GameplayCameras
LogPluginManager: Mounting plugin NullSourceCodeAccess
LogPluginManager: Mounting plugin GitSourceControl
LogPluginManager: Mounting plugin PerforceSourceControl
LogPluginManager: Mounting plugin PixWinPlugin
LogPluginManager: Mounting plugin PlasticSourceControl
LogPluginManager: Mounting plugin AnimationSharing
LogPluginManager: Mounting plugin PluginUtils
LogPluginManager: Mounting plugin SubversionSourceControl
LogPluginManager: Mounting plugin RiderSourceCodeAccess
LogPluginManager: Mounting plugin TextureFormatOodle
LogPluginManager: Mounting plugin VisualStudioCodeSourceCodeAccess
LogPluginManager: Mounting plugin PropertyAccessNode
LogPluginManager: Mounting plugin XCodeSourceCodeAccess
LogPluginManager: Mounting plugin VisualStudioSourceCodeAccess
LogPluginManager: Mounting plugin KDevelopSourceCodeAccess
LogPluginManager: Mounting plugin UObjectPlugin
LogPluginManager: Mounting plugin VariantManagerContent
LogPluginManager: Mounting plugin CryptoKeys
LogPluginManager: Mounting plugin AssetManagerEditor
LogPluginManager: Mounting plugin DataValidation
LogPluginManager: Mounting plugin CurveEditorTools
LogPluginManager: Mounting plugin GeometryMode
LogPluginManager: Mounting plugin GameplayTagsEditor
LogPluginManager: Mounting plugin FacialAnimation
LogPluginManager: Mounting plugin MaterialAnalyzer
LogPluginManager: Mounting plugin PluginBrowser
LogPluginManager: Mounting plugin Niagara
LogPluginManager: Mounting plugin MobileLauncherProfileWizard
LogPluginManager: Mounting plugin SpeedTreeImporter
LogPluginManager: Mounting plugin LuminPlatformFeatures
LogPluginManager: Mounting plugin MagicLeap
LogPluginManager: Mounting plugin MagicLeapLightEstimation
LogPluginManager: Mounting plugin MagicLeapMedia
LogPluginManager: Mounting plugin MagicLeapPassableWorld
LogPluginManager: Mounting plugin MLSDK
LogPluginManager: Mounting plugin AlembicImporter
LogPluginManager: Mounting plugin AutomationUtils
LogPluginManager: Mounting plugin ChaosCloth
LogPluginManager: Mounting plugin DatasmithContent
LogPluginManager: Mounting plugin ChaosEditor
LogPluginManager: Mounting plugin ChaosNiagara
LogPluginManager: Mounting plugin CharacterAI
LogPluginManager: Mounting plugin BackChannel
LogPluginManager: Mounting plugin ChaosSolverPlugin
LogPluginManager: Mounting plugin MacGraphicsSwitching
LogPluginManager: Mounting plugin GeometryProcessing
LogPluginManager: Mounting plugin GeometryCollectionPlugin
LogPluginManager: Mounting plugin GeometryCache
LogPluginManager: Mounting plugin AndroidMedia
LogPluginManager: Mounting plugin AvfMedia
LogPluginManager: Mounting plugin ImgMedia
LogPluginManager: Mounting plugin OpenImageDenoise
LogPluginManager: Mounting plugin MediaCompositing
LogPluginManager: Mounting plugin MotoSynth
LogPluginManager: Mounting plugin MediaPlayerEditor
LogPluginManager: Mounting plugin WebMMedia
LogPluginManager: Mounting plugin ChaosClothEditor
LogPluginManager: Mounting plugin PlatformCrypto
LogPluginManager: Mounting plugin PlanarCut
LogPluginManager: Mounting plugin WmfMedia
LogPluginManager: Mounting plugin ProxyLODPlugin
LogPluginManager: Mounting plugin SkeletalReduction
LogPluginManager: Mounting plugin PythonScriptPlugin
LogPluginManager: Mounting plugin LevelSequenceEditor
LogPluginManager: Mounting plugin TemplateSequence
LogPluginManager: Mounting plugin ActorSequence
LogPluginManager: Mounting plugin UdpMessaging
LogPluginManager: Mounting plugin MatineeToLevelSequence
LogPluginManager: Mounting plugin OnlineSubsystem
LogPluginManager: Mounting plugin TcpMessaging
LogPluginManager: Mounting plugin OnlineSubsystemNull
LogPluginManager: Mounting plugin OnlineSubsystemUtils
LogPluginManager: Mounting plugin LauncherChunkInstaller
LogPluginManager: Mounting plugin AndroidMoviePlayer
LogPluginManager: Mounting plugin AndroidPermission
LogPluginManager: Mounting plugin ActorLayerUtilities
LogPluginManager: Mounting plugin AppleImageUtils
LogPluginManager: Mounting plugin AndroidDeviceProfileSelector
LogPluginManager: Mounting plugin ArchVisCharacter
LogPluginManager: Mounting plugin AssetTags
LogPluginManager: Mounting plugin CableComponent
LogPluginManager: Mounting plugin CustomMeshComponent
LogPluginManager: Mounting plugin ChunkDownloader
LogPluginManager: Mounting plugin EditableMesh
LogPluginManager: Mounting plugin AppleMoviePlayer
LogPluginManager: Mounting plugin AudioCapture
LogPluginManager: Mounting plugin ExampleDeviceProfileSelector
LogPluginManager: Mounting plugin AudioSynesthesia
LogPluginManager: Mounting plugin GooglePAD
LogPluginManager: Mounting plugin IOSDeviceProfileSelector
LogPluginManager: Mounting plugin LinuxDeviceProfileSelector
LogPluginManager: Mounting plugin GoogleCloudMessaging
LogPluginManager: Mounting plugin MobilePatchingUtils
LogPluginManager: Mounting plugin LocationServicesBPLibrary
LogPluginManager: Mounting plugin OpenXR
LogPluginManager: Mounting plugin OpenXREyeTracker
LogPluginManager: Mounting plugin OpenXRHandTracking
LogPluginManager: Mounting plugin PhysXVehicles
LogPluginManager: Mounting plugin PostSplashScreen
LogPluginManager: Mounting plugin ProceduralMeshComponent
LogPluginManager: Mounting plugin ScreenshotTools
LogPluginManager: Mounting plugin PropertyAccessEditor
LogPluginManager: Mounting plugin RuntimePhysXCooking
LogPluginManager: Mounting plugin SignificanceManager
LogPluginManager: Mounting plugin Synthesis
LogPluginManager: Mounting plugin SoundFields
LogPluginManager: Mounting plugin WindowsMoviePlayer
LogPluginManager: Mounting plugin WebMMoviePlayer
LogPluginManager: Mounting plugin Takes
LogPluginManager: Mounting plugin ContentBrowserClassDataSource
LogPluginManager: Mounting plugin ContentBrowserFileDataSource
LogPluginManager: Mounting plugin ContentBrowserAssetDataSource
LogPluginManager: Mounting plugin OnlineSubsystemGooglePlay
LogPluginManager: Mounting plugin OnlineSubsystemIOS
LogPluginManager: Mounting plugin OculusVR
LogPluginManager: Mounting plugin SteamVR
LogPluginManager: Mounting plugin Wwise
PixWinPlugin: PIX capture plugin failed to initialize! Check that the process is launched from PIX.
LogInit: Using libcurl 7.55.1-DEV
LogInit:  - built for x86_64-pc-win32
LogInit:  - supports SSL with OpenSSL/1.1.1
LogInit:  - supports HTTP deflate (compression) using libz 1.2.8
LogInit:  - other features:
LogInit:      CURL_VERSION_SSL
LogInit:      CURL_VERSION_LIBZ
LogInit:      CURL_VERSION_IPV6
LogInit:      CURL_VERSION_ASYNCHDNS
LogInit:      CURL_VERSION_LARGEFILE
LogInit:      CURL_VERSION_IDN
LogInit:  CurlRequestOptions (configurable via config and command line):
LogInit:  - bVerifyPeer = true  - Libcurl will verify peer certificate
LogInit:  - bUseHttpProxy = false  - Libcurl will NOT use HTTP proxy
LogInit:  - bDontReuseConnections = false  - Libcurl will reuse connections
LogInit:  - MaxHostConnections = 16  - Libcurl will limit the number of connections to a host
LogInit:  - LocalHostAddr = Default
LogInit:  - BufferSize = 65536
LogOnline: OSS: Creating online subsystem instance for: NULL
LogInit: WinSock: version 1.1 (2.2), MaxSocks=32767, MaxUdp=65467
LogOnline: OSS: TryLoadSubsystemAndSetDefault: Loaded subsystem for module [NULL]
LogOculusPluginWrapper: OculusPlugin initialized successfully
LogHMD: Failed initializing OVRPlugin 1.59.0
LogInit: Build: ++UE4+Release-4.27-CL-18319896
LogInit: Engine Version: 4.27.2-18319896+++UE4+Release-4.27
LogInit: Compatible Engine Version: 4.27.0-17155196+++UE4+Release-4.27
LogInit: Net CL: 17155196
LogInit: OS: Windows 10 (Release 2009) (), CPU: 13th Gen Intel(R) Core(TM) i7-13650HX, GPU: Intel(R) UHD Graphics
LogInit: Compiled (64-bit): Nov 30 2021 07:12:08
LogInit: Compiled with Visual C++: 19.24.28315.00
LogInit: Build Configuration: Development
LogInit: Branch Name: ++UE4+Release-4.27
LogInit: Command Line:  /Game/ThirdPersonBP/Maps/ThirdPersonExampleMap -game -RenderOffscreen -unattended -nopause -NoSplash -abslog=C:\Users\kapil\AppData\Local\Temp\immerse_editor_20260507-144930.log
LogInit: Base Directory: C:/Program Files/Epic Games/UE_4.27/Engine/Binaries/Win64/
LogInit: Allocator: TBB
LogInit: Installed Engine Build: 1
LogDevObjectVersion: Number of dev versions registered: 29
LogDevObjectVersion:   Dev-Blueprints (B0D832E4-1F89-4F0D-ACCF-7EB736FD4AA2): 10
LogDevObjectVersion:   Dev-Build (E1C64328-A22C-4D53-A36C-8E866417BD8C): 0
LogDevObjectVersion:   Dev-Core (375EC13C-06E4-48FB-B500-84F0262A717E): 4
LogDevObjectVersion:   Dev-Editor (E4B068ED-F494-42E9-A231-DA0B2E46BB41): 40
LogDevObjectVersion:   Dev-Framework (CFFC743F-43B0-4480-9391-14DF171D2073): 37
LogDevObjectVersion:   Dev-Mobile (B02B49B5-BB20-44E9-A304-32B752E40360): 3
LogDevObjectVersion:   Dev-Networking (A4E4105C-59A1-49B5-A7C5-40C4547EDFEE): 0
LogDevObjectVersion:   Dev-Online (39C831C9-5AE6-47DC-9A44-9C173E1C8E7C): 0
LogDevObjectVersion:   Dev-Physics (78F01B33-EBEA-4F98-B9B4-84EACCB95AA2): 14
LogDevObjectVersion:   Dev-Platform (6631380F-2D4D-43E0-8009-CF276956A95A): 0
LogDevObjectVersion:   Dev-Rendering (12F88B9F-8875-4AFC-A67C-D90C383ABD29): 45
LogDevObjectVersion:   Dev-Sequencer (7B5AE74C-D270-4C10-A958-57980B212A5A): 13
LogDevObjectVersion:   Dev-VR (D7296918-1DD6-4BDD-9DE2-64A83CC13884): 3
LogDevObjectVersion:   Dev-LoadTimes (C2A15278-BFE7-4AFE-6C17-90FF531DF755): 1
LogDevObjectVersion:   Private-Geometry (6EACA3D4-40EC-4CC1-B786-8BED09428FC5): 3
LogDevObjectVersion:   Dev-AnimPhys (29E575DD-E0A3-4627-9D10-D276232CDCEA): 17
LogDevObjectVersion:   Dev-Anim (AF43A65D-7FD3-4947-9873-3E8ED9C1BB05): 15
LogDevObjectVersion:   Dev-ReflectionCapture (6B266CEC-1EC7-4B8F-A30B-E4D90942FC07): 1
LogDevObjectVersion:   Dev-Automation (0DF73D61-A23F-47EA-B727-89E90C41499A): 1
LogDevObjectVersion:   FortniteMain (601D1886-AC64-4F84-AA16-D3DE0DEAC7D6): 47
LogDevObjectVersion:   FortniteRelease (E7086368-6B23-4C58-8439-1B7016265E91): 1
LogDevObjectVersion:   Dev-Enterprise (9DFFBCD6-494F-0158-E221-12823C92A888): 10
LogDevObjectVersion:   Dev-Niagara (F2AED0AC-9AFE-416F-8664-AA7FFA26D6FC): 1
LogDevObjectVersion:   Dev-Destruction (174F1F0B-B4C6-45A5-B13F-2EE8D0FB917D): 10
LogDevObjectVersion:   Dev-Physics-Ext (35F94A83-E258-406C-A318-09F59610247C): 41
LogDevObjectVersion:   Dev-PhysicsMaterial-Chaos (B68FC16E-8B1B-42E2-B453-215C058844FE): 1
LogDevObjectVersion:   Dev-CineCamera (B2E18506-4273-CFC2-A54E-F4BB758BBA07): 1
LogDevObjectVersion:   Dev-VirtualProduction (64F58936-FD1B-42BA-BA96-7289D5D0FA4E): 1
LogDevObjectVersion:   Dev-MediaFramework (6F0ED827-A609-4895-9C91-998D90180EA4): 2
LogInit: Presizing for max 25165824 objects, including 0 objects not considered by GC, pre-allocating 0 bytes for permanent pool.
LogConfig: Applying CVar settings from Section [/Script/Engine.StreamingSettings] File [C:/Users/kapil/OneDrive/Documents/Unreal Projects/testTP/Saved/Config/Windows/Engine.ini]
LogConfig: Setting CVar [[s.MinBulkDataSizeForAsyncLoading:131072]]
LogConfig: Setting CVar [[s.AsyncLoadingThreadEnabled:0]]
LogConfig: Setting CVar [[s.EventDrivenLoaderEnabled:1]]
LogConfig: Setting CVar [[s.WarnIfTimeLimitExceeded:0]]
LogConfig: Setting CVar [[s.TimeLimitExceededMultiplier:1.5]]
LogConfig: Setting CVar [[s.TimeLimitExceededMinTime:0.005]]
LogConfig: Setting CVar [[s.UseBackgroundLevelStreaming:1]]
LogConfig: Setting CVar [[s.PriorityAsyncLoadingExtraTime:15.0]]
LogConfig: Setting CVar [[s.LevelStreamingActorsUpdateTimeLimit:5.0]]
LogConfig: Setting CVar [[s.PriorityLevelStreamingActorsUpdateExtraTime:5.0]]
LogConfig: Setting CVar [[s.LevelStreamingComponentsRegistrationGranularity:10]]
LogConfig: Setting CVar [[s.UnregisterComponentsTimeLimit:1.0]]
LogConfig: Setting CVar [[s.LevelStreamingComponentsUnregistrationGranularity:5]]
LogConfig: Setting CVar [[s.FlushStreamingOnExit:1]]
LogInit: Object subsystem initialized
LogConfig: Setting CVar [[con.DebugEarlyDefault:1]]
LogConfig: Setting CVar [[r.setres:1280x720]]
[2026.05.07-21.51.04:920][  0]LogConfig: Setting CVar [[con.DebugEarlyDefault:1]]
[2026.05.07-21.51.04:920][  0]LogConfig: Setting CVar [[r.setres:1280x720]]
[2026.05.07-21.51.04:920][  0]LogConfig: Applying CVar settings from Section [/Script/Engine.RendererSettings] File [C:/Users/kapil/OneDrive/Documents/Unreal Projects/testTP/Saved/Config/Windows/Engine.ini]
[2026.05.07-21.51.04:920][  0]LogConfig: Setting CVar [[r.GPUCrashDebugging:0]]
[2026.05.07-21.51.04:920][  0]LogConfig: Applying CVar settings from Section [/Script/Engine.RendererOverrideSettings] File [C:/Users/kapil/OneDrive/Documents/Unreal Projects/testTP/Saved/Config/Windows/Engine.ini]
[2026.05.07-21.51.04:920][  0]LogConfig: Applying CVar settings from Section [/Script/Engine.StreamingSettings] File [C:/Users/kapil/OneDrive/Documents/Unreal Projects/testTP/Saved/Config/Windows/Engine.ini]
[2026.05.07-21.51.04:920][  0]LogConfig: Setting CVar [[s.MinBulkDataSizeForAsyncLoading:131072]]
[2026.05.07-21.51.04:920][  0]LogConfig: Setting CVar [[s.AsyncLoadingThreadEnabled:0]]
[2026.05.07-21.51.04:920][  0]LogConfig: Setting CVar [[s.EventDrivenLoaderEnabled:1]]
[2026.05.07-21.51.04:920][  0]LogConfig: Setting CVar [[s.WarnIfTimeLimitExceeded:0]]
[2026.05.07-21.51.04:920][  0]LogConfig: Setting CVar [[s.TimeLimitExceededMultiplier:1.5]]
[2026.05.07-21.51.04:920][  0]LogConfig: Setting CVar [[s.TimeLimitExceededMinTime:0.005]]
[2026.05.07-21.51.04:920][  0]LogConfig: Setting CVar [[s.UseBackgroundLevelStreaming:1]]
[2026.05.07-21.51.04:920][  0]LogConfig: Setting CVar [[s.PriorityAsyncLoadingExtraTime:15.0]]
[2026.05.07-21.51.04:921][  0]LogConfig: Setting CVar [[s.LevelStreamingActorsUpdateTimeLimit:5.0]]
[2026.05.07-21.51.04:921][  0]LogConfig: Setting CVar [[s.PriorityLevelStreamingActorsUpdateExtraTime:5.0]]
[2026.05.07-21.51.04:921][  0]LogConfig: Setting CVar [[s.LevelStreamingComponentsRegistrationGranularity:10]]
[2026.05.07-21.51.04:921][  0]LogConfig: Setting CVar [[s.UnregisterComponentsTimeLimit:1.0]]
[2026.05.07-21.51.04:921][  0]LogConfig: Setting CVar [[s.LevelStreamingComponentsUnregistrationGranularity:5]]
[2026.05.07-21.51.04:921][  0]LogConfig: Setting CVar [[s.FlushStreamingOnExit:1]]
[2026.05.07-21.51.04:921][  0]LogConfig: Applying CVar settings from Section [/Script/Engine.GarbageCollectionSettings] File [C:/Users/kapil/OneDrive/Documents/Unreal Projects/testTP/Saved/Config/Windows/Engine.ini]
[2026.05.07-21.51.04:921][  0]LogConfig: Setting CVar [[gc.MaxObjectsNotConsideredByGC:1]]
[2026.05.07-21.51.04:921][  0]LogConfig: Setting CVar [[gc.SizeOfPermanentObjectPool:0]]
[2026.05.07-21.51.04:921][  0]LogConfig: Setting CVar [[gc.FlushStreamingOnGC:0]]
[2026.05.07-21.51.04:921][  0]LogConfig: Setting CVar [[gc.NumRetriesBeforeForcingGC:10]]
[2026.05.07-21.51.04:921][  0]LogConfig: Setting CVar [[gc.AllowParallelGC:1]]
[2026.05.07-21.51.04:921][  0]LogConfig: Setting CVar [[gc.TimeBetweenPurgingPendingKillObjects:61.1]]
[2026.05.07-21.51.04:921][  0]LogConfig: Setting CVar [[gc.MaxObjectsInEditor:25165824]]
[2026.05.07-21.51.04:921][  0]LogConfig: Setting CVar [[gc.IncrementalBeginDestroyEnabled:1]]
[2026.05.07-21.51.04:921][  0]LogConfig: Setting CVar [[gc.CreateGCClusters:1]]
[2026.05.07-21.51.04:921][  0]LogConfig: Setting CVar [[gc.MinGCClusterSize:5]]
[2026.05.07-21.51.04:921][  0]LogConfig: Setting CVar [[gc.ActorClusteringEnabled:0]]
[2026.05.07-21.51.04:921][  0]LogConfig: Setting CVar [[gc.BlueprintClusteringEnabled:0]]
[2026.05.07-21.51.04:921][  0]LogConfig: Setting CVar [[gc.UseDisregardForGCOnDedicatedServers:0]]
[2026.05.07-21.51.04:921][  0]LogConfig: Setting CVar [[gc.MultithreadedDestructionEnabled:1]]
[2026.05.07-21.51.04:921][  0]LogConfig: Applying CVar settings from Section [/Script/Engine.NetworkSettings] File [C:/Users/kapil/OneDrive/Documents/Unreal Projects/testTP/Saved/Config/Windows/Engine.ini]
[2026.05.07-21.51.04:921][  0]LogConfig: Applying CVar settings from Section [/Script/UnrealEd.CookerSettings] File [C:/Users/kapil/OneDrive/Documents/Unreal Projects/testTP/Saved/Config/Windows/Engine.ini]
[2026.05.07-21.51.04:934][  0]LogConfig: Applying CVar settings from Section [ViewDistanceQuality@3] File [C:/Users/kapil/OneDrive/Documents/Unreal Projects/testTP/Saved/Config/Windows/Scalability.ini]
[2026.05.07-21.51.04:934][  0]LogConfig: Setting CVar [[r.SkeletalMeshLODBias:0]]
[2026.05.07-21.51.04:934][  0]LogConfig: Setting CVar [[r.ViewDistanceScale:1.0]]
[2026.05.07-21.51.04:934][  0]LogConfig: Applying CVar settings from Section [AntiAliasingQuality@3] File [C:/Users/kapil/OneDrive/Documents/Unreal Projects/testTP/Saved/Config/Windows/Scalability.ini]
[2026.05.07-21.51.04:934][  0]LogConfig: Setting CVar [[r.PostProcessAAQuality:4]]
[2026.05.07-21.51.04:934][  0]LogConfig: Applying CVar settings from Section [ShadowQuality@3] File [C:/Users/kapil/OneDrive/Documents/Unreal Projects/testTP/Saved/Config/Windows/Scalability.ini]
[2026.05.07-21.51.04:934][  0]LogConfig: Setting CVar [[r.LightFunctionQuality:1]]
[2026.05.07-21.51.04:934][  0]LogConfig: Setting CVar [[r.ShadowQuality:5]]
[2026.05.07-21.51.04:934][  0]LogConfig: Setting CVar [[r.Shadow.CSM.MaxCascades:10]]
[2026.05.07-21.51.04:934][  0]LogConfig: Setting CVar [[r.Shadow.MaxResolution:2048]]
[2026.05.07-21.51.04:934][  0]LogConfig: Setting CVar [[r.Shadow.MaxCSMResolution:2048]]
[2026.05.07-21.51.04:934][  0]LogConfig: Setting CVar [[r.Shadow.RadiusThreshold:0.01]]
[2026.05.07-21.51.04:934][  0]LogConfig: Setting CVar [[r.Shadow.DistanceScale:1.0]]
[2026.05.07-21.51.04:934][  0]LogConfig: Setting CVar [[r.Shadow.CSM.TransitionScale:1.0]]
[2026.05.07-21.51.04:934][  0]LogConfig: Setting CVar [[r.Shadow.PreShadowResolutionFactor:1.0]]
[2026.05.07-21.51.04:934][  0]LogConfig: Setting CVar [[r.DistanceFieldShadowing:1]]
[2026.05.07-21.51.04:934][  0]LogConfig: Setting CVar [[r.DistanceFieldAO:1]]
[2026.05.07-21.51.04:934][  0]LogConfig: Setting CVar [[r.AOQuality:2]]
[2026.05.07-21.51.04:934][  0]LogConfig: Setting CVar [[r.VolumetricFog:1]]
[2026.05.07-21.51.04:934][  0]LogConfig: Setting CVar [[r.VolumetricFog.GridPixelSize:8]]
[2026.05.07-21.51.04:934][  0]LogConfig: Setting CVar [[r.VolumetricFog.GridSizeZ:128]]
[2026.05.07-21.51.04:934][  0]LogConfig: Setting CVar [[r.VolumetricFog.HistoryMissSupersampleCount:4]]
[2026.05.07-21.51.04:934][  0]LogConfig: Setting CVar [[r.LightMaxDrawDistanceScale:1]]
[2026.05.07-21.51.04:934][  0]LogConfig: Setting CVar [[r.CapsuleShadows:1]]
[2026.05.07-21.51.04:934][  0]LogConfig: Applying CVar settings from Section [PostProcessQuality@3] File [C:/Users/kapil/OneDrive/Documents/Unreal Projects/testTP/Saved/Config/Windows/Scalability.ini]
[2026.05.07-21.51.04:934][  0]LogConfig: Setting CVar [[r.MotionBlurQuality:4]]
[2026.05.07-21.51.04:934][  0]LogConfig: Setting CVar [[r.AmbientOcclusionMipLevelFactor:0.4]]
[2026.05.07-21.51.04:934][  0]LogConfig: Setting CVar [[r.AmbientOcclusionMaxQuality:100]]
[2026.05.07-21.51.04:934][  0]LogConfig: Setting CVar [[r.AmbientOcclusionLevels:-1]]
[2026.05.07-21.51.04:934][  0]LogConfig: Setting CVar [[r.AmbientOcclusionRadiusScale:1.0]]
[2026.05.07-21.51.04:934][  0]LogConfig: Setting CVar [[r.DepthOfFieldQuality:2]]
[2026.05.07-21.51.04:934][  0]LogConfig: Setting CVar [[r.RenderTargetPoolMin:400]]
[2026.05.07-21.51.04:934][  0]LogConfig: Setting CVar [[r.LensFlareQuality:2]]
[2026.05.07-21.51.04:934][  0]LogConfig: Setting CVar [[r.SceneColorFringeQuality:1]]
[2026.05.07-21.51.04:934][  0]LogConfig: Setting CVar [[r.EyeAdaptationQuality:2]]
[2026.05.07-21.51.04:934][  0]LogConfig: Setting CVar [[r.BloomQuality:5]]
[2026.05.07-21.51.04:934][  0]LogConfig: Setting CVar [[r.FastBlurThreshold:100]]
[2026.05.07-21.51.04:934][  0]LogConfig: Setting CVar [[r.Upscale.Quality:3]]
[2026.05.07-21.51.04:934][  0]LogConfig: Setting CVar [[r.Tonemapper.GrainQuantization:1]]
[2026.05.07-21.51.04:934][  0]LogConfig: Setting CVar [[r.LightShaftQuality:1]]
[2026.05.07-21.51.04:934][  0]LogConfig: Setting CVar [[r.Filter.SizeScale:1]]
[2026.05.07-21.51.04:934][  0]LogConfig: Setting CVar [[r.Tonemapper.Quality:5]]
[2026.05.07-21.51.04:934][  0]LogConfig: Setting CVar [[r.DOF.Gather.AccumulatorQuality:1        ; higher gathering accumulator quality]]
[2026.05.07-21.51.04:934][  0]LogConfig: Setting CVar [[r.DOF.Gather.PostfilterMethod:1          ; Median3x3 postfilering method]]
[2026.05.07-21.51.04:934][  0]LogConfig: Setting CVar [[r.DOF.Gather.EnableBokehSettings:0       ; no bokeh simulation when gathering]]
[2026.05.07-21.51.04:934][  0]LogConfig: Setting CVar [[r.DOF.Gather.RingCount:4                 ; medium number of samples when gathering]]
[2026.05.07-21.51.04:934][  0]LogConfig: Setting CVar [[r.DOF.Scatter.ForegroundCompositing:1    ; additive foreground scattering]]
[2026.05.07-21.51.04:934][  0]LogConfig: Setting CVar [[r.DOF.Scatter.BackgroundCompositing:2    ; additive background scattering]]
[2026.05.07-21.51.04:934][  0]LogConfig: Setting CVar [[r.DOF.Scatter.EnableBokehSettings:1      ; bokeh simulation when scattering]]
[2026.05.07-21.51.04:934][  0]LogConfig: Setting CVar [[r.DOF.Scatter.MaxSpriteRatio:0.1         ; only a maximum of 10% of scattered bokeh]]
[2026.05.07-21.51.04:934][  0]LogConfig: Setting CVar [[r.DOF.Recombine.Quality:1                ; cheap slight out of focus]]
[2026.05.07-21.51.04:934][  0]LogConfig: Setting CVar [[r.DOF.Recombine.EnableBokehSettings:0    ; no bokeh simulation on slight out of focus]]
[2026.05.07-21.51.04:934][  0]LogConfig: Setting CVar [[r.DOF.TemporalAAQuality:1                ; more stable temporal accumulation]]
[2026.05.07-21.51.04:934][  0]LogConfig: Setting CVar [[r.DOF.Kernel.MaxForegroundRadius:0.025]]
[2026.05.07-21.51.04:934][  0]LogConfig: Setting CVar [[r.DOF.Kernel.MaxBackgroundRadius:0.025]]
[2026.05.07-21.51.04:934][  0]LogConfig: Applying CVar settings from Section [TextureQuality@3] File [C:/Users/kapil/OneDrive/Documents/Unreal Projects/testTP/Saved/Config/Windows/Scalability.ini]
[2026.05.07-21.51.04:934][  0]LogConfig: Setting CVar [[r.Streaming.MipBias:0]]
[2026.05.07-21.51.04:934][  0]LogConfig: Setting CVar [[r.Streaming.AmortizeCPUToGPUCopy:0]]
[2026.05.07-21.51.04:934][  0]LogConfig: Setting CVar [[r.Streaming.MaxNumTexturesToStreamPerFrame:0]]
[2026.05.07-21.51.04:934][  0]LogConfig: Setting CVar [[r.Streaming.Boost:1]]
[2026.05.07-21.51.04:934][  0]LogConfig: Setting CVar [[r.MaxAnisotropy:8]]
[2026.05.07-21.51.04:934][  0]LogConfig: Setting CVar [[r.VT.MaxAnisotropy:8]]
[2026.05.07-21.51.04:934][  0]LogConfig: Setting CVar [[r.Streaming.LimitPoolSizeToVRAM:0]]
[2026.05.07-21.51.04:934][  0]LogConfig: Setting CVar [[r.Streaming.PoolSize:1000]]
[2026.05.07-21.51.04:934][  0]LogConfig: Setting CVar [[r.Streaming.MaxEffectiveScreenSize:0]]
[2026.05.07-21.51.04:934][  0]LogConfig: Applying CVar settings from Section [EffectsQuality@3] File [C:/Users/kapil/OneDrive/Documents/Unreal Projects/testTP/Saved/Config/Windows/Scalability.ini]
[2026.05.07-21.51.04:934][  0]LogConfig: Setting CVar [[r.TranslucencyLightingVolumeDim:64]]
[2026.05.07-21.51.04:934][  0]LogConfig: Setting CVar [[r.RefractionQuality:2]]
[2026.05.07-21.51.04:935][  0]LogConfig: Setting CVar [[r.SSR.Quality:3]]
[2026.05.07-21.51.04:935][  0]LogConfig: Setting CVar [[r.SSR.HalfResSceneColor:0]]
[2026.05.07-21.51.04:935][  0]LogConfig: Setting CVar [[r.SceneColorFormat:4]]
[2026.05.07-21.51.04:935][  0]LogConfig: Setting CVar [[r.DetailMode:2]]
[2026.05.07-21.51.04:935][  0]LogConfig: Setting CVar [[r.TranslucencyVolumeBlur:1]]
[2026.05.07-21.51.04:935][  0]LogConfig: Setting CVar [[r.MaterialQualityLevel:1 ; High quality]]
[2026.05.07-21.51.04:935][  0]LogConfig: Setting CVar [[r.AnisotropicMaterials:1]]
[2026.05.07-21.51.04:935][  0]LogConfig: Setting CVar [[r.SSS.Scale:1]]
[2026.05.07-21.51.04:935][  0]LogConfig: Setting CVar [[r.SSS.SampleSet:2]]
[2026.05.07-21.51.04:935][  0]LogConfig: Setting CVar [[r.SSS.Quality:1]]
[2026.05.07-21.51.04:935][  0]LogConfig: Setting CVar [[r.SSS.HalfRes:0]]
[2026.05.07-21.51.04:935][  0]LogConfig: Setting CVar [[r.SSGI.Quality:3]]
[2026.05.07-21.51.04:935][  0]LogConfig: Setting CVar [[r.EmitterSpawnRateScale:1.0]]
[2026.05.07-21.51.04:935][  0]LogConfig: Setting CVar [[r.ParticleLightQuality:2]]
[2026.05.07-21.51.04:935][  0]LogConfig: Setting CVar [[r.SkyAtmosphere.AerialPerspectiveLUT.FastApplyOnOpaque:1 ; Always have FastSkyLUT 1 in this case to avoid wrong sky]]
[2026.05.07-21.51.04:935][  0]LogConfig: Setting CVar [[r.SkyAtmosphere.AerialPerspectiveLUT.SampleCountMaxPerSlice:4]]
[2026.05.07-21.51.04:935][  0]LogConfig: Setting CVar [[r.SkyAtmosphere.AerialPerspectiveLUT.DepthResolution:16.0]]
[2026.05.07-21.51.04:935][  0]LogConfig: Setting CVar [[r.SkyAtmosphere.FastSkyLUT:1]]
[2026.05.07-21.51.04:935][  0]LogConfig: Setting CVar [[r.SkyAtmosphere.FastSkyLUT.SampleCountMin:4.0]]
[2026.05.07-21.51.04:935][  0]LogConfig: Setting CVar [[r.SkyAtmosphere.FastSkyLUT.SampleCountMax:128.0]]
[2026.05.07-21.51.04:935][  0]LogConfig: Setting CVar [[r.SkyAtmosphere.SampleCountMin:4.0]]
[2026.05.07-21.51.04:935][  0]LogConfig: Setting CVar [[r.SkyAtmosphere.SampleCountMax:128.0]]
[2026.05.07-21.51.04:935][  0]LogConfig: Setting CVar [[r.SkyAtmosphere.TransmittanceLUT.UseSmallFormat:0]]
[2026.05.07-21.51.04:935][  0]LogConfig: Setting CVar [[r.SkyAtmosphere.TransmittanceLUT.SampleCount:10.0]]
[2026.05.07-21.51.04:935][  0]LogConfig: Setting CVar [[r.SkyAtmosphere.MultiScatteringLUT.SampleCount:15.0]]
[2026.05.07-21.51.04:935][  0]LogConfig: Setting CVar [[r.SkyLight.RealTimeReflectionCapture:1]]
[2026.05.07-21.51.04:935][  0]LogConfig: Applying CVar settings from Section [FoliageQuality@3] File [C:/Users/kapil/OneDrive/Documents/Unreal Projects/testTP/Saved/Config/Windows/Scalability.ini]
[2026.05.07-21.51.04:935][  0]LogConfig: Setting CVar [[foliage.DensityScale:1.0]]
[2026.05.07-21.51.04:935][  0]LogConfig: Setting CVar [[grass.DensityScale:1.0]]
[2026.05.07-21.51.04:935][  0]LogConfig: Applying CVar settings from Section [ShadingQuality@3] File [C:/Users/kapil/OneDrive/Documents/Unreal Projects/testTP/Saved/Config/Windows/Scalability.ini]
[2026.05.07-21.51.04:935][  0]LogConfig: Setting CVar [[r.HairStrands.SkyLighting.IntegrationType:2]]
[2026.05.07-21.51.04:935][  0]LogConfig: Setting CVar [[r.HairStrands.SkyAO.SampleCount:4]]
[2026.05.07-21.51.04:935][  0]LogConfig: Setting CVar [[r.HairStrands.Visibility.MSAA.SamplePerPixel:4]]
[2026.05.07-21.51.04:935][  0]LogInit: Selected Device Profile: [Windows]
[2026.05.07-21.51.04:935][  0]LogInit: Applying CVar settings loaded from the selected device profile: [Windows]
[2026.05.07-21.51.04:936][  0]LogHAL: Display: Platform has ~ 16 GB [16849256448 / 17179869184 / 16], which maps to Larger [LargestMinGB=32, LargerMinGB=12, DefaultMinGB=8, SmallerMinGB=6, SmallestMinGB=0)
[2026.05.07-21.51.04:936][  0]LogInit: Going up to parent DeviceProfile []
[2026.05.07-21.51.04:936][  0]LogConfig: Applying CVar settings from Section [ViewDistanceQuality@3] File [C:/Users/kapil/OneDrive/Documents/Unreal Projects/testTP/Saved/Config/Windows/Scalability.ini]
[2026.05.07-21.51.04:936][  0]LogConfig: Setting CVar [[r.SkeletalMeshLODBias:0]]
[2026.05.07-21.51.04:936][  0]LogConfig: Setting CVar [[r.ViewDistanceScale:1.0]]
[2026.05.07-21.51.04:936][  0]LogConfig: Applying CVar settings from Section [AntiAliasingQuality@3] File [C:/Users/kapil/OneDrive/Documents/Unreal Projects/testTP/Saved/Config/Windows/Scalability.ini]
[2026.05.07-21.51.04:936][  0]LogConfig: Setting CVar [[r.PostProcessAAQuality:4]]
[2026.05.07-21.51.04:936][  0]LogConfig: Applying CVar settings from Section [ShadowQuality@3] File [C:/Users/kapil/OneDrive/Documents/Unreal Projects/testTP/Saved/Config/Windows/Scalability.ini]
[2026.05.07-21.51.04:936][  0]LogConfig: Setting CVar [[r.LightFunctionQuality:1]]
[2026.05.07-21.51.04:936][  0]LogConfig: Setting CVar [[r.ShadowQuality:5]]
[2026.05.07-21.51.04:936][  0]LogConfig: Setting CVar [[r.Shadow.CSM.MaxCascades:10]]
[2026.05.07-21.51.04:936][  0]LogConfig: Setting CVar [[r.Shadow.MaxResolution:2048]]
[2026.05.07-21.51.04:936][  0]LogConfig: Setting CVar [[r.Shadow.MaxCSMResolution:2048]]
[2026.05.07-21.51.04:936][  0]LogConfig: Setting CVar [[r.Shadow.RadiusThreshold:0.01]]
[2026.05.07-21.51.04:936][  0]LogConfig: Setting CVar [[r.Shadow.DistanceScale:1.0]]
[2026.05.07-21.51.04:936][  0]LogConfig: Setting CVar [[r.Shadow.CSM.TransitionScale:1.0]]
[2026.05.07-21.51.04:936][  0]LogConfig: Setting CVar [[r.Shadow.PreShadowResolutionFactor:1.0]]
[2026.05.07-21.51.04:936][  0]LogConfig: Setting CVar [[r.DistanceFieldShadowing:1]]
[2026.05.07-21.51.04:936][  0]LogConfig: Setting CVar [[r.DistanceFieldAO:1]]
[2026.05.07-21.51.04:936][  0]LogConfig: Setting CVar [[r.AOQuality:2]]
[2026.05.07-21.51.04:936][  0]LogConfig: Setting CVar [[r.VolumetricFog:1]]
[2026.05.07-21.51.04:936][  0]LogConfig: Setting CVar [[r.VolumetricFog.GridPixelSize:8]]
[2026.05.07-21.51.04:936][  0]LogConfig: Setting CVar [[r.VolumetricFog.GridSizeZ:128]]
[2026.05.07-21.51.04:936][  0]LogConfig: Setting CVar [[r.VolumetricFog.HistoryMissSupersampleCount:4]]
[2026.05.07-21.51.04:936][  0]LogConfig: Setting CVar [[r.LightMaxDrawDistanceScale:1]]
[2026.05.07-21.51.04:936][  0]LogConfig: Setting CVar [[r.CapsuleShadows:1]]
[2026.05.07-21.51.04:936][  0]LogConfig: Applying CVar settings from Section [PostProcessQuality@3] File [C:/Users/kapil/OneDrive/Documents/Unreal Projects/testTP/Saved/Config/Windows/Scalability.ini]
[2026.05.07-21.51.04:936][  0]LogConfig: Setting CVar [[r.MotionBlurQuality:4]]
[2026.05.07-21.51.04:936][  0]LogConfig: Setting CVar [[r.AmbientOcclusionMipLevelFactor:0.4]]
[2026.05.07-21.51.04:936][  0]LogConfig: Setting CVar [[r.AmbientOcclusionMaxQuality:100]]
[2026.05.07-21.51.04:936][  0]LogConfig: Setting CVar [[r.AmbientOcclusionLevels:-1]]
[2026.05.07-21.51.04:936][  0]LogConfig: Setting CVar [[r.AmbientOcclusionRadiusScale:1.0]]
[2026.05.07-21.51.04:936][  0]LogConfig: Setting CVar [[r.DepthOfFieldQuality:2]]
[2026.05.07-21.51.04:936][  0]LogConfig: Setting CVar [[r.RenderTargetPoolMin:400]]
[2026.05.07-21.51.04:936][  0]LogConfig: Setting CVar [[r.LensFlareQuality:2]]
[2026.05.07-21.51.04:936][  0]LogConfig: Setting CVar [[r.SceneColorFringeQuality:1]]
[2026.05.07-21.51.04:936][  0]LogConfig: Setting CVar [[r.EyeAdaptationQuality:2]]
[2026.05.07-21.51.04:936][  0]LogConfig: Setting CVar [[r.BloomQuality:5]]
[2026.05.07-21.51.04:936][  0]LogConfig: Setting CVar [[r.FastBlurThreshold:100]]
[2026.05.07-21.51.04:936][  0]LogConfig: Setting CVar [[r.Upscale.Quality:3]]
[2026.05.07-21.51.04:936][  0]LogConfig: Setting CVar [[r.Tonemapper.GrainQuantization:1]]
[2026.05.07-21.51.04:936][  0]LogConfig: Setting CVar [[r.LightShaftQuality:1]]
[2026.05.07-21.51.04:936][  0]LogConfig: Setting CVar [[r.Filter.SizeScale:1]]
[2026.05.07-21.51.04:936][  0]LogConfig: Setting CVar [[r.Tonemapper.Quality:5]]
[2026.05.07-21.51.04:936][  0]LogConfig: Setting CVar [[r.DOF.Gather.AccumulatorQuality:1        ; higher gathering accumulator quality]]
[2026.05.07-21.51.04:936][  0]LogConfig: Setting CVar [[r.DOF.Gather.PostfilterMethod:1          ; Median3x3 postfilering method]]
[2026.05.07-21.51.04:936][  0]LogConfig: Setting CVar [[r.DOF.Gather.EnableBokehSettings:0       ; no bokeh simulation when gathering]]
[2026.05.07-21.51.04:936][  0]LogConfig: Setting CVar [[r.DOF.Gather.RingCount:4                 ; medium number of samples when gathering]]
[2026.05.07-21.51.04:936][  0]LogConfig: Setting CVar [[r.DOF.Scatter.ForegroundCompositing:1    ; additive foreground scattering]]
[2026.05.07-21.51.04:936][  0]LogConfig: Setting CVar [[r.DOF.Scatter.BackgroundCompositing:2    ; additive background scattering]]
[2026.05.07-21.51.04:936][  0]LogConfig: Setting CVar [[r.DOF.Scatter.EnableBokehSettings:1      ; bokeh simulation when scattering]]
[2026.05.07-21.51.04:936][  0]LogConfig: Setting CVar [[r.DOF.Scatter.MaxSpriteRatio:0.1         ; only a maximum of 10% of scattered bokeh]]
[2026.05.07-21.51.04:936][  0]LogConfig: Setting CVar [[r.DOF.Recombine.Quality:1                ; cheap slight out of focus]]
[2026.05.07-21.51.04:936][  0]LogConfig: Setting CVar [[r.DOF.Recombine.EnableBokehSettings:0    ; no bokeh simulation on slight out of focus]]
[2026.05.07-21.51.04:936][  0]LogConfig: Setting CVar [[r.DOF.TemporalAAQuality:1                ; more stable temporal accumulation]]
[2026.05.07-21.51.04:936][  0]LogConfig: Setting CVar [[r.DOF.Kernel.MaxForegroundRadius:0.025]]
[2026.05.07-21.51.04:936][  0]LogConfig: Setting CVar [[r.DOF.Kernel.MaxBackgroundRadius:0.025]]
[2026.05.07-21.51.04:936][  0]LogConfig: Applying CVar settings from Section [TextureQuality@3] File [C:/Users/kapil/OneDrive/Documents/Unreal Projects/testTP/Saved/Config/Windows/Scalability.ini]
[2026.05.07-21.51.04:936][  0]LogConfig: Setting CVar [[r.Streaming.MipBias:0]]
[2026.05.07-21.51.04:936][  0]LogConfig: Setting CVar [[r.Streaming.AmortizeCPUToGPUCopy:0]]
[2026.05.07-21.51.04:936][  0]LogConfig: Setting CVar [[r.Streaming.MaxNumTexturesToStreamPerFrame:0]]
[2026.05.07-21.51.04:936][  0]LogConfig: Setting CVar [[r.Streaming.Boost:1]]
[2026.05.07-21.51.04:936][  0]LogConfig: Setting CVar [[r.MaxAnisotropy:8]]
[2026.05.07-21.51.04:936][  0]LogConfig: Setting CVar [[r.VT.MaxAnisotropy:8]]
[2026.05.07-21.51.04:936][  0]LogConfig: Setting CVar [[r.Streaming.LimitPoolSizeToVRAM:0]]
[2026.05.07-21.51.04:937][  0]LogConfig: Setting CVar [[r.Streaming.PoolSize:1000]]
[2026.05.07-21.51.04:937][  0]LogConfig: Setting CVar [[r.Streaming.MaxEffectiveScreenSize:0]]
[2026.05.07-21.51.04:937][  0]LogConfig: Applying CVar settings from Section [EffectsQuality@3] File [C:/Users/kapil/OneDrive/Documents/Unreal Projects/testTP/Saved/Config/Windows/Scalability.ini]
[2026.05.07-21.51.04:937][  0]LogConfig: Setting CVar [[r.TranslucencyLightingVolumeDim:64]]
[2026.05.07-21.51.04:937][  0]LogConfig: Setting CVar [[r.RefractionQuality:2]]
[2026.05.07-21.51.04:937][  0]LogConfig: Setting CVar [[r.SSR.Quality:3]]
[2026.05.07-21.51.04:937][  0]LogConfig: Setting CVar [[r.SSR.HalfResSceneColor:0]]
[2026.05.07-21.51.04:937][  0]LogConfig: Setting CVar [[r.SceneColorFormat:4]]
[2026.05.07-21.51.04:937][  0]LogConfig: Setting CVar [[r.DetailMode:2]]
[2026.05.07-21.51.04:937][  0]LogConfig: Setting CVar [[r.TranslucencyVolumeBlur:1]]
[2026.05.07-21.51.04:937][  0]LogConfig: Setting CVar [[r.MaterialQualityLevel:1 ; High quality]]
[2026.05.07-21.51.04:937][  0]LogConfig: Setting CVar [[r.AnisotropicMaterials:1]]
[2026.05.07-21.51.04:937][  0]LogConfig: Setting CVar [[r.SSS.Scale:1]]
[2026.05.07-21.51.04:937][  0]LogConfig: Setting CVar [[r.SSS.SampleSet:2]]
[2026.05.07-21.51.04:937][  0]LogConfig: Setting CVar [[r.SSS.Quality:1]]
[2026.05.07-21.51.04:937][  0]LogConfig: Setting CVar [[r.SSS.HalfRes:0]]
[2026.05.07-21.51.04:937][  0]LogConfig: Setting CVar [[r.SSGI.Quality:3]]
[2026.05.07-21.51.04:937][  0]LogConfig: Setting CVar [[r.EmitterSpawnRateScale:1.0]]
[2026.05.07-21.51.04:937][  0]LogConfig: Setting CVar [[r.ParticleLightQuality:2]]
[2026.05.07-21.51.04:937][  0]LogConfig: Setting CVar [[r.SkyAtmosphere.AerialPerspectiveLUT.FastApplyOnOpaque:1 ; Always have FastSkyLUT 1 in this case to avoid wrong sky]]
[2026.05.07-21.51.04:937][  0]LogConfig: Setting CVar [[r.SkyAtmosphere.AerialPerspectiveLUT.SampleCountMaxPerSlice:4]]
[2026.05.07-21.51.04:937][  0]LogConfig: Setting CVar [[r.SkyAtmosphere.AerialPerspectiveLUT.DepthResolution:16.0]]
[2026.05.07-21.51.04:937][  0]LogConfig: Setting CVar [[r.SkyAtmosphere.FastSkyLUT:1]]
[2026.05.07-21.51.04:937][  0]LogConfig: Setting CVar [[r.SkyAtmosphere.FastSkyLUT.SampleCountMin:4.0]]
[2026.05.07-21.51.04:937][  0]LogConfig: Setting CVar [[r.SkyAtmosphere.FastSkyLUT.SampleCountMax:128.0]]
[2026.05.07-21.51.04:937][  0]LogConfig: Setting CVar [[r.SkyAtmosphere.SampleCountMin:4.0]]
[2026.05.07-21.51.04:937][  0]LogConfig: Setting CVar [[r.SkyAtmosphere.SampleCountMax:128.0]]
[2026.05.07-21.51.04:937][  0]LogConfig: Setting CVar [[r.SkyAtmosphere.TransmittanceLUT.UseSmallFormat:0]]
[2026.05.07-21.51.04:937][  0]LogConfig: Setting CVar [[r.SkyAtmosphere.TransmittanceLUT.SampleCount:10.0]]
[2026.05.07-21.51.04:937][  0]LogConfig: Setting CVar [[r.SkyAtmosphere.MultiScatteringLUT.SampleCount:15.0]]
[2026.05.07-21.51.04:937][  0]LogConfig: Setting CVar [[r.SkyLight.RealTimeReflectionCapture:1]]
[2026.05.07-21.51.04:937][  0]LogConfig: Applying CVar settings from Section [FoliageQuality@3] File [C:/Users/kapil/OneDrive/Documents/Unreal Projects/testTP/Saved/Config/Windows/Scalability.ini]
[2026.05.07-21.51.04:937][  0]LogConfig: Setting CVar [[foliage.DensityScale:1.0]]
[2026.05.07-21.51.04:937][  0]LogConfig: Setting CVar [[grass.DensityScale:1.0]]
[2026.05.07-21.51.04:937][  0]LogConfig: Applying CVar settings from Section [ShadingQuality@3] File [C:/Users/kapil/OneDrive/Documents/Unreal Projects/testTP/Saved/Config/Windows/Scalability.ini]
[2026.05.07-21.51.04:937][  0]LogConfig: Setting CVar [[r.HairStrands.SkyLighting.IntegrationType:2]]
[2026.05.07-21.51.04:937][  0]LogConfig: Setting CVar [[r.HairStrands.SkyAO.SampleCount:4]]
[2026.05.07-21.51.04:937][  0]LogConfig: Setting CVar [[r.HairStrands.Visibility.MSAA.SamplePerPixel:4]]
[2026.05.07-21.51.04:937][  0]LogConfig: Applying CVar settings from Section [Startup] File [../../../Engine/Config/ConsoleVariables.ini]
[2026.05.07-21.51.04:937][  0]LogConfig: Setting CVar [[net.UseAdaptiveNetUpdateFrequency:0]]
[2026.05.07-21.51.04:937][  0]LogConfig: Setting CVar [[p.chaos.AllowCreatePhysxBodies:1]]
[2026.05.07-21.51.04:937][  0]LogConfig: Setting CVar [[fx.SkipVectorVMBackendOptimizations:1]]
[2026.05.07-21.51.04:937][  0]LogConfig: Applying CVar settings from Section [ConsoleVariables] File [C:/Users/kapil/OneDrive/Documents/Unreal Projects/testTP/Saved/Config/Windows/Engine.ini]
[2026.05.07-21.51.04:937][  0]LogConfig: Applying CVar settings from Section [ConsoleVariables] File [C:/Users/kapil/OneDrive/Documents/Unreal Projects/testTP/Saved/Config/Windows/Editor.ini]
[2026.05.07-21.51.04:938][  0]LogInit: Computer: IMMERSEDEMOM5
[2026.05.07-21.51.04:938][  0]LogInit: User: kapil
[2026.05.07-21.51.04:938][  0]LogInit: CPU Page size=4096, Cores=14
[2026.05.07-21.51.04:938][  0]LogInit: High frequency timer resolution =10.000000 MHz
[2026.05.07-21.51.04:938][  0]LogMemory: Memory total: Physical=15.7GB (16GB approx)
[2026.05.07-21.51.04:938][  0]LogMemory: Platform Memory Stats for Windows
[2026.05.07-21.51.04:938][  0]LogMemory: Process Physical Memory: 151.05 MB used, 151.05 MB peak
[2026.05.07-21.51.04:938][  0]LogMemory: Process Virtual Memory: 129.02 MB used, 129.02 MB peak
[2026.05.07-21.51.04:938][  0]LogMemory: Physical Memory: 10218.44 MB used,  5850.26 MB free, 16068.70 MB total
[2026.05.07-21.51.04:938][  0]LogMemory: Virtual Memory: 134213368.00 MB used,  4358.81 MB free, 134217728.00 MB total
[2026.05.07-21.51.04:948][  0]LogWindows: WindowsPlatformFeatures enabled
[2026.05.07-21.51.05:155][  0]LogInit: Physics initialised using underlying interface: PhysX
[2026.05.07-21.51.05:155][  0]LogInit: Using OS detected language (en-US).
[2026.05.07-21.51.05:155][  0]LogInit: Using OS detected locale (en-US).
[2026.05.07-21.51.05:169][  0]LogTextLocalizationManager: No specific localization for 'en-US' exists, so the 'en' localization will be used.
[2026.05.07-21.51.05:417][  0]LogWindowsTextInputMethodSystem: Display: IME system deactivated.
[2026.05.07-21.51.05:457][  0]LogSlate: New Slate User Created.  User Index 0, Is Virtual User: 0
[2026.05.07-21.51.05:457][  0]LogSlate: Slate User Registered.  User Index 0, Is Virtual User: 0
[2026.05.07-21.51.05:487][  0]LogD3D11RHI: Loaded GFSDK_Aftermath_Lib.x64.dll
[2026.05.07-21.51.05:529][  0]LogHMD: Failed to initialize OpenVR with code 110
[2026.05.07-21.51.05:529][  0]LogD3D11RHI: D3D11 min allowed feature level: 11_0
[2026.05.07-21.51.05:529][  0]LogD3D11RHI: D3D11 max allowed feature level: 11_0
[2026.05.07-21.51.05:529][  0]LogD3D11RHI: D3D11 adapters:
[2026.05.07-21.51.05:706][  0]LogD3D11RHI:    0. 'NVIDIA GeForce RTX 4060 Laptop GPU' (Feature Level 11_0)
[2026.05.07-21.51.05:706][  0]LogD3D11RHI:       7957/0/8034 MB DedicatedVideo/DedicatedSystem/SharedSystem, Outputs:1, VendorId:0x10de
[2026.05.07-21.51.05:739][  0]LogD3D11RHI:    1. 'Intel(R) UHD Graphics' (Feature Level 11_0)
[2026.05.07-21.51.05:739][  0]LogD3D11RHI:       128/0/8034 MB DedicatedVideo/DedicatedSystem/SharedSystem, Outputs:0, VendorId:0x8086
[2026.05.07-21.51.05:742][  0]LogD3D11RHI:    2. 'Microsoft Basic Render Driver' (Feature Level 11_0)
[2026.05.07-21.51.05:742][  0]LogD3D11RHI:       0/0/8034 MB DedicatedVideo/DedicatedSystem/SharedSystem, Outputs:0, VendorId:0x1414
[2026.05.07-21.51.05:742][  0]LogD3D11RHI: Chosen D3D11 Adapter:
[2026.05.07-21.51.05:742][  0]LogD3D11RHI:     Description : NVIDIA GeForce RTX 4060 Laptop GPU
[2026.05.07-21.51.05:742][  0]LogD3D11RHI:     VendorId    : 10de
[2026.05.07-21.51.05:742][  0]LogD3D11RHI:     DeviceId    : 28e0
[2026.05.07-21.51.05:742][  0]LogD3D11RHI:     SubSysId    : bf81028
[2026.05.07-21.51.05:742][  0]LogD3D11RHI:     Revision    : 00a1
[2026.05.07-21.51.05:742][  0]LogD3D11RHI:     DedicatedVideoMemory : 8343519232 bytes
[2026.05.07-21.51.05:742][  0]LogD3D11RHI:     DedicatedSystemMemory : 0 bytes
[2026.05.07-21.51.05:742][  0]LogD3D11RHI:     SharedSystemMemory : 8424628224 bytes
[2026.05.07-21.51.05:742][  0]LogD3D11RHI:     AdapterLuid : 0 75339
[2026.05.07-21.51.05:749][  0]LogD3D11RHI: Creating new Direct3DDevice
[2026.05.07-21.51.05:749][  0]LogD3D11RHI:     GPU DeviceId: 0x28e0 (for the marketing name, search the web for "GPU Device Id")
[2026.05.07-21.51.05:749][  0]LogWindows: EnumDisplayDevices:
[2026.05.07-21.51.05:749][  0]LogWindows:    0. 'Intel(R) UHD Graphics' (P:1 D:1)
[2026.05.07-21.51.05:749][  0]LogWindows:    1. 'Intel(R) UHD Graphics' (P:0 D:0)
[2026.05.07-21.51.05:749][  0]LogWindows:    2. 'Intel(R) UHD Graphics' (P:0 D:0)
[2026.05.07-21.51.05:750][  0]LogWindows:    3. 'Intel(R) UHD Graphics' (P:0 D:0)
[2026.05.07-21.51.05:750][  0]LogWindows:    4. 'NVIDIA GeForce RTX 4060 Laptop GPU' (P:0 D:0)
[2026.05.07-21.51.05:750][  0]LogWindows: DebugString: PrimaryIsNotTheChoosenAdapter PrimaryIsNotTheChoosenAdapter PrimaryIsNotTheChoosenAdapter PrimaryIsNotTheChoosenAdapter 
[2026.05.07-21.51.05:750][  0]LogD3D11RHI:     Adapter Name: NVIDIA GeForce RTX 4060 Laptop GPU
[2026.05.07-21.51.05:750][  0]LogD3D11RHI:   Driver Version: 581.95 (internal:32.0.15.8195, unified:581.95)
[2026.05.07-21.51.05:750][  0]LogD3D11RHI:      Driver Date: 11-18-2025
[2026.05.07-21.51.05:750][  0]LogRHI: Texture pool is 5569 MB (70% of 7957 MB)
[2026.05.07-21.51.05:750][  0]LogD3D11RHI: Creating D3DDevice using adapter:
[2026.05.07-21.51.05:750][  0]LogD3D11RHI:     Description : NVIDIA GeForce RTX 4060 Laptop GPU
[2026.05.07-21.51.05:750][  0]LogD3D11RHI:     VendorId    : 10de
[2026.05.07-21.51.05:750][  0]LogD3D11RHI:     DeviceId    : 28e0
[2026.05.07-21.51.05:750][  0]LogD3D11RHI:     SubSysId    : bf81028
[2026.05.07-21.51.05:750][  0]LogD3D11RHI:     Revision    : 00a1
[2026.05.07-21.51.05:750][  0]LogD3D11RHI:     DedicatedVideoMemory : 8343519232 bytes
[2026.05.07-21.51.05:750][  0]LogD3D11RHI:     DedicatedSystemMemory : 0 bytes
[2026.05.07-21.51.05:750][  0]LogD3D11RHI:     SharedSystemMemory : 8424628224 bytes
[2026.05.07-21.51.05:750][  0]LogD3D11RHI:     AdapterLuid : 0 75339
[2026.05.07-21.51.05:850][  0]LogD3D11RHI: RHI has support for 64 bit atomics
[2026.05.07-21.51.05:851][  0]LogD3D11RHI: Async texture creation enabled
[2026.05.07-21.51.05:851][  0]LogD3D11RHI: Array index from any shader is supported
[2026.05.07-21.51.05:872][  0]LogD3D11RHI: GPU Timing Frequency: 1000.000000 (Debug: 2 1)
[2026.05.07-21.51.05:897][  0]LogRHI: GeForceNow SDK initialized: 1
[2026.05.07-21.51.06:134][  0]LogTargetPlatformManager: Display: Loaded TargetPlatform 'WindowsNoEditor'
[2026.05.07-21.51.06:139][  0]LogTargetPlatformManager: Display: Loaded TargetPlatform 'Windows'
[2026.05.07-21.51.06:143][  0]LogTargetPlatformManager: Display: Loaded TargetPlatform 'WindowsClient'
[2026.05.07-21.51.06:148][  0]LogTargetPlatformManager: Display: Loaded TargetPlatform 'WindowsServer'
[2026.05.07-21.51.06:148][  0]LogTargetPlatformManager: Display: Building Assets For Windows
[2026.05.07-21.51.06:201][  0]LogAudioDebug: Display: Lib vorbis DLL was dynamically loaded.
[2026.05.07-21.51.06:270][  0]LogTextureFormatOodle: Display: Oodle Texture 2.9.0 init RDO Off
[2026.05.07-21.51.06:390][  0]LogRendererCore: Ray tracing is disabled. Reason: r.RayTracing=0.
[2026.05.07-21.51.06:392][  0]LogShaderCompilers: Guid format shader working directory is -26 characters bigger than the processId version (../../../../../../Users/kapil/OneDrive/Documents/Unreal Projects/testTP/Intermediate/Shaders/WorkingDirectory/13668/).
[2026.05.07-21.51.06:393][  0]LogShaderCompilers: Cleaned the shader compiler working directory 'C:/Users/kapil/AppData/Local/Temp/UnrealShaderWorkingDir/578E086849ED12FA02A3859D4EA5D75B/'.
[2026.05.07-21.51.06:394][  0]LogXGEController: Cannot use XGE Controller as Incredibuild is not installed on this machine.
[2026.05.07-21.51.06:394][  0]LogShaderCompilers: Cannot use XGE Shader Compiler as Incredibuild is not installed on this machine.
[2026.05.07-21.51.06:394][  0]LogShaderCompilers: Display: Using Local Shader Compiler.
[2026.05.07-21.51.11:688][  0]LogDerivedDataCache: Display: Max Cache Size: 512 MB
[2026.05.07-21.51.11:784][  0]LogDerivedDataCache: Loaded boot cache 0.09s 94MB C:/Users/kapil/AppData/Local/UnrealEngine/4.27/DerivedDataCache/Boot.ddc.
[2026.05.07-21.51.11:784][  0]LogDerivedDataCache: Display: Loaded Boot cache: C:/Users/kapil/AppData/Local/UnrealEngine/4.27/DerivedDataCache/Boot.ddc
[2026.05.07-21.51.11:784][  0]LogDerivedDataCache: FDerivedDataBackendGraph:  Pak pak cache file ../../../../../../Users/kapil/OneDrive/Documents/Unreal Projects/testTP/DerivedDataCache/DDC.ddp not found, will not use a pak cache.
[2026.05.07-21.51.11:784][  0]LogDerivedDataCache: Unable to find inner node Pak for hierarchical cache Hierarchy.
[2026.05.07-21.51.11:784][  0]LogDerivedDataCache: FDerivedDataBackendGraph:  CompressedPak pak cache file ../../../../../../Users/kapil/OneDrive/Documents/Unreal Projects/testTP/DerivedDataCache/Compressed.ddp not found, will not use a pak cache.
[2026.05.07-21.51.11:784][  0]LogDerivedDataCache: Unable to find inner node CompressedPak for hierarchical cache Hierarchy.
[2026.05.07-21.51.11:809][  0]LogDerivedDataCache: Display: Pak cache opened for reading ../../../Engine/DerivedDataCache/Compressed.ddp.
[2026.05.07-21.51.11:809][  0]LogDerivedDataCache: FDerivedDataBackendGraph:  EnterprisePak pak cache file ../../../Enterprise/DerivedDataCache/Compressed.ddp not found, will not use a pak cache.
[2026.05.07-21.51.11:809][  0]LogDerivedDataCache: Unable to find inner node EnterprisePak for hierarchical cache Hierarchy.
[2026.05.07-21.51.12:043][  0]LogDerivedDataCache: Speed tests for C:/Users/kapil/AppData/Local/UnrealEngine/Common/DerivedDataCache took 0.23 seconds
[2026.05.07-21.51.12:043][  0]LogDerivedDataCache: Display: Performance to C:/Users/kapil/AppData/Local/UnrealEngine/Common/DerivedDataCache: Latency=0.25ms. RandomReadSpeed=4.35MBs, RandomWriteSpeed=54.70MBs. Assigned SpeedClass 'Local'
[2026.05.07-21.51.12:044][  0]LogDerivedDataCache: Using Local data cache path C:/Users/kapil/AppData/Local/UnrealEngine/Common/DerivedDataCache: Writable
[2026.05.07-21.51.12:044][  0]LogDerivedDataCache: Shared data cache path not found in *engine.ini, will not use an Shared cache.
[2026.05.07-21.51.12:044][  0]LogDerivedDataCache: Unable to find inner node Shared for hierarchical cache Hierarchy.
[2026.05.07-21.51.12:097][  0]LogSlate: Using FreeType 2.10.0
[2026.05.07-21.51.12:121][  0]LogSlate: SlateFontServices - WITH_FREETYPE: 1, WITH_HARFBUZZ: 1
[2026.05.07-21.51.12:213][  0]LogInit: Using OS detected language (en-US).
[2026.05.07-21.51.12:213][  0]LogInit: Using OS detected locale (en-US).
[2026.05.07-21.51.12:213][  0]LogTextLocalizationManager: No localization for 'en-US' exists, so 'en' will be used for the language.
[2026.05.07-21.51.12:213][  0]LogTextLocalizationManager: No localization for 'en-US' exists, so 'en' will be used for the locale.
[2026.05.07-21.51.12:213][  0]LogSlate: FontCache flush requested. Reason: Culture for localization was changed
[2026.05.07-21.51.12:213][  0]LogSlate: FontCache flush requested. Reason: Culture for localization was changed
[2026.05.07-21.51.12:218][  0]LogTextLocalizationManager: Compacting localization data took   0.01ms
[2026.05.07-21.51.12:218][  0]LogAssetRegistry: FAssetRegistry took 0.0023 seconds to start up
[2026.05.07-21.51.12:549][  0]LogPackageLocalizationCache: Processed 28 localized package path(s) for 1 prioritized culture(s) in 0.072558 seconds
[2026.05.07-21.51.12:607][  0]LogInit: Selected Device Profile: [Windows]
[2026.05.07-21.51.12:607][  0]LogInit: Active device profile: [0000018C073B4D00][0000018C01DE7580 49] Windows
[2026.05.07-21.51.12:607][  0]LogInit: Profiles: [0000018C073B4D00][0000018C01DE7580 49] Windows, [0000018C07382400][0000018C01DE36C0 49] WindowsNoEditor, [0000018C073B5C00][0000018C01DEB800 49] WindowsServer, [0000018C07383200][0000018C01DEF940 49] WindowsClient, [0000018C073B6900][0000018C0688BAC0 49] IOS, [0000018C07381B00][0000018C0688E0C0 49] iPadAir, [0000018C073B7E00][0000018C06892240 49] iPadAir2, [0000018C07329100][0000018C0689A500 49] IPadPro, [0000018C07329200][0000018C06896540 49] iPadAir3, [0000018C07380C00][0000018C0689E6C0 49] iPadAir4, [0000018C07329E00][0000018C068A2840 49] iPadMini2, [0000018C07383400][0000018C068A69C0 49] iPadMini3, [0000018C0732B900][0000018C068AAB40 49] iPadMini4, [0000018C07381000][0000018C068AECC0 49] iPadMini5, [0000018C073C0A00][0000018C068B6F80 49] iPhone6, [0000018C073C0B00][0000018C068B2FC0 49] iPodTouch6, [0000018C073B6D00][0000018C068BF280 49] iPhone7, [0000018C073B6E00][0000018C068BB2C0 49] iPodTouch7, [0000018C0732BE00][0000018C068C3440 49] iPhone5S, [0000018C073B4E00][0000018C068C75C0 49] iPhone6Plus, [0000018C073C0100][0000018C06887700 49] iPhone6S, [0000018C07328300][0000018C068CB840 49] iPhone6SPlus, [0000018C073C2900][0000018C068CF980 49] iPhone7Plus, [0000018C0732A200][0000018C06A13AC0 49] iPhoneSE, [0000018C073C2700][0000018C06A1A0C0 49] iPhone8, [0000018C07328700][0000018C06A1E240 49] iPhone8Plus, [0000018C073C3200][0000018C06A223C0 49] iPhoneX, [0000018C073B5500][0000018C06A26540 49] iPhoneXS, [0000018C073C2C00][0000018C06A2A6C0 49] iPhoneXSMax, [0000018C073B5A00][0000018C06A2E840 49] iPhoneXR, [0000018C073C0600][0000018C06A329C0 49] iPhone11, [0000018C073B4F00][0000018C06A36B40 49] iPhone11Pro, [0000018C073C1B00][0000018C06A3ACC0 49] iPhone11ProMax, [0000018C073B7300][0000018C06A3EE40 49] iPhoneSE2, [0000018C073C3B00][0000018C06A42FC0 49] iPhone12Mini, [0000018C073B6300][0000018C06A47140 49] iPhone12, [0000018C073C1000][0000018C06A4B2C0 49] iPhone12Pro, [0000018C073B7F00][0000018C06A4F440 49] iPhone12ProMax, [0000018C073C1600][0000018C06A535C0 49] iPadPro105, [0000018C073B4900][0000018C06A57740 49] iPadPro129, [0000018C073C3E00][0000018C06A5B8C0 49] iPadPro97, [0000018C073B7700][0000018C06A17A00 49] iPadPro2_129, [0000018C073C0D00][0000018C07DC1B40 49] iPad5, [0000018C073B5F00][0000018C07DC4100 49] iPad6, [0000018C073C1200][0000018C07DCC280 49] iPad7, [0000018C073B5100][0000018C07DD0400 49] iPad8, [0000018C073C2400][0000018C07DD4580 49] iPadPro11, [0000018C073B7B00][0000018C07DD8700 49] iPadPro2_11, [0000018C073C3F00][0000018C07DDC880 49] iPadPro3_129, [0000018C073B7800][0000018C07DE0A00 49] iPadPro4_129, [0000018C073C2A00][0000018C07DE4B80 49] AppleTV, [0000018C073B6600][0000018C07DE8D00 49] AppleTV4K, [0000018C073C0F00][0000018C07DECE80 49] TVOS, [0000018C073B5800][0000018C07DF1000 49] Mac, [0000018C073C1400][0000018C07DF5180 49] MacClient, [0000018C073B6400][0000018C07DF9300 49] MacNoEditor, [0000018C073C2F00][0000018C07DFD480 49] MacServer, [0000018C073B5400][0000018C07E01600 49] Linux, [0000018C073C1F00][0000018C07E05780 49] LinuxAArch64, [0000018C073B4700][0000018C07E09900 49] LinuxNoEditor, [0000018C073C3300][0000018C07E0DA80 49] LinuxAArch64NoEditor, [0000018C073B5600][0000018C07DC9BC0 49] LinuxClient, [0000018C073C0800][0000018C07E10180 49] LinuxAArch64Client, [0000018C073B4200][0000018C07E142C0 49] LinuxServer, [0000018C073C1100][0000018C07E1C440 49] LinuxAArch64Server, [0000018C073B5000][0000018C07E205C0 49] Android, [0000018C073C3700][0000018C07E24740 49] Android_Low, [0000018C073B7C00][0000018C07E288C0 49] Android_Mid, [0000018C073C3900][0000018C07E2CA40 49] Android_High, [0000018C073B7400][0000018C07E30BC0 49] Android_Default, [0000018C073C0900][0000018C07E34D40 49] Android_Adreno4xx, [0000018C073B7500][0000018C07E38EC0 49] Android_Adreno5xx_Low, [0000018C073C2500][0000018C07E3D040 49] Android_Adreno5xx, [0000018C073B6500][0000018C07E411C0 49] Android_Adreno6xx, [0000018C07380500][0000018C07E45340 49] Android_Adreno6xx_Vulkan, [0000018C0732B600][0000018C07E494C0 49] Android_Mali_T6xx, [0000018C07380600][0000018C07E4D640 49] Android_Mali_T7xx, [0000018C0732BA00][0000018C07E517C0 49] Android_Mali_T8xx, [0000018C07380100][0000018C07E55940 49] Android_Mali_G71, [0000018C0732B500][0000018C07E59AC0 49] Android_Mali_G72, [0000018C07380400][0000018C07E5C0C0 49] Android_Mali_G72_Vulkan, [0000018C07329800][0000018C07E18200 49] Android_Mali_G76, [0000018C07383900][0000018C07E60340 49] Android_Mali_G76_Vulkan, [0000018C0732AA00][0000018C07E64480 49] Android_Mali_G77, [0000018C07383300][0000018C07E685C0 49] Android_Mali_G77_Vulkan, [0000018C07329600][0000018C07E70740 49] Android_Mali_G78, [0000018C07382300][0000018C07E748C0 49] Android_Mali_G78_Vulkan, [0000018C07328600][0000018C07E78A40 49] Android_Mali_G710, [0000018C07380300][0000018C07E7CBC0 49] Android_Mali_G710_Vulkan, [0000018C07328200][0000018C07E80D40 49] Android_Vulkan_SM5, [0000018C07380200][0000018C07E84EC0 49] Android_PowerVR_G6xxx, [0000018C0732A500][0000018C07E89040 49] Android_PowerVR_GT7xxx, [0000018C07382700][0000018C07E8D1C0 49] Android_PowerVR_GE8xxx, [0000018C07329300][0000018C07E91340 49] Android_PowerVR_GM9xxx, [0000018C07380D00][0000018C07E954C0 49] Android_PowerVR_GM9xxx_Vulkan, [0000018C0732BD00][0000018C07E99640 49] Android_TegraK1, [0000018C07382A00][0000018C07E9D7C0 49] Android_Unknown_Vulkan, [0000018C0732B200][0000018C07EA1940 49] Lumin, [0000018C07380A00][0000018C07EA5AC0 49] Lumin_Desktop, [0000018C0732B300][0000018C07EA80C0 49] HoloLens, 
[2026.05.07-21.51.12:795][  0]LogMeshReduction: Using QuadricMeshReduction for automatic static mesh reduction
[2026.05.07-21.51.12:795][  0]LogMeshReduction: Using SimplygonMeshReduction for automatic skeletal mesh reduction
[2026.05.07-21.51.12:795][  0]LogMeshReduction: Using ProxyLODMeshReduction for automatic mesh merging
[2026.05.07-21.51.12:795][  0]LogMeshReduction: No distributed automatic mesh merging module available
[2026.05.07-21.51.12:796][  0]LogMeshMerging: No distributed automatic mesh merging module available
[2026.05.07-21.51.12:943][  0]LogNetVersion: testTP 1.0.0, NetCL: 17155196, EngineNetVer: 17, GameNetVer: 0 (Checksum: 3966549976)
[2026.05.07-21.51.13:991][  0]LogTexture: Default maximum texture size for cubemaps generated from long-lat sources has been changed from 512 to unlimited. In order to preserve old behaiour for '/Engine/MapTemplates/Sky/DaylightAmbientCubemap.DaylightAmbientCubemap', its maximum texture size has been explicitly set to 512.
[2026.05.07-21.51.14:132][  0]LogHMD: PokeAHoleMaterial loaded successfully
[2026.05.07-21.51.14:393][  0]LogMoviePlayer: Initializing movie player
[2026.05.07-21.51.14:564][  0]LogNiagaraDebuggerClient: Niagara Debugger Client Initialized | Session: 731F074A46EB2988A4C7FD9C2FAED5E4 | Instance: 2202AF2E41FE9BBD4055C2A75BD9405D (IMMERSEDEMOM5-13668).
[2026.05.07-21.51.14:608][  0]LogCollectionManager: Loaded 0 collections in 0.001382 seconds
[2026.05.07-21.51.14:611][  0]LogFileCache: Scanning file cache for directory 'C:/Users/kapil/OneDrive/Documents/Unreal Projects/testTP/Saved/Collections/' took 0.00s
[2026.05.07-21.51.14:611][  0]LogFileCache: Scanning file cache for directory 'C:/Users/kapil/OneDrive/Documents/Unreal Projects/testTP/Content/Developers/kapil/Collections/' took 0.00s
[2026.05.07-21.51.14:611][  0]LogFileCache: Scanning file cache for directory 'C:/Users/kapil/OneDrive/Documents/Unreal Projects/testTP/Content/Collections/' took 0.00s
[2026.05.07-21.51.14:611][  0]LogCollectionManager: Fixed up redirectors for 0 collections in 0.000002 seconds (updated 0 objects)
[2026.05.07-21.51.14:820][  0]LogPython: Using Python 3.7.7
[2026.05.07-21.51.15:426][  0]LogAkAudio: Wwise(R) SDK Version 2019.2.15 Build 7667. Copyright (c) 2006-2019 Audiokinetic Inc.
[2026.05.07-21.51.15:426][  0]LogAkAudio: Wwise plug-in DLL path: C:/Users/kapil/OneDrive/Documents/Unreal Projects/testTP/Plugins/Wwise/ThirdParty/x64_vc150/Profile/bin/
[2026.05.07-21.51.15:427][  0]LogAkAudio: Wwise remote connection application name: testTP
[2026.05.07-21.51.15:427][  0]LogAkAudio: Wwise successfully initialized.
[2026.05.07-21.51.15:429][  0]LogAkAudio: Error: Could not find plug-in dynamic library: ImmerseAudioRenderer
[2026.05.07-21.51.15:429][  0]LogAkAudio: Error: Plug-in not found: 6558339
[2026.05.07-21.51.15:429][  0]LogAkAudio: Initialization complete.
[2026.05.07-21.51.15:429][  0]LogInit: Audiokinetic Audio Device initialized.
[2026.05.07-21.51.15:709][  0]SourceControl: Source control is disabled
[2026.05.07-21.51.15:709][  0]SourceControl: Source control is disabled
[2026.05.07-21.51.15:713][  0]SourceControl: Source control is disabled
[2026.05.07-21.51.15:717][  0]LogUProjectInfo: Found projects:
[2026.05.07-21.51.15:857][  0]LogOpenImageDenoise: OIDN starting up
[2026.05.07-21.51.15:869][  0]LogAndroidPermission: UAndroidPermissionCallbackProxy::GetInstance
[2026.05.07-21.51.15:911][  0]LogAudioCaptureCore: Display: No Audio Capture implementations found. Audio input will be silent.
[2026.05.07-21.51.15:911][  0]LogAudioCaptureCore: Display: No Audio Capture implementations found. Audio input will be silent.
[2026.05.07-21.51.15:979][  0]LogOcInput: OculusInput pre-init called
[2026.05.07-21.51.15:990][  0]LogUObjectArray: 22811 objects as part of root set at end of initial load.
[2026.05.07-21.51.15:990][  0]LogUObjectAllocator: 6215680 out of 0 bytes used by permanent object pool.
[2026.05.07-21.51.15:990][  0]LogUObjectArray: CloseDisregardForGC: 0/0 objects in disregard for GC pool
[2026.05.07-21.51.16:107][  0]LogClass: Display: EnumProperty FAkExternalSourceInfo::CodecID is not initialized properly. Module:AkAudio File:Classes/AkGameplayTypes.h
[2026.05.07-21.51.16:108][  0]LogClass: Warning: ObjectProperty FAkExternalSourceInfo::ExternalSourceAsset is not initialized properly. Module:AkAudio File:Classes/AkGameplayTypes.h
[2026.05.07-21.51.16:108][  0]LogClass: Display: IntProperty FAkChannelMask::ChannelMask is not initialized properly. Module:AkAudio File:Classes/AkGameplayTypes.h
[2026.05.07-21.51.16:109][  0]LogClass: Display: 3 Uninitialized script struct members found including 1 object properties
[2026.05.07-21.51.16:112][  0]LogAutomationTest: Warning: ObjectProperty FAkExternalSourceInfo::ExternalSourceAsset is not initialized properly. Module:AkAudio File:Classes/AkGameplayTypes.h
[2026.05.07-21.51.16:113][  0]LogEngine: Initializing Engine...
[2026.05.07-21.51.16:159][  0]LogHMD: Failed to enumerate extensions. Please check that you have a valid OpenXR runtime installed.
[2026.05.07-21.51.16:159][  0]LogHMD: Failed to initialize OpenVR with code 110
[2026.05.07-21.51.16:159][  0]LogMagicLeap: Warning: VR disabled because ZI is not enabled.  To enable, in the editor, Edit -> Project Settings -> Plugins -> Magic Leap Plugin -> Enable Zero Iteration
[2026.05.07-21.51.16:164][  0]LogStats: UGameplayTagsManager::InitializeManager -  0.001 s
[2026.05.07-21.51.16:421][  0]LogInit: Initializing FReadOnlyCVARCache
[2026.05.07-21.51.16:421][  0]LogAudio: Display: Initializing Audio Device Manager...
[2026.05.07-21.51.16:424][  0]LogAudio: Display: Loading Default Audio Settings Objects...
[2026.05.07-21.51.16:431][  0]LogAudio: Display: No default SoundConcurrencyObject specified (or failed to load).
[2026.05.07-21.51.16:432][  0]LogAudio: Display: Audio Device Manager Initialized
[2026.05.07-21.51.16:432][  0]LogAudio: Display: Creating Audio Device:                 Id: 1, Scope: Shared, Realtime: True
[2026.05.07-21.51.16:433][  0]LogAudioMixer: Display: Audio Mixer Platform Settings:
[2026.05.07-21.51.16:433][  0]LogAudioMixer: Display: 	Sample Rate:						  48000
[2026.05.07-21.51.16:433][  0]LogAudioMixer: Display: 	Callback Buffer Frame Size Requested: 1024
[2026.05.07-21.51.16:433][  0]LogAudioMixer: Display: 	Callback Buffer Frame Size To Use:	  1024
[2026.05.07-21.51.16:433][  0]LogAudioMixer: Display: 	Number of buffers to queue:			  2
[2026.05.07-21.51.16:433][  0]LogAudioMixer: Display: 	Max Channels (voices):				  32
[2026.05.07-21.51.16:433][  0]LogAudioMixer: Display: 	Number of Async Source Workers:		  0
[2026.05.07-21.51.16:433][  0]LogAudio: Display: AudioDevice MaxSources: 32
[2026.05.07-21.51.16:436][  0]LogAudio: Display: Audio Spatialization Plugin: None (built-in).
[2026.05.07-21.51.16:436][  0]LogAudio: Display: Audio Reverb Plugin: None (built-in).
[2026.05.07-21.51.16:436][  0]LogAudio: Display: Audio Occlusion Plugin: None (built-in).
[2026.05.07-21.51.16:436][  0]LogAudioMixer: Display: Initializing audio mixer.
[2026.05.07-21.51.16:456][  0]LogAudioMixer: Display: 0: FrontLeft
[2026.05.07-21.51.16:456][  0]LogAudioMixer: Display: 1: FrontRight
[2026.05.07-21.51.16:493][  0]LogAudioMixer: Display: Using Audio Device Speakers (2- Realtek(R) Audio)
[2026.05.07-21.51.16:521][  0]LogAudioMixer: Display: Initializing Sound Submixes...
[2026.05.07-21.51.16:547][  0]LogAudioMixer: Display: Creating Master Submix 'MasterSubmixDefault'
[2026.05.07-21.51.16:547][  0]LogAudioMixer: Display: Creating Master Submix 'MasterReverbSubmixDefault'
[2026.05.07-21.51.16:551][  0]LogAudioMixer: Display: Creating Master Submix 'MasterEQSubmixDefault'
[2026.05.07-21.51.16:552][  0]LogAudioMixer: FMixerPlatformXAudio2::StartAudioStream() called
[2026.05.07-21.51.16:552][  0]LogAudioMixer: Display: Output buffers initialized: Frames=1024, Channels=2, Samples=2048
[2026.05.07-21.51.16:553][  0]LogAudioMixer: Display: Starting AudioMixerPlatformInterface::RunInternal()
[2026.05.07-21.51.16:553][  0]LogAudioMixer: Display: FMixerPlatformXAudio2::SubmitBuffer() called for the first time
[2026.05.07-21.51.16:553][  0]LogInit: FAudioDevice initialized.
[2026.05.07-21.51.16:556][  0]LogNetVersion: Set ProjectVersion to 1.0.0.0. Version Checksum will be recalculated on next use.
[2026.05.07-21.51.16:601][  0]LogDerivedDataCache: Saved boot cache 0.05s 94MB C:/Users/kapil/AppData/Local/UnrealEngine/4.27/DerivedDataCache/Boot.ddc.
[2026.05.07-21.51.16:602][  0]LogInit: Texture streaming: Enabled
[2026.05.07-21.51.16:815][  0]LogAudio: Display: Audio Device (ID: 1) registered with world 'Untitled'.
[2026.05.07-21.51.16:819][  0]LogSlate: Updating window title bar state: overlay mode, drag disabled, window buttons hidden, title bar hidden
[2026.05.07-21.51.16:821][  0]LogInit: Display: Game Engine Initialized.
[2026.05.07-21.51.16:822][  0]LogNiagaraEditor: GEditor isn't valid! Particle reset commands will not work for Niagara components!
[2026.05.07-21.51.16:926][  0]LogInit: Display: Starting Game.
[2026.05.07-21.51.16:926][  0]LogNet: Browse: /Game/ThirdPersonBP/Maps/ThirdPersonExampleMap?Name=Player
[2026.05.07-21.51.16:927][  0]LogLoad: LoadMap: /Game/ThirdPersonBP/Maps/ThirdPersonExampleMap?Name=Player
[2026.05.07-21.51.16:927][  0]LogWorld: BeginTearingDown for /Temp/Untitled_0
[2026.05.07-21.51.16:930][  0]LogWorld: UWorld::CleanupWorld for Untitled, bSessionEnded=true, bCleanupResources=true
[2026.05.07-21.51.16:932][  0]LogSlate: InvalidateAllWidgets triggered.  All widgets were invalidated
[2026.05.07-21.51.16:941][  0]LogAudio: Display: Audio Device unregistered from world 'None'.
[2026.05.07-21.51.16:948][  0]LogUObjectHash: Compacting FUObjectHashTables data took   0.54ms
[2026.05.07-21.51.17:421][  0]LogAudio: Display: Audio Device (ID: 1) registered with world 'ThirdPersonExampleMap'.
[2026.05.07-21.51.17:437][  0]LogAIModule: Creating AISystem for world ThirdPersonExampleMap
[2026.05.07-21.51.17:444][  0]LogLoad: Game class is 'ThirdPersonGameMode_C'
[2026.05.07-21.51.17:460][  0]LogWorld: Bringing World /Game/ThirdPersonBP/Maps/ThirdPersonExampleMap.ThirdPersonExampleMap up for play (max tick rate 0) at 2026.05.07-14.51.17
[2026.05.07-21.51.17:461][  0]LogWorld: Bringing up level for play took: 0.015225
[2026.05.07-21.51.17:470][  0]LogTemp: Display: [ImmerseStress] Ready. Defaults: event=SwordHits bus=7p1p4 shareset=Immerse_Audio_Renderer_(Custom)
[2026.05.07-21.51.17:477][  0]LogTemp: Display: [ImmerseStress] PLAN START  steps=8 (concurrency=4 × immerse{off,on}) rate=60.0Hz life=250ms warmup=2.0s phase=15.0s cooldown=2.0s CSV=../../../../../../Users/kapil/OneDrive/Documents/Unreal Projects/testTP/Saved/ImmerseStress/run_20260507_145117.csv
[2026.05.07-21.51.18:761][  0]LogWindows: Error: === Critical error: ===
[2026.05.07-21.51.18:761][  0]LogWindows: Error: 
[2026.05.07-21.51.18:761][  0]LogWindows: Error: Fatal error!
[2026.05.07-21.51.18:761][  0]LogWindows: Error: 
[2026.05.07-21.51.18:761][  0]LogWindows: Error: Unhandled Exception: EXCEPTION_ACCESS_VIOLATION writing address 0x00000000000000ac
[2026.05.07-21.51.18:761][  0]LogWindows: Error: 
[2026.05.07-21.51.18:761][  0]LogWindows: Error: [Callstack] 0x00007fffe096707f UE4Editor-testTP.dll!CAkAudioMgr::ReserveForWrite() [d:\jenkins\ws\wwise_v2019.2\wwise\sdk\source\soundengine\akaudiolib\common\akaudiomgr.cpp:204]
[2026.05.07-21.51.18:761][  0]LogWindows: Error: [Callstack] 0x00007fffe09671a7 UE4Editor-testTP.dll!CAkAudioMgr::ReserveQueue() [d:\jenkins\ws\wwise_v2019.2\wwise\sdk\source\soundengine\akaudiolib\common\akaudiomgr.cpp:413]
[2026.05.07-21.51.18:761][  0]LogWindows: Error: [Callstack] 0x00007fffe093d561 UE4Editor-testTP.dll!AK::SoundEngine::SetMixer() [d:\jenkins\ws\wwise_v2019.2\wwise\sdk\source\soundengine\akaudiolib\common\akaudiolib.cpp:5231]
[2026.05.07-21.51.18:761][  0]LogWindows: Error: [Callstack] 0x00007fffe092b70b UE4Editor-testTP.dll!AImmerseStressTestActor::BypassImmerse() [C:\Users\kapil\OneDrive\Documents\Unreal Projects\testTP\Source\testTP\Private\ImmerseStressTestActor.cpp:217]
[2026.05.07-21.51.18:761][  0]LogWindows: Error: [Callstack] 0x00007fffe092c88b UE4Editor-testTP.dll!AImmerseStressTestActor::EnterPhase() [C:\Users\kapil\OneDrive\Documents\Unreal Projects\testTP\Source\testTP\Private\ImmerseStressTestActor.cpp:399]
[2026.05.07-21.51.18:761][  0]LogWindows: Error: [Callstack] 0x00007fffe092f695 UE4Editor-testTP.dll!AImmerseStressTestActor::RunPlan() [C:\Users\kapil\OneDrive\Documents\Unreal Projects\testTP\Source\testTP\Private\ImmerseStressTestActor.cpp:359]
[2026.05.07-21.51.18:761][  0]LogWindows: Error: [Callstack] 0x00007ffffd0c0c1f UE4Editor-Engine.dll!UnknownFunction []
[2026.05.07-21.51.18:761][  0]LogWindows: Error: [Callstack] 0x00007ffffd0e51bb UE4Editor-Engine.dll!UnknownFunction []
[2026.05.07-21.51.18:761][  0]LogWindows: Error: [Callstack] 0x00007ffffd0ce8b0 UE4Editor-Engine.dll!UnknownFunction []
[2026.05.07-21.51.18:761][  0]LogWindows: Error: [Callstack] 0x00007ffffd0e879b UE4Editor-Engine.dll!UnknownFunction []
[2026.05.07-21.51.18:761][  0]LogWindows: Error: [Callstack] 0x00007ffffd9fa466 UE4Editor-Engine.dll!UnknownFunction []
[2026.05.07-21.51.18:761][  0]LogWindows: Error: [Callstack] 0x00007fffe0931b8a UE4Editor-testTP.dll!FtestTPModule::OnPostLoadMap() [C:\Users\kapil\OneDrive\Documents\Unreal Projects\testTP\Source\testTP\testTP.cpp:39]
[2026.05.07-21.51.18:761][  0]LogWindows: Error: [Callstack] 0x00007fffe09318dd UE4Editor-testTP.dll!TBaseStaticDelegateInstance<void __cdecl(UWorld *),FDefaultDelegateUserPolicy>::ExecuteIfSafe() [C:\Program Files\Epic Games\UE_4.27\Engine\Source\Runtime\Core\Public\Delegates\DelegateInstancesImpl.h:731]
[2026.05.07-21.51.18:761][  0]LogWindows: Error: [Callstack] 0x00007ffffd6ae8d0 UE4Editor-Engine.dll!UnknownFunction []
[2026.05.07-21.51.18:761][  0]LogWindows: Error: [Callstack] 0x00007ffffe39e647 UE4Editor-Engine.dll!UnknownFunction []
[2026.05.07-21.51.18:761][  0]LogWindows: Error: [Callstack] 0x00007ffffe3489a3 UE4Editor-Engine.dll!UnknownFunction []
[2026.05.07-21.51.18:761][  0]LogWindows: Error: [Callstack] 0x00007ffffd82dbfe UE4Editor-Engine.dll!UnknownFunction []
[2026.05.07-21.51.18:761][  0]LogWindows: Error: [Callstack] 0x00007ff619313290 UE4Editor.exe!UnknownFunction []
[2026.05.07-21.51.18:761][  0]LogWindows: Error: [Callstack] 0x00007ff619330e42 UE4Editor.exe!UnknownFunction []
[2026.05.07-21.51.18:761][  0]LogWindows: Error: [Callstack] 0x00007ff6193310ba UE4Editor.exe!UnknownFunction []
[2026.05.07-21.51.18:761][  0]LogWindows: Error: [Callstack] 0x00007ff6193340dd UE4Editor.exe!UnknownFunction []
[2026.05.07-21.51.18:761][  0]LogWindows: Error: [Callstack] 0x00007ff619345984 UE4Editor.exe!UnknownFunction []
[2026.05.07-21.51.18:761][  0]LogWindows: Error: [Callstack] 0x00007ff61934853a UE4Editor.exe!UnknownFunction []
[2026.05.07-21.51.18:761][  0]LogWindows: Error: [Callstack] 0x00007ff90b36e8d7 KERNEL32.DLL!UnknownFunction []
[2026.05.07-21.51.18:761][  0]LogWindows: Error: [Callstack] 0x00007ff90caac3fc ntdll.dll!UnknownFunction []
[2026.05.07-21.51.18:761][  0]LogWindows: Error: 
[2026.05.07-21.51.18:766][  0]LogExit: Executing StaticShutdownAfterError
[2026.05.07-21.51.18:779][  0]LogWindows: FPlatformMisc::RequestExit(1)
[2026.05.07-21.51.18:779][  0]LogWindows: FPlatformMisc::RequestExitWithStatus(1, 3)
[2026.05.07-21.51.18:779][  0]LogCore: Engine exit requested (reason: Win RequestExit)
[2026.05.07-21.51.18:786][  0]Log file closed, 05/07/26 14:51:18
