[2026.05.08-20.27.31:857][  0]LogPython: Using Python 3.7.7
[2026.05.08-20.27.32:356][  0]LogAkAudio: Wwise(R) SDK Version 2019.2.15 Build 7667. Copyright (c) 2006-2019 Audiokinetic Inc.
[2026.05.08-20.27.32:359][  0]LogAkAudio: Wwise plug-in DLL path: C:/Users/kapil/OneDrive/Documents/Unreal Projects/testTP/Plugins/Wwise/ThirdParty/x64_vc150/Profile/bin/
[2026.05.08-20.27.32:362][  0]LogAkAudio: Wwise remote connection application name: testTP
[2026.05.08-20.27.32:362][  0]LogAkAudio: Wwise successfully initialized.
[2026.05.08-20.27.32:369][  0]LogAkAudio: Initialization complete.
[2026.05.08-20.27.32:369][  0]LogInit: Audiokinetic Audio Device initialized.
[2026.05.08-20.27.32:500][  0]SourceControl: Source control is disabled
[2026.05.08-20.27.32:500][  0]SourceControl: Source control is disabled
[2026.05.08-20.27.32:509][  0]SourceControl: Source control is disabled
[2026.05.08-20.27.32:521][  0]LogUProjectInfo: Found projects:
[2026.05.08-20.27.32:619][  0]LogOpenImageDenoise: OIDN starting up
[2026.05.08-20.27.32:660][  0]LogAndroidPermission: UAndroidPermissionCallbackProxy::GetInstance
[2026.05.08-20.27.32:670][  0]LogAudioCaptureCore: Display: No Audio Capture implementations found. Audio input will be silent.
[2026.05.08-20.27.32:670][  0]LogAudioCaptureCore: Display: No Audio Capture implementations found. Audio input will be silent.
[2026.05.08-20.27.32:744][  0]LogOcInput: OculusInput pre-init called
[2026.05.08-20.27.32:754][  0]LogUObjectArray: 22811 objects as part of root set at end of initial load.
[2026.05.08-20.27.32:754][  0]LogUObjectAllocator: 6215680 out of 0 bytes used by permanent object pool.
[2026.05.08-20.27.32:754][  0]LogUObjectArray: CloseDisregardForGC: 0/0 objects in disregard for GC pool
[2026.05.08-20.27.32:851][  0]LogClass: Display: EnumProperty FAkExternalSourceInfo::CodecID is not initialized properly. Module:AkAudio File:Classes/AkGameplayTypes.h
[2026.05.08-20.27.32:851][  0]LogClass: Warning: ObjectProperty FAkExternalSourceInfo::ExternalSourceAsset is not initialized properly. Module:AkAudio File:Classes/AkGameplayTypes.h
[2026.05.08-20.27.32:851][  0]LogClass: Display: IntProperty FAkChannelMask::ChannelMask is not initialized properly. Module:AkAudio File:Classes/AkGameplayTypes.h
[2026.05.08-20.27.32:852][  0]LogClass: Display: 3 Uninitialized script struct members found including 1 object properties
[2026.05.08-20.27.32:854][  0]LogAutomationTest: Warning: ObjectProperty FAkExternalSourceInfo::ExternalSourceAsset is not initialized properly. Module:AkAudio File:Classes/AkGameplayTypes.h
[2026.05.08-20.27.32:856][  0]LogEngine: Initializing Engine...
[2026.05.08-20.27.32:864][  0]LogHMD: Failed to enumerate extensions. Please check that you have a valid OpenXR runtime installed.
[2026.05.08-20.27.32:864][  0]LogHMD: Failed to initialize OpenVR with code 110
[2026.05.08-20.27.32:864][  0]LogMagicLeap: Warning: VR disabled because ZI is not enabled.  To enable, in the editor, Edit -> Project Settings -> Plugins -> Magic Leap Plugin -> Enable Zero Iteration
[2026.05.08-20.27.32:868][  0]LogStats: UGameplayTagsManager::InitializeManager -  0.001 s
[2026.05.08-20.27.32:963][  0]LogInit: Initializing FReadOnlyCVARCache
[2026.05.08-20.27.32:963][  0]LogAudio: Display: Initializing Audio Device Manager...
[2026.05.08-20.27.32:967][  0]LogAudio: Display: Loading Default Audio Settings Objects...
[2026.05.08-20.27.32:968][  0]LogAudio: Display: No default SoundConcurrencyObject specified (or failed to load).
[2026.05.08-20.27.32:970][  0]LogAudio: Display: Audio Device Manager Initialized
[2026.05.08-20.27.32:970][  0]LogAudio: Display: Creating Audio Device:                 Id: 1, Scope: Shared, Realtime: True
[2026.05.08-20.27.32:970][  0]LogAudioMixer: Display: Audio Mixer Platform Settings:
[2026.05.08-20.27.32:970][  0]LogAudioMixer: Display: 	Sample Rate:						  48000
[2026.05.08-20.27.32:970][  0]LogAudioMixer: Display: 	Callback Buffer Frame Size Requested: 1024
[2026.05.08-20.27.32:970][  0]LogAudioMixer: Display: 	Callback Buffer Frame Size To Use:	  1024
[2026.05.08-20.27.32:970][  0]LogAudioMixer: Display: 	Number of buffers to queue:			  2
[2026.05.08-20.27.32:970][  0]LogAudioMixer: Display: 	Max Channels (voices):				  32
[2026.05.08-20.27.32:970][  0]LogAudioMixer: Display: 	Number of Async Source Workers:		  0
[2026.05.08-20.27.32:970][  0]LogAudio: Display: AudioDevice MaxSources: 32
[2026.05.08-20.27.32:972][  0]LogAudio: Display: Audio Spatialization Plugin: None (built-in).
[2026.05.08-20.27.32:972][  0]LogAudio: Display: Audio Reverb Plugin: None (built-in).
[2026.05.08-20.27.32:972][  0]LogAudio: Display: Audio Occlusion Plugin: None (built-in).
[2026.05.08-20.27.32:972][  0]LogAudioMixer: Display: Initializing audio mixer.
[2026.05.08-20.27.32:994][  0]LogAudioMixer: Display: 0: FrontLeft
[2026.05.08-20.27.32:994][  0]LogAudioMixer: Display: 1: FrontRight
[2026.05.08-20.27.33:014][  0]LogAudioMixer: Display: Using Audio Device Speakers (2- Realtek(R) Audio)
[2026.05.08-20.27.33:023][  0]LogAudioMixer: Display: Initializing Sound Submixes...
[2026.05.08-20.27.33:025][  0]LogAudioMixer: Display: Creating Master Submix 'MasterSubmixDefault'
[2026.05.08-20.27.33:025][  0]LogAudioMixer: Display: Creating Master Submix 'MasterReverbSubmixDefault'
[2026.05.08-20.27.33:026][  0]LogAudioMixer: Display: Creating Master Submix 'MasterEQSubmixDefault'
[2026.05.08-20.27.33:027][  0]LogAudioMixer: FMixerPlatformXAudio2::StartAudioStream() called
[2026.05.08-20.27.33:027][  0]LogAudioMixer: Display: Output buffers initialized: Frames=1024, Channels=2, Samples=2048
[2026.05.08-20.27.33:028][  0]LogAudioMixer: Display: Starting AudioMixerPlatformInterface::RunInternal()
[2026.05.08-20.27.33:028][  0]LogAudioMixer: Display: FMixerPlatformXAudio2::SubmitBuffer() called for the first time
[2026.05.08-20.27.33:028][  0]LogInit: FAudioDevice initialized.
[2026.05.08-20.27.33:030][  0]LogNetVersion: Set ProjectVersion to 1.0.0.0. Version Checksum will be recalculated on next use.
[2026.05.08-20.27.33:064][  0]LogDerivedDataCache: Saved boot cache 0.03s 78MB C:/Users/kapil/AppData/Local/UnrealEngine/4.27/DerivedDataCache/Boot.ddc.
[2026.05.08-20.27.33:068][  0]LogInit: Texture streaming: Enabled
[2026.05.08-20.27.33:170][  0]LogAudio: Display: Audio Device (ID: 1) registered with world 'Untitled'.
[2026.05.08-20.27.33:173][  0]LogSlate: Updating window title bar state: overlay mode, drag disabled, window buttons hidden, title bar hidden
[2026.05.08-20.27.33:175][  0]LogInit: Display: Game Engine Initialized.
[2026.05.08-20.27.33:177][  0]LogNiagaraEditor: GEditor isn't valid! Particle reset commands will not work for Niagara components!
[2026.05.08-20.27.33:286][  0]LogInit: Display: Starting Game.
[2026.05.08-20.27.33:287][  0]LogNet: Browse: /Game/ThirdPersonBP/Maps/ThirdPersonExampleMap?Name=Player
[2026.05.08-20.27.33:287][  0]LogLoad: LoadMap: /Game/ThirdPersonBP/Maps/ThirdPersonExampleMap?Name=Player
[2026.05.08-20.27.33:287][  0]LogWorld: BeginTearingDown for /Temp/Untitled_0
[2026.05.08-20.27.33:291][  0]LogWorld: UWorld::CleanupWorld for Untitled, bSessionEnded=true, bCleanupResources=true
[2026.05.08-20.27.33:293][  0]LogSlate: InvalidateAllWidgets triggered.  All widgets were invalidated
[2026.05.08-20.27.33:306][  0]LogAudio: Display: Audio Device unregistered from world 'None'.
[2026.05.08-20.27.33:314][  0]LogUObjectHash: Compacting FUObjectHashTables data took   0.57ms
[2026.05.08-20.27.33:550][  0]LogAudio: Display: Audio Device (ID: 1) registered with world 'ThirdPersonExampleMap'.
[2026.05.08-20.27.33:564][  0]LogAIModule: Creating AISystem for world ThirdPersonExampleMap
[2026.05.08-20.27.33:566][  0]LogLoad: Game class is 'ThirdPersonGameMode_C'
[2026.05.08-20.27.33:590][  0]LogWorld: Bringing World /Game/ThirdPersonBP/Maps/ThirdPersonExampleMap.ThirdPersonExampleMap up for play (max tick rate 0) at 2026.05.08-13.27.33
[2026.05.08-20.27.33:591][  0]LogWorld: Bringing up level for play took: 0.024074
[2026.05.08-20.27.33:604][  0]LogTemp: Display: [ImmerseStress] Ready. Defaults: event=SwordHits bus=7p1p4 shareset=Immerse_Audio_Renderer_(Custom)
[2026.05.08-20.27.33:604][  0]LogTemp: Display: [ImmerseStress] IMMERSE_USER_ID env=kevin_tencenttest1_emb | IMMERSE_USERID=kevin_tencenttest1_emb | IMMERSE_USER=kevin_tencenttest1_emb
[2026.05.08-20.27.33:604][  0]LogTemp: Display: [testTP] Auto-spawned ImmerseStressTestActor into ThirdPersonExampleMap (type=1)
[2026.05.08-20.27.33:604][  0]LogLoad: Took 0.316740 seconds to LoadMap(/Game/ThirdPersonBP/Maps/ThirdPersonExampleMap)
[2026.05.08-20.27.33:634][  0]LogRenderer: Reallocating scene render targets to support 1536x864 Format 10 NumSamples 1 (Frame:1).
[2026.05.08-20.27.33:634][  0]LogSlate: Took 0.000444 seconds to synchronously load lazily loaded font '../../../Engine/Content/Slate/Fonts/Roboto-Regular.ttf' (155K)
[2026.05.08-20.27.33:658][  0]LogInit: Display: Engine is initialized. Leaving FEngineLoop::Init()
[2026.05.08-20.27.33:658][  0]LogLoad: (Engine Initialization) Total time: 6.10 seconds
[2026.05.08-20.27.33:658][  0]LogLoad: (Engine Initialization) Total Blueprint compile time: 0.00 seconds
[2026.05.08-20.27.33:703][  0]LogContentStreaming: Texture pool size now 1000 MB
[2026.05.08-20.27.33:708][  0]LogSlate: InvalidateAllWidgets triggered.  All widgets were invalidated
[2026.05.08-20.27.33:796][  0]LogRenderer: Reallocating scene render targets to support 128x128 Format 10 NumSamples 1 (Frame:1).
[2026.05.08-20.27.33:820][  0]LogRenderer: Reallocating scene render targets to support 1536x864 Format 10 NumSamples 1 (Frame:2).
[2026.05.08-20.27.33:836][  1]LogSlate: Took 0.000127 seconds to synchronously load lazily loaded font '../../../Engine/Content/Slate/Fonts/Roboto-Regular.ttf' (155K)
[2026.05.08-20.27.36:202][153]LogTemp: Display: [ImmerseStress] PLAN START  steps=8 (concurrency=4 Ã— immerse{off,on}) rate=300.0Hz life=500ms warmup=2.0s phase=15.0s cooldown=2.0s CSV=../../../../../../Users/kapil/OneDrive/Documents/Unreal Projects/testTP/Saved/ImmerseStress/run_20260508_132736.csv
[2026.05.08-20.27.36:202][153]LogTemp: Display: [ImmerseStress] BypassImmerse(bus=7p1p4) -> OK
[2026.05.08-20.27.36:202][153]LogTemp: Display: [ImmerseStress] >>> WARMUP step=0/8 immerse=off conc=32 (align Wwise profiler capture here)
[2026.05.08-20.27.36:202][153]LogTemp: Display: [ImmerseStress] Churn START  event=SwordHits rate=300.0Hz life=500ms cap=32 immerse=BYPASSED
[2026.05.08-20.27.36:264][179]LogStats: Display: There is no thread with id: 6488. Please add thread metadata for this thread.
[2026.05.08-20.27.38:196][ 81]LogTemp: Display: [ImmerseStress] >>> RUNNING step=0/8 immerse=off conc=32 (align Wwise profiler capture here)
[2026.05.08-20.27.53:197][950]LogTemp: Display: [ImmerseStress] PHASE 0 done immerse=off conc=32 posted=960 stopped=960 dropped=3540 frames=6869 avg=2.18ms p50=2.10 p95=2.60 max=44.25
[2026.05.08-20.27.53:198][950]LogTemp: Display: [ImmerseStress] >>> COOLDOWN step=0/8 immerse=off conc=32 (align Wwise profiler capture here)
[2026.05.08-20.27.53:198][950]LogTemp: Display: [ImmerseStress] Churn STOP   posted=1088 stopped=1088 dropped=4011
[2026.05.08-20.27.55:197][891]LogTemp: Display: [ImmerseStress] EnableImmerse(bus=7p1p4, shareset=Immerse_Audio_Renderer_(Custom)) -> OK
[2026.05.08-20.27.55:197][891]LogTemp: Display: [ImmerseStress] >>> WARMUP step=1/8 immerse=ON conc=32 (align Wwise profiler capture here)
[2026.05.08-20.27.55:197][891]LogTemp: Display: [ImmerseStress] Churn START  event=SwordHits rate=300.0Hz life=500ms cap=32 immerse=enabled
[2026.05.08-20.27.57:199][835]LogTemp: Display: [ImmerseStress] >>> RUNNING step=1/8 immerse=ON conc=32 (align Wwise profiler capture here)
[2026.05.08-20.28.12:199][448]LogTemp: Display: [ImmerseStress] PHASE 1 done immerse=ON conc=32 posted=960 stopped=960 dropped=3540 frames=6613 avg=2.27ms p50=2.19 p95=2.74 max=8.23
[2026.05.08-20.28.12:200][448]LogTemp: Display: [ImmerseStress] >>> COOLDOWN step=1/8 immerse=ON conc=32 (align Wwise profiler capture here)
[2026.05.08-20.28.12:200][448]LogTemp: Display: [ImmerseStress] Churn STOP   posted=2176 stopped=2176 dropped=8023
[2026.05.08-20.28.14:200][354]LogTemp: Display: [ImmerseStress] BypassImmerse(bus=7p1p4) -> OK
[2026.05.08-20.28.14:200][354]LogTemp: Display: [ImmerseStress] >>> WARMUP step=2/8 immerse=off conc=64 (align Wwise profiler capture here)
[2026.05.08-20.28.14:200][354]LogTemp: Display: [ImmerseStress] Churn START  event=SwordHits rate=300.0Hz life=500ms cap=64 immerse=BYPASSED
[2026.05.08-20.28.16:200][305]LogTemp: Display: [ImmerseStress] >>> RUNNING step=2/8 immerse=off conc=64 (align Wwise profiler capture here)
[2026.05.08-20.28.31:201][379]LogTemp: Display: [ImmerseStress] PHASE 2 done immerse=off conc=64 posted=1920 stopped=1920 dropped=2580 frames=7074 avg=2.12ms p50=2.06 p95=2.54 max=4.13
[2026.05.08-20.28.31:202][379]LogTemp: Display: [ImmerseStress] >>> COOLDOWN step=2/8 immerse=off conc=64 (align Wwise profiler capture here)
[2026.05.08-20.28.31:202][379]LogTemp: Display: [ImmerseStress] Churn STOP   posted=4352 stopped=4352 dropped=10947
[2026.05.08-20.28.33:202][327]LogTemp: Display: [ImmerseStress] EnableImmerse(bus=7p1p4, shareset=Immerse_Audio_Renderer_(Custom)) -> OK
[2026.05.08-20.28.33:202][327]LogTemp: Display: [ImmerseStress] >>> WARMUP step=3/8 immerse=ON conc=64 (align Wwise profiler capture here)
[2026.05.08-20.28.33:203][327]LogTemp: Display: [ImmerseStress] Churn START  event=SwordHits rate=300.0Hz life=500ms cap=64 immerse=enabled
[2026.05.08-20.28.35:203][271]LogTemp: Display: [ImmerseStress] >>> RUNNING step=3/8 immerse=ON conc=64 (align Wwise profiler capture here)
