Log file open, 05/07/26 15:00:40
LogWindows: Failed to load 'aqProf.dll' (GetLastError=126)
LogWindows: File 'aqProf.dll' does not exist
LogWindows: Failed to load 'VtuneApi.dll' (GetLastError=126)
LogWindows: File 'VtuneApi.dll' does not exist
LogWindows: Failed to load 'VtuneApi32e.dll' (GetLastError=126)
LogWindows: File 'VtuneApi32e.dll' does not exist
LogConsoleResponse: Display: Failed to find resolution value strings in scalability ini. Falling back to default.
LogConsoleResponse: Display: Failed to find resolution value strings in scalability ini. Falling back to default.
LogInit: Display: Running engine for game: testTP
LogPlatformFile: Not using cached read wrapper
LogTaskGraph: Started task graph with 5 named threads and 59 total threads with 3 sets of task threads.
LogStats: Stats thread started at 0.202229
LogICUInternationalization: ICU TimeZone Detection - Raw Offset: -8:00, Platform Override: ''
LogInit: Display: Loading text-based GConfig....
LogPluginManager: Mounting plugin MeshPainting
LogPluginManager: Mounting plugin XGEController
LogPluginManager: Mounting plugin Paper2D
LogPluginManager: Mounting plugin AISupport
LogPluginManager: Mounting plugin EnvironmentQueryEditor
LogPluginManager: Mounting plugin CameraShakePreviewer
LogPluginManager: Mounting plugin GameplayCameras
LogPluginManager: Mounting plugin LiveLink
LogPluginManager: Mounting plugin LightPropagationVolume
LogPluginManager: Mounting plugin OodleNetwork
LogPluginManager: Mounting plugin AnimationSharing
LogPluginManager: Mounting plugin CLionSourceCodeAccess
LogPluginManager: Mounting plugin CodeLiteSourceCodeAccess
LogPluginManager: Mounting plugin NullSourceCodeAccess
LogPluginManager: Mounting plugin KDevelopSourceCodeAccess
LogPluginManager: Mounting plugin OodleData
LogPluginManager: Mounting plugin PerforceSourceControl
LogPluginManager: Mounting plugin PixWinPlugin
LogPluginManager: Mounting plugin PlasticSourceControl
LogPluginManager: Mounting plugin PropertyAccessNode
LogPluginManager: Mounting plugin PluginUtils
LogPluginManager: Mounting plugin RiderSourceCodeAccess
LogPluginManager: Mounting plugin GitSourceControl
LogPluginManager: Mounting plugin VisualStudioSourceCodeAccess
LogPluginManager: Mounting plugin UObjectPlugin
LogPluginManager: Mounting plugin XCodeSourceCodeAccess
LogPluginManager: Mounting plugin VisualStudioCodeSourceCodeAccess
LogPluginManager: Mounting plugin AssetManagerEditor
LogPluginManager: Mounting plugin SubversionSourceControl
LogPluginManager: Mounting plugin CryptoKeys
LogPluginManager: Mounting plugin TextureFormatOodle
LogPluginManager: Mounting plugin CurveEditorTools
LogPluginManager: Mounting plugin DataValidation
LogPluginManager: Mounting plugin FacialAnimation
LogPluginManager: Mounting plugin GameplayTagsEditor
LogPluginManager: Mounting plugin GeometryMode
LogPluginManager: Mounting plugin MaterialAnalyzer
LogPluginManager: Mounting plugin MobileLauncherProfileWizard
LogPluginManager: Mounting plugin PluginBrowser
LogPluginManager: Mounting plugin MacGraphicsSwitching
LogPluginManager: Mounting plugin LuminPlatformFeatures
LogPluginManager: Mounting plugin MagicLeap
LogPluginManager: Mounting plugin SpeedTreeImporter
LogPluginManager: Mounting plugin Niagara
LogPluginManager: Mounting plugin MagicLeapPassableWorld
LogPluginManager: Mounting plugin MLSDK
LogPluginManager: Mounting plugin MagicLeapLightEstimation
LogPluginManager: Mounting plugin MagicLeapMedia
LogPluginManager: Mounting plugin DatasmithContent
LogPluginManager: Mounting plugin VariantManagerContent
LogPluginManager: Mounting plugin AndroidMedia
LogPluginManager: Mounting plugin ImgMedia
LogPluginManager: Mounting plugin AvfMedia
LogPluginManager: Mounting plugin MediaPlayerEditor
LogPluginManager: Mounting plugin WebMMedia
LogPluginManager: Mounting plugin WmfMedia
LogPluginManager: Mounting plugin ActorSequence
LogPluginManager: Mounting plugin TcpMessaging
LogPluginManager: Mounting plugin LevelSequenceEditor
LogPluginManager: Mounting plugin MediaCompositing
LogPluginManager: Mounting plugin MatineeToLevelSequence
LogPluginManager: Mounting plugin TemplateSequence
LogPluginManager: Mounting plugin BackChannel
LogPluginManager: Mounting plugin AlembicImporter
LogPluginManager: Mounting plugin ChaosClothEditor
LogPluginManager: Mounting plugin AutomationUtils
LogPluginManager: Mounting plugin ChaosEditor
LogPluginManager: Mounting plugin ChaosNiagara
LogPluginManager: Mounting plugin ChaosSolverPlugin
LogPluginManager: Mounting plugin CharacterAI
LogPluginManager: Mounting plugin OnlineSubsystem
LogPluginManager: Mounting plugin UdpMessaging
LogPluginManager: Mounting plugin OnlineSubsystemNull
LogPluginManager: Mounting plugin ChaosCloth
LogPluginManager: Mounting plugin GeometryProcessing
LogPluginManager: Mounting plugin GeometryCache
LogPluginManager: Mounting plugin GeometryCollectionPlugin
LogPluginManager: Mounting plugin PlanarCut
LogPluginManager: Mounting plugin MotoSynth
LogPluginManager: Mounting plugin PlatformCrypto
LogPluginManager: Mounting plugin PythonScriptPlugin
LogPluginManager: Mounting plugin ProxyLODPlugin
LogPluginManager: Mounting plugin SkeletalReduction
LogPluginManager: Mounting plugin OpenImageDenoise
LogPluginManager: Mounting plugin LauncherChunkInstaller
LogPluginManager: Mounting plugin ActorLayerUtilities
LogPluginManager: Mounting plugin AndroidMoviePlayer
LogPluginManager: Mounting plugin AppleMoviePlayer
LogPluginManager: Mounting plugin AndroidDeviceProfileSelector
LogPluginManager: Mounting plugin AppleImageUtils
LogPluginManager: Mounting plugin AndroidPermission
LogPluginManager: Mounting plugin ArchVisCharacter
LogPluginManager: Mounting plugin OnlineSubsystemUtils
LogPluginManager: Mounting plugin AudioCapture
LogPluginManager: Mounting plugin AudioSynesthesia
LogPluginManager: Mounting plugin CustomMeshComponent
LogPluginManager: Mounting plugin AssetTags
LogPluginManager: Mounting plugin CableComponent
LogPluginManager: Mounting plugin EditableMesh
LogPluginManager: Mounting plugin ExampleDeviceProfileSelector
LogPluginManager: Mounting plugin GooglePAD
LogPluginManager: Mounting plugin ChunkDownloader
LogPluginManager: Mounting plugin GoogleCloudMessaging
LogPluginManager: Mounting plugin LinuxDeviceProfileSelector
LogPluginManager: Mounting plugin LocationServicesBPLibrary
LogPluginManager: Mounting plugin MobilePatchingUtils
LogPluginManager: Mounting plugin OpenXREyeTracker
LogPluginManager: Mounting plugin OpenXR
LogPluginManager: Mounting plugin OpenXRHandTracking
LogPluginManager: Mounting plugin IOSDeviceProfileSelector
LogPluginManager: Mounting plugin PhysXVehicles
LogPluginManager: Mounting plugin PropertyAccessEditor
LogPluginManager: Mounting plugin SignificanceManager
LogPluginManager: Mounting plugin RuntimePhysXCooking
LogPluginManager: Mounting plugin ProceduralMeshComponent
LogPluginManager: Mounting plugin PostSplashScreen
LogPluginManager: Mounting plugin SoundFields
LogPluginManager: Mounting plugin WebMMoviePlayer
LogPluginManager: Mounting plugin WindowsMoviePlayer
LogPluginManager: Mounting plugin Synthesis
LogPluginManager: Mounting plugin Takes
LogPluginManager: Mounting plugin ScreenshotTools
LogPluginManager: Mounting plugin ContentBrowserAssetDataSource
LogPluginManager: Mounting plugin ContentBrowserClassDataSource
LogPluginManager: Mounting plugin ContentBrowserFileDataSource
LogPluginManager: Mounting plugin OnlineSubsystemIOS
LogPluginManager: Mounting plugin OnlineSubsystemGooglePlay
LogPluginManager: Mounting plugin OculusVR
LogPluginManager: Mounting plugin SteamVR
LogPluginManager: Mounting plugin Wwise
PixWinPlugin: PIX capture plugin failed to initialize! Check that the process is launched from PIX.
LogInit: Using libcurl 7.55.1-DEV
LogInit:  - built for x86_64-pc-win32
LogInit:  - supports SSL with OpenSSL/1.1.1
LogInit:  - supports HTTP deflate (compression) using libz 1.2.8
LogInit:  - other features:
LogInit:      CURL_VERSION_SSL
LogInit:      CURL_VERSION_LIBZ
LogInit:      CURL_VERSION_IPV6
LogInit:      CURL_VERSION_ASYNCHDNS
LogInit:      CURL_VERSION_LARGEFILE
LogInit:      CURL_VERSION_IDN
LogInit:  CurlRequestOptions (configurable via config and command line):
LogInit:  - bVerifyPeer = true  - Libcurl will verify peer certificate
LogInit:  - bUseHttpProxy = false  - Libcurl will NOT use HTTP proxy
LogInit:  - bDontReuseConnections = false  - Libcurl will reuse connections
LogInit:  - MaxHostConnections = 16  - Libcurl will limit the number of connections to a host
LogInit:  - LocalHostAddr = Default
LogInit:  - BufferSize = 65536
LogOnline: OSS: Creating online subsystem instance for: NULL
LogInit: WinSock: version 1.1 (2.2), MaxSocks=32767, MaxUdp=65467
LogOnline: OSS: TryLoadSubsystemAndSetDefault: Loaded subsystem for module [NULL]
LogOculusPluginWrapper: OculusPlugin initialized successfully
LogHMD: Failed initializing OVRPlugin 1.59.0
LogInit: Build: ++UE4+Release-4.27-CL-18319896
LogInit: Engine Version: 4.27.2-18319896+++UE4+Release-4.27
LogInit: Compatible Engine Version: 4.27.0-17155196+++UE4+Release-4.27
LogInit: Net CL: 17155196
LogInit: OS: Windows 10 (Release 2009) (), CPU: 13th Gen Intel(R) Core(TM) i7-13650HX, GPU: Intel(R) UHD Graphics
LogInit: Compiled (64-bit): Nov 30 2021 07:12:08
LogInit: Compiled with Visual C++: 19.24.28315.00
LogInit: Build Configuration: Development
LogInit: Branch Name: ++UE4+Release-4.27
LogInit: Command Line:  /Game/ThirdPersonBP/Maps/ThirdPersonExampleMap -game -RenderOffscreen -unattended -nopause -NoSplash -abslog=C:\Users\kapil\AppData\Local\Temp\immerse_editor_20260507-145954.log
LogInit: Base Directory: C:/Program Files/Epic Games/UE_4.27/Engine/Binaries/Win64/
LogInit: Allocator: TBB
LogInit: Installed Engine Build: 1
LogDevObjectVersion: Number of dev versions registered: 29
LogDevObjectVersion:   Dev-Blueprints (B0D832E4-1F89-4F0D-ACCF-7EB736FD4AA2): 10
LogDevObjectVersion:   Dev-Build (E1C64328-A22C-4D53-A36C-8E866417BD8C): 0
LogDevObjectVersion:   Dev-Core (375EC13C-06E4-48FB-B500-84F0262A717E): 4
LogDevObjectVersion:   Dev-Editor (E4B068ED-F494-42E9-A231-DA0B2E46BB41): 40
LogDevObjectVersion:   Dev-Framework (CFFC743F-43B0-4480-9391-14DF171D2073): 37
LogDevObjectVersion:   Dev-Mobile (B02B49B5-BB20-44E9-A304-32B752E40360): 3
LogDevObjectVersion:   Dev-Networking (A4E4105C-59A1-49B5-A7C5-40C4547EDFEE): 0
LogDevObjectVersion:   Dev-Online (39C831C9-5AE6-47DC-9A44-9C173E1C8E7C): 0
LogDevObjectVersion:   Dev-Physics (78F01B33-EBEA-4F98-B9B4-84EACCB95AA2): 14
LogDevObjectVersion:   Dev-Platform (6631380F-2D4D-43E0-8009-CF276956A95A): 0
LogDevObjectVersion:   Dev-Rendering (12F88B9F-8875-4AFC-A67C-D90C383ABD29): 45
LogDevObjectVersion:   Dev-Sequencer (7B5AE74C-D270-4C10-A958-57980B212A5A): 13
LogDevObjectVersion:   Dev-VR (D7296918-1DD6-4BDD-9DE2-64A83CC13884): 3
LogDevObjectVersion:   Dev-LoadTimes (C2A15278-BFE7-4AFE-6C17-90FF531DF755): 1
LogDevObjectVersion:   Private-Geometry (6EACA3D4-40EC-4CC1-B786-8BED09428FC5): 3
LogDevObjectVersion:   Dev-AnimPhys (29E575DD-E0A3-4627-9D10-D276232CDCEA): 17
LogDevObjectVersion:   Dev-Anim (AF43A65D-7FD3-4947-9873-3E8ED9C1BB05): 15
LogDevObjectVersion:   Dev-ReflectionCapture (6B266CEC-1EC7-4B8F-A30B-E4D90942FC07): 1
LogDevObjectVersion:   Dev-Automation (0DF73D61-A23F-47EA-B727-89E90C41499A): 1
LogDevObjectVersion:   FortniteMain (601D1886-AC64-4F84-AA16-D3DE0DEAC7D6): 47
LogDevObjectVersion:   FortniteRelease (E7086368-6B23-4C58-8439-1B7016265E91): 1
LogDevObjectVersion:   Dev-Enterprise (9DFFBCD6-494F-0158-E221-12823C92A888): 10
LogDevObjectVersion:   Dev-Niagara (F2AED0AC-9AFE-416F-8664-AA7FFA26D6FC): 1
LogDevObjectVersion:   Dev-Destruction (174F1F0B-B4C6-45A5-B13F-2EE8D0FB917D): 10
LogDevObjectVersion:   Dev-Physics-Ext (35F94A83-E258-406C-A318-09F59610247C): 41
LogDevObjectVersion:   Dev-PhysicsMaterial-Chaos (B68FC16E-8B1B-42E2-B453-215C058844FE): 1
LogDevObjectVersion:   Dev-CineCamera (B2E18506-4273-CFC2-A54E-F4BB758BBA07): 1
LogDevObjectVersion:   Dev-VirtualProduction (64F58936-FD1B-42BA-BA96-7289D5D0FA4E): 1
LogDevObjectVersion:   Dev-MediaFramework (6F0ED827-A609-4895-9C91-998D90180EA4): 2
LogInit: Presizing for max 25165824 objects, including 0 objects not considered by GC, pre-allocating 0 bytes for permanent pool.
LogConfig: Applying CVar settings from Section [/Script/Engine.StreamingSettings] File [C:/Users/kapil/OneDrive/Documents/Unreal Projects/testTP/Saved/Config/Windows/Engine.ini]
LogConfig: Setting CVar [[s.MinBulkDataSizeForAsyncLoading:131072]]
LogConfig: Setting CVar [[s.AsyncLoadingThreadEnabled:0]]
LogConfig: Setting CVar [[s.EventDrivenLoaderEnabled:1]]
LogConfig: Setting CVar [[s.WarnIfTimeLimitExceeded:0]]
LogConfig: Setting CVar [[s.TimeLimitExceededMultiplier:1.5]]
LogConfig: Setting CVar [[s.TimeLimitExceededMinTime:0.005]]
LogConfig: Setting CVar [[s.UseBackgroundLevelStreaming:1]]
LogConfig: Setting CVar [[s.PriorityAsyncLoadingExtraTime:15.0]]
LogConfig: Setting CVar [[s.LevelStreamingActorsUpdateTimeLimit:5.0]]
LogConfig: Setting CVar [[s.PriorityLevelStreamingActorsUpdateExtraTime:5.0]]
LogConfig: Setting CVar [[s.LevelStreamingComponentsRegistrationGranularity:10]]
LogConfig: Setting CVar [[s.UnregisterComponentsTimeLimit:1.0]]
LogConfig: Setting CVar [[s.LevelStreamingComponentsUnregistrationGranularity:5]]
LogConfig: Setting CVar [[s.FlushStreamingOnExit:1]]
LogInit: Object subsystem initialized
LogConfig: Setting CVar [[con.DebugEarlyDefault:1]]
LogConfig: Setting CVar [[r.setres:1280x720]]
[2026.05.07-22.00.40:835][  0]LogConfig: Setting CVar [[con.DebugEarlyDefault:1]]
[2026.05.07-22.00.40:835][  0]LogConfig: Setting CVar [[r.setres:1280x720]]
[2026.05.07-22.00.40:835][  0]LogConfig: Applying CVar settings from Section [/Script/Engine.RendererSettings] File [C:/Users/kapil/OneDrive/Documents/Unreal Projects/testTP/Saved/Config/Windows/Engine.ini]
[2026.05.07-22.00.40:835][  0]LogConfig: Setting CVar [[r.GPUCrashDebugging:0]]
[2026.05.07-22.00.40:835][  0]LogConfig: Applying CVar settings from Section [/Script/Engine.RendererOverrideSettings] File [C:/Users/kapil/OneDrive/Documents/Unreal Projects/testTP/Saved/Config/Windows/Engine.ini]
[2026.05.07-22.00.40:835][  0]LogConfig: Applying CVar settings from Section [/Script/Engine.StreamingSettings] File [C:/Users/kapil/OneDrive/Documents/Unreal Projects/testTP/Saved/Config/Windows/Engine.ini]
[2026.05.07-22.00.40:835][  0]LogConfig: Setting CVar [[s.MinBulkDataSizeForAsyncLoading:131072]]
[2026.05.07-22.00.40:835][  0]LogConfig: Setting CVar [[s.AsyncLoadingThreadEnabled:0]]
[2026.05.07-22.00.40:835][  0]LogConfig: Setting CVar [[s.EventDrivenLoaderEnabled:1]]
[2026.05.07-22.00.40:835][  0]LogConfig: Setting CVar [[s.WarnIfTimeLimitExceeded:0]]
[2026.05.07-22.00.40:835][  0]LogConfig: Setting CVar [[s.TimeLimitExceededMultiplier:1.5]]
[2026.05.07-22.00.40:835][  0]LogConfig: Setting CVar [[s.TimeLimitExceededMinTime:0.005]]
[2026.05.07-22.00.40:835][  0]LogConfig: Setting CVar [[s.UseBackgroundLevelStreaming:1]]
[2026.05.07-22.00.40:835][  0]LogConfig: Setting CVar [[s.PriorityAsyncLoadingExtraTime:15.0]]
[2026.05.07-22.00.40:835][  0]LogConfig: Setting CVar [[s.LevelStreamingActorsUpdateTimeLimit:5.0]]
[2026.05.07-22.00.40:835][  0]LogConfig: Setting CVar [[s.PriorityLevelStreamingActorsUpdateExtraTime:5.0]]
[2026.05.07-22.00.40:836][  0]LogConfig: Setting CVar [[s.LevelStreamingComponentsRegistrationGranularity:10]]
[2026.05.07-22.00.40:836][  0]LogConfig: Setting CVar [[s.UnregisterComponentsTimeLimit:1.0]]
[2026.05.07-22.00.40:836][  0]LogConfig: Setting CVar [[s.LevelStreamingComponentsUnregistrationGranularity:5]]
[2026.05.07-22.00.40:836][  0]LogConfig: Setting CVar [[s.FlushStreamingOnExit:1]]
[2026.05.07-22.00.40:836][  0]LogConfig: Applying CVar settings from Section [/Script/Engine.GarbageCollectionSettings] File [C:/Users/kapil/OneDrive/Documents/Unreal Projects/testTP/Saved/Config/Windows/Engine.ini]
[2026.05.07-22.00.40:836][  0]LogConfig: Setting CVar [[gc.MaxObjectsNotConsideredByGC:1]]
[2026.05.07-22.00.40:836][  0]LogConfig: Setting CVar [[gc.SizeOfPermanentObjectPool:0]]
[2026.05.07-22.00.40:836][  0]LogConfig: Setting CVar [[gc.FlushStreamingOnGC:0]]
[2026.05.07-22.00.40:836][  0]LogConfig: Setting CVar [[gc.NumRetriesBeforeForcingGC:10]]
[2026.05.07-22.00.40:836][  0]LogConfig: Setting CVar [[gc.AllowParallelGC:1]]
[2026.05.07-22.00.40:836][  0]LogConfig: Setting CVar [[gc.TimeBetweenPurgingPendingKillObjects:61.1]]
[2026.05.07-22.00.40:836][  0]LogConfig: Setting CVar [[gc.MaxObjectsInEditor:25165824]]
[2026.05.07-22.00.40:836][  0]LogConfig: Setting CVar [[gc.IncrementalBeginDestroyEnabled:1]]
[2026.05.07-22.00.40:836][  0]LogConfig: Setting CVar [[gc.CreateGCClusters:1]]
[2026.05.07-22.00.40:836][  0]LogConfig: Setting CVar [[gc.MinGCClusterSize:5]]
[2026.05.07-22.00.40:836][  0]LogConfig: Setting CVar [[gc.ActorClusteringEnabled:0]]
[2026.05.07-22.00.40:836][  0]LogConfig: Setting CVar [[gc.BlueprintClusteringEnabled:0]]
[2026.05.07-22.00.40:836][  0]LogConfig: Setting CVar [[gc.UseDisregardForGCOnDedicatedServers:0]]
[2026.05.07-22.00.40:836][  0]LogConfig: Setting CVar [[gc.MultithreadedDestructionEnabled:1]]
[2026.05.07-22.00.40:836][  0]LogConfig: Applying CVar settings from Section [/Script/Engine.NetworkSettings] File [C:/Users/kapil/OneDrive/Documents/Unreal Projects/testTP/Saved/Config/Windows/Engine.ini]
[2026.05.07-22.00.40:836][  0]LogConfig: Applying CVar settings from Section [/Script/UnrealEd.CookerSettings] File [C:/Users/kapil/OneDrive/Documents/Unreal Projects/testTP/Saved/Config/Windows/Engine.ini]
[2026.05.07-22.00.40:842][  0]LogConfig: Applying CVar settings from Section [ViewDistanceQuality@3] File [C:/Users/kapil/OneDrive/Documents/Unreal Projects/testTP/Saved/Config/Windows/Scalability.ini]
[2026.05.07-22.00.40:842][  0]LogConfig: Setting CVar [[r.SkeletalMeshLODBias:0]]
[2026.05.07-22.00.40:842][  0]LogConfig: Setting CVar [[r.ViewDistanceScale:1.0]]
[2026.05.07-22.00.40:842][  0]LogConfig: Applying CVar settings from Section [AntiAliasingQuality@3] File [C:/Users/kapil/OneDrive/Documents/Unreal Projects/testTP/Saved/Config/Windows/Scalability.ini]
[2026.05.07-22.00.40:842][  0]LogConfig: Setting CVar [[r.PostProcessAAQuality:4]]
[2026.05.07-22.00.40:842][  0]LogConfig: Applying CVar settings from Section [ShadowQuality@3] File [C:/Users/kapil/OneDrive/Documents/Unreal Projects/testTP/Saved/Config/Windows/Scalability.ini]
[2026.05.07-22.00.40:842][  0]LogConfig: Setting CVar [[r.LightFunctionQuality:1]]
[2026.05.07-22.00.40:842][  0]LogConfig: Setting CVar [[r.ShadowQuality:5]]
[2026.05.07-22.00.40:842][  0]LogConfig: Setting CVar [[r.Shadow.CSM.MaxCascades:10]]
[2026.05.07-22.00.40:842][  0]LogConfig: Setting CVar [[r.Shadow.MaxResolution:2048]]
[2026.05.07-22.00.40:842][  0]LogConfig: Setting CVar [[r.Shadow.MaxCSMResolution:2048]]
[2026.05.07-22.00.40:842][  0]LogConfig: Setting CVar [[r.Shadow.RadiusThreshold:0.01]]
[2026.05.07-22.00.40:842][  0]LogConfig: Setting CVar [[r.Shadow.DistanceScale:1.0]]
[2026.05.07-22.00.40:842][  0]LogConfig: Setting CVar [[r.Shadow.CSM.TransitionScale:1.0]]
[2026.05.07-22.00.40:842][  0]LogConfig: Setting CVar [[r.Shadow.PreShadowResolutionFactor:1.0]]
[2026.05.07-22.00.40:842][  0]LogConfig: Setting CVar [[r.DistanceFieldShadowing:1]]
[2026.05.07-22.00.40:842][  0]LogConfig: Setting CVar [[r.DistanceFieldAO:1]]
[2026.05.07-22.00.40:842][  0]LogConfig: Setting CVar [[r.AOQuality:2]]
[2026.05.07-22.00.40:842][  0]LogConfig: Setting CVar [[r.VolumetricFog:1]]
[2026.05.07-22.00.40:842][  0]LogConfig: Setting CVar [[r.VolumetricFog.GridPixelSize:8]]
[2026.05.07-22.00.40:842][  0]LogConfig: Setting CVar [[r.VolumetricFog.GridSizeZ:128]]
[2026.05.07-22.00.40:842][  0]LogConfig: Setting CVar [[r.VolumetricFog.HistoryMissSupersampleCount:4]]
[2026.05.07-22.00.40:842][  0]LogConfig: Setting CVar [[r.LightMaxDrawDistanceScale:1]]
[2026.05.07-22.00.40:842][  0]LogConfig: Setting CVar [[r.CapsuleShadows:1]]
[2026.05.07-22.00.40:842][  0]LogConfig: Applying CVar settings from Section [PostProcessQuality@3] File [C:/Users/kapil/OneDrive/Documents/Unreal Projects/testTP/Saved/Config/Windows/Scalability.ini]
[2026.05.07-22.00.40:842][  0]LogConfig: Setting CVar [[r.MotionBlurQuality:4]]
[2026.05.07-22.00.40:842][  0]LogConfig: Setting CVar [[r.AmbientOcclusionMipLevelFactor:0.4]]
[2026.05.07-22.00.40:842][  0]LogConfig: Setting CVar [[r.AmbientOcclusionMaxQuality:100]]
[2026.05.07-22.00.40:842][  0]LogConfig: Setting CVar [[r.AmbientOcclusionLevels:-1]]
[2026.05.07-22.00.40:842][  0]LogConfig: Setting CVar [[r.AmbientOcclusionRadiusScale:1.0]]
[2026.05.07-22.00.40:842][  0]LogConfig: Setting CVar [[r.DepthOfFieldQuality:2]]
[2026.05.07-22.00.40:842][  0]LogConfig: Setting CVar [[r.RenderTargetPoolMin:400]]
[2026.05.07-22.00.40:842][  0]LogConfig: Setting CVar [[r.LensFlareQuality:2]]
[2026.05.07-22.00.40:842][  0]LogConfig: Setting CVar [[r.SceneColorFringeQuality:1]]
[2026.05.07-22.00.40:842][  0]LogConfig: Setting CVar [[r.EyeAdaptationQuality:2]]
[2026.05.07-22.00.40:842][  0]LogConfig: Setting CVar [[r.BloomQuality:5]]
[2026.05.07-22.00.40:842][  0]LogConfig: Setting CVar [[r.FastBlurThreshold:100]]
[2026.05.07-22.00.40:842][  0]LogConfig: Setting CVar [[r.Upscale.Quality:3]]
[2026.05.07-22.00.40:842][  0]LogConfig: Setting CVar [[r.Tonemapper.GrainQuantization:1]]
[2026.05.07-22.00.40:842][  0]LogConfig: Setting CVar [[r.LightShaftQuality:1]]
[2026.05.07-22.00.40:842][  0]LogConfig: Setting CVar [[r.Filter.SizeScale:1]]
[2026.05.07-22.00.40:842][  0]LogConfig: Setting CVar [[r.Tonemapper.Quality:5]]
[2026.05.07-22.00.40:842][  0]LogConfig: Setting CVar [[r.DOF.Gather.AccumulatorQuality:1        ; higher gathering accumulator quality]]
[2026.05.07-22.00.40:842][  0]LogConfig: Setting CVar [[r.DOF.Gather.PostfilterMethod:1          ; Median3x3 postfilering method]]
[2026.05.07-22.00.40:842][  0]LogConfig: Setting CVar [[r.DOF.Gather.EnableBokehSettings:0       ; no bokeh simulation when gathering]]
[2026.05.07-22.00.40:842][  0]LogConfig: Setting CVar [[r.DOF.Gather.RingCount:4                 ; medium number of samples when gathering]]
[2026.05.07-22.00.40:842][  0]LogConfig: Setting CVar [[r.DOF.Scatter.ForegroundCompositing:1    ; additive foreground scattering]]
[2026.05.07-22.00.40:842][  0]LogConfig: Setting CVar [[r.DOF.Scatter.BackgroundCompositing:2    ; additive background scattering]]
[2026.05.07-22.00.40:842][  0]LogConfig: Setting CVar [[r.DOF.Scatter.EnableBokehSettings:1      ; bokeh simulation when scattering]]
[2026.05.07-22.00.40:842][  0]LogConfig: Setting CVar [[r.DOF.Scatter.MaxSpriteRatio:0.1         ; only a maximum of 10% of scattered bokeh]]
[2026.05.07-22.00.40:842][  0]LogConfig: Setting CVar [[r.DOF.Recombine.Quality:1                ; cheap slight out of focus]]
[2026.05.07-22.00.40:842][  0]LogConfig: Setting CVar [[r.DOF.Recombine.EnableBokehSettings:0    ; no bokeh simulation on slight out of focus]]
[2026.05.07-22.00.40:842][  0]LogConfig: Setting CVar [[r.DOF.TemporalAAQuality:1                ; more stable temporal accumulation]]
[2026.05.07-22.00.40:842][  0]LogConfig: Setting CVar [[r.DOF.Kernel.MaxForegroundRadius:0.025]]
[2026.05.07-22.00.40:842][  0]LogConfig: Setting CVar [[r.DOF.Kernel.MaxBackgroundRadius:0.025]]
[2026.05.07-22.00.40:842][  0]LogConfig: Applying CVar settings from Section [TextureQuality@3] File [C:/Users/kapil/OneDrive/Documents/Unreal Projects/testTP/Saved/Config/Windows/Scalability.ini]
[2026.05.07-22.00.40:842][  0]LogConfig: Setting CVar [[r.Streaming.MipBias:0]]
[2026.05.07-22.00.40:842][  0]LogConfig: Setting CVar [[r.Streaming.AmortizeCPUToGPUCopy:0]]
[2026.05.07-22.00.40:842][  0]LogConfig: Setting CVar [[r.Streaming.MaxNumTexturesToStreamPerFrame:0]]
[2026.05.07-22.00.40:842][  0]LogConfig: Setting CVar [[r.Streaming.Boost:1]]
[2026.05.07-22.00.40:842][  0]LogConfig: Setting CVar [[r.MaxAnisotropy:8]]
[2026.05.07-22.00.40:842][  0]LogConfig: Setting CVar [[r.VT.MaxAnisotropy:8]]
[2026.05.07-22.00.40:842][  0]LogConfig: Setting CVar [[r.Streaming.LimitPoolSizeToVRAM:0]]
[2026.05.07-22.00.40:842][  0]LogConfig: Setting CVar [[r.Streaming.PoolSize:1000]]
[2026.05.07-22.00.40:842][  0]LogConfig: Setting CVar [[r.Streaming.MaxEffectiveScreenSize:0]]
[2026.05.07-22.00.40:842][  0]LogConfig: Applying CVar settings from Section [EffectsQuality@3] File [C:/Users/kapil/OneDrive/Documents/Unreal Projects/testTP/Saved/Config/Windows/Scalability.ini]
[2026.05.07-22.00.40:842][  0]LogConfig: Setting CVar [[r.TranslucencyLightingVolumeDim:64]]
[2026.05.07-22.00.40:842][  0]LogConfig: Setting CVar [[r.RefractionQuality:2]]
[2026.05.07-22.00.40:842][  0]LogConfig: Setting CVar [[r.SSR.Quality:3]]
[2026.05.07-22.00.40:842][  0]LogConfig: Setting CVar [[r.SSR.HalfResSceneColor:0]]
[2026.05.07-22.00.40:842][  0]LogConfig: Setting CVar [[r.SceneColorFormat:4]]
[2026.05.07-22.00.40:842][  0]LogConfig: Setting CVar [[r.DetailMode:2]]
[2026.05.07-22.00.40:842][  0]LogConfig: Setting CVar [[r.TranslucencyVolumeBlur:1]]
[2026.05.07-22.00.40:842][  0]LogConfig: Setting CVar [[r.MaterialQualityLevel:1 ; High quality]]
[2026.05.07-22.00.40:842][  0]LogConfig: Setting CVar [[r.AnisotropicMaterials:1]]
[2026.05.07-22.00.40:842][  0]LogConfig: Setting CVar [[r.SSS.Scale:1]]
[2026.05.07-22.00.40:842][  0]LogConfig: Setting CVar [[r.SSS.SampleSet:2]]
[2026.05.07-22.00.40:842][  0]LogConfig: Setting CVar [[r.SSS.Quality:1]]
[2026.05.07-22.00.40:842][  0]LogConfig: Setting CVar [[r.SSS.HalfRes:0]]
[2026.05.07-22.00.40:842][  0]LogConfig: Setting CVar [[r.SSGI.Quality:3]]
[2026.05.07-22.00.40:843][  0]LogConfig: Setting CVar [[r.EmitterSpawnRateScale:1.0]]
[2026.05.07-22.00.40:843][  0]LogConfig: Setting CVar [[r.ParticleLightQuality:2]]
[2026.05.07-22.00.40:843][  0]LogConfig: Setting CVar [[r.SkyAtmosphere.AerialPerspectiveLUT.FastApplyOnOpaque:1 ; Always have FastSkyLUT 1 in this case to avoid wrong sky]]
[2026.05.07-22.00.40:843][  0]LogConfig: Setting CVar [[r.SkyAtmosphere.AerialPerspectiveLUT.SampleCountMaxPerSlice:4]]
[2026.05.07-22.00.40:843][  0]LogConfig: Setting CVar [[r.SkyAtmosphere.AerialPerspectiveLUT.DepthResolution:16.0]]
[2026.05.07-22.00.40:843][  0]LogConfig: Setting CVar [[r.SkyAtmosphere.FastSkyLUT:1]]
[2026.05.07-22.00.40:843][  0]LogConfig: Setting CVar [[r.SkyAtmosphere.FastSkyLUT.SampleCountMin:4.0]]
[2026.05.07-22.00.40:843][  0]LogConfig: Setting CVar [[r.SkyAtmosphere.FastSkyLUT.SampleCountMax:128.0]]
[2026.05.07-22.00.40:843][  0]LogConfig: Setting CVar [[r.SkyAtmosphere.SampleCountMin:4.0]]
[2026.05.07-22.00.40:843][  0]LogConfig: Setting CVar [[r.SkyAtmosphere.SampleCountMax:128.0]]
[2026.05.07-22.00.40:843][  0]LogConfig: Setting CVar [[r.SkyAtmosphere.TransmittanceLUT.UseSmallFormat:0]]
[2026.05.07-22.00.40:843][  0]LogConfig: Setting CVar [[r.SkyAtmosphere.TransmittanceLUT.SampleCount:10.0]]
[2026.05.07-22.00.40:843][  0]LogConfig: Setting CVar [[r.SkyAtmosphere.MultiScatteringLUT.SampleCount:15.0]]
[2026.05.07-22.00.40:843][  0]LogConfig: Setting CVar [[r.SkyLight.RealTimeReflectionCapture:1]]
[2026.05.07-22.00.40:843][  0]LogConfig: Applying CVar settings from Section [FoliageQuality@3] File [C:/Users/kapil/OneDrive/Documents/Unreal Projects/testTP/Saved/Config/Windows/Scalability.ini]
[2026.05.07-22.00.40:843][  0]LogConfig: Setting CVar [[foliage.DensityScale:1.0]]
[2026.05.07-22.00.40:843][  0]LogConfig: Setting CVar [[grass.DensityScale:1.0]]
[2026.05.07-22.00.40:843][  0]LogConfig: Applying CVar settings from Section [ShadingQuality@3] File [C:/Users/kapil/OneDrive/Documents/Unreal Projects/testTP/Saved/Config/Windows/Scalability.ini]
[2026.05.07-22.00.40:843][  0]LogConfig: Setting CVar [[r.HairStrands.SkyLighting.IntegrationType:2]]
[2026.05.07-22.00.40:843][  0]LogConfig: Setting CVar [[r.HairStrands.SkyAO.SampleCount:4]]
[2026.05.07-22.00.40:843][  0]LogConfig: Setting CVar [[r.HairStrands.Visibility.MSAA.SamplePerPixel:4]]
[2026.05.07-22.00.40:843][  0]LogInit: Selected Device Profile: [Windows]
[2026.05.07-22.00.40:843][  0]LogInit: Applying CVar settings loaded from the selected device profile: [Windows]
[2026.05.07-22.00.40:843][  0]LogHAL: Display: Platform has ~ 16 GB [16849256448 / 17179869184 / 16], which maps to Larger [LargestMinGB=32, LargerMinGB=12, DefaultMinGB=8, SmallerMinGB=6, SmallestMinGB=0)
[2026.05.07-22.00.40:843][  0]LogInit: Going up to parent DeviceProfile []
[2026.05.07-22.00.40:843][  0]LogConfig: Applying CVar settings from Section [ViewDistanceQuality@3] File [C:/Users/kapil/OneDrive/Documents/Unreal Projects/testTP/Saved/Config/Windows/Scalability.ini]
[2026.05.07-22.00.40:843][  0]LogConfig: Setting CVar [[r.SkeletalMeshLODBias:0]]
[2026.05.07-22.00.40:843][  0]LogConfig: Setting CVar [[r.ViewDistanceScale:1.0]]
[2026.05.07-22.00.40:843][  0]LogConfig: Applying CVar settings from Section [AntiAliasingQuality@3] File [C:/Users/kapil/OneDrive/Documents/Unreal Projects/testTP/Saved/Config/Windows/Scalability.ini]
[2026.05.07-22.00.40:843][  0]LogConfig: Setting CVar [[r.PostProcessAAQuality:4]]
[2026.05.07-22.00.40:843][  0]LogConfig: Applying CVar settings from Section [ShadowQuality@3] File [C:/Users/kapil/OneDrive/Documents/Unreal Projects/testTP/Saved/Config/Windows/Scalability.ini]
[2026.05.07-22.00.40:843][  0]LogConfig: Setting CVar [[r.LightFunctionQuality:1]]
[2026.05.07-22.00.40:843][  0]LogConfig: Setting CVar [[r.ShadowQuality:5]]
[2026.05.07-22.00.40:843][  0]LogConfig: Setting CVar [[r.Shadow.CSM.MaxCascades:10]]
[2026.05.07-22.00.40:843][  0]LogConfig: Setting CVar [[r.Shadow.MaxResolution:2048]]
[2026.05.07-22.00.40:843][  0]LogConfig: Setting CVar [[r.Shadow.MaxCSMResolution:2048]]
[2026.05.07-22.00.40:843][  0]LogConfig: Setting CVar [[r.Shadow.RadiusThreshold:0.01]]
[2026.05.07-22.00.40:843][  0]LogConfig: Setting CVar [[r.Shadow.DistanceScale:1.0]]
[2026.05.07-22.00.40:843][  0]LogConfig: Setting CVar [[r.Shadow.CSM.TransitionScale:1.0]]
[2026.05.07-22.00.40:843][  0]LogConfig: Setting CVar [[r.Shadow.PreShadowResolutionFactor:1.0]]
[2026.05.07-22.00.40:843][  0]LogConfig: Setting CVar [[r.DistanceFieldShadowing:1]]
[2026.05.07-22.00.40:843][  0]LogConfig: Setting CVar [[r.DistanceFieldAO:1]]
[2026.05.07-22.00.40:843][  0]LogConfig: Setting CVar [[r.AOQuality:2]]
[2026.05.07-22.00.40:843][  0]LogConfig: Setting CVar [[r.VolumetricFog:1]]
[2026.05.07-22.00.40:843][  0]LogConfig: Setting CVar [[r.VolumetricFog.GridPixelSize:8]]
[2026.05.07-22.00.40:843][  0]LogConfig: Setting CVar [[r.VolumetricFog.GridSizeZ:128]]
[2026.05.07-22.00.40:843][  0]LogConfig: Setting CVar [[r.VolumetricFog.HistoryMissSupersampleCount:4]]
[2026.05.07-22.00.40:843][  0]LogConfig: Setting CVar [[r.LightMaxDrawDistanceScale:1]]
[2026.05.07-22.00.40:843][  0]LogConfig: Setting CVar [[r.CapsuleShadows:1]]
[2026.05.07-22.00.40:843][  0]LogConfig: Applying CVar settings from Section [PostProcessQuality@3] File [C:/Users/kapil/OneDrive/Documents/Unreal Projects/testTP/Saved/Config/Windows/Scalability.ini]
[2026.05.07-22.00.40:843][  0]LogConfig: Setting CVar [[r.MotionBlurQuality:4]]
[2026.05.07-22.00.40:843][  0]LogConfig: Setting CVar [[r.AmbientOcclusionMipLevelFactor:0.4]]
[2026.05.07-22.00.40:843][  0]LogConfig: Setting CVar [[r.AmbientOcclusionMaxQuality:100]]
[2026.05.07-22.00.40:843][  0]LogConfig: Setting CVar [[r.AmbientOcclusionLevels:-1]]
[2026.05.07-22.00.40:843][  0]LogConfig: Setting CVar [[r.AmbientOcclusionRadiusScale:1.0]]
[2026.05.07-22.00.40:843][  0]LogConfig: Setting CVar [[r.DepthOfFieldQuality:2]]
[2026.05.07-22.00.40:843][  0]LogConfig: Setting CVar [[r.RenderTargetPoolMin:400]]
[2026.05.07-22.00.40:843][  0]LogConfig: Setting CVar [[r.LensFlareQuality:2]]
[2026.05.07-22.00.40:843][  0]LogConfig: Setting CVar [[r.SceneColorFringeQuality:1]]
[2026.05.07-22.00.40:843][  0]LogConfig: Setting CVar [[r.EyeAdaptationQuality:2]]
[2026.05.07-22.00.40:843][  0]LogConfig: Setting CVar [[r.BloomQuality:5]]
[2026.05.07-22.00.40:843][  0]LogConfig: Setting CVar [[r.FastBlurThreshold:100]]
[2026.05.07-22.00.40:843][  0]LogConfig: Setting CVar [[r.Upscale.Quality:3]]
[2026.05.07-22.00.40:843][  0]LogConfig: Setting CVar [[r.Tonemapper.GrainQuantization:1]]
[2026.05.07-22.00.40:843][  0]LogConfig: Setting CVar [[r.LightShaftQuality:1]]
[2026.05.07-22.00.40:843][  0]LogConfig: Setting CVar [[r.Filter.SizeScale:1]]
[2026.05.07-22.00.40:843][  0]LogConfig: Setting CVar [[r.Tonemapper.Quality:5]]
[2026.05.07-22.00.40:843][  0]LogConfig: Setting CVar [[r.DOF.Gather.AccumulatorQuality:1        ; higher gathering accumulator quality]]
[2026.05.07-22.00.40:843][  0]LogConfig: Setting CVar [[r.DOF.Gather.PostfilterMethod:1          ; Median3x3 postfilering method]]
[2026.05.07-22.00.40:843][  0]LogConfig: Setting CVar [[r.DOF.Gather.EnableBokehSettings:0       ; no bokeh simulation when gathering]]
[2026.05.07-22.00.40:843][  0]LogConfig: Setting CVar [[r.DOF.Gather.RingCount:4                 ; medium number of samples when gathering]]
[2026.05.07-22.00.40:843][  0]LogConfig: Setting CVar [[r.DOF.Scatter.ForegroundCompositing:1    ; additive foreground scattering]]
[2026.05.07-22.00.40:843][  0]LogConfig: Setting CVar [[r.DOF.Scatter.BackgroundCompositing:2    ; additive background scattering]]
[2026.05.07-22.00.40:843][  0]LogConfig: Setting CVar [[r.DOF.Scatter.EnableBokehSettings:1      ; bokeh simulation when scattering]]
[2026.05.07-22.00.40:843][  0]LogConfig: Setting CVar [[r.DOF.Scatter.MaxSpriteRatio:0.1         ; only a maximum of 10% of scattered bokeh]]
[2026.05.07-22.00.40:843][  0]LogConfig: Setting CVar [[r.DOF.Recombine.Quality:1                ; cheap slight out of focus]]
[2026.05.07-22.00.40:843][  0]LogConfig: Setting CVar [[r.DOF.Recombine.EnableBokehSettings:0    ; no bokeh simulation on slight out of focus]]
[2026.05.07-22.00.40:843][  0]LogConfig: Setting CVar [[r.DOF.TemporalAAQuality:1                ; more stable temporal accumulation]]
[2026.05.07-22.00.40:843][  0]LogConfig: Setting CVar [[r.DOF.Kernel.MaxForegroundRadius:0.025]]
[2026.05.07-22.00.40:843][  0]LogConfig: Setting CVar [[r.DOF.Kernel.MaxBackgroundRadius:0.025]]
[2026.05.07-22.00.40:843][  0]LogConfig: Applying CVar settings from Section [TextureQuality@3] File [C:/Users/kapil/OneDrive/Documents/Unreal Projects/testTP/Saved/Config/Windows/Scalability.ini]
[2026.05.07-22.00.40:843][  0]LogConfig: Setting CVar [[r.Streaming.MipBias:0]]
[2026.05.07-22.00.40:843][  0]LogConfig: Setting CVar [[r.Streaming.AmortizeCPUToGPUCopy:0]]
[2026.05.07-22.00.40:843][  0]LogConfig: Setting CVar [[r.Streaming.MaxNumTexturesToStreamPerFrame:0]]
[2026.05.07-22.00.40:843][  0]LogConfig: Setting CVar [[r.Streaming.Boost:1]]
[2026.05.07-22.00.40:843][  0]LogConfig: Setting CVar [[r.MaxAnisotropy:8]]
[2026.05.07-22.00.40:843][  0]LogConfig: Setting CVar [[r.VT.MaxAnisotropy:8]]
[2026.05.07-22.00.40:843][  0]LogConfig: Setting CVar [[r.Streaming.LimitPoolSizeToVRAM:0]]
[2026.05.07-22.00.40:843][  0]LogConfig: Setting CVar [[r.Streaming.PoolSize:1000]]
[2026.05.07-22.00.40:843][  0]LogConfig: Setting CVar [[r.Streaming.MaxEffectiveScreenSize:0]]
[2026.05.07-22.00.40:843][  0]LogConfig: Applying CVar settings from Section [EffectsQuality@3] File [C:/Users/kapil/OneDrive/Documents/Unreal Projects/testTP/Saved/Config/Windows/Scalability.ini]
[2026.05.07-22.00.40:843][  0]LogConfig: Setting CVar [[r.TranslucencyLightingVolumeDim:64]]
[2026.05.07-22.00.40:843][  0]LogConfig: Setting CVar [[r.RefractionQuality:2]]
[2026.05.07-22.00.40:843][  0]LogConfig: Setting CVar [[r.SSR.Quality:3]]
[2026.05.07-22.00.40:843][  0]LogConfig: Setting CVar [[r.SSR.HalfResSceneColor:0]]
[2026.05.07-22.00.40:843][  0]LogConfig: Setting CVar [[r.SceneColorFormat:4]]
[2026.05.07-22.00.40:843][  0]LogConfig: Setting CVar [[r.DetailMode:2]]
[2026.05.07-22.00.40:843][  0]LogConfig: Setting CVar [[r.TranslucencyVolumeBlur:1]]
[2026.05.07-22.00.40:843][  0]LogConfig: Setting CVar [[r.MaterialQualityLevel:1 ; High quality]]
[2026.05.07-22.00.40:843][  0]LogConfig: Setting CVar [[r.AnisotropicMaterials:1]]
[2026.05.07-22.00.40:843][  0]LogConfig: Setting CVar [[r.SSS.Scale:1]]
[2026.05.07-22.00.40:843][  0]LogConfig: Setting CVar [[r.SSS.SampleSet:2]]
[2026.05.07-22.00.40:843][  0]LogConfig: Setting CVar [[r.SSS.Quality:1]]
[2026.05.07-22.00.40:843][  0]LogConfig: Setting CVar [[r.SSS.HalfRes:0]]
[2026.05.07-22.00.40:843][  0]LogConfig: Setting CVar [[r.SSGI.Quality:3]]
[2026.05.07-22.00.40:843][  0]LogConfig: Setting CVar [[r.EmitterSpawnRateScale:1.0]]
[2026.05.07-22.00.40:843][  0]LogConfig: Setting CVar [[r.ParticleLightQuality:2]]
[2026.05.07-22.00.40:843][  0]LogConfig: Setting CVar [[r.SkyAtmosphere.AerialPerspectiveLUT.FastApplyOnOpaque:1 ; Always have FastSkyLUT 1 in this case to avoid wrong sky]]
[2026.05.07-22.00.40:843][  0]LogConfig: Setting CVar [[r.SkyAtmosphere.AerialPerspectiveLUT.SampleCountMaxPerSlice:4]]
[2026.05.07-22.00.40:843][  0]LogConfig: Setting CVar [[r.SkyAtmosphere.AerialPerspectiveLUT.DepthResolution:16.0]]
[2026.05.07-22.00.40:843][  0]LogConfig: Setting CVar [[r.SkyAtmosphere.FastSkyLUT:1]]
[2026.05.07-22.00.40:843][  0]LogConfig: Setting CVar [[r.SkyAtmosphere.FastSkyLUT.SampleCountMin:4.0]]
[2026.05.07-22.00.40:843][  0]LogConfig: Setting CVar [[r.SkyAtmosphere.FastSkyLUT.SampleCountMax:128.0]]
[2026.05.07-22.00.40:843][  0]LogConfig: Setting CVar [[r.SkyAtmosphere.SampleCountMin:4.0]]
[2026.05.07-22.00.40:843][  0]LogConfig: Setting CVar [[r.SkyAtmosphere.SampleCountMax:128.0]]
[2026.05.07-22.00.40:843][  0]LogConfig: Setting CVar [[r.SkyAtmosphere.TransmittanceLUT.UseSmallFormat:0]]
[2026.05.07-22.00.40:843][  0]LogConfig: Setting CVar [[r.SkyAtmosphere.TransmittanceLUT.SampleCount:10.0]]
[2026.05.07-22.00.40:843][  0]LogConfig: Setting CVar [[r.SkyAtmosphere.MultiScatteringLUT.SampleCount:15.0]]
[2026.05.07-22.00.40:843][  0]LogConfig: Setting CVar [[r.SkyLight.RealTimeReflectionCapture:1]]
[2026.05.07-22.00.40:843][  0]LogConfig: Applying CVar settings from Section [FoliageQuality@3] File [C:/Users/kapil/OneDrive/Documents/Unreal Projects/testTP/Saved/Config/Windows/Scalability.ini]
[2026.05.07-22.00.40:843][  0]LogConfig: Setting CVar [[foliage.DensityScale:1.0]]
[2026.05.07-22.00.40:843][  0]LogConfig: Setting CVar [[grass.DensityScale:1.0]]
[2026.05.07-22.00.40:843][  0]LogConfig: Applying CVar settings from Section [ShadingQuality@3] File [C:/Users/kapil/OneDrive/Documents/Unreal Projects/testTP/Saved/Config/Windows/Scalability.ini]
[2026.05.07-22.00.40:843][  0]LogConfig: Setting CVar [[r.HairStrands.SkyLighting.IntegrationType:2]]
[2026.05.07-22.00.40:843][  0]LogConfig: Setting CVar [[r.HairStrands.SkyAO.SampleCount:4]]
[2026.05.07-22.00.40:843][  0]LogConfig: Setting CVar [[r.HairStrands.Visibility.MSAA.SamplePerPixel:4]]
[2026.05.07-22.00.40:843][  0]LogConfig: Applying CVar settings from Section [Startup] File [../../../Engine/Config/ConsoleVariables.ini]
[2026.05.07-22.00.40:844][  0]LogConfig: Setting CVar [[net.UseAdaptiveNetUpdateFrequency:0]]
[2026.05.07-22.00.40:844][  0]LogConfig: Setting CVar [[p.chaos.AllowCreatePhysxBodies:1]]
[2026.05.07-22.00.40:844][  0]LogConfig: Setting CVar [[fx.SkipVectorVMBackendOptimizations:1]]
[2026.05.07-22.00.40:844][  0]LogConfig: Applying CVar settings from Section [ConsoleVariables] File [C:/Users/kapil/OneDrive/Documents/Unreal Projects/testTP/Saved/Config/Windows/Engine.ini]
[2026.05.07-22.00.40:844][  0]LogConfig: Applying CVar settings from Section [ConsoleVariables] File [C:/Users/kapil/OneDrive/Documents/Unreal Projects/testTP/Saved/Config/Windows/Editor.ini]
[2026.05.07-22.00.40:844][  0]LogInit: Computer: IMMERSEDEMOM5
[2026.05.07-22.00.40:844][  0]LogInit: User: kapil
[2026.05.07-22.00.40:844][  0]LogInit: CPU Page size=4096, Cores=14
[2026.05.07-22.00.40:844][  0]LogInit: High frequency timer resolution =10.000000 MHz
[2026.05.07-22.00.40:844][  0]LogMemory: Memory total: Physical=15.7GB (16GB approx)
[2026.05.07-22.00.40:844][  0]LogMemory: Platform Memory Stats for Windows
[2026.05.07-22.00.40:844][  0]LogMemory: Process Physical Memory: 152.44 MB used, 152.44 MB peak
[2026.05.07-22.00.40:844][  0]LogMemory: Process Virtual Memory: 131.34 MB used, 131.34 MB peak
[2026.05.07-22.00.40:844][  0]LogMemory: Physical Memory: 11293.46 MB used,  4775.24 MB free, 16068.70 MB total
[2026.05.07-22.00.40:844][  0]LogMemory: Virtual Memory: 134214096.00 MB used,  3630.80 MB free, 134217728.00 MB total
[2026.05.07-22.00.40:848][  0]LogWindows: WindowsPlatformFeatures enabled
[2026.05.07-22.00.40:883][  0]LogInit: Physics initialised using underlying interface: PhysX
[2026.05.07-22.00.40:884][  0]LogInit: Using OS detected language (en-US).
[2026.05.07-22.00.40:884][  0]LogInit: Using OS detected locale (en-US).
[2026.05.07-22.00.40:888][  0]LogTextLocalizationManager: No specific localization for 'en-US' exists, so the 'en' localization will be used.
[2026.05.07-22.00.41:023][  0]LogWindowsTextInputMethodSystem: Display: IME system deactivated.
[2026.05.07-22.00.41:033][  0]LogSlate: New Slate User Created.  User Index 0, Is Virtual User: 0
[2026.05.07-22.00.41:033][  0]LogSlate: Slate User Registered.  User Index 0, Is Virtual User: 0
[2026.05.07-22.00.41:040][  0]LogD3D11RHI: Loaded GFSDK_Aftermath_Lib.x64.dll
[2026.05.07-22.00.41:083][  0]LogHMD: Failed to initialize OpenVR with code 110
[2026.05.07-22.00.41:083][  0]LogD3D11RHI: D3D11 min allowed feature level: 11_0
[2026.05.07-22.00.41:083][  0]LogD3D11RHI: D3D11 max allowed feature level: 11_0
[2026.05.07-22.00.41:083][  0]LogD3D11RHI: D3D11 adapters:
[2026.05.07-22.00.41:241][  0]LogD3D11RHI:    0. 'NVIDIA GeForce RTX 4060 Laptop GPU' (Feature Level 11_0)
[2026.05.07-22.00.41:241][  0]LogD3D11RHI:       7957/0/8034 MB DedicatedVideo/DedicatedSystem/SharedSystem, Outputs:1, VendorId:0x10de
[2026.05.07-22.00.41:266][  0]LogD3D11RHI:    1. 'Intel(R) UHD Graphics' (Feature Level 11_0)
[2026.05.07-22.00.41:266][  0]LogD3D11RHI:       128/0/8034 MB DedicatedVideo/DedicatedSystem/SharedSystem, Outputs:0, VendorId:0x8086
[2026.05.07-22.00.41:269][  0]LogD3D11RHI:    2. 'Microsoft Basic Render Driver' (Feature Level 11_0)
[2026.05.07-22.00.41:269][  0]LogD3D11RHI:       0/0/8034 MB DedicatedVideo/DedicatedSystem/SharedSystem, Outputs:0, VendorId:0x1414
[2026.05.07-22.00.41:269][  0]LogD3D11RHI: Chosen D3D11 Adapter:
[2026.05.07-22.00.41:269][  0]LogD3D11RHI:     Description : NVIDIA GeForce RTX 4060 Laptop GPU
[2026.05.07-22.00.41:269][  0]LogD3D11RHI:     VendorId    : 10de
[2026.05.07-22.00.41:269][  0]LogD3D11RHI:     DeviceId    : 28e0
[2026.05.07-22.00.41:269][  0]LogD3D11RHI:     SubSysId    : bf81028
[2026.05.07-22.00.41:269][  0]LogD3D11RHI:     Revision    : 00a1
[2026.05.07-22.00.41:269][  0]LogD3D11RHI:     DedicatedVideoMemory : 8343519232 bytes
[2026.05.07-22.00.41:269][  0]LogD3D11RHI:     DedicatedSystemMemory : 0 bytes
[2026.05.07-22.00.41:269][  0]LogD3D11RHI:     SharedSystemMemory : 8424628224 bytes
[2026.05.07-22.00.41:269][  0]LogD3D11RHI:     AdapterLuid : 0 75339
[2026.05.07-22.00.41:275][  0]LogD3D11RHI: Creating new Direct3DDevice
[2026.05.07-22.00.41:275][  0]LogD3D11RHI:     GPU DeviceId: 0x28e0 (for the marketing name, search the web for "GPU Device Id")
[2026.05.07-22.00.41:275][  0]LogWindows: EnumDisplayDevices:
[2026.05.07-22.00.41:275][  0]LogWindows:    0. 'Intel(R) UHD Graphics' (P:1 D:1)
[2026.05.07-22.00.41:275][  0]LogWindows:    1. 'Intel(R) UHD Graphics' (P:0 D:0)
[2026.05.07-22.00.41:276][  0]LogWindows:    2. 'Intel(R) UHD Graphics' (P:0 D:0)
[2026.05.07-22.00.41:276][  0]LogWindows:    3. 'Intel(R) UHD Graphics' (P:0 D:0)
[2026.05.07-22.00.41:276][  0]LogWindows:    4. 'NVIDIA GeForce RTX 4060 Laptop GPU' (P:0 D:0)
[2026.05.07-22.00.41:276][  0]LogWindows: DebugString: PrimaryIsNotTheChoosenAdapter PrimaryIsNotTheChoosenAdapter PrimaryIsNotTheChoosenAdapter PrimaryIsNotTheChoosenAdapter 
[2026.05.07-22.00.41:276][  0]LogD3D11RHI:     Adapter Name: NVIDIA GeForce RTX 4060 Laptop GPU
[2026.05.07-22.00.41:276][  0]LogD3D11RHI:   Driver Version: 581.95 (internal:32.0.15.8195, unified:581.95)
[2026.05.07-22.00.41:276][  0]LogD3D11RHI:      Driver Date: 11-18-2025
[2026.05.07-22.00.41:276][  0]LogRHI: Texture pool is 5569 MB (70% of 7957 MB)
[2026.05.07-22.00.41:276][  0]LogD3D11RHI: Creating D3DDevice using adapter:
[2026.05.07-22.00.41:276][  0]LogD3D11RHI:     Description : NVIDIA GeForce RTX 4060 Laptop GPU
[2026.05.07-22.00.41:276][  0]LogD3D11RHI:     VendorId    : 10de
[2026.05.07-22.00.41:276][  0]LogD3D11RHI:     DeviceId    : 28e0
[2026.05.07-22.00.41:276][  0]LogD3D11RHI:     SubSysId    : bf81028
[2026.05.07-22.00.41:276][  0]LogD3D11RHI:     Revision    : 00a1
[2026.05.07-22.00.41:276][  0]LogD3D11RHI:     DedicatedVideoMemory : 8343519232 bytes
[2026.05.07-22.00.41:276][  0]LogD3D11RHI:     DedicatedSystemMemory : 0 bytes
[2026.05.07-22.00.41:276][  0]LogD3D11RHI:     SharedSystemMemory : 8424628224 bytes
[2026.05.07-22.00.41:276][  0]LogD3D11RHI:     AdapterLuid : 0 75339
[2026.05.07-22.00.41:390][  0]LogD3D11RHI: RHI has support for 64 bit atomics
[2026.05.07-22.00.41:390][  0]LogD3D11RHI: Async texture creation enabled
[2026.05.07-22.00.41:390][  0]LogD3D11RHI: Array index from any shader is supported
[2026.05.07-22.00.41:401][  0]LogD3D11RHI: GPU Timing Frequency: 1000.000000 (Debug: 2 1)
[2026.05.07-22.00.41:424][  0]LogRHI: GeForceNow SDK initialized: 1
[2026.05.07-22.00.41:660][  0]LogTargetPlatformManager: Display: Loaded TargetPlatform 'WindowsNoEditor'
[2026.05.07-22.00.41:664][  0]LogTargetPlatformManager: Display: Loaded TargetPlatform 'Windows'
[2026.05.07-22.00.41:667][  0]LogTargetPlatformManager: Display: Loaded TargetPlatform 'WindowsClient'
[2026.05.07-22.00.41:670][  0]LogTargetPlatformManager: Display: Loaded TargetPlatform 'WindowsServer'
[2026.05.07-22.00.41:670][  0]LogTargetPlatformManager: Display: Building Assets For Windows
[2026.05.07-22.00.41:676][  0]LogAudioDebug: Display: Lib vorbis DLL was dynamically loaded.
[2026.05.07-22.00.41:699][  0]LogTextureFormatOodle: Display: Oodle Texture 2.9.0 init RDO Off
[2026.05.07-22.00.41:723][  0]LogRendererCore: Ray tracing is disabled. Reason: r.RayTracing=0.
[2026.05.07-22.00.41:723][  0]LogShaderCompilers: Guid format shader working directory is -26 characters bigger than the processId version (../../../../../../Users/kapil/OneDrive/Documents/Unreal Projects/testTP/Intermediate/Shaders/WorkingDirectory/21312/).
[2026.05.07-22.00.41:723][  0]LogShaderCompilers: Cleaned the shader compiler working directory 'C:/Users/kapil/AppData/Local/Temp/UnrealShaderWorkingDir/C100593946333DD2C4768E82B77F9C99/'.
[2026.05.07-22.00.41:723][  0]LogXGEController: Cannot use XGE Controller as Incredibuild is not installed on this machine.
[2026.05.07-22.00.41:723][  0]LogShaderCompilers: Cannot use XGE Shader Compiler as Incredibuild is not installed on this machine.
[2026.05.07-22.00.41:723][  0]LogShaderCompilers: Display: Using Local Shader Compiler.
[2026.05.07-22.00.42:259][  0]LogDerivedDataCache: Display: Max Cache Size: 512 MB
[2026.05.07-22.00.42:306][  0]LogDerivedDataCache: Loaded boot cache 0.05s 94MB C:/Users/kapil/AppData/Local/UnrealEngine/4.27/DerivedDataCache/Boot.ddc.
[2026.05.07-22.00.42:306][  0]LogDerivedDataCache: Display: Loaded Boot cache: C:/Users/kapil/AppData/Local/UnrealEngine/4.27/DerivedDataCache/Boot.ddc
[2026.05.07-22.00.42:306][  0]LogDerivedDataCache: FDerivedDataBackendGraph:  Pak pak cache file ../../../../../../Users/kapil/OneDrive/Documents/Unreal Projects/testTP/DerivedDataCache/DDC.ddp not found, will not use a pak cache.
[2026.05.07-22.00.42:306][  0]LogDerivedDataCache: Unable to find inner node Pak for hierarchical cache Hierarchy.
[2026.05.07-22.00.42:306][  0]LogDerivedDataCache: FDerivedDataBackendGraph:  CompressedPak pak cache file ../../../../../../Users/kapil/OneDrive/Documents/Unreal Projects/testTP/DerivedDataCache/Compressed.ddp not found, will not use a pak cache.
[2026.05.07-22.00.42:306][  0]LogDerivedDataCache: Unable to find inner node CompressedPak for hierarchical cache Hierarchy.
[2026.05.07-22.00.42:319][  0]LogDerivedDataCache: Display: Pak cache opened for reading ../../../Engine/DerivedDataCache/Compressed.ddp.
[2026.05.07-22.00.42:319][  0]LogDerivedDataCache: FDerivedDataBackendGraph:  EnterprisePak pak cache file ../../../Enterprise/DerivedDataCache/Compressed.ddp not found, will not use a pak cache.
[2026.05.07-22.00.42:319][  0]LogDerivedDataCache: Unable to find inner node EnterprisePak for hierarchical cache Hierarchy.
[2026.05.07-22.00.42:327][  0]LogDerivedDataCache: Speed tests for C:/Users/kapil/AppData/Local/UnrealEngine/Common/DerivedDataCache took 0.01 seconds
[2026.05.07-22.00.42:327][  0]LogDerivedDataCache: Display: Performance to C:/Users/kapil/AppData/Local/UnrealEngine/Common/DerivedDataCache: Latency=0.03ms. RandomReadSpeed=1449.01MBs, RandomWriteSpeed=136.77MBs. Assigned SpeedClass 'Local'
[2026.05.07-22.00.42:327][  0]LogDerivedDataCache: Using Local data cache path C:/Users/kapil/AppData/Local/UnrealEngine/Common/DerivedDataCache: Writable
[2026.05.07-22.00.42:328][  0]LogDerivedDataCache: Shared data cache path not found in *engine.ini, will not use an Shared cache.
[2026.05.07-22.00.42:328][  0]LogDerivedDataCache: Unable to find inner node Shared for hierarchical cache Hierarchy.
[2026.05.07-22.00.42:357][  0]LogSlate: Using FreeType 2.10.0
[2026.05.07-22.00.42:357][  0]LogSlate: SlateFontServices - WITH_FREETYPE: 1, WITH_HARFBUZZ: 1
[2026.05.07-22.00.42:397][  0]LogInit: Using OS detected language (en-US).
[2026.05.07-22.00.42:398][  0]LogInit: Using OS detected locale (en-US).
[2026.05.07-22.00.42:398][  0]LogTextLocalizationManager: No localization for 'en-US' exists, so 'en' will be used for the language.
[2026.05.07-22.00.42:398][  0]LogTextLocalizationManager: No localization for 'en-US' exists, so 'en' will be used for the locale.
[2026.05.07-22.00.42:398][  0]LogSlate: FontCache flush requested. Reason: Culture for localization was changed
[2026.05.07-22.00.42:398][  0]LogSlate: FontCache flush requested. Reason: Culture for localization was changed
[2026.05.07-22.00.42:399][  0]LogTextLocalizationManager: Compacting localization data took   0.01ms
[2026.05.07-22.00.42:399][  0]LogAssetRegistry: FAssetRegistry took 0.0012 seconds to start up
[2026.05.07-22.00.42:529][  0]LogPackageLocalizationCache: Processed 28 localized package path(s) for 1 prioritized culture(s) in 0.026393 seconds
[2026.05.07-22.00.42:576][  0]LogInit: Selected Device Profile: [Windows]
[2026.05.07-22.00.42:576][  0]LogInit: Active device profile: [000001C1F7454D00][000001C1F1B875C0 49] Windows
[2026.05.07-22.00.42:576][  0]LogInit: Profiles: [000001C1F7454D00][000001C1F1B875C0 49] Windows, [000001C1F741A300][000001C1F1B83700 49] WindowsNoEditor, [000001C1F7455C00][000001C1F1B8B840 49] WindowsServer, [000001C1F741B100][000001C1F29D19C0 49] WindowsClient, [000001C1F7456900][000001C1F29D5B40 49] IOS, [000001C1F7419A00][000001C1F29D8140 49] iPadAir, [000001C1F7457E00][000001C1F29DC2C0 49] iPadAir2, [000001C1F73C1100][000001C1F29E4580 49] IPadPro, [000001C1F73C1200][000001C1F29E05C0 49] iPadAir3, [000001C1F7418C00][000001C1F29E8740 49] iPadAir4, [000001C1F73C1E00][000001C1F29EC8C0 49] iPadMini2, [000001C1F741B300][000001C1F29F0A40 49] iPadMini3, [000001C1F73C3900][000001C1F29F4BC0 49] iPadMini4, [000001C1F7419000][000001C1F29F8D40 49] iPadMini5, [000001C1F73E0A00][000001C1F2A01000 49] iPhone6, [000001C1F73E0B00][000001C1F29FD040 49] iPodTouch6, [000001C1F7456D00][000001C1F2A09300 49] iPhone7, [000001C1F7456E00][000001C1F2A05340 49] iPodTouch7, [000001C1F73C3E00][000001C1F2A0D4C0 49] iPhone5S, [000001C1F7454E00][000001C1F2A11640 49] iPhone6Plus, [000001C1F73E0100][000001C1F1B8F780 49] iPhone6S, [000001C1F73C0300][000001C1F2A158C0 49] iPhone6SPlus, [000001C1F73E2900][000001C1F2A19A00 49] iPhone7Plus, [000001C1F73C2200][000001C1F2D6FB40 49] iPhoneSE, [000001C1F73E2700][000001C1F2D76140 49] iPhone8, [000001C1F73C0700][000001C1F2D7A2C0 49] iPhone8Plus, [000001C1F73E3200][000001C1F2D7E440 49] iPhoneX, [000001C1F7455500][000001C1F2D825C0 49] iPhoneXS, [000001C1F73E2C00][000001C1F2D86740 49] iPhoneXSMax, [000001C1F7455A00][000001C1F2D8A8C0 49] iPhoneXR, [000001C1F73E0600][000001C1F2D8EA40 49] iPhone11, [000001C1F7454F00][000001C1F2D92BC0 49] iPhone11Pro, [000001C1F73E1B00][000001C1F2D96D40 49] iPhone11ProMax, [000001C1F7457300][000001C1F2D9AEC0 49] iPhoneSE2, [000001C1F73E3B00][000001C1F2D9F040 49] iPhone12Mini, [000001C1F7456300][000001C1F2DA31C0 49] iPhone12, [000001C1F73E1000][000001C1F2DA7340 49] iPhone12Pro, [000001C1F7457F00][000001C1F2DAB4C0 49] iPhone12ProMax, [000001C1F73E1600][000001C1F2DAF640 49] iPadPro105, [000001C1F7454900][000001C1F2DB37C0 49] iPadPro129, [000001C1F73E3E00][000001C1F2D73900 49] iPadPro97, [000001C1F7457700][000001C1F2DB7A40 49] iPadPro2_129, [000001C1F73E0D00][000001C1F2DBBB80 49] iPad5, [000001C1F7455F00][000001C1F2DBE140 49] iPad6, [000001C1F73E1200][000001C1F2DC62C0 49] iPad7, [000001C1F7455100][000001C1F2DCA440 49] iPad8, [000001C1F73E2400][000001C1F19905C0 49] iPadPro11, [000001C1F7457B00][000001C1F1994740 49] iPadPro2_11, [000001C1F73E3F00][000001C1F19988C0 49] iPadPro3_129, [000001C1F7457800][000001C1F199CA40 49] iPadPro4_129, [000001C1F73E2A00][000001C1F19A0BC0 49] AppleTV, [000001C1F7456600][000001C1F19A4D40 49] AppleTV4K, [000001C1F73E0F00][000001C1F19A8EC0 49] TVOS, [000001C1F7455800][000001C1F19AD040 49] Mac, [000001C1F73E1400][000001C1F19B11C0 49] MacClient, [000001C1F7456400][000001C1F19B5340 49] MacNoEditor, [000001C1F73E2F00][000001C1F19B94C0 49] MacServer, [000001C1F7455400][000001C1F19BD640 49] Linux, [000001C1F73E1F00][000001C1F19C17C0 49] LinuxAArch64, [000001C1F7454700][000001C1F19C5940 49] LinuxNoEditor, [000001C1F73E3300][000001C1F19C9AC0 49] LinuxAArch64NoEditor, [000001C1F7455600][000001C1F2DC3C00 49] LinuxClient, [000001C1F73E0800][000001C1F19CC1C0 49] LinuxAArch64Client, [000001C1F7454200][000001C1F19D0300 49] LinuxServer, [000001C1F73E1100][000001C1F19D8480 49] LinuxAArch64Server, [000001C1F7455000][000001C1F19DC600 49] Android, [000001C1F73E3700][000001C1F19E0780 49] Android_Low, [000001C1F7457C00][000001C1F19E4900 49] Android_Mid, [000001C1F73E3900][000001C1F19E8A80 49] Android_High, [000001C1F7457400][000001C1F19ECC00 49] Android_Default, [000001C1F73E0900][000001C1F19F0D80 49] Android_Adreno4xx, [000001C1F7457500][000001C1F19F4F00 49] Android_Adreno5xx_Low, [000001C1F73E2500][000001C1F19F9080 49] Android_Adreno5xx, [000001C1F7456500][000001C1F19FD200 49] Android_Adreno6xx, [000001C1F7418500][000001C1F1A01380 49] Android_Adreno6xx_Vulkan, [000001C1F73C3600][000001C1F1A05500 49] Android_Mali_T6xx, [000001C1F7418600][000001C1F1A09680 49] Android_Mali_T7xx, [000001C1F73C3A00][000001C1F1A0D800 49] Android_Mali_T8xx, [000001C1F7418100][000001C1F1A11980 49] Android_Mali_G71, [000001C1F73C3500][000001C1F1A15B00 49] Android_Mali_G72, [000001C1F7418400][000001C1F1A18100 49] Android_Mali_G72_Vulkan, [000001C1F73C1800][000001C1F19D4240 49] Android_Mali_G76, [000001C1F741B800][000001C1F1A1C380 49] Android_Mali_G76_Vulkan, [000001C1F73C2A00][000001C1F1A204C0 49] Android_Mali_G77, [000001C1F741B200][000001C1F1A28640 49] Android_Mali_G77_Vulkan, [000001C1F73C1600][000001C1F1A2C7C0 49] Android_Mali_G78, [000001C1F741A200][000001C1F1A30940 49] Android_Mali_G78_Vulkan, [000001C1F73C0600][000001C1F1A34AC0 49] Android_Mali_G710, [000001C1F7418300][000001C1F1A38C40 49] Android_Mali_G710_Vulkan, [000001C1F73C0200][000001C1F1A3CDC0 49] Android_Vulkan_SM5, [000001C1F7418200][000001C1F1A40F40 49] Android_PowerVR_G6xxx, [000001C1F73C2500][000001C1F1A450C0 49] Android_PowerVR_GT7xxx, [000001C1F741A600][000001C1F1A49240 49] Android_PowerVR_GE8xxx, [000001C1F73C1300][000001C1F1A4D3C0 49] Android_PowerVR_GM9xxx, [000001C1F7418D00][000001C1F1A51540 49] Android_PowerVR_GM9xxx_Vulkan, [000001C1F73C3D00][000001C1F1A556C0 49] Android_TegraK1, [000001C1F741A900][000001C1F1A59840 49] Android_Unknown_Vulkan, [000001C1F73C3200][000001C1F1A5D9C0 49] Lumin, [000001C1F7418A00][000001C1F1A61B40 49] Lumin_Desktop, [000001C1F73C3300][000001C1F1A64140 49] HoloLens, 
[2026.05.07-22.00.42:608][  0]LogMeshReduction: Using QuadricMeshReduction for automatic static mesh reduction
[2026.05.07-22.00.42:608][  0]LogMeshReduction: Using SimplygonMeshReduction for automatic skeletal mesh reduction
[2026.05.07-22.00.42:608][  0]LogMeshReduction: Using ProxyLODMeshReduction for automatic mesh merging
[2026.05.07-22.00.42:608][  0]LogMeshReduction: No distributed automatic mesh merging module available
[2026.05.07-22.00.42:608][  0]LogMeshMerging: No distributed automatic mesh merging module available
[2026.05.07-22.00.42:677][  0]LogNetVersion: testTP 1.0.0, NetCL: 17155196, EngineNetVer: 17, GameNetVer: 0 (Checksum: 3966549976)
[2026.05.07-22.00.42:850][  0]LogTexture: Default maximum texture size for cubemaps generated from long-lat sources has been changed from 512 to unlimited. In order to preserve old behaiour for '/Engine/MapTemplates/Sky/DaylightAmbientCubemap.DaylightAmbientCubemap', its maximum texture size has been explicitly set to 512.
[2026.05.07-22.00.42:891][  0]LogHMD: PokeAHoleMaterial loaded successfully
[2026.05.07-22.00.42:969][  0]LogMoviePlayer: Initializing movie player
[2026.05.07-22.00.43:099][  0]LogNiagaraDebuggerClient: Niagara Debugger Client Initialized | Session: ED7C400548CBB0D6928388A8BBC6FF40 | Instance: 2B7C562B4322E7E3105142A46384F9F8 (IMMERSEDEMOM5-21312).
[2026.05.07-22.00.43:118][  0]LogCollectionManager: Loaded 0 collections in 0.001079 seconds
[2026.05.07-22.00.43:121][  0]LogFileCache: Scanning file cache for directory 'C:/Users/kapil/OneDrive/Documents/Unreal Projects/testTP/Saved/Collections/' took 0.00s
[2026.05.07-22.00.43:121][  0]LogFileCache: Scanning file cache for directory 'C:/Users/kapil/OneDrive/Documents/Unreal Projects/testTP/Content/Developers/kapil/Collections/' took 0.00s
[2026.05.07-22.00.43:121][  0]LogFileCache: Scanning file cache for directory 'C:/Users/kapil/OneDrive/Documents/Unreal Projects/testTP/Content/Collections/' took 0.00s
[2026.05.07-22.00.43:121][  0]LogCollectionManager: Fixed up redirectors for 0 collections in 0.000002 seconds (updated 0 objects)
[2026.05.07-22.00.43:159][  0]LogPython: Using Python 3.7.7
[2026.05.07-22.00.43:496][  0]LogAkAudio: Wwise(R) SDK Version 2019.2.15 Build 7667. Copyright (c) 2006-2019 Audiokinetic Inc.
[2026.05.07-22.00.43:497][  0]LogAkAudio: Wwise plug-in DLL path: C:/Users/kapil/OneDrive/Documents/Unreal Projects/testTP/Plugins/Wwise/ThirdParty/x64_vc150/Profile/bin/
[2026.05.07-22.00.43:497][  0]LogAkAudio: Wwise remote connection application name: testTP
[2026.05.07-22.00.43:497][  0]LogAkAudio: Wwise successfully initialized.
[2026.05.07-22.00.43:499][  0]LogAkAudio: Error: Could not find plug-in dynamic library: ImmerseAudioRenderer
[2026.05.07-22.00.43:499][  0]LogAkAudio: Error: Plug-in not found: 6558339
[2026.05.07-22.00.43:499][  0]LogAkAudio: Initialization complete.
[2026.05.07-22.00.43:499][  0]LogInit: Audiokinetic Audio Device initialized.
[2026.05.07-22.00.43:664][  0]SourceControl: Source control is disabled
[2026.05.07-22.00.43:664][  0]SourceControl: Source control is disabled
[2026.05.07-22.00.43:668][  0]LogUProjectInfo: Found projects:
[2026.05.07-22.00.43:677][  0]SourceControl: Source control is disabled
[2026.05.07-22.00.43:747][  0]LogOpenImageDenoise: OIDN starting up
[2026.05.07-22.00.43:756][  0]LogAndroidPermission: UAndroidPermissionCallbackProxy::GetInstance
[2026.05.07-22.00.43:764][  0]LogAudioCaptureCore: Display: No Audio Capture implementations found. Audio input will be silent.
[2026.05.07-22.00.43:764][  0]LogAudioCaptureCore: Display: No Audio Capture implementations found. Audio input will be silent.
[2026.05.07-22.00.43:815][  0]LogOcInput: OculusInput pre-init called
[2026.05.07-22.00.43:820][  0]LogUObjectArray: 22811 objects as part of root set at end of initial load.
[2026.05.07-22.00.43:820][  0]LogUObjectAllocator: 6215680 out of 0 bytes used by permanent object pool.
[2026.05.07-22.00.43:820][  0]LogUObjectArray: CloseDisregardForGC: 0/0 objects in disregard for GC pool
[2026.05.07-22.00.43:857][  0]LogClass: Display: EnumProperty FAkExternalSourceInfo::CodecID is not initialized properly. Module:AkAudio File:Classes/AkGameplayTypes.h
[2026.05.07-22.00.43:858][  0]LogClass: Warning: ObjectProperty FAkExternalSourceInfo::ExternalSourceAsset is not initialized properly. Module:AkAudio File:Classes/AkGameplayTypes.h
[2026.05.07-22.00.43:858][  0]LogClass: Display: IntProperty FAkChannelMask::ChannelMask is not initialized properly. Module:AkAudio File:Classes/AkGameplayTypes.h
[2026.05.07-22.00.43:858][  0]LogClass: Display: 3 Uninitialized script struct members found including 1 object properties
[2026.05.07-22.00.43:858][  0]LogAutomationTest: Warning: ObjectProperty FAkExternalSourceInfo::ExternalSourceAsset is not initialized properly. Module:AkAudio File:Classes/AkGameplayTypes.h
[2026.05.07-22.00.43:858][  0]LogEngine: Initializing Engine...
[2026.05.07-22.00.43:861][  0]LogHMD: Failed to enumerate extensions. Please check that you have a valid OpenXR runtime installed.
[2026.05.07-22.00.43:861][  0]LogHMD: Failed to initialize OpenVR with code 110
[2026.05.07-22.00.43:861][  0]LogMagicLeap: Warning: VR disabled because ZI is not enabled.  To enable, in the editor, Edit -> Project Settings -> Plugins -> Magic Leap Plugin -> Enable Zero Iteration
[2026.05.07-22.00.43:863][  0]LogStats: UGameplayTagsManager::InitializeManager -  0.000 s
[2026.05.07-22.00.43:929][  0]LogInit: Initializing FReadOnlyCVARCache
[2026.05.07-22.00.43:929][  0]LogAudio: Display: Initializing Audio Device Manager...
[2026.05.07-22.00.43:931][  0]LogAudio: Display: Loading Default Audio Settings Objects...
[2026.05.07-22.00.43:933][  0]LogAudio: Display: No default SoundConcurrencyObject specified (or failed to load).
[2026.05.07-22.00.43:933][  0]LogAudio: Display: Audio Device Manager Initialized
[2026.05.07-22.00.43:933][  0]LogAudio: Display: Creating Audio Device:                 Id: 1, Scope: Shared, Realtime: True
[2026.05.07-22.00.43:933][  0]LogAudioMixer: Display: Audio Mixer Platform Settings:
[2026.05.07-22.00.43:933][  0]LogAudioMixer: Display: 	Sample Rate:						  48000
[2026.05.07-22.00.43:933][  0]LogAudioMixer: Display: 	Callback Buffer Frame Size Requested: 1024
[2026.05.07-22.00.43:933][  0]LogAudioMixer: Display: 	Callback Buffer Frame Size To Use:	  1024
[2026.05.07-22.00.43:933][  0]LogAudioMixer: Display: 	Number of buffers to queue:			  2
[2026.05.07-22.00.43:933][  0]LogAudioMixer: Display: 	Max Channels (voices):				  32
[2026.05.07-22.00.43:933][  0]LogAudioMixer: Display: 	Number of Async Source Workers:		  0
[2026.05.07-22.00.43:933][  0]LogAudio: Display: AudioDevice MaxSources: 32
[2026.05.07-22.00.43:933][  0]LogAudio: Display: Audio Spatialization Plugin: None (built-in).
[2026.05.07-22.00.43:933][  0]LogAudio: Display: Audio Reverb Plugin: None (built-in).
[2026.05.07-22.00.43:933][  0]LogAudio: Display: Audio Occlusion Plugin: None (built-in).
[2026.05.07-22.00.43:933][  0]LogAudioMixer: Display: Initializing audio mixer.
[2026.05.07-22.00.43:940][  0]LogAudioMixer: Display: 0: FrontLeft
[2026.05.07-22.00.43:940][  0]LogAudioMixer: Display: 1: FrontRight
[2026.05.07-22.00.43:954][  0]LogAudioMixer: Display: Using Audio Device Speakers (2- Realtek(R) Audio)
[2026.05.07-22.00.43:957][  0]LogAudioMixer: Display: Initializing Sound Submixes...
[2026.05.07-22.00.43:959][  0]LogAudioMixer: Display: Creating Master Submix 'MasterSubmixDefault'
[2026.05.07-22.00.43:959][  0]LogAudioMixer: Display: Creating Master Submix 'MasterReverbSubmixDefault'
[2026.05.07-22.00.43:959][  0]LogAudioMixer: Display: Creating Master Submix 'MasterEQSubmixDefault'
[2026.05.07-22.00.43:959][  0]LogAudioMixer: FMixerPlatformXAudio2::StartAudioStream() called
[2026.05.07-22.00.43:959][  0]LogAudioMixer: Display: Output buffers initialized: Frames=1024, Channels=2, Samples=2048
[2026.05.07-22.00.43:960][  0]LogAudioMixer: Display: Starting AudioMixerPlatformInterface::RunInternal()
[2026.05.07-22.00.43:960][  0]LogAudioMixer: Display: FMixerPlatformXAudio2::SubmitBuffer() called for the first time
[2026.05.07-22.00.43:960][  0]LogInit: FAudioDevice initialized.
[2026.05.07-22.00.43:961][  0]LogNetVersion: Set ProjectVersion to 1.0.0.0. Version Checksum will be recalculated on next use.
[2026.05.07-22.00.44:009][  0]LogDerivedDataCache: Saved boot cache 0.05s 94MB C:/Users/kapil/AppData/Local/UnrealEngine/4.27/DerivedDataCache/Boot.ddc.
[2026.05.07-22.00.44:009][  0]LogInit: Texture streaming: Enabled
[2026.05.07-22.00.44:055][  0]LogAudio: Display: Audio Device (ID: 1) registered with world 'Untitled'.
[2026.05.07-22.00.44:055][  0]LogSlate: Updating window title bar state: overlay mode, drag disabled, window buttons hidden, title bar hidden
[2026.05.07-22.00.44:055][  0]LogInit: Display: Game Engine Initialized.
[2026.05.07-22.00.44:055][  0]LogNiagaraEditor: GEditor isn't valid! Particle reset commands will not work for Niagara components!
[2026.05.07-22.00.44:135][  0]LogInit: Display: Starting Game.
[2026.05.07-22.00.44:135][  0]LogNet: Browse: /Game/ThirdPersonBP/Maps/ThirdPersonExampleMap?Name=Player
[2026.05.07-22.00.44:135][  0]LogLoad: LoadMap: /Game/ThirdPersonBP/Maps/ThirdPersonExampleMap?Name=Player
[2026.05.07-22.00.44:135][  0]LogWorld: BeginTearingDown for /Temp/Untitled_0
[2026.05.07-22.00.44:136][  0]LogWorld: UWorld::CleanupWorld for Untitled, bSessionEnded=true, bCleanupResources=true
[2026.05.07-22.00.44:136][  0]LogSlate: InvalidateAllWidgets triggered.  All widgets were invalidated
[2026.05.07-22.00.44:145][  0]LogAudio: Display: Audio Device unregistered from world 'None'.
[2026.05.07-22.00.44:147][  0]LogUObjectHash: Compacting FUObjectHashTables data took   0.72ms
[2026.05.07-22.00.44:329][  0]LogAudio: Display: Audio Device (ID: 1) registered with world 'ThirdPersonExampleMap'.
[2026.05.07-22.00.44:336][  0]LogAIModule: Creating AISystem for world ThirdPersonExampleMap
[2026.05.07-22.00.44:337][  0]LogLoad: Game class is 'ThirdPersonGameMode_C'
[2026.05.07-22.00.44:341][  0]LogWorld: Bringing World /Game/ThirdPersonBP/Maps/ThirdPersonExampleMap.ThirdPersonExampleMap up for play (max tick rate 0) at 2026.05.07-15.00.44
[2026.05.07-22.00.44:341][  0]LogWorld: Bringing up level for play took: 0.002443
[2026.05.07-22.00.44:342][  0]LogTemp: Display: [ImmerseStress] Ready. Defaults: event=SwordHits bus=7p1p4 shareset=Immerse_Audio_Renderer_(Custom)
[2026.05.07-22.00.44:342][  0]LogTemp: Display: [ImmerseStress] Wwise not ready (retry 1), waiting 0.5s...
[2026.05.07-22.00.44:342][  0]LogTemp: Display: [testTP] Auto-spawned ImmerseStressTestActor into ThirdPersonExampleMap (type=1)
[2026.05.07-22.00.44:343][  0]LogLoad: Took 0.208380 seconds to LoadMap(/Game/ThirdPersonBP/Maps/ThirdPersonExampleMap)
[2026.05.07-22.00.44:389][  0]LogRenderer: Reallocating scene render targets to support 1536x864 Format 10 NumSamples 1 (Frame:1).
[2026.05.07-22.00.44:389][  0]LogSlate: Took 0.005807 seconds to synchronously load lazily loaded font '../../../Engine/Content/Slate/Fonts/Roboto-Regular.ttf' (155K)
[2026.05.07-22.00.44:435][  0]LogInit: Display: Engine is initialized. Leaving FEngineLoop::Init()
[2026.05.07-22.00.44:435][  0]LogLoad: (Engine Initialization) Total time: 4.37 seconds
[2026.05.07-22.00.44:435][  0]LogLoad: (Engine Initialization) Total Blueprint compile time: 0.00 seconds
[2026.05.07-22.00.44:461][  0]LogContentStreaming: Texture pool size now 1000 MB
[2026.05.07-22.00.44:468][  0]LogSlate: InvalidateAllWidgets triggered.  All widgets were invalidated
[2026.05.07-22.00.44:490][  0]LogRenderer: Reallocating scene render targets to support 128x128 Format 10 NumSamples 1 (Frame:1).
[2026.05.07-22.00.44:507][  0]LogRenderer: Reallocating scene render targets to support 1536x864 Format 10 NumSamples 1 (Frame:2).
[2026.05.07-22.00.44:549][  1]LogSlate: Took 0.000148 seconds to synchronously load lazily loaded font '../../../Engine/Content/Slate/Fonts/Roboto-Regular.ttf' (155K)
[2026.05.07-22.00.44:949][ 80]LogTemp: Display: [ImmerseStress] Wwise not ready (retry 2), waiting 0.5s...
[2026.05.07-22.00.45:451][327]LogTemp: Display: [ImmerseStress] Wwise not ready (retry 3), waiting 0.5s...
[2026.05.07-22.00.45:953][584]LogTemp: Display: [ImmerseStress] Wwise not ready (retry 4), waiting 0.5s...
[2026.05.07-22.00.46:456][846]LogTemp: Display: [ImmerseStress] Wwise not ready (retry 5), waiting 0.5s...
[2026.05.07-22.00.46:957][108]LogTemp: Display: [ImmerseStress] Wwise not ready (retry 6), waiting 0.5s...
[2026.05.07-22.00.47:458][369]LogTemp: Display: [ImmerseStress] Wwise not ready (retry 7), waiting 0.5s...
[2026.05.07-22.00.47:959][619]LogTemp: Display: [ImmerseStress] Wwise not ready (retry 8), waiting 0.5s...
[2026.05.07-22.00.48:460][874]LogTemp: Display: [ImmerseStress] Wwise not ready (retry 9), waiting 0.5s...
[2026.05.07-22.00.48:961][121]LogTemp: Display: [ImmerseStress] Wwise not ready (retry 10), waiting 0.5s...
[2026.05.07-22.00.49:461][374]LogTemp: Display: [ImmerseStress] Wwise not ready (retry 11), waiting 0.5s...
[2026.05.07-22.00.49:964][625]LogTemp: Display: [ImmerseStress] Wwise not ready (retry 12), waiting 0.5s...
[2026.05.07-22.00.50:465][874]LogTemp: Display: [ImmerseStress] Wwise not ready (retry 13), waiting 0.5s...
[2026.05.07-22.00.50:966][125]LogTemp: Display: [ImmerseStress] Wwise not ready (retry 14), waiting 0.5s...
[2026.05.07-22.00.51:467][379]LogTemp: Display: [ImmerseStress] Wwise not ready (retry 15), waiting 0.5s...
[2026.05.07-22.00.51:969][632]LogTemp: Display: [ImmerseStress] Wwise not ready (retry 16), waiting 0.5s...
[2026.05.07-22.00.52:469][884]LogTemp: Display: [ImmerseStress] Wwise not ready (retry 17), waiting 0.5s...
[2026.05.07-22.00.52:969][133]LogTemp: Display: [ImmerseStress] Wwise not ready (retry 18), waiting 0.5s...
[2026.05.07-22.00.53:470][387]LogTemp: Display: [ImmerseStress] Wwise not ready (retry 19), waiting 0.5s...
[2026.05.07-22.00.53:971][639]LogTemp: Display: [ImmerseStress] Wwise not ready (retry 20), waiting 0.5s...
[2026.05.07-22.00.54:472][890]LogTemp: Display: [ImmerseStress] Wwise not ready (retry 21), waiting 0.5s...
[2026.05.07-22.00.54:973][141]LogTemp: Display: [ImmerseStress] Wwise not ready (retry 22), waiting 0.5s...
[2026.05.07-22.00.55:475][392]LogTemp: Display: [ImmerseStress] Wwise not ready (retry 23), waiting 0.5s...
[2026.05.07-22.00.55:976][638]LogTemp: Display: [ImmerseStress] Wwise not ready (retry 24), waiting 0.5s...
[2026.05.07-22.00.56:476][882]LogTemp: Display: [ImmerseStress] Wwise not ready (retry 25), waiting 0.5s...
[2026.05.07-22.00.56:977][130]LogTemp: Display: [ImmerseStress] Wwise not ready (retry 26), waiting 0.5s...
[2026.05.07-22.00.57:478][380]LogTemp: Display: [ImmerseStress] Wwise not ready (retry 27), waiting 0.5s...
[2026.05.07-22.00.57:981][631]LogTemp: Display: [ImmerseStress] Wwise not ready (retry 28), waiting 0.5s...
[2026.05.07-22.00.58:482][879]LogTemp: Display: [ImmerseStress] Wwise not ready (retry 29), waiting 0.5s...
[2026.05.07-22.00.58:984][127]LogTemp: Display: [ImmerseStress] Wwise not ready (retry 30), waiting 0.5s...
[2026.05.07-22.00.59:484][378]LogTemp: Display: [ImmerseStress] Wwise not ready (retry 31), waiting 0.5s...
[2026.05.07-22.00.59:987][618]LogTemp: Display: [ImmerseStress] Wwise not ready (retry 32), waiting 0.5s...
[2026.05.07-22.01.00:487][860]LogTemp: Display: [ImmerseStress] Wwise not ready (retry 33), waiting 0.5s...
[2026.05.07-22.01.00:989][108]LogTemp: Display: [ImmerseStress] Wwise not ready (retry 34), waiting 0.5s...
[2026.05.07-22.01.01:489][343]LogTemp: Display: [ImmerseStress] Wwise not ready (retry 35), waiting 0.5s...
[2026.05.07-22.01.01:991][590]LogTemp: Display: [ImmerseStress] Wwise not ready (retry 36), waiting 0.5s...
[2026.05.07-22.01.02:491][840]LogTemp: Display: [ImmerseStress] Wwise not ready (retry 37), waiting 0.5s...
[2026.05.07-22.01.02:992][ 98]LogTemp: Display: [ImmerseStress] Wwise not ready (retry 38), waiting 0.5s...
[2026.05.07-22.01.03:494][300]LogTemp: Display: [ImmerseStress] Wwise not ready (retry 39), waiting 0.5s...
[2026.05.07-22.01.03:995][552]LogTemp: Display: [ImmerseStress] Wwise not ready (retry 40), waiting 0.5s...
[2026.05.07-22.01.04:496][806]LogTemp: Error: [ImmerseStress] Wwise SoundEngine still not initialized after ~20s, giving up on auto-run.
