[2026.05.07-22.00.43:764][  0]LogAudioCaptureCore: Display: No Audio Capture implementations found. Audio input will be silent.
[2026.05.07-22.00.43:764][  0]LogAudioCaptureCore: Display: No Audio Capture implementations found. Audio input will be silent.
[2026.05.07-22.00.43:815][  0]LogOcInput: OculusInput pre-init called
[2026.05.07-22.00.43:820][  0]LogUObjectArray: 22811 objects as part of root set at end of initial load.
[2026.05.07-22.00.43:820][  0]LogUObjectAllocator: 6215680 out of 0 bytes used by permanent object pool.
[2026.05.07-22.00.43:820][  0]LogUObjectArray: CloseDisregardForGC: 0/0 objects in disregard for GC pool
[2026.05.07-22.00.43:857][  0]LogClass: Display: EnumProperty FAkExternalSourceInfo::CodecID is not initialized properly. Module:AkAudio File:Classes/AkGameplayTypes.h
[2026.05.07-22.00.43:858][  0]LogClass: Warning: ObjectProperty FAkExternalSourceInfo::ExternalSourceAsset is not initialized properly. Module:AkAudio File:Classes/AkGameplayTypes.h
[2026.05.07-22.00.43:858][  0]LogClass: Display: IntProperty FAkChannelMask::ChannelMask is not initialized properly. Module:AkAudio File:Classes/AkGameplayTypes.h
[2026.05.07-22.00.43:858][  0]LogClass: Display: 3 Uninitialized script struct members found including 1 object properties
[2026.05.07-22.00.43:858][  0]LogAutomationTest: Warning: ObjectProperty FAkExternalSourceInfo::ExternalSourceAsset is not initialized properly. Module:AkAudio File:Classes/AkGameplayTypes.h
[2026.05.07-22.00.43:858][  0]LogEngine: Initializing Engine...
[2026.05.07-22.00.43:861][  0]LogHMD: Failed to enumerate extensions. Please check that you have a valid OpenXR runtime installed.
[2026.05.07-22.00.43:861][  0]LogHMD: Failed to initialize OpenVR with code 110
[2026.05.07-22.00.43:861][  0]LogMagicLeap: Warning: VR disabled because ZI is not enabled.  To enable, in the editor, Edit -> Project Settings -> Plugins -> Magic Leap Plugin -> Enable Zero Iteration
[2026.05.07-22.00.43:863][  0]LogStats: UGameplayTagsManager::InitializeManager -  0.000 s
[2026.05.07-22.00.43:929][  0]LogInit: Initializing FReadOnlyCVARCache
[2026.05.07-22.00.43:929][  0]LogAudio: Display: Initializing Audio Device Manager...
[2026.05.07-22.00.43:931][  0]LogAudio: Display: Loading Default Audio Settings Objects...
[2026.05.07-22.00.43:933][  0]LogAudio: Display: No default SoundConcurrencyObject specified (or failed to load).
[2026.05.07-22.00.43:933][  0]LogAudio: Display: Audio Device Manager Initialized
[2026.05.07-22.00.43:933][  0]LogAudio: Display: Creating Audio Device:                 Id: 1, Scope: Shared, Realtime: True
[2026.05.07-22.00.43:933][  0]LogAudioMixer: Display: Audio Mixer Platform Settings:
[2026.05.07-22.00.43:933][  0]LogAudioMixer: Display: 	Sample Rate:						  48000
[2026.05.07-22.00.43:933][  0]LogAudioMixer: Display: 	Callback Buffer Frame Size Requested: 1024
[2026.05.07-22.00.43:933][  0]LogAudioMixer: Display: 	Callback Buffer Frame Size To Use:	  1024
[2026.05.07-22.00.43:933][  0]LogAudioMixer: Display: 	Number of buffers to queue:			  2
[2026.05.07-22.00.43:933][  0]LogAudioMixer: Display: 	Max Channels (voices):				  32
[2026.05.07-22.00.43:933][  0]LogAudioMixer: Display: 	Number of Async Source Workers:		  0
[2026.05.07-22.00.43:933][  0]LogAudio: Display: AudioDevice MaxSources: 32
[2026.05.07-22.00.43:933][  0]LogAudio: Display: Audio Spatialization Plugin: None (built-in).
[2026.05.07-22.00.43:933][  0]LogAudio: Display: Audio Reverb Plugin: None (built-in).
[2026.05.07-22.00.43:933][  0]LogAudio: Display: Audio Occlusion Plugin: None (built-in).
[2026.05.07-22.00.43:933][  0]LogAudioMixer: Display: Initializing audio mixer.
[2026.05.07-22.00.43:940][  0]LogAudioMixer: Display: 0: FrontLeft
[2026.05.07-22.00.43:940][  0]LogAudioMixer: Display: 1: FrontRight
[2026.05.07-22.00.43:954][  0]LogAudioMixer: Display: Using Audio Device Speakers (2- Realtek(R) Audio)
[2026.05.07-22.00.43:957][  0]LogAudioMixer: Display: Initializing Sound Submixes...
[2026.05.07-22.00.43:959][  0]LogAudioMixer: Display: Creating Master Submix 'MasterSubmixDefault'
[2026.05.07-22.00.43:959][  0]LogAudioMixer: Display: Creating Master Submix 'MasterReverbSubmixDefault'
[2026.05.07-22.00.43:959][  0]LogAudioMixer: Display: Creating Master Submix 'MasterEQSubmixDefault'
[2026.05.07-22.00.43:959][  0]LogAudioMixer: FMixerPlatformXAudio2::StartAudioStream() called
[2026.05.07-22.00.43:959][  0]LogAudioMixer: Display: Output buffers initialized: Frames=1024, Channels=2, Samples=2048
[2026.05.07-22.00.43:960][  0]LogAudioMixer: Display: Starting AudioMixerPlatformInterface::RunInternal()
[2026.05.07-22.00.43:960][  0]LogAudioMixer: Display: FMixerPlatformXAudio2::SubmitBuffer() called for the first time
[2026.05.07-22.00.43:960][  0]LogInit: FAudioDevice initialized.
[2026.05.07-22.00.43:961][  0]LogNetVersion: Set ProjectVersion to 1.0.0.0. Version Checksum will be recalculated on next use.
[2026.05.07-22.00.44:009][  0]LogDerivedDataCache: Saved boot cache 0.05s 94MB C:/Users/kapil/AppData/Local/UnrealEngine/4.27/DerivedDataCache/Boot.ddc.
[2026.05.07-22.00.44:009][  0]LogInit: Texture streaming: Enabled
[2026.05.07-22.00.44:055][  0]LogAudio: Display: Audio Device (ID: 1) registered with world 'Untitled'.
[2026.05.07-22.00.44:055][  0]LogSlate: Updating window title bar state: overlay mode, drag disabled, window buttons hidden, title bar hidden
[2026.05.07-22.00.44:055][  0]LogInit: Display: Game Engine Initialized.
[2026.05.07-22.00.44:055][  0]LogNiagaraEditor: GEditor isn't valid! Particle reset commands will not work for Niagara components!
[2026.05.07-22.00.44:135][  0]LogInit: Display: Starting Game.
[2026.05.07-22.00.44:135][  0]LogNet: Browse: /Game/ThirdPersonBP/Maps/ThirdPersonExampleMap?Name=Player
[2026.05.07-22.00.44:135][  0]LogLoad: LoadMap: /Game/ThirdPersonBP/Maps/ThirdPersonExampleMap?Name=Player
[2026.05.07-22.00.44:135][  0]LogWorld: BeginTearingDown for /Temp/Untitled_0
[2026.05.07-22.00.44:136][  0]LogWorld: UWorld::CleanupWorld for Untitled, bSessionEnded=true, bCleanupResources=true
[2026.05.07-22.00.44:136][  0]LogSlate: InvalidateAllWidgets triggered.  All widgets were invalidated
[2026.05.07-22.00.44:145][  0]LogAudio: Display: Audio Device unregistered from world 'None'.
[2026.05.07-22.00.44:147][  0]LogUObjectHash: Compacting FUObjectHashTables data took   0.72ms
[2026.05.07-22.00.44:329][  0]LogAudio: Display: Audio Device (ID: 1) registered with world 'ThirdPersonExampleMap'.
[2026.05.07-22.00.44:336][  0]LogAIModule: Creating AISystem for world ThirdPersonExampleMap
[2026.05.07-22.00.44:337][  0]LogLoad: Game class is 'ThirdPersonGameMode_C'
[2026.05.07-22.00.44:341][  0]LogWorld: Bringing World /Game/ThirdPersonBP/Maps/ThirdPersonExampleMap.ThirdPersonExampleMap up for play (max tick rate 0) at 2026.05.07-15.00.44
[2026.05.07-22.00.44:341][  0]LogWorld: Bringing up level for play took: 0.002443
[2026.05.07-22.00.44:342][  0]LogTemp: Display: [ImmerseStress] Ready. Defaults: event=SwordHits bus=7p1p4 shareset=Immerse_Audio_Renderer_(Custom)
[2026.05.07-22.00.44:342][  0]LogTemp: Display: [ImmerseStress] Wwise not ready (retry 1), waiting 0.5s...
[2026.05.07-22.00.44:342][  0]LogTemp: Display: [testTP] Auto-spawned ImmerseStressTestActor into ThirdPersonExampleMap (type=1)
[2026.05.07-22.00.44:343][  0]LogLoad: Took 0.208380 seconds to LoadMap(/Game/ThirdPersonBP/Maps/ThirdPersonExampleMap)
[2026.05.07-22.00.44:389][  0]LogRenderer: Reallocating scene render targets to support 1536x864 Format 10 NumSamples 1 (Frame:1).
[2026.05.07-22.00.44:389][  0]LogSlate: Took 0.005807 seconds to synchronously load lazily loaded font '../../../Engine/Content/Slate/Fonts/Roboto-Regular.ttf' (155K)
[2026.05.07-22.00.44:435][  0]LogInit: Display: Engine is initialized. Leaving FEngineLoop::Init()
[2026.05.07-22.00.44:435][  0]LogLoad: (Engine Initialization) Total time: 4.37 seconds
[2026.05.07-22.00.44:435][  0]LogLoad: (Engine Initialization) Total Blueprint compile time: 0.00 seconds
[2026.05.07-22.00.44:461][  0]LogContentStreaming: Texture pool size now 1000 MB
[2026.05.07-22.00.44:468][  0]LogSlate: InvalidateAllWidgets triggered.  All widgets were invalidated
[2026.05.07-22.00.44:490][  0]LogRenderer: Reallocating scene render targets to support 128x128 Format 10 NumSamples 1 (Frame:1).
[2026.05.07-22.00.44:507][  0]LogRenderer: Reallocating scene render targets to support 1536x864 Format 10 NumSamples 1 (Frame:2).
[2026.05.07-22.00.44:549][  1]LogSlate: Took 0.000148 seconds to synchronously load lazily loaded font '../../../Engine/Content/Slate/Fonts/Roboto-Regular.ttf' (155K)
[2026.05.07-22.00.44:949][ 80]LogTemp: Display: [ImmerseStress] Wwise not ready (retry 2), waiting 0.5s...
[2026.05.07-22.00.45:451][327]LogTemp: Display: [ImmerseStress] Wwise not ready (retry 3), waiting 0.5s...
[2026.05.07-22.00.45:953][584]LogTemp: Display: [ImmerseStress] Wwise not ready (retry 4), waiting 0.5s...
[2026.05.07-22.00.46:456][846]LogTemp: Display: [ImmerseStress] Wwise not ready (retry 5), waiting 0.5s...
[2026.05.07-22.00.46:957][108]LogTemp: Display: [ImmerseStress] Wwise not ready (retry 6), waiting 0.5s...
[2026.05.07-22.00.47:458][369]LogTemp: Display: [ImmerseStress] Wwise not ready (retry 7), waiting 0.5s...
[2026.05.07-22.00.47:959][619]LogTemp: Display: [ImmerseStress] Wwise not ready (retry 8), waiting 0.5s...
[2026.05.07-22.00.48:460][874]LogTemp: Display: [ImmerseStress] Wwise not ready (retry 9), waiting 0.5s...
[2026.05.07-22.00.48:961][121]LogTemp: Display: [ImmerseStress] Wwise not ready (retry 10), waiting 0.5s...
[2026.05.07-22.00.49:461][374]LogTemp: Display: [ImmerseStress] Wwise not ready (retry 11), waiting 0.5s...
[2026.05.07-22.00.49:964][625]LogTemp: Display: [ImmerseStress] Wwise not ready (retry 12), waiting 0.5s...
[2026.05.07-22.00.50:465][874]LogTemp: Display: [ImmerseStress] Wwise not ready (retry 13), waiting 0.5s...
[2026.05.07-22.00.50:966][125]LogTemp: Display: [ImmerseStress] Wwise not ready (retry 14), waiting 0.5s...
[2026.05.07-22.00.51:467][379]LogTemp: Display: [ImmerseStress] Wwise not ready (retry 15), waiting 0.5s...
[2026.05.07-22.00.51:969][632]LogTemp: Display: [ImmerseStress] Wwise not ready (retry 16), waiting 0.5s...
[2026.05.07-22.00.52:469][884]LogTemp: Display: [ImmerseStress] Wwise not ready (retry 17), waiting 0.5s...
[2026.05.07-22.00.52:969][133]LogTemp: Display: [ImmerseStress] Wwise not ready (retry 18), waiting 0.5s...
[2026.05.07-22.00.53:470][387]LogTemp: Display: [ImmerseStress] Wwise not ready (retry 19), waiting 0.5s...
[2026.05.07-22.00.53:971][639]LogTemp: Display: [ImmerseStress] Wwise not ready (retry 20), waiting 0.5s...
[2026.05.07-22.00.54:472][890]LogTemp: Display: [ImmerseStress] Wwise not ready (retry 21), waiting 0.5s...
[2026.05.07-22.00.54:973][141]LogTemp: Display: [ImmerseStress] Wwise not ready (retry 22), waiting 0.5s...
[2026.05.07-22.00.55:475][392]LogTemp: Display: [ImmerseStress] Wwise not ready (retry 23), waiting 0.5s...
[2026.05.07-22.00.55:976][638]LogTemp: Display: [ImmerseStress] Wwise not ready (retry 24), waiting 0.5s...
[2026.05.07-22.00.56:476][882]LogTemp: Display: [ImmerseStress] Wwise not ready (retry 25), waiting 0.5s...
[2026.05.07-22.00.56:977][130]LogTemp: Display: [ImmerseStress] Wwise not ready (retry 26), waiting 0.5s...
[2026.05.07-22.00.57:478][380]LogTemp: Display: [ImmerseStress] Wwise not ready (retry 27), waiting 0.5s...
[2026.05.07-22.00.57:981][631]LogTemp: Display: [ImmerseStress] Wwise not ready (retry 28), waiting 0.5s...
[2026.05.07-22.00.58:482][879]LogTemp: Display: [ImmerseStress] Wwise not ready (retry 29), waiting 0.5s...
[2026.05.07-22.00.58:984][127]LogTemp: Display: [ImmerseStress] Wwise not ready (retry 30), waiting 0.5s...
[2026.05.07-22.00.59:484][378]LogTemp: Display: [ImmerseStress] Wwise not ready (retry 31), waiting 0.5s...
[2026.05.07-22.00.59:987][618]LogTemp: Display: [ImmerseStress] Wwise not ready (retry 32), waiting 0.5s...
[2026.05.07-22.01.00:487][860]LogTemp: Display: [ImmerseStress] Wwise not ready (retry 33), waiting 0.5s...
[2026.05.07-22.01.00:989][108]LogTemp: Display: [ImmerseStress] Wwise not ready (retry 34), waiting 0.5s...
[2026.05.07-22.01.01:489][343]LogTemp: Display: [ImmerseStress] Wwise not ready (retry 35), waiting 0.5s...
[2026.05.07-22.01.01:991][590]LogTemp: Display: [ImmerseStress] Wwise not ready (retry 36), waiting 0.5s...
[2026.05.07-22.01.02:491][840]LogTemp: Display: [ImmerseStress] Wwise not ready (retry 37), waiting 0.5s...
[2026.05.07-22.01.02:992][ 98]LogTemp: Display: [ImmerseStress] Wwise not ready (retry 38), waiting 0.5s...
[2026.05.07-22.01.03:494][300]LogTemp: Display: [ImmerseStress] Wwise not ready (retry 39), waiting 0.5s...
[2026.05.07-22.01.03:995][552]LogTemp: Display: [ImmerseStress] Wwise not ready (retry 40), waiting 0.5s...
[2026.05.07-22.01.04:496][806]LogTemp: Error: [ImmerseStress] Wwise SoundEngine still not initialized after ~20s, giving up on auto-run.
