[2026.05.08-01.55.23:520][  0]LogAkAudio: Wwise successfully initialized.
[2026.05.08-01.55.33:866][  0]LogAkAudio: Initialization complete.
[2026.05.08-01.55.33:866][  0]LogInit: Audiokinetic Audio Device initialized.
[2026.05.08-01.55.37:466][  0]SourceControl: Source control is disabled
[2026.05.08-01.55.37:466][  0]SourceControl: Source control is disabled
[2026.05.08-01.55.37:469][  0]SourceControl: Source control is disabled
[2026.05.08-01.55.37:476][  0]LogUProjectInfo: Found projects:
[2026.05.08-01.55.37:564][  0]LogOpenImageDenoise: OIDN starting up
[2026.05.08-01.55.37:605][  0]LogAndroidPermission: UAndroidPermissionCallbackProxy::GetInstance
[2026.05.08-01.55.37:609][  0]LogAudioCaptureCore: Display: No Audio Capture implementations found. Audio input will be silent.
[2026.05.08-01.55.37:609][  0]LogAudioCaptureCore: Display: No Audio Capture implementations found. Audio input will be silent.
[2026.05.08-01.55.37:676][  0]LogOcInput: OculusInput pre-init called
[2026.05.08-01.55.37:682][  0]LogUObjectArray: 22811 objects as part of root set at end of initial load.
[2026.05.08-01.55.37:682][  0]LogUObjectAllocator: 6215680 out of 0 bytes used by permanent object pool.
[2026.05.08-01.55.37:682][  0]LogUObjectArray: CloseDisregardForGC: 0/0 objects in disregard for GC pool
[2026.05.08-01.55.37:740][  0]LogClass: Display: EnumProperty FAkExternalSourceInfo::CodecID is not initialized properly. Module:AkAudio File:Classes/AkGameplayTypes.h
[2026.05.08-01.55.37:740][  0]LogClass: Warning: ObjectProperty FAkExternalSourceInfo::ExternalSourceAsset is not initialized properly. Module:AkAudio File:Classes/AkGameplayTypes.h
[2026.05.08-01.55.37:740][  0]LogClass: Display: IntProperty FAkChannelMask::ChannelMask is not initialized properly. Module:AkAudio File:Classes/AkGameplayTypes.h
[2026.05.08-01.55.37:741][  0]LogClass: Display: 3 Uninitialized script struct members found including 1 object properties
[2026.05.08-01.55.37:741][  0]LogAutomationTest: Warning: ObjectProperty FAkExternalSourceInfo::ExternalSourceAsset is not initialized properly. Module:AkAudio File:Classes/AkGameplayTypes.h
[2026.05.08-01.55.37:742][  0]LogEngine: Initializing Engine...
[2026.05.08-01.55.37:746][  0]LogHMD: Failed to enumerate extensions. Please check that you have a valid OpenXR runtime installed.
[2026.05.08-01.55.37:747][  0]LogHMD: Failed to initialize OpenVR with code 110
[2026.05.08-01.55.37:747][  0]LogMagicLeap: Warning: VR disabled because ZI is not enabled.  To enable, in the editor, Edit -> Project Settings -> Plugins -> Magic Leap Plugin -> Enable Zero Iteration
[2026.05.08-01.55.37:748][  0]LogStats: UGameplayTagsManager::InitializeManager -  0.001 s
[2026.05.08-01.55.37:821][  0]LogInit: Initializing FReadOnlyCVARCache
[2026.05.08-01.55.37:821][  0]LogAudio: Display: Initializing Audio Device Manager...
[2026.05.08-01.55.37:824][  0]LogAudio: Display: Loading Default Audio Settings Objects...
[2026.05.08-01.55.37:826][  0]LogAudio: Display: No default SoundConcurrencyObject specified (or failed to load).
[2026.05.08-01.55.37:826][  0]LogAudio: Display: Audio Device Manager Initialized
[2026.05.08-01.55.37:826][  0]LogAudio: Display: Creating Audio Device:                 Id: 1, Scope: Shared, Realtime: True
[2026.05.08-01.55.37:827][  0]LogAudioMixer: Display: Audio Mixer Platform Settings:
[2026.05.08-01.55.37:827][  0]LogAudioMixer: Display: 	Sample Rate:						  48000
[2026.05.08-01.55.37:827][  0]LogAudioMixer: Display: 	Callback Buffer Frame Size Requested: 1024
[2026.05.08-01.55.37:827][  0]LogAudioMixer: Display: 	Callback Buffer Frame Size To Use:	  1024
[2026.05.08-01.55.37:827][  0]LogAudioMixer: Display: 	Number of buffers to queue:			  2
[2026.05.08-01.55.37:827][  0]LogAudioMixer: Display: 	Max Channels (voices):				  32
[2026.05.08-01.55.37:827][  0]LogAudioMixer: Display: 	Number of Async Source Workers:		  0
[2026.05.08-01.55.37:827][  0]LogAudio: Display: AudioDevice MaxSources: 32
[2026.05.08-01.55.37:827][  0]LogAudio: Display: Audio Spatialization Plugin: None (built-in).
[2026.05.08-01.55.37:827][  0]LogAudio: Display: Audio Reverb Plugin: None (built-in).
[2026.05.08-01.55.37:827][  0]LogAudio: Display: Audio Occlusion Plugin: None (built-in).
[2026.05.08-01.55.37:827][  0]LogAudioMixer: Display: Initializing audio mixer.
[2026.05.08-01.55.37:855][  0]LogAudioMixer: Display: 0: FrontLeft
[2026.05.08-01.55.37:855][  0]LogAudioMixer: Display: 1: FrontRight
[2026.05.08-01.55.37:872][  0]LogAudioMixer: Display: Using Audio Device Speakers (2- Realtek(R) Audio)
[2026.05.08-01.55.37:876][  0]LogAudioMixer: Display: Initializing Sound Submixes...
[2026.05.08-01.55.37:879][  0]LogAudioMixer: Display: Creating Master Submix 'MasterSubmixDefault'
[2026.05.08-01.55.37:879][  0]LogAudioMixer: Display: Creating Master Submix 'MasterReverbSubmixDefault'
[2026.05.08-01.55.37:881][  0]LogAudioMixer: Display: Creating Master Submix 'MasterEQSubmixDefault'
[2026.05.08-01.55.37:881][  0]LogAudioMixer: FMixerPlatformXAudio2::StartAudioStream() called
[2026.05.08-01.55.37:881][  0]LogAudioMixer: Display: Output buffers initialized: Frames=1024, Channels=2, Samples=2048
[2026.05.08-01.55.37:882][  0]LogAudioMixer: Display: Starting AudioMixerPlatformInterface::RunInternal()
[2026.05.08-01.55.37:882][  0]LogAudioMixer: Display: FMixerPlatformXAudio2::SubmitBuffer() called for the first time
[2026.05.08-01.55.37:882][  0]LogInit: FAudioDevice initialized.
[2026.05.08-01.55.37:883][  0]LogNetVersion: Set ProjectVersion to 1.0.0.0. Version Checksum will be recalculated on next use.
[2026.05.08-01.55.37:928][  0]LogDerivedDataCache: Saved boot cache 0.05s 78MB C:/Users/kapil/AppData/Local/UnrealEngine/4.27/DerivedDataCache/Boot.ddc.
[2026.05.08-01.55.37:929][  0]LogInit: Texture streaming: Enabled
[2026.05.08-01.55.38:030][  0]LogAudio: Display: Audio Device (ID: 1) registered with world 'Untitled'.
[2026.05.08-01.55.38:032][  0]LogSlate: Updating window title bar state: overlay mode, drag disabled, window buttons hidden, title bar hidden
[2026.05.08-01.55.38:033][  0]LogInit: Display: Game Engine Initialized.
[2026.05.08-01.55.38:033][  0]LogNiagaraEditor: GEditor isn't valid! Particle reset commands will not work for Niagara components!
[2026.05.08-01.55.38:124][  0]LogInit: Display: Starting Game.
[2026.05.08-01.55.38:124][  0]LogNet: Browse: /Game/ThirdPersonBP/Maps/ThirdPersonExampleMap?Name=Player
[2026.05.08-01.55.38:124][  0]LogLoad: LoadMap: /Game/ThirdPersonBP/Maps/ThirdPersonExampleMap?Name=Player
[2026.05.08-01.55.38:124][  0]LogWorld: BeginTearingDown for /Temp/Untitled_0
[2026.05.08-01.55.38:126][  0]LogWorld: UWorld::CleanupWorld for Untitled, bSessionEnded=true, bCleanupResources=true
[2026.05.08-01.55.38:127][  0]LogSlate: InvalidateAllWidgets triggered.  All widgets were invalidated
[2026.05.08-01.55.38:131][  0]LogAudio: Display: Audio Device unregistered from world 'None'.
[2026.05.08-01.55.38:134][  0]LogUObjectHash: Compacting FUObjectHashTables data took   0.44ms
[2026.05.08-01.55.38:341][  0]LogAudio: Display: Audio Device (ID: 1) registered with world 'ThirdPersonExampleMap'.
[2026.05.08-01.55.38:351][  0]LogAIModule: Creating AISystem for world ThirdPersonExampleMap
[2026.05.08-01.55.38:353][  0]LogLoad: Game class is 'ThirdPersonGameMode_C'
[2026.05.08-01.55.38:362][  0]LogWorld: Bringing World /Game/ThirdPersonBP/Maps/ThirdPersonExampleMap.ThirdPersonExampleMap up for play (max tick rate 0) at 2026.05.07-18.55.38
[2026.05.08-01.55.38:363][  0]LogWorld: Bringing up level for play took: 0.008848
[2026.05.08-01.55.38:368][  0]LogTemp: Display: [ImmerseStress] Ready. Defaults: event=SwordHits bus=7p1p4 shareset=Immerse_Audio_Renderer_(Custom)
[2026.05.08-01.55.38:368][  0]LogTemp: Display: [ImmerseStress] IMMERSE_USER_ID env=kevin_tencenttest1_emb | IMMERSE_USERID=kevin_tencenttest1_emb | IMMERSE_USER=kevin_tencenttest1_emb
[2026.05.08-01.55.38:368][  0]LogTemp: Display: [testTP] Auto-spawned ImmerseStressTestActor into ThirdPersonExampleMap (type=1)
[2026.05.08-01.55.38:368][  0]LogLoad: Took 0.244279 seconds to LoadMap(/Game/ThirdPersonBP/Maps/ThirdPersonExampleMap)
[2026.05.08-01.55.38:388][  0]LogRenderer: Reallocating scene render targets to support 1536x864 Format 10 NumSamples 1 (Frame:1).
[2026.05.08-01.55.38:388][  0]LogSlate: Took 0.000577 seconds to synchronously load lazily loaded font '../../../Engine/Content/Slate/Fonts/Roboto-Regular.ttf' (155K)
[2026.05.08-01.55.38:409][  0]LogInit: Display: Engine is initialized. Leaving FEngineLoop::Init()
[2026.05.08-01.55.38:409][  0]LogLoad: (Engine Initialization) Total time: 19.96 seconds
[2026.05.08-01.55.38:409][  0]LogLoad: (Engine Initialization) Total Blueprint compile time: 0.00 seconds
[2026.05.08-01.55.38:421][  0]LogContentStreaming: Texture pool size now 1000 MB
[2026.05.08-01.55.38:425][  0]LogSlate: InvalidateAllWidgets triggered.  All widgets were invalidated
[2026.05.08-01.55.38:570][  0]LogRenderer: Reallocating scene render targets to support 128x128 Format 10 NumSamples 1 (Frame:1).
[2026.05.08-01.55.38:599][  0]LogRenderer: Reallocating scene render targets to support 1536x864 Format 10 NumSamples 1 (Frame:2).
[2026.05.08-01.55.38:608][  1]LogSlate: Took 0.000164 seconds to synchronously load lazily loaded font '../../../Engine/Content/Slate/Fonts/Roboto-Regular.ttf' (155K)
[2026.05.08-01.55.40:922][162]LogTemp: Display: [ImmerseStress] PLAN START  steps=8 (concurrency=4 Ã— immerse{off,on}) rate=60.0Hz life=250ms warmup=2.0s phase=15.0s cooldown=2.0s CSV=../../../../../../Users/kapil/OneDrive/Documents/Unreal Projects/testTP/Saved/ImmerseStress/run_20260507_185540.csv
[2026.05.08-01.55.42:062][162]LogWindows: Error: === Critical error: ===
[2026.05.08-01.55.42:062][162]LogWindows: Error: 
[2026.05.08-01.55.42:062][162]LogWindows: Error: Fatal error!
[2026.05.08-01.55.42:062][162]LogWindows: Error: 
[2026.05.08-01.55.42:062][162]LogWindows: Error: Unhandled Exception: EXCEPTION_ACCESS_VIOLATION writing address 0x00000000000000ac
[2026.05.08-01.55.42:062][162]LogWindows: Error: 
[2026.05.08-01.55.42:062][162]LogWindows: Error: [Callstack] 0x00007fffe167782f UE4Editor-testTP.dll!CAkAudioMgr::ReserveForWrite() [d:\jenkins\ws\wwise_v2019.2\wwise\sdk\source\soundengine\akaudiolib\common\akaudiomgr.cpp:204]
[2026.05.08-01.55.42:062][162]LogWindows: Error: [Callstack] 0x00007fffe1677957 UE4Editor-testTP.dll!CAkAudioMgr::ReserveQueue() [d:\jenkins\ws\wwise_v2019.2\wwise\sdk\source\soundengine\akaudiolib\common\akaudiomgr.cpp:413]
[2026.05.08-01.55.42:062][162]LogWindows: Error: [Callstack] 0x00007fffe164dd11 UE4Editor-testTP.dll!AK::SoundEngine::SetMixer() [d:\jenkins\ws\wwise_v2019.2\wwise\sdk\source\soundengine\akaudiolib\common\akaudiolib.cpp:5231]
[2026.05.08-01.55.42:062][162]LogWindows: Error: [Callstack] 0x00007fffe163b9eb UE4Editor-testTP.dll!AImmerseStressTestActor::BypassImmerse() [C:\Users\kapil\OneDrive\Documents\Unreal Projects\testTP\Source\testTP\Private\ImmerseStressTestActor.cpp:231]
[2026.05.08-01.55.42:062][162]LogWindows: Error: [Callstack] 0x00007fffe163cbfb UE4Editor-testTP.dll!AImmerseStressTestActor::EnterPhase() [C:\Users\kapil\OneDrive\Documents\Unreal Projects\testTP\Source\testTP\Private\ImmerseStressTestActor.cpp:432]
[2026.05.08-01.55.42:062][162]LogWindows: Error: [Callstack] 0x00007fffe163fe07 UE4Editor-testTP.dll!AImmerseStressTestActor::RunPlan() [C:\Users\kapil\OneDrive\Documents\Unreal Projects\testTP\Source\testTP\Private\ImmerseStressTestActor.cpp:392]
[2026.05.08-01.55.42:062][162]LogWindows: Error: [Callstack] 0x00007ff801a592e0 UE4Editor-Engine.dll!UnknownFunction []
[2026.05.08-01.55.42:062][162]LogWindows: Error: [Callstack] 0x00007ff801a87de9 UE4Editor-Engine.dll!UnknownFunction []
[2026.05.08-01.55.42:062][162]LogWindows: Error: [Callstack] 0x00007ff80116f97d UE4Editor-Engine.dll!UnknownFunction []
[2026.05.08-01.55.42:062][162]LogWindows: Error: [Callstack] 0x00007ff800f3f56c UE4Editor-Engine.dll!UnknownFunction []
[2026.05.08-01.55.42:062][162]LogWindows: Error: [Callstack] 0x00007ff6193187a0 UE4Editor.exe!UnknownFunction []
[2026.05.08-01.55.42:062][162]LogWindows: Error: [Callstack] 0x00007ff619330fcc UE4Editor.exe!UnknownFunction []
[2026.05.08-01.55.42:062][162]LogWindows: Error: [Callstack] 0x00007ff6193310ba UE4Editor.exe!UnknownFunction []
[2026.05.08-01.55.42:062][162]LogWindows: Error: [Callstack] 0x00007ff6193340dd UE4Editor.exe!UnknownFunction []
[2026.05.08-01.55.42:062][162]LogWindows: Error: [Callstack] 0x00007ff619345984 UE4Editor.exe!UnknownFunction []
[2026.05.08-01.55.42:062][162]LogWindows: Error: [Callstack] 0x00007ff61934853a UE4Editor.exe!UnknownFunction []
[2026.05.08-01.55.42:062][162]LogWindows: Error: [Callstack] 0x00007ff90b36e8d7 KERNEL32.DLL!UnknownFunction []
[2026.05.08-01.55.42:062][162]LogWindows: Error: [Callstack] 0x00007ff90caac3fc ntdll.dll!UnknownFunction []
[2026.05.08-01.55.42:062][162]LogWindows: Error: 
[2026.05.08-01.55.42:071][162]LogExit: Executing StaticShutdownAfterError
[2026.05.08-01.55.42:073][162]LogWindows: FPlatformMisc::RequestExit(1)
[2026.05.08-01.55.42:073][162]LogWindows: FPlatformMisc::RequestExitWithStatus(1, 3)
[2026.05.08-01.55.42:073][162]LogCore: Engine exit requested (reason: Win RequestExit)
[2026.05.08-01.55.42:081][162]Log file closed, 05/07/26 18:55:42
