Log file open, 05/07/26 18:55:19
LogWindows: Failed to load 'aqProf.dll' (GetLastError=126)
LogWindows: File 'aqProf.dll' does not exist
LogWindows: Failed to load 'VtuneApi.dll' (GetLastError=126)
LogWindows: File 'VtuneApi.dll' does not exist
LogWindows: Failed to load 'VtuneApi32e.dll' (GetLastError=126)
LogWindows: File 'VtuneApi32e.dll' does not exist
LogConsoleResponse: Display: Failed to find resolution value strings in scalability ini. Falling back to default.
LogConsoleResponse: Display: Failed to find resolution value strings in scalability ini. Falling back to default.
LogInit: Display: Running engine for game: testTP
LogPlatformFile: Not using cached read wrapper
LogTaskGraph: Started task graph with 5 named threads and 59 total threads with 3 sets of task threads.
LogStats: Stats thread started at 0.453799
LogICUInternationalization: ICU TimeZone Detection - Raw Offset: -8:00, Platform Override: ''
LogInit: Display: Loading text-based GConfig....
LogPluginManager: Mounting plugin MeshPainting
LogPluginManager: Mounting plugin XGEController
LogPluginManager: Mounting plugin Paper2D
LogPluginManager: Mounting plugin OodleData
LogPluginManager: Mounting plugin LiveLink
LogPluginManager: Mounting plugin GameplayCameras
LogPluginManager: Mounting plugin CameraShakePreviewer
LogPluginManager: Mounting plugin AnimationSharing
LogPluginManager: Mounting plugin OodleNetwork
LogPluginManager: Mounting plugin CodeLiteSourceCodeAccess
LogPluginManager: Mounting plugin KDevelopSourceCodeAccess
LogPluginManager: Mounting plugin GitSourceControl
LogPluginManager: Mounting plugin NullSourceCodeAccess
LogPluginManager: Mounting plugin PerforceSourceControl
LogPluginManager: Mounting plugin PluginUtils
LogPluginManager: Mounting plugin PixWinPlugin
LogPluginManager: Mounting plugin RiderSourceCodeAccess
LogPluginManager: Mounting plugin PropertyAccessNode
LogPluginManager: Mounting plugin SubversionSourceControl
LogPluginManager: Mounting plugin TextureFormatOodle
LogPluginManager: Mounting plugin PlasticSourceControl
LogPluginManager: Mounting plugin CLionSourceCodeAccess
LogPluginManager: Mounting plugin VisualStudioCodeSourceCodeAccess
LogPluginManager: Mounting plugin VisualStudioSourceCodeAccess
LogPluginManager: Mounting plugin XCodeSourceCodeAccess
LogPluginManager: Mounting plugin AssetManagerEditor
LogPluginManager: Mounting plugin UObjectPlugin
LogPluginManager: Mounting plugin CryptoKeys
LogPluginManager: Mounting plugin GameplayTagsEditor
LogPluginManager: Mounting plugin MacGraphicsSwitching
LogPluginManager: Mounting plugin MaterialAnalyzer
LogPluginManager: Mounting plugin FacialAnimation
LogPluginManager: Mounting plugin CurveEditorTools
LogPluginManager: Mounting plugin MobileLauncherProfileWizard
LogPluginManager: Mounting plugin PluginBrowser
LogPluginManager: Mounting plugin DataValidation
LogPluginManager: Mounting plugin GeometryMode
LogPluginManager: Mounting plugin SpeedTreeImporter
LogPluginManager: Mounting plugin DatasmithContent
LogPluginManager: Mounting plugin VariantManagerContent
LogPluginManager: Mounting plugin AlembicImporter
LogPluginManager: Mounting plugin BackChannel
LogPluginManager: Mounting plugin AutomationUtils
LogPluginManager: Mounting plugin ChaosClothEditor
LogPluginManager: Mounting plugin ChaosCloth
LogPluginManager: Mounting plugin ChaosSolverPlugin
LogPluginManager: Mounting plugin ChaosEditor
LogPluginManager: Mounting plugin ChaosNiagara
LogPluginManager: Mounting plugin CharacterAI
LogPluginManager: Mounting plugin GeometryCache
LogPluginManager: Mounting plugin GeometryCollectionPlugin
LogPluginManager: Mounting plugin Niagara
LogPluginManager: Mounting plugin GeometryProcessing
LogPluginManager: Mounting plugin OpenImageDenoise
LogPluginManager: Mounting plugin PlatformCrypto
LogPluginManager: Mounting plugin PlanarCut
LogPluginManager: Mounting plugin ProxyLODPlugin
LogPluginManager: Mounting plugin PythonScriptPlugin
LogPluginManager: Mounting plugin SkeletalReduction
LogPluginManager: Mounting plugin MotoSynth
LogPluginManager: Mounting plugin AndroidMedia
LogPluginManager: Mounting plugin AvfMedia
LogPluginManager: Mounting plugin ImgMedia
LogPluginManager: Mounting plugin MediaCompositing
LogPluginManager: Mounting plugin MediaPlayerEditor
LogPluginManager: Mounting plugin LuminPlatformFeatures
LogPluginManager: Mounting plugin WmfMedia
LogPluginManager: Mounting plugin MagicLeap
LogPluginManager: Mounting plugin WebMMedia
LogPluginManager: Mounting plugin MagicLeapMedia
LogPluginManager: Mounting plugin MagicLeapLightEstimation
LogPluginManager: Mounting plugin MLSDK
LogPluginManager: Mounting plugin MagicLeapPassableWorld
LogPluginManager: Mounting plugin TcpMessaging
LogPluginManager: Mounting plugin UdpMessaging
LogPluginManager: Mounting plugin ActorSequence
LogPluginManager: Mounting plugin LevelSequenceEditor
LogPluginManager: Mounting plugin OnlineSubsystem
LogPluginManager: Mounting plugin OnlineSubsystemNull
LogPluginManager: Mounting plugin MatineeToLevelSequence
LogPluginManager: Mounting plugin TemplateSequence
LogPluginManager: Mounting plugin OnlineSubsystemUtils
LogPluginManager: Mounting plugin LauncherChunkInstaller
LogPluginManager: Mounting plugin ActorLayerUtilities
LogPluginManager: Mounting plugin AppleImageUtils
LogPluginManager: Mounting plugin AndroidMoviePlayer
LogPluginManager: Mounting plugin AndroidPermission
LogPluginManager: Mounting plugin AudioCapture
LogPluginManager: Mounting plugin AudioSynesthesia
LogPluginManager: Mounting plugin AppleMoviePlayer
LogPluginManager: Mounting plugin AndroidDeviceProfileSelector
LogPluginManager: Mounting plugin CableComponent
LogPluginManager: Mounting plugin ChunkDownloader
LogPluginManager: Mounting plugin ArchVisCharacter
LogPluginManager: Mounting plugin AssetTags
LogPluginManager: Mounting plugin GoogleCloudMessaging
LogPluginManager: Mounting plugin ExampleDeviceProfileSelector
LogPluginManager: Mounting plugin GooglePAD
LogPluginManager: Mounting plugin CustomMeshComponent
LogPluginManager: Mounting plugin EditableMesh
LogPluginManager: Mounting plugin LinuxDeviceProfileSelector
LogPluginManager: Mounting plugin LocationServicesBPLibrary
LogPluginManager: Mounting plugin MobilePatchingUtils
LogPluginManager: Mounting plugin OpenXR
LogPluginManager: Mounting plugin PostSplashScreen
LogPluginManager: Mounting plugin OpenXREyeTracker
LogPluginManager: Mounting plugin PhysXVehicles
LogPluginManager: Mounting plugin ProceduralMeshComponent
LogPluginManager: Mounting plugin PropertyAccessEditor
LogPluginManager: Mounting plugin OpenXRHandTracking
LogPluginManager: Mounting plugin SignificanceManager
LogPluginManager: Mounting plugin RuntimePhysXCooking
LogPluginManager: Mounting plugin IOSDeviceProfileSelector
LogPluginManager: Mounting plugin SoundFields
LogPluginManager: Mounting plugin WebMMoviePlayer
LogPluginManager: Mounting plugin WindowsMoviePlayer
LogPluginManager: Mounting plugin Synthesis
LogPluginManager: Mounting plugin ScreenshotTools
LogPluginManager: Mounting plugin Takes
LogPluginManager: Mounting plugin EnvironmentQueryEditor
LogPluginManager: Mounting plugin AISupport
LogPluginManager: Mounting plugin LightPropagationVolume
LogPluginManager: Mounting plugin ContentBrowserAssetDataSource
LogPluginManager: Mounting plugin ContentBrowserFileDataSource
LogPluginManager: Mounting plugin ContentBrowserClassDataSource
LogPluginManager: Mounting plugin OnlineSubsystemIOS
LogPluginManager: Mounting plugin OnlineSubsystemGooglePlay
LogPluginManager: Mounting plugin OculusVR
LogPluginManager: Mounting plugin SteamVR
LogPluginManager: Mounting plugin Wwise
PixWinPlugin: PIX capture plugin failed to initialize! Check that the process is launched from PIX.
LogInit: Using libcurl 7.55.1-DEV
LogInit:  - built for x86_64-pc-win32
LogInit:  - supports SSL with OpenSSL/1.1.1
LogInit:  - supports HTTP deflate (compression) using libz 1.2.8
LogInit:  - other features:
LogInit:      CURL_VERSION_SSL
LogInit:      CURL_VERSION_LIBZ
LogInit:      CURL_VERSION_IPV6
LogInit:      CURL_VERSION_ASYNCHDNS
LogInit:      CURL_VERSION_LARGEFILE
LogInit:      CURL_VERSION_IDN
LogInit:  CurlRequestOptions (configurable via config and command line):
LogInit:  - bVerifyPeer = true  - Libcurl will verify peer certificate
LogInit:  - bUseHttpProxy = false  - Libcurl will NOT use HTTP proxy
LogInit:  - bDontReuseConnections = false  - Libcurl will reuse connections
LogInit:  - MaxHostConnections = 16  - Libcurl will limit the number of connections to a host
LogInit:  - LocalHostAddr = Default
LogInit:  - BufferSize = 65536
LogOnline: OSS: Creating online subsystem instance for: NULL
LogInit: WinSock: version 1.1 (2.2), MaxSocks=32767, MaxUdp=65467
LogOnline: OSS: TryLoadSubsystemAndSetDefault: Loaded subsystem for module [NULL]
LogOculusPluginWrapper: OculusPlugin initialized successfully
LogHMD: Failed initializing OVRPlugin 1.59.0
LogInit: Build: ++UE4+Release-4.27-CL-18319896
LogInit: Engine Version: 4.27.2-18319896+++UE4+Release-4.27
LogInit: Compatible Engine Version: 4.27.0-17155196+++UE4+Release-4.27
LogInit: Net CL: 17155196
LogInit: OS: Windows 10 (Release 2009) (), CPU: 13th Gen Intel(R) Core(TM) i7-13650HX, GPU: Intel(R) UHD Graphics
LogInit: Compiled (64-bit): Nov 30 2021 07:12:08
LogInit: Compiled with Visual C++: 19.24.28315.00
LogInit: Build Configuration: Development
LogInit: Branch Name: ++UE4+Release-4.27
LogInit: Command Line:  /Game/ThirdPersonBP/Maps/ThirdPersonExampleMap -game -RenderOffscreen -unattended -nopause -NoSplash -abslog=C:\Users\kapil\AppData\Local\Temp\immerse_editor_20260507-185434.log
LogInit: Base Directory: C:/Program Files/Epic Games/UE_4.27/Engine/Binaries/Win64/
LogInit: Allocator: TBB
LogInit: Installed Engine Build: 1
LogDevObjectVersion: Number of dev versions registered: 29
LogDevObjectVersion:   Dev-Blueprints (B0D832E4-1F89-4F0D-ACCF-7EB736FD4AA2): 10
LogDevObjectVersion:   Dev-Build (E1C64328-A22C-4D53-A36C-8E866417BD8C): 0
LogDevObjectVersion:   Dev-Core (375EC13C-06E4-48FB-B500-84F0262A717E): 4
LogDevObjectVersion:   Dev-Editor (E4B068ED-F494-42E9-A231-DA0B2E46BB41): 40
LogDevObjectVersion:   Dev-Framework (CFFC743F-43B0-4480-9391-14DF171D2073): 37
LogDevObjectVersion:   Dev-Mobile (B02B49B5-BB20-44E9-A304-32B752E40360): 3
LogDevObjectVersion:   Dev-Networking (A4E4105C-59A1-49B5-A7C5-40C4547EDFEE): 0
LogDevObjectVersion:   Dev-Online (39C831C9-5AE6-47DC-9A44-9C173E1C8E7C): 0
LogDevObjectVersion:   Dev-Physics (78F01B33-EBEA-4F98-B9B4-84EACCB95AA2): 14
LogDevObjectVersion:   Dev-Platform (6631380F-2D4D-43E0-8009-CF276956A95A): 0
LogDevObjectVersion:   Dev-Rendering (12F88B9F-8875-4AFC-A67C-D90C383ABD29): 45
LogDevObjectVersion:   Dev-Sequencer (7B5AE74C-D270-4C10-A958-57980B212A5A): 13
LogDevObjectVersion:   Dev-VR (D7296918-1DD6-4BDD-9DE2-64A83CC13884): 3
LogDevObjectVersion:   Dev-LoadTimes (C2A15278-BFE7-4AFE-6C17-90FF531DF755): 1
LogDevObjectVersion:   Private-Geometry (6EACA3D4-40EC-4CC1-B786-8BED09428FC5): 3
LogDevObjectVersion:   Dev-AnimPhys (29E575DD-E0A3-4627-9D10-D276232CDCEA): 17
LogDevObjectVersion:   Dev-Anim (AF43A65D-7FD3-4947-9873-3E8ED9C1BB05): 15
LogDevObjectVersion:   Dev-ReflectionCapture (6B266CEC-1EC7-4B8F-A30B-E4D90942FC07): 1
LogDevObjectVersion:   Dev-Automation (0DF73D61-A23F-47EA-B727-89E90C41499A): 1
LogDevObjectVersion:   FortniteMain (601D1886-AC64-4F84-AA16-D3DE0DEAC7D6): 47
LogDevObjectVersion:   FortniteRelease (E7086368-6B23-4C58-8439-1B7016265E91): 1
LogDevObjectVersion:   Dev-Enterprise (9DFFBCD6-494F-0158-E221-12823C92A888): 10
LogDevObjectVersion:   Dev-Niagara (F2AED0AC-9AFE-416F-8664-AA7FFA26D6FC): 1
LogDevObjectVersion:   Dev-Destruction (174F1F0B-B4C6-45A5-B13F-2EE8D0FB917D): 10
LogDevObjectVersion:   Dev-Physics-Ext (35F94A83-E258-406C-A318-09F59610247C): 41
LogDevObjectVersion:   Dev-PhysicsMaterial-Chaos (B68FC16E-8B1B-42E2-B453-215C058844FE): 1
LogDevObjectVersion:   Dev-CineCamera (B2E18506-4273-CFC2-A54E-F4BB758BBA07): 1
LogDevObjectVersion:   Dev-VirtualProduction (64F58936-FD1B-42BA-BA96-7289D5D0FA4E): 1
LogDevObjectVersion:   Dev-MediaFramework (6F0ED827-A609-4895-9C91-998D90180EA4): 2
LogInit: Presizing for max 25165824 objects, including 0 objects not considered by GC, pre-allocating 0 bytes for permanent pool.
LogConfig: Applying CVar settings from Section [/Script/Engine.StreamingSettings] File [C:/Users/kapil/OneDrive/Documents/Unreal Projects/testTP/Saved/Config/Windows/Engine.ini]
LogConfig: Setting CVar [[s.MinBulkDataSizeForAsyncLoading:131072]]
LogConfig: Setting CVar [[s.AsyncLoadingThreadEnabled:0]]
LogConfig: Setting CVar [[s.EventDrivenLoaderEnabled:1]]
LogConfig: Setting CVar [[s.WarnIfTimeLimitExceeded:0]]
LogConfig: Setting CVar [[s.TimeLimitExceededMultiplier:1.5]]
LogConfig: Setting CVar [[s.TimeLimitExceededMinTime:0.005]]
LogConfig: Setting CVar [[s.UseBackgroundLevelStreaming:1]]
LogConfig: Setting CVar [[s.PriorityAsyncLoadingExtraTime:15.0]]
LogConfig: Setting CVar [[s.LevelStreamingActorsUpdateTimeLimit:5.0]]
LogConfig: Setting CVar [[s.PriorityLevelStreamingActorsUpdateExtraTime:5.0]]
LogConfig: Setting CVar [[s.LevelStreamingComponentsRegistrationGranularity:10]]
LogConfig: Setting CVar [[s.UnregisterComponentsTimeLimit:1.0]]
LogConfig: Setting CVar [[s.LevelStreamingComponentsUnregistrationGranularity:5]]
LogConfig: Setting CVar [[s.FlushStreamingOnExit:1]]
LogInit: Object subsystem initialized
LogConfig: Setting CVar [[con.DebugEarlyDefault:1]]
LogConfig: Setting CVar [[r.setres:1280x720]]
[2026.05.08-01.55.19:819][  0]LogConfig: Setting CVar [[con.DebugEarlyDefault:1]]
[2026.05.08-01.55.19:819][  0]LogConfig: Setting CVar [[r.setres:1280x720]]
[2026.05.08-01.55.19:819][  0]LogConfig: Applying CVar settings from Section [/Script/Engine.RendererSettings] File [C:/Users/kapil/OneDrive/Documents/Unreal Projects/testTP/Saved/Config/Windows/Engine.ini]
[2026.05.08-01.55.19:819][  0]LogConfig: Setting CVar [[r.GPUCrashDebugging:0]]
[2026.05.08-01.55.19:819][  0]LogConfig: Applying CVar settings from Section [/Script/Engine.RendererOverrideSettings] File [C:/Users/kapil/OneDrive/Documents/Unreal Projects/testTP/Saved/Config/Windows/Engine.ini]
[2026.05.08-01.55.19:819][  0]LogConfig: Applying CVar settings from Section [/Script/Engine.StreamingSettings] File [C:/Users/kapil/OneDrive/Documents/Unreal Projects/testTP/Saved/Config/Windows/Engine.ini]
[2026.05.08-01.55.19:819][  0]LogConfig: Setting CVar [[s.MinBulkDataSizeForAsyncLoading:131072]]
[2026.05.08-01.55.19:819][  0]LogConfig: Setting CVar [[s.AsyncLoadingThreadEnabled:0]]
[2026.05.08-01.55.19:819][  0]LogConfig: Setting CVar [[s.EventDrivenLoaderEnabled:1]]
[2026.05.08-01.55.19:819][  0]LogConfig: Setting CVar [[s.WarnIfTimeLimitExceeded:0]]
[2026.05.08-01.55.19:819][  0]LogConfig: Setting CVar [[s.TimeLimitExceededMultiplier:1.5]]
[2026.05.08-01.55.19:819][  0]LogConfig: Setting CVar [[s.TimeLimitExceededMinTime:0.005]]
[2026.05.08-01.55.19:819][  0]LogConfig: Setting CVar [[s.UseBackgroundLevelStreaming:1]]
[2026.05.08-01.55.19:819][  0]LogConfig: Setting CVar [[s.PriorityAsyncLoadingExtraTime:15.0]]
[2026.05.08-01.55.19:819][  0]LogConfig: Setting CVar [[s.LevelStreamingActorsUpdateTimeLimit:5.0]]
[2026.05.08-01.55.19:819][  0]LogConfig: Setting CVar [[s.PriorityLevelStreamingActorsUpdateExtraTime:5.0]]
[2026.05.08-01.55.19:819][  0]LogConfig: Setting CVar [[s.LevelStreamingComponentsRegistrationGranularity:10]]
[2026.05.08-01.55.19:819][  0]LogConfig: Setting CVar [[s.UnregisterComponentsTimeLimit:1.0]]
[2026.05.08-01.55.19:819][  0]LogConfig: Setting CVar [[s.LevelStreamingComponentsUnregistrationGranularity:5]]
[2026.05.08-01.55.19:819][  0]LogConfig: Setting CVar [[s.FlushStreamingOnExit:1]]
[2026.05.08-01.55.19:819][  0]LogConfig: Applying CVar settings from Section [/Script/Engine.GarbageCollectionSettings] File [C:/Users/kapil/OneDrive/Documents/Unreal Projects/testTP/Saved/Config/Windows/Engine.ini]
[2026.05.08-01.55.19:819][  0]LogConfig: Setting CVar [[gc.MaxObjectsNotConsideredByGC:1]]
[2026.05.08-01.55.19:819][  0]LogConfig: Setting CVar [[gc.SizeOfPermanentObjectPool:0]]
[2026.05.08-01.55.19:819][  0]LogConfig: Setting CVar [[gc.FlushStreamingOnGC:0]]
[2026.05.08-01.55.19:819][  0]LogConfig: Setting CVar [[gc.NumRetriesBeforeForcingGC:10]]
[2026.05.08-01.55.19:819][  0]LogConfig: Setting CVar [[gc.AllowParallelGC:1]]
[2026.05.08-01.55.19:819][  0]LogConfig: Setting CVar [[gc.TimeBetweenPurgingPendingKillObjects:61.1]]
[2026.05.08-01.55.19:819][  0]LogConfig: Setting CVar [[gc.MaxObjectsInEditor:25165824]]
[2026.05.08-01.55.19:819][  0]LogConfig: Setting CVar [[gc.IncrementalBeginDestroyEnabled:1]]
[2026.05.08-01.55.19:819][  0]LogConfig: Setting CVar [[gc.CreateGCClusters:1]]
[2026.05.08-01.55.19:819][  0]LogConfig: Setting CVar [[gc.MinGCClusterSize:5]]
[2026.05.08-01.55.19:819][  0]LogConfig: Setting CVar [[gc.ActorClusteringEnabled:0]]
[2026.05.08-01.55.19:819][  0]LogConfig: Setting CVar [[gc.BlueprintClusteringEnabled:0]]
[2026.05.08-01.55.19:819][  0]LogConfig: Setting CVar [[gc.UseDisregardForGCOnDedicatedServers:0]]
[2026.05.08-01.55.19:819][  0]LogConfig: Setting CVar [[gc.MultithreadedDestructionEnabled:1]]
[2026.05.08-01.55.19:819][  0]LogConfig: Applying CVar settings from Section [/Script/Engine.NetworkSettings] File [C:/Users/kapil/OneDrive/Documents/Unreal Projects/testTP/Saved/Config/Windows/Engine.ini]
[2026.05.08-01.55.19:819][  0]LogConfig: Applying CVar settings from Section [/Script/UnrealEd.CookerSettings] File [C:/Users/kapil/OneDrive/Documents/Unreal Projects/testTP/Saved/Config/Windows/Engine.ini]
[2026.05.08-01.55.19:826][  0]LogConfig: Applying CVar settings from Section [ViewDistanceQuality@3] File [C:/Users/kapil/OneDrive/Documents/Unreal Projects/testTP/Saved/Config/Windows/Scalability.ini]
[2026.05.08-01.55.19:826][  0]LogConfig: Setting CVar [[r.SkeletalMeshLODBias:0]]
[2026.05.08-01.55.19:826][  0]LogConfig: Setting CVar [[r.ViewDistanceScale:1.0]]
[2026.05.08-01.55.19:826][  0]LogConfig: Applying CVar settings from Section [AntiAliasingQuality@3] File [C:/Users/kapil/OneDrive/Documents/Unreal Projects/testTP/Saved/Config/Windows/Scalability.ini]
[2026.05.08-01.55.19:826][  0]LogConfig: Setting CVar [[r.PostProcessAAQuality:4]]
[2026.05.08-01.55.19:826][  0]LogConfig: Applying CVar settings from Section [ShadowQuality@3] File [C:/Users/kapil/OneDrive/Documents/Unreal Projects/testTP/Saved/Config/Windows/Scalability.ini]
[2026.05.08-01.55.19:826][  0]LogConfig: Setting CVar [[r.LightFunctionQuality:1]]
[2026.05.08-01.55.19:826][  0]LogConfig: Setting CVar [[r.ShadowQuality:5]]
[2026.05.08-01.55.19:826][  0]LogConfig: Setting CVar [[r.Shadow.CSM.MaxCascades:10]]
[2026.05.08-01.55.19:826][  0]LogConfig: Setting CVar [[r.Shadow.MaxResolution:2048]]
[2026.05.08-01.55.19:826][  0]LogConfig: Setting CVar [[r.Shadow.MaxCSMResolution:2048]]
[2026.05.08-01.55.19:826][  0]LogConfig: Setting CVar [[r.Shadow.RadiusThreshold:0.01]]
[2026.05.08-01.55.19:826][  0]LogConfig: Setting CVar [[r.Shadow.DistanceScale:1.0]]
[2026.05.08-01.55.19:826][  0]LogConfig: Setting CVar [[r.Shadow.CSM.TransitionScale:1.0]]
[2026.05.08-01.55.19:826][  0]LogConfig: Setting CVar [[r.Shadow.PreShadowResolutionFactor:1.0]]
[2026.05.08-01.55.19:826][  0]LogConfig: Setting CVar [[r.DistanceFieldShadowing:1]]
[2026.05.08-01.55.19:826][  0]LogConfig: Setting CVar [[r.DistanceFieldAO:1]]
[2026.05.08-01.55.19:826][  0]LogConfig: Setting CVar [[r.AOQuality:2]]
[2026.05.08-01.55.19:826][  0]LogConfig: Setting CVar [[r.VolumetricFog:1]]
[2026.05.08-01.55.19:826][  0]LogConfig: Setting CVar [[r.VolumetricFog.GridPixelSize:8]]
[2026.05.08-01.55.19:826][  0]LogConfig: Setting CVar [[r.VolumetricFog.GridSizeZ:128]]
[2026.05.08-01.55.19:826][  0]LogConfig: Setting CVar [[r.VolumetricFog.HistoryMissSupersampleCount:4]]
[2026.05.08-01.55.19:826][  0]LogConfig: Setting CVar [[r.LightMaxDrawDistanceScale:1]]
[2026.05.08-01.55.19:826][  0]LogConfig: Setting CVar [[r.CapsuleShadows:1]]
[2026.05.08-01.55.19:826][  0]LogConfig: Applying CVar settings from Section [PostProcessQuality@3] File [C:/Users/kapil/OneDrive/Documents/Unreal Projects/testTP/Saved/Config/Windows/Scalability.ini]
[2026.05.08-01.55.19:826][  0]LogConfig: Setting CVar [[r.MotionBlurQuality:4]]
[2026.05.08-01.55.19:826][  0]LogConfig: Setting CVar [[r.AmbientOcclusionMipLevelFactor:0.4]]
[2026.05.08-01.55.19:826][  0]LogConfig: Setting CVar [[r.AmbientOcclusionMaxQuality:100]]
[2026.05.08-01.55.19:826][  0]LogConfig: Setting CVar [[r.AmbientOcclusionLevels:-1]]
[2026.05.08-01.55.19:826][  0]LogConfig: Setting CVar [[r.AmbientOcclusionRadiusScale:1.0]]
[2026.05.08-01.55.19:826][  0]LogConfig: Setting CVar [[r.DepthOfFieldQuality:2]]
[2026.05.08-01.55.19:826][  0]LogConfig: Setting CVar [[r.RenderTargetPoolMin:400]]
[2026.05.08-01.55.19:826][  0]LogConfig: Setting CVar [[r.LensFlareQuality:2]]
[2026.05.08-01.55.19:826][  0]LogConfig: Setting CVar [[r.SceneColorFringeQuality:1]]
[2026.05.08-01.55.19:826][  0]LogConfig: Setting CVar [[r.EyeAdaptationQuality:2]]
[2026.05.08-01.55.19:826][  0]LogConfig: Setting CVar [[r.BloomQuality:5]]
[2026.05.08-01.55.19:826][  0]LogConfig: Setting CVar [[r.FastBlurThreshold:100]]
[2026.05.08-01.55.19:826][  0]LogConfig: Setting CVar [[r.Upscale.Quality:3]]
[2026.05.08-01.55.19:826][  0]LogConfig: Setting CVar [[r.Tonemapper.GrainQuantization:1]]
[2026.05.08-01.55.19:826][  0]LogConfig: Setting CVar [[r.LightShaftQuality:1]]
[2026.05.08-01.55.19:826][  0]LogConfig: Setting CVar [[r.Filter.SizeScale:1]]
[2026.05.08-01.55.19:826][  0]LogConfig: Setting CVar [[r.Tonemapper.Quality:5]]
[2026.05.08-01.55.19:826][  0]LogConfig: Setting CVar [[r.DOF.Gather.AccumulatorQuality:1        ; higher gathering accumulator quality]]
[2026.05.08-01.55.19:826][  0]LogConfig: Setting CVar [[r.DOF.Gather.PostfilterMethod:1          ; Median3x3 postfilering method]]
[2026.05.08-01.55.19:826][  0]LogConfig: Setting CVar [[r.DOF.Gather.EnableBokehSettings:0       ; no bokeh simulation when gathering]]
[2026.05.08-01.55.19:826][  0]LogConfig: Setting CVar [[r.DOF.Gather.RingCount:4                 ; medium number of samples when gathering]]
[2026.05.08-01.55.19:826][  0]LogConfig: Setting CVar [[r.DOF.Scatter.ForegroundCompositing:1    ; additive foreground scattering]]
[2026.05.08-01.55.19:826][  0]LogConfig: Setting CVar [[r.DOF.Scatter.BackgroundCompositing:2    ; additive background scattering]]
[2026.05.08-01.55.19:826][  0]LogConfig: Setting CVar [[r.DOF.Scatter.EnableBokehSettings:1      ; bokeh simulation when scattering]]
[2026.05.08-01.55.19:827][  0]LogConfig: Setting CVar [[r.DOF.Scatter.MaxSpriteRatio:0.1         ; only a maximum of 10% of scattered bokeh]]
[2026.05.08-01.55.19:827][  0]LogConfig: Setting CVar [[r.DOF.Recombine.Quality:1                ; cheap slight out of focus]]
[2026.05.08-01.55.19:827][  0]LogConfig: Setting CVar [[r.DOF.Recombine.EnableBokehSettings:0    ; no bokeh simulation on slight out of focus]]
[2026.05.08-01.55.19:827][  0]LogConfig: Setting CVar [[r.DOF.TemporalAAQuality:1                ; more stable temporal accumulation]]
[2026.05.08-01.55.19:827][  0]LogConfig: Setting CVar [[r.DOF.Kernel.MaxForegroundRadius:0.025]]
[2026.05.08-01.55.19:827][  0]LogConfig: Setting CVar [[r.DOF.Kernel.MaxBackgroundRadius:0.025]]
[2026.05.08-01.55.19:827][  0]LogConfig: Applying CVar settings from Section [TextureQuality@3] File [C:/Users/kapil/OneDrive/Documents/Unreal Projects/testTP/Saved/Config/Windows/Scalability.ini]
[2026.05.08-01.55.19:827][  0]LogConfig: Setting CVar [[r.Streaming.MipBias:0]]
[2026.05.08-01.55.19:827][  0]LogConfig: Setting CVar [[r.Streaming.AmortizeCPUToGPUCopy:0]]
[2026.05.08-01.55.19:827][  0]LogConfig: Setting CVar [[r.Streaming.MaxNumTexturesToStreamPerFrame:0]]
[2026.05.08-01.55.19:827][  0]LogConfig: Setting CVar [[r.Streaming.Boost:1]]
[2026.05.08-01.55.19:827][  0]LogConfig: Setting CVar [[r.MaxAnisotropy:8]]
[2026.05.08-01.55.19:827][  0]LogConfig: Setting CVar [[r.VT.MaxAnisotropy:8]]
[2026.05.08-01.55.19:827][  0]LogConfig: Setting CVar [[r.Streaming.LimitPoolSizeToVRAM:0]]
[2026.05.08-01.55.19:827][  0]LogConfig: Setting CVar [[r.Streaming.PoolSize:1000]]
[2026.05.08-01.55.19:827][  0]LogConfig: Setting CVar [[r.Streaming.MaxEffectiveScreenSize:0]]
[2026.05.08-01.55.19:827][  0]LogConfig: Applying CVar settings from Section [EffectsQuality@3] File [C:/Users/kapil/OneDrive/Documents/Unreal Projects/testTP/Saved/Config/Windows/Scalability.ini]
[2026.05.08-01.55.19:827][  0]LogConfig: Setting CVar [[r.TranslucencyLightingVolumeDim:64]]
[2026.05.08-01.55.19:827][  0]LogConfig: Setting CVar [[r.RefractionQuality:2]]
[2026.05.08-01.55.19:827][  0]LogConfig: Setting CVar [[r.SSR.Quality:3]]
[2026.05.08-01.55.19:827][  0]LogConfig: Setting CVar [[r.SSR.HalfResSceneColor:0]]
[2026.05.08-01.55.19:827][  0]LogConfig: Setting CVar [[r.SceneColorFormat:4]]
[2026.05.08-01.55.19:827][  0]LogConfig: Setting CVar [[r.DetailMode:2]]
[2026.05.08-01.55.19:827][  0]LogConfig: Setting CVar [[r.TranslucencyVolumeBlur:1]]
[2026.05.08-01.55.19:827][  0]LogConfig: Setting CVar [[r.MaterialQualityLevel:1 ; High quality]]
[2026.05.08-01.55.19:827][  0]LogConfig: Setting CVar [[r.AnisotropicMaterials:1]]
[2026.05.08-01.55.19:827][  0]LogConfig: Setting CVar [[r.SSS.Scale:1]]
[2026.05.08-01.55.19:827][  0]LogConfig: Setting CVar [[r.SSS.SampleSet:2]]
[2026.05.08-01.55.19:827][  0]LogConfig: Setting CVar [[r.SSS.Quality:1]]
[2026.05.08-01.55.19:827][  0]LogConfig: Setting CVar [[r.SSS.HalfRes:0]]
[2026.05.08-01.55.19:827][  0]LogConfig: Setting CVar [[r.SSGI.Quality:3]]
[2026.05.08-01.55.19:827][  0]LogConfig: Setting CVar [[r.EmitterSpawnRateScale:1.0]]
[2026.05.08-01.55.19:827][  0]LogConfig: Setting CVar [[r.ParticleLightQuality:2]]
[2026.05.08-01.55.19:827][  0]LogConfig: Setting CVar [[r.SkyAtmosphere.AerialPerspectiveLUT.FastApplyOnOpaque:1 ; Always have FastSkyLUT 1 in this case to avoid wrong sky]]
[2026.05.08-01.55.19:827][  0]LogConfig: Setting CVar [[r.SkyAtmosphere.AerialPerspectiveLUT.SampleCountMaxPerSlice:4]]
[2026.05.08-01.55.19:827][  0]LogConfig: Setting CVar [[r.SkyAtmosphere.AerialPerspectiveLUT.DepthResolution:16.0]]
[2026.05.08-01.55.19:827][  0]LogConfig: Setting CVar [[r.SkyAtmosphere.FastSkyLUT:1]]
[2026.05.08-01.55.19:827][  0]LogConfig: Setting CVar [[r.SkyAtmosphere.FastSkyLUT.SampleCountMin:4.0]]
[2026.05.08-01.55.19:827][  0]LogConfig: Setting CVar [[r.SkyAtmosphere.FastSkyLUT.SampleCountMax:128.0]]
[2026.05.08-01.55.19:827][  0]LogConfig: Setting CVar [[r.SkyAtmosphere.SampleCountMin:4.0]]
[2026.05.08-01.55.19:827][  0]LogConfig: Setting CVar [[r.SkyAtmosphere.SampleCountMax:128.0]]
[2026.05.08-01.55.19:827][  0]LogConfig: Setting CVar [[r.SkyAtmosphere.TransmittanceLUT.UseSmallFormat:0]]
[2026.05.08-01.55.19:827][  0]LogConfig: Setting CVar [[r.SkyAtmosphere.TransmittanceLUT.SampleCount:10.0]]
[2026.05.08-01.55.19:827][  0]LogConfig: Setting CVar [[r.SkyAtmosphere.MultiScatteringLUT.SampleCount:15.0]]
[2026.05.08-01.55.19:827][  0]LogConfig: Setting CVar [[r.SkyLight.RealTimeReflectionCapture:1]]
[2026.05.08-01.55.19:827][  0]LogConfig: Applying CVar settings from Section [FoliageQuality@3] File [C:/Users/kapil/OneDrive/Documents/Unreal Projects/testTP/Saved/Config/Windows/Scalability.ini]
[2026.05.08-01.55.19:827][  0]LogConfig: Setting CVar [[foliage.DensityScale:1.0]]
[2026.05.08-01.55.19:827][  0]LogConfig: Setting CVar [[grass.DensityScale:1.0]]
[2026.05.08-01.55.19:827][  0]LogConfig: Applying CVar settings from Section [ShadingQuality@3] File [C:/Users/kapil/OneDrive/Documents/Unreal Projects/testTP/Saved/Config/Windows/Scalability.ini]
[2026.05.08-01.55.19:827][  0]LogConfig: Setting CVar [[r.HairStrands.SkyLighting.IntegrationType:2]]
[2026.05.08-01.55.19:827][  0]LogConfig: Setting CVar [[r.HairStrands.SkyAO.SampleCount:4]]
[2026.05.08-01.55.19:827][  0]LogConfig: Setting CVar [[r.HairStrands.Visibility.MSAA.SamplePerPixel:4]]
[2026.05.08-01.55.19:827][  0]LogInit: Selected Device Profile: [Windows]
[2026.05.08-01.55.19:827][  0]LogInit: Applying CVar settings loaded from the selected device profile: [Windows]
[2026.05.08-01.55.19:828][  0]LogHAL: Display: Platform has ~ 16 GB [16849256448 / 17179869184 / 16], which maps to Larger [LargestMinGB=32, LargerMinGB=12, DefaultMinGB=8, SmallerMinGB=6, SmallestMinGB=0)
[2026.05.08-01.55.19:828][  0]LogInit: Going up to parent DeviceProfile []
[2026.05.08-01.55.19:828][  0]LogConfig: Applying CVar settings from Section [ViewDistanceQuality@3] File [C:/Users/kapil/OneDrive/Documents/Unreal Projects/testTP/Saved/Config/Windows/Scalability.ini]
[2026.05.08-01.55.19:828][  0]LogConfig: Setting CVar [[r.SkeletalMeshLODBias:0]]
[2026.05.08-01.55.19:828][  0]LogConfig: Setting CVar [[r.ViewDistanceScale:1.0]]
[2026.05.08-01.55.19:828][  0]LogConfig: Applying CVar settings from Section [AntiAliasingQuality@3] File [C:/Users/kapil/OneDrive/Documents/Unreal Projects/testTP/Saved/Config/Windows/Scalability.ini]
[2026.05.08-01.55.19:828][  0]LogConfig: Setting CVar [[r.PostProcessAAQuality:4]]
[2026.05.08-01.55.19:828][  0]LogConfig: Applying CVar settings from Section [ShadowQuality@3] File [C:/Users/kapil/OneDrive/Documents/Unreal Projects/testTP/Saved/Config/Windows/Scalability.ini]
[2026.05.08-01.55.19:828][  0]LogConfig: Setting CVar [[r.LightFunctionQuality:1]]
[2026.05.08-01.55.19:828][  0]LogConfig: Setting CVar [[r.ShadowQuality:5]]
[2026.05.08-01.55.19:828][  0]LogConfig: Setting CVar [[r.Shadow.CSM.MaxCascades:10]]
[2026.05.08-01.55.19:828][  0]LogConfig: Setting CVar [[r.Shadow.MaxResolution:2048]]
[2026.05.08-01.55.19:828][  0]LogConfig: Setting CVar [[r.Shadow.MaxCSMResolution:2048]]
[2026.05.08-01.55.19:828][  0]LogConfig: Setting CVar [[r.Shadow.RadiusThreshold:0.01]]
[2026.05.08-01.55.19:828][  0]LogConfig: Setting CVar [[r.Shadow.DistanceScale:1.0]]
[2026.05.08-01.55.19:828][  0]LogConfig: Setting CVar [[r.Shadow.CSM.TransitionScale:1.0]]
[2026.05.08-01.55.19:828][  0]LogConfig: Setting CVar [[r.Shadow.PreShadowResolutionFactor:1.0]]
[2026.05.08-01.55.19:828][  0]LogConfig: Setting CVar [[r.DistanceFieldShadowing:1]]
[2026.05.08-01.55.19:828][  0]LogConfig: Setting CVar [[r.DistanceFieldAO:1]]
[2026.05.08-01.55.19:828][  0]LogConfig: Setting CVar [[r.AOQuality:2]]
[2026.05.08-01.55.19:828][  0]LogConfig: Setting CVar [[r.VolumetricFog:1]]
[2026.05.08-01.55.19:828][  0]LogConfig: Setting CVar [[r.VolumetricFog.GridPixelSize:8]]
[2026.05.08-01.55.19:828][  0]LogConfig: Setting CVar [[r.VolumetricFog.GridSizeZ:128]]
[2026.05.08-01.55.19:828][  0]LogConfig: Setting CVar [[r.VolumetricFog.HistoryMissSupersampleCount:4]]
[2026.05.08-01.55.19:828][  0]LogConfig: Setting CVar [[r.LightMaxDrawDistanceScale:1]]
[2026.05.08-01.55.19:828][  0]LogConfig: Setting CVar [[r.CapsuleShadows:1]]
[2026.05.08-01.55.19:828][  0]LogConfig: Applying CVar settings from Section [PostProcessQuality@3] File [C:/Users/kapil/OneDrive/Documents/Unreal Projects/testTP/Saved/Config/Windows/Scalability.ini]
[2026.05.08-01.55.19:828][  0]LogConfig: Setting CVar [[r.MotionBlurQuality:4]]
[2026.05.08-01.55.19:828][  0]LogConfig: Setting CVar [[r.AmbientOcclusionMipLevelFactor:0.4]]
[2026.05.08-01.55.19:828][  0]LogConfig: Setting CVar [[r.AmbientOcclusionMaxQuality:100]]
[2026.05.08-01.55.19:828][  0]LogConfig: Setting CVar [[r.AmbientOcclusionLevels:-1]]
[2026.05.08-01.55.19:828][  0]LogConfig: Setting CVar [[r.AmbientOcclusionRadiusScale:1.0]]
[2026.05.08-01.55.19:828][  0]LogConfig: Setting CVar [[r.DepthOfFieldQuality:2]]
[2026.05.08-01.55.19:828][  0]LogConfig: Setting CVar [[r.RenderTargetPoolMin:400]]
[2026.05.08-01.55.19:828][  0]LogConfig: Setting CVar [[r.LensFlareQuality:2]]
[2026.05.08-01.55.19:828][  0]LogConfig: Setting CVar [[r.SceneColorFringeQuality:1]]
[2026.05.08-01.55.19:828][  0]LogConfig: Setting CVar [[r.EyeAdaptationQuality:2]]
[2026.05.08-01.55.19:828][  0]LogConfig: Setting CVar [[r.BloomQuality:5]]
[2026.05.08-01.55.19:828][  0]LogConfig: Setting CVar [[r.FastBlurThreshold:100]]
[2026.05.08-01.55.19:828][  0]LogConfig: Setting CVar [[r.Upscale.Quality:3]]
[2026.05.08-01.55.19:828][  0]LogConfig: Setting CVar [[r.Tonemapper.GrainQuantization:1]]
[2026.05.08-01.55.19:828][  0]LogConfig: Setting CVar [[r.LightShaftQuality:1]]
[2026.05.08-01.55.19:828][  0]LogConfig: Setting CVar [[r.Filter.SizeScale:1]]
[2026.05.08-01.55.19:828][  0]LogConfig: Setting CVar [[r.Tonemapper.Quality:5]]
[2026.05.08-01.55.19:828][  0]LogConfig: Setting CVar [[r.DOF.Gather.AccumulatorQuality:1        ; higher gathering accumulator quality]]
[2026.05.08-01.55.19:828][  0]LogConfig: Setting CVar [[r.DOF.Gather.PostfilterMethod:1          ; Median3x3 postfilering method]]
[2026.05.08-01.55.19:828][  0]LogConfig: Setting CVar [[r.DOF.Gather.EnableBokehSettings:0       ; no bokeh simulation when gathering]]
[2026.05.08-01.55.19:828][  0]LogConfig: Setting CVar [[r.DOF.Gather.RingCount:4                 ; medium number of samples when gathering]]
[2026.05.08-01.55.19:828][  0]LogConfig: Setting CVar [[r.DOF.Scatter.ForegroundCompositing:1    ; additive foreground scattering]]
[2026.05.08-01.55.19:828][  0]LogConfig: Setting CVar [[r.DOF.Scatter.BackgroundCompositing:2    ; additive background scattering]]
[2026.05.08-01.55.19:828][  0]LogConfig: Setting CVar [[r.DOF.Scatter.EnableBokehSettings:1      ; bokeh simulation when scattering]]
[2026.05.08-01.55.19:828][  0]LogConfig: Setting CVar [[r.DOF.Scatter.MaxSpriteRatio:0.1         ; only a maximum of 10% of scattered bokeh]]
[2026.05.08-01.55.19:828][  0]LogConfig: Setting CVar [[r.DOF.Recombine.Quality:1                ; cheap slight out of focus]]
[2026.05.08-01.55.19:828][  0]LogConfig: Setting CVar [[r.DOF.Recombine.EnableBokehSettings:0    ; no bokeh simulation on slight out of focus]]
[2026.05.08-01.55.19:828][  0]LogConfig: Setting CVar [[r.DOF.TemporalAAQuality:1                ; more stable temporal accumulation]]
[2026.05.08-01.55.19:828][  0]LogConfig: Setting CVar [[r.DOF.Kernel.MaxForegroundRadius:0.025]]
[2026.05.08-01.55.19:828][  0]LogConfig: Setting CVar [[r.DOF.Kernel.MaxBackgroundRadius:0.025]]
[2026.05.08-01.55.19:828][  0]LogConfig: Applying CVar settings from Section [TextureQuality@3] File [C:/Users/kapil/OneDrive/Documents/Unreal Projects/testTP/Saved/Config/Windows/Scalability.ini]
[2026.05.08-01.55.19:828][  0]LogConfig: Setting CVar [[r.Streaming.MipBias:0]]
[2026.05.08-01.55.19:828][  0]LogConfig: Setting CVar [[r.Streaming.AmortizeCPUToGPUCopy:0]]
[2026.05.08-01.55.19:828][  0]LogConfig: Setting CVar [[r.Streaming.MaxNumTexturesToStreamPerFrame:0]]
[2026.05.08-01.55.19:828][  0]LogConfig: Setting CVar [[r.Streaming.Boost:1]]
[2026.05.08-01.55.19:828][  0]LogConfig: Setting CVar [[r.MaxAnisotropy:8]]
[2026.05.08-01.55.19:828][  0]LogConfig: Setting CVar [[r.VT.MaxAnisotropy:8]]
[2026.05.08-01.55.19:828][  0]LogConfig: Setting CVar [[r.Streaming.LimitPoolSizeToVRAM:0]]
[2026.05.08-01.55.19:828][  0]LogConfig: Setting CVar [[r.Streaming.PoolSize:1000]]
[2026.05.08-01.55.19:828][  0]LogConfig: Setting CVar [[r.Streaming.MaxEffectiveScreenSize:0]]
[2026.05.08-01.55.19:828][  0]LogConfig: Applying CVar settings from Section [EffectsQuality@3] File [C:/Users/kapil/OneDrive/Documents/Unreal Projects/testTP/Saved/Config/Windows/Scalability.ini]
[2026.05.08-01.55.19:828][  0]LogConfig: Setting CVar [[r.TranslucencyLightingVolumeDim:64]]
[2026.05.08-01.55.19:828][  0]LogConfig: Setting CVar [[r.RefractionQuality:2]]
[2026.05.08-01.55.19:828][  0]LogConfig: Setting CVar [[r.SSR.Quality:3]]
[2026.05.08-01.55.19:828][  0]LogConfig: Setting CVar [[r.SSR.HalfResSceneColor:0]]
[2026.05.08-01.55.19:828][  0]LogConfig: Setting CVar [[r.SceneColorFormat:4]]
[2026.05.08-01.55.19:828][  0]LogConfig: Setting CVar [[r.DetailMode:2]]
[2026.05.08-01.55.19:828][  0]LogConfig: Setting CVar [[r.TranslucencyVolumeBlur:1]]
[2026.05.08-01.55.19:828][  0]LogConfig: Setting CVar [[r.MaterialQualityLevel:1 ; High quality]]
[2026.05.08-01.55.19:828][  0]LogConfig: Setting CVar [[r.AnisotropicMaterials:1]]
[2026.05.08-01.55.19:828][  0]LogConfig: Setting CVar [[r.SSS.Scale:1]]
[2026.05.08-01.55.19:828][  0]LogConfig: Setting CVar [[r.SSS.SampleSet:2]]
[2026.05.08-01.55.19:828][  0]LogConfig: Setting CVar [[r.SSS.Quality:1]]
[2026.05.08-01.55.19:828][  0]LogConfig: Setting CVar [[r.SSS.HalfRes:0]]
[2026.05.08-01.55.19:828][  0]LogConfig: Setting CVar [[r.SSGI.Quality:3]]
[2026.05.08-01.55.19:828][  0]LogConfig: Setting CVar [[r.EmitterSpawnRateScale:1.0]]
[2026.05.08-01.55.19:828][  0]LogConfig: Setting CVar [[r.ParticleLightQuality:2]]
[2026.05.08-01.55.19:828][  0]LogConfig: Setting CVar [[r.SkyAtmosphere.AerialPerspectiveLUT.FastApplyOnOpaque:1 ; Always have FastSkyLUT 1 in this case to avoid wrong sky]]
[2026.05.08-01.55.19:828][  0]LogConfig: Setting CVar [[r.SkyAtmosphere.AerialPerspectiveLUT.SampleCountMaxPerSlice:4]]
[2026.05.08-01.55.19:828][  0]LogConfig: Setting CVar [[r.SkyAtmosphere.AerialPerspectiveLUT.DepthResolution:16.0]]
[2026.05.08-01.55.19:828][  0]LogConfig: Setting CVar [[r.SkyAtmosphere.FastSkyLUT:1]]
[2026.05.08-01.55.19:828][  0]LogConfig: Setting CVar [[r.SkyAtmosphere.FastSkyLUT.SampleCountMin:4.0]]
[2026.05.08-01.55.19:828][  0]LogConfig: Setting CVar [[r.SkyAtmosphere.FastSkyLUT.SampleCountMax:128.0]]
[2026.05.08-01.55.19:828][  0]LogConfig: Setting CVar [[r.SkyAtmosphere.SampleCountMin:4.0]]
[2026.05.08-01.55.19:828][  0]LogConfig: Setting CVar [[r.SkyAtmosphere.SampleCountMax:128.0]]
[2026.05.08-01.55.19:828][  0]LogConfig: Setting CVar [[r.SkyAtmosphere.TransmittanceLUT.UseSmallFormat:0]]
[2026.05.08-01.55.19:828][  0]LogConfig: Setting CVar [[r.SkyAtmosphere.TransmittanceLUT.SampleCount:10.0]]
[2026.05.08-01.55.19:828][  0]LogConfig: Setting CVar [[r.SkyAtmosphere.MultiScatteringLUT.SampleCount:15.0]]
[2026.05.08-01.55.19:828][  0]LogConfig: Setting CVar [[r.SkyLight.RealTimeReflectionCapture:1]]
[2026.05.08-01.55.19:828][  0]LogConfig: Applying CVar settings from Section [FoliageQuality@3] File [C:/Users/kapil/OneDrive/Documents/Unreal Projects/testTP/Saved/Config/Windows/Scalability.ini]
[2026.05.08-01.55.19:828][  0]LogConfig: Setting CVar [[foliage.DensityScale:1.0]]
[2026.05.08-01.55.19:828][  0]LogConfig: Setting CVar [[grass.DensityScale:1.0]]
[2026.05.08-01.55.19:828][  0]LogConfig: Applying CVar settings from Section [ShadingQuality@3] File [C:/Users/kapil/OneDrive/Documents/Unreal Projects/testTP/Saved/Config/Windows/Scalability.ini]
[2026.05.08-01.55.19:828][  0]LogConfig: Setting CVar [[r.HairStrands.SkyLighting.IntegrationType:2]]
[2026.05.08-01.55.19:828][  0]LogConfig: Setting CVar [[r.HairStrands.SkyAO.SampleCount:4]]
[2026.05.08-01.55.19:828][  0]LogConfig: Setting CVar [[r.HairStrands.Visibility.MSAA.SamplePerPixel:4]]
[2026.05.08-01.55.19:828][  0]LogConfig: Applying CVar settings from Section [Startup] File [../../../Engine/Config/ConsoleVariables.ini]
[2026.05.08-01.55.19:828][  0]LogConfig: Setting CVar [[net.UseAdaptiveNetUpdateFrequency:0]]
[2026.05.08-01.55.19:829][  0]LogConfig: Setting CVar [[p.chaos.AllowCreatePhysxBodies:1]]
[2026.05.08-01.55.19:829][  0]LogConfig: Setting CVar [[fx.SkipVectorVMBackendOptimizations:1]]
[2026.05.08-01.55.19:829][  0]LogConfig: Applying CVar settings from Section [ConsoleVariables] File [C:/Users/kapil/OneDrive/Documents/Unreal Projects/testTP/Saved/Config/Windows/Engine.ini]
[2026.05.08-01.55.19:829][  0]LogConfig: Applying CVar settings from Section [ConsoleVariables] File [C:/Users/kapil/OneDrive/Documents/Unreal Projects/testTP/Saved/Config/Windows/Editor.ini]
[2026.05.08-01.55.19:829][  0]LogInit: Computer: IMMERSEDEMOM5
[2026.05.08-01.55.19:829][  0]LogInit: User: kapil
[2026.05.08-01.55.19:829][  0]LogInit: CPU Page size=4096, Cores=14
[2026.05.08-01.55.19:829][  0]LogInit: High frequency timer resolution =10.000000 MHz
[2026.05.08-01.55.19:829][  0]LogMemory: Memory total: Physical=15.7GB (16GB approx)
[2026.05.08-01.55.19:829][  0]LogMemory: Platform Memory Stats for Windows
[2026.05.08-01.55.19:829][  0]LogMemory: Process Physical Memory: 148.69 MB used, 148.69 MB peak
[2026.05.08-01.55.19:829][  0]LogMemory: Process Virtual Memory: 123.09 MB used, 123.09 MB peak
[2026.05.08-01.55.19:829][  0]LogMemory: Physical Memory: 11558.58 MB used,  4510.12 MB free, 16068.70 MB total
[2026.05.08-01.55.19:829][  0]LogMemory: Virtual Memory: 134214152.00 MB used,  3576.79 MB free, 134217728.00 MB total
[2026.05.08-01.55.19:835][  0]LogWindows: WindowsPlatformFeatures enabled
[2026.05.08-01.55.19:928][  0]LogInit: Physics initialised using underlying interface: PhysX
[2026.05.08-01.55.19:928][  0]LogInit: Using OS detected language (en-US).
[2026.05.08-01.55.19:928][  0]LogInit: Using OS detected locale (en-US).
[2026.05.08-01.55.19:932][  0]LogTextLocalizationManager: No specific localization for 'en-US' exists, so the 'en' localization will be used.
[2026.05.08-01.55.20:085][  0]LogWindowsTextInputMethodSystem: Display: IME system deactivated.
[2026.05.08-01.55.20:107][  0]LogSlate: New Slate User Created.  User Index 0, Is Virtual User: 0
[2026.05.08-01.55.20:107][  0]LogSlate: Slate User Registered.  User Index 0, Is Virtual User: 0
[2026.05.08-01.55.20:120][  0]LogD3D11RHI: Loaded GFSDK_Aftermath_Lib.x64.dll
[2026.05.08-01.55.20:176][  0]LogHMD: Failed to initialize OpenVR with code 110
[2026.05.08-01.55.20:176][  0]LogD3D11RHI: D3D11 min allowed feature level: 11_0
[2026.05.08-01.55.20:176][  0]LogD3D11RHI: D3D11 max allowed feature level: 11_0
[2026.05.08-01.55.20:176][  0]LogD3D11RHI: D3D11 adapters:
[2026.05.08-01.55.20:364][  0]LogD3D11RHI:    0. 'NVIDIA GeForce RTX 4060 Laptop GPU' (Feature Level 11_0)
[2026.05.08-01.55.20:364][  0]LogD3D11RHI:       7957/0/8034 MB DedicatedVideo/DedicatedSystem/SharedSystem, Outputs:1, VendorId:0x10de
[2026.05.08-01.55.20:388][  0]LogD3D11RHI:    1. 'Intel(R) UHD Graphics' (Feature Level 11_0)
[2026.05.08-01.55.20:388][  0]LogD3D11RHI:       128/0/8034 MB DedicatedVideo/DedicatedSystem/SharedSystem, Outputs:0, VendorId:0x8086
[2026.05.08-01.55.20:404][  0]LogD3D11RHI:    2. 'Microsoft Basic Render Driver' (Feature Level 11_0)
[2026.05.08-01.55.20:404][  0]LogD3D11RHI:       0/0/8034 MB DedicatedVideo/DedicatedSystem/SharedSystem, Outputs:0, VendorId:0x1414
[2026.05.08-01.55.20:404][  0]LogD3D11RHI: Chosen D3D11 Adapter:
[2026.05.08-01.55.20:404][  0]LogD3D11RHI:     Description : NVIDIA GeForce RTX 4060 Laptop GPU
[2026.05.08-01.55.20:404][  0]LogD3D11RHI:     VendorId    : 10de
[2026.05.08-01.55.20:404][  0]LogD3D11RHI:     DeviceId    : 28e0
[2026.05.08-01.55.20:404][  0]LogD3D11RHI:     SubSysId    : bf81028
[2026.05.08-01.55.20:404][  0]LogD3D11RHI:     Revision    : 00a1
[2026.05.08-01.55.20:404][  0]LogD3D11RHI:     DedicatedVideoMemory : 8343519232 bytes
[2026.05.08-01.55.20:404][  0]LogD3D11RHI:     DedicatedSystemMemory : 0 bytes
[2026.05.08-01.55.20:404][  0]LogD3D11RHI:     SharedSystemMemory : 8424628224 bytes
[2026.05.08-01.55.20:404][  0]LogD3D11RHI:     AdapterLuid : 0 75339
[2026.05.08-01.55.20:413][  0]LogD3D11RHI: Creating new Direct3DDevice
[2026.05.08-01.55.20:413][  0]LogD3D11RHI:     GPU DeviceId: 0x28e0 (for the marketing name, search the web for "GPU Device Id")
[2026.05.08-01.55.20:413][  0]LogWindows: EnumDisplayDevices:
[2026.05.08-01.55.20:413][  0]LogWindows:    0. 'Intel(R) UHD Graphics' (P:1 D:1)
[2026.05.08-01.55.20:414][  0]LogWindows:    1. 'Intel(R) UHD Graphics' (P:0 D:0)
[2026.05.08-01.55.20:414][  0]LogWindows:    2. 'Intel(R) UHD Graphics' (P:0 D:0)
[2026.05.08-01.55.20:414][  0]LogWindows:    3. 'Intel(R) UHD Graphics' (P:0 D:0)
[2026.05.08-01.55.20:415][  0]LogWindows:    4. 'NVIDIA GeForce RTX 4060 Laptop GPU' (P:0 D:0)
[2026.05.08-01.55.20:415][  0]LogWindows: DebugString: PrimaryIsNotTheChoosenAdapter PrimaryIsNotTheChoosenAdapter PrimaryIsNotTheChoosenAdapter PrimaryIsNotTheChoosenAdapter 
[2026.05.08-01.55.20:415][  0]LogD3D11RHI:     Adapter Name: NVIDIA GeForce RTX 4060 Laptop GPU
[2026.05.08-01.55.20:415][  0]LogD3D11RHI:   Driver Version: 581.95 (internal:32.0.15.8195, unified:581.95)
[2026.05.08-01.55.20:415][  0]LogD3D11RHI:      Driver Date: 11-18-2025
[2026.05.08-01.55.20:415][  0]LogRHI: Texture pool is 5569 MB (70% of 7957 MB)
[2026.05.08-01.55.20:415][  0]LogD3D11RHI: Creating D3DDevice using adapter:
[2026.05.08-01.55.20:415][  0]LogD3D11RHI:     Description : NVIDIA GeForce RTX 4060 Laptop GPU
[2026.05.08-01.55.20:415][  0]LogD3D11RHI:     VendorId    : 10de
[2026.05.08-01.55.20:416][  0]LogD3D11RHI:     DeviceId    : 28e0
[2026.05.08-01.55.20:416][  0]LogD3D11RHI:     SubSysId    : bf81028
[2026.05.08-01.55.20:416][  0]LogD3D11RHI:     Revision    : 00a1
[2026.05.08-01.55.20:416][  0]LogD3D11RHI:     DedicatedVideoMemory : 8343519232 bytes
[2026.05.08-01.55.20:416][  0]LogD3D11RHI:     DedicatedSystemMemory : 0 bytes
[2026.05.08-01.55.20:416][  0]LogD3D11RHI:     SharedSystemMemory : 8424628224 bytes
[2026.05.08-01.55.20:416][  0]LogD3D11RHI:     AdapterLuid : 0 75339
[2026.05.08-01.55.20:522][  0]LogD3D11RHI: RHI has support for 64 bit atomics
[2026.05.08-01.55.20:522][  0]LogD3D11RHI: Async texture creation enabled
[2026.05.08-01.55.20:522][  0]LogD3D11RHI: Array index from any shader is supported
[2026.05.08-01.55.20:544][  0]LogD3D11RHI: GPU Timing Frequency: 1000.000000 (Debug: 2 1)
[2026.05.08-01.55.20:571][  0]LogRHI: GeForceNow SDK initialized: 1
[2026.05.08-01.55.20:792][  0]LogTargetPlatformManager: Display: Loaded TargetPlatform 'WindowsNoEditor'
[2026.05.08-01.55.20:797][  0]LogTargetPlatformManager: Display: Loaded TargetPlatform 'Windows'
[2026.05.08-01.55.20:801][  0]LogTargetPlatformManager: Display: Loaded TargetPlatform 'WindowsClient'
[2026.05.08-01.55.20:805][  0]LogTargetPlatformManager: Display: Loaded TargetPlatform 'WindowsServer'
[2026.05.08-01.55.20:805][  0]LogTargetPlatformManager: Display: Building Assets For Windows
[2026.05.08-01.55.20:812][  0]LogAudioDebug: Display: Lib vorbis DLL was dynamically loaded.
[2026.05.08-01.55.20:846][  0]LogTextureFormatOodle: Display: Oodle Texture 2.9.0 init RDO Off
[2026.05.08-01.55.20:904][  0]LogRendererCore: Ray tracing is disabled. Reason: r.RayTracing=0.
[2026.05.08-01.55.20:905][  0]LogShaderCompilers: Guid format shader working directory is -26 characters bigger than the processId version (../../../../../../Users/kapil/OneDrive/Documents/Unreal Projects/testTP/Intermediate/Shaders/WorkingDirectory/28184/).
[2026.05.08-01.55.20:905][  0]LogShaderCompilers: Cleaned the shader compiler working directory 'C:/Users/kapil/AppData/Local/Temp/UnrealShaderWorkingDir/4DCDA167460AB3279B2E21B53916FBB1/'.
[2026.05.08-01.55.20:906][  0]LogXGEController: Cannot use XGE Controller as Incredibuild is not installed on this machine.
[2026.05.08-01.55.20:906][  0]LogShaderCompilers: Cannot use XGE Shader Compiler as Incredibuild is not installed on this machine.
[2026.05.08-01.55.20:906][  0]LogShaderCompilers: Display: Using Local Shader Compiler.
[2026.05.08-01.55.21:567][  0]LogDerivedDataCache: Display: Max Cache Size: 512 MB
[2026.05.08-01.55.21:618][  0]LogDerivedDataCache: Loaded boot cache 0.05s 78MB C:/Users/kapil/AppData/Local/UnrealEngine/4.27/DerivedDataCache/Boot.ddc.
[2026.05.08-01.55.21:618][  0]LogDerivedDataCache: Display: Loaded Boot cache: C:/Users/kapil/AppData/Local/UnrealEngine/4.27/DerivedDataCache/Boot.ddc
[2026.05.08-01.55.21:618][  0]LogDerivedDataCache: FDerivedDataBackendGraph:  Pak pak cache file ../../../../../../Users/kapil/OneDrive/Documents/Unreal Projects/testTP/DerivedDataCache/DDC.ddp not found, will not use a pak cache.
[2026.05.08-01.55.21:618][  0]LogDerivedDataCache: Unable to find inner node Pak for hierarchical cache Hierarchy.
[2026.05.08-01.55.21:618][  0]LogDerivedDataCache: FDerivedDataBackendGraph:  CompressedPak pak cache file ../../../../../../Users/kapil/OneDrive/Documents/Unreal Projects/testTP/DerivedDataCache/Compressed.ddp not found, will not use a pak cache.
[2026.05.08-01.55.21:618][  0]LogDerivedDataCache: Unable to find inner node CompressedPak for hierarchical cache Hierarchy.
[2026.05.08-01.55.21:635][  0]LogDerivedDataCache: Display: Pak cache opened for reading ../../../Engine/DerivedDataCache/Compressed.ddp.
[2026.05.08-01.55.21:635][  0]LogDerivedDataCache: FDerivedDataBackendGraph:  EnterprisePak pak cache file ../../../Enterprise/DerivedDataCache/Compressed.ddp not found, will not use a pak cache.
[2026.05.08-01.55.21:635][  0]LogDerivedDataCache: Unable to find inner node EnterprisePak for hierarchical cache Hierarchy.
[2026.05.08-01.55.21:660][  0]LogDerivedDataCache: Speed tests for C:/Users/kapil/AppData/Local/UnrealEngine/Common/DerivedDataCache took 0.02 seconds
[2026.05.08-01.55.21:660][  0]LogDerivedDataCache: Display: Performance to C:/Users/kapil/AppData/Local/UnrealEngine/Common/DerivedDataCache: Latency=0.04ms. RandomReadSpeed=45.19MBs, RandomWriteSpeed=246.40MBs. Assigned SpeedClass 'Local'
[2026.05.08-01.55.21:661][  0]LogDerivedDataCache: Using Local data cache path C:/Users/kapil/AppData/Local/UnrealEngine/Common/DerivedDataCache: Writable
[2026.05.08-01.55.21:661][  0]LogDerivedDataCache: Shared data cache path not found in *engine.ini, will not use an Shared cache.
[2026.05.08-01.55.21:661][  0]LogDerivedDataCache: Unable to find inner node Shared for hierarchical cache Hierarchy.
[2026.05.08-01.55.21:696][  0]LogSlate: Using FreeType 2.10.0
[2026.05.08-01.55.21:697][  0]LogSlate: SlateFontServices - WITH_FREETYPE: 1, WITH_HARFBUZZ: 1
[2026.05.08-01.55.21:746][  0]LogInit: Using OS detected language (en-US).
[2026.05.08-01.55.21:746][  0]LogInit: Using OS detected locale (en-US).
[2026.05.08-01.55.21:746][  0]LogTextLocalizationManager: No localization for 'en-US' exists, so 'en' will be used for the language.
[2026.05.08-01.55.21:746][  0]LogTextLocalizationManager: No localization for 'en-US' exists, so 'en' will be used for the locale.
[2026.05.08-01.55.21:746][  0]LogSlate: FontCache flush requested. Reason: Culture for localization was changed
[2026.05.08-01.55.21:746][  0]LogSlate: FontCache flush requested. Reason: Culture for localization was changed
[2026.05.08-01.55.21:750][  0]LogTextLocalizationManager: Compacting localization data took   0.00ms
[2026.05.08-01.55.21:750][  0]LogAssetRegistry: FAssetRegistry took 0.0022 seconds to start up
[2026.05.08-01.55.21:929][  0]LogPackageLocalizationCache: Processed 28 localized package path(s) for 1 prioritized culture(s) in 0.032877 seconds
[2026.05.08-01.55.21:979][  0]LogInit: Selected Device Profile: [Windows]
[2026.05.08-01.55.21:979][  0]LogInit: Active device profile: [000002760D8EB700][00000276734F8140 49] Windows
[2026.05.08-01.55.21:979][  0]LogInit: Profiles: [000002760D8EB700][00000276734F8140 49] Windows, [000002760D898B00][000002760B7502C0 49] WindowsNoEditor, [000002760D8E8B00][000002760B754440 49] WindowsServer, [000002760D89AE00][000002760B7585C0 49] WindowsClient, [000002760D8EAD00][000002760B75C740 49] IOS, [000002760D899500][000002760B7608C0 49] iPadAir, [000002760D8E9400][000002760B764A40 49] iPadAir2, [000002761143BC00][000002760B76CD00 49] IPadPro, [000002761143BD00][000002760B768D40 49] iPadAir3, [000002760D8EA600][000002760B770EC0 49] iPadAir4, [0000027611439000][000002760B775040 49] iPadMini2, [000002760D8E9900][000002760B7791C0 49] iPadMini3, [000002761143A800][000002760B225340 49] iPadMini4, [000002760D8E8200][000002760B2294C0 49] iPadMini5, [000002760D887500][000002760B22D700 49] iPhone6, [000002760D887600][000002760B74D740 49] iPodTouch6, [0000027611438100][000002760B2399C0 49] iPhone7, [0000027611439100][000002760B231A00 49] iPodTouch7, [000002760D884F00][000002760B23DB80 49] iPhone5S, [000002761143A900][000002760B240180 49] iPhone6Plus, [000002760D886900][000002760B244300 49] iPhone6S, [000002761143BA00][000002760B248480 49] iPhone6SPlus, [000002760D885800][000002760B24C600 49] iPhone7Plus, [0000027611438900][000002760B250780 49] iPhoneSE, [000002760D884900][000002760B254900 49] iPhone8, [000002761143B000][000002760B258A80 49] iPhone8Plus, [000002760D887100][000002760B25CC00 49] iPhoneX, [000002761143A100][000002760B260D80 49] iPhoneXS, [000002760D884100][000002760B264F00 49] iPhoneXSMax, [000002761143B500][000002760B269080 49] iPhoneXR, [000002760D884700][000002760B26D200 49] iPhone11, [000002761143B200][000002760BFA3380 49] iPhone11Pro, [000002760D884C00][000002760BFA7500 49] iPhone11ProMax, [000002761143AC00][000002760BFAB680 49] iPhoneSE2, [000002760D886D00][000002760B2357C0 49] iPhone12Mini, [000002761143B800][000002760BFAF900 49] iPhone12, [000002760D887D00][000002760BFB3A40 49] iPhone12Pro, [0000027611438E00][000002760BFBBBC0 49] iPhone12ProMax, [000002760D885400][000002760BFBE1C0 49] iPadPro105, [0000027611439700][000002760BFC2340 49] iPadPro129, [000002760D886C00][000002760BFC64C0 49] iPadPro97, [0000027611439C00][000002760BFCA640 49] iPadPro2_129, [000002760D885000][000002760BFCE7C0 49] iPad5, [000002761143AF00][000002760BFD2940 49] iPad6, [000002760D885700][000002760BFD6AC0 49] iPad7, [000002761143AA00][000002760BFDAC40 49] iPad8, [000002760D886800][000002760BFDEDC0 49] iPadPro11, [0000027611439900][000002760BFE2F40 49] iPadPro2_11, [000002760D887400][000002760BFE70C0 49] iPadPro3_129, [000002761143A400][000002760BFEB240 49] iPadPro4_129, [000002760D885200][000002760BFEF3C0 49] AppleTV, [000002761143A000][000002760BFF3540 49] AppleTV4K, [000002760D885900][000002760BFF76C0 49] TVOS, [0000027611438300][000002760BFFB840 49] Mac, [000002760D884500][000002760BFB7980 49] MacClient, [0000027611438D00][000002760BFFFAC0 49] MacNoEditor, [000002760D885500][000002760C003C00 49] MacServer, [000002761143B700][000002760C0061C0 49] Linux, [000002760D887200][000002760C00E340 49] LinuxAArch64, [0000027611439B00][000002760C0124C0 49] LinuxNoEditor, [000002760D89A800][000002760C016640 49] LinuxAArch64NoEditor, [000002760D920F00][000002760C01A7C0 49] LinuxClient, [000002760D89B500][000002760C01E940 49] LinuxAArch64Client, [000002760D921F00][000002760C022AC0 49] LinuxServer, [000002760D899A00][000002760C026C40 49] LinuxAArch64Server, [000002760D920800][000002760C02ADC0 49] Android, [000002760D898800][000002760C02EF40 49] Android_Low, [000002760D921600][000002760C0330C0 49] Android_Mid, [000002760D89B900][000002760C037240 49] Android_High, [000002760D921700][000002760C03B3C0 49] Android_Default, [000002760D899800][0000027610E1F540 49] Android_Adreno4xx, [000002760D921C00][0000027610E236C0 49] Android_Adreno5xx_Low, [000002760D899400][0000027610E27840 49] Android_Adreno5xx, [000002760D920200][0000027610E2B9C0 49] Android_Adreno6xx, [000002760D898400][000002760C00BB00 49] Android_Adreno6xx_Vulkan, [000002760D922A00][0000027610E2E0C0 49] Android_Mali_T6xx, [000002760D899B00][0000027610E32200 49] Android_Mali_T7xx, [000002760D920900][0000027610E36340 49] Android_Mali_T8xx, [000002760D89B600][0000027610E3E4C0 49] Android_Mali_G71, [000002760D922500][0000027610E42640 49] Android_Mali_G72, [000002760D89A300][0000027610E467C0 49] Android_Mali_G72_Vulkan, [000002760D922900][0000027610E4A940 49] Android_Mali_G76, [000002760D898E00][0000027610E4EAC0 49] Android_Mali_G76_Vulkan, [000002760D921300][0000027610E52C40 49] Android_Mali_G77, [0000027611438500][0000027610E56DC0 49] Android_Mali_G77_Vulkan, [000002760D887E00][0000027610E5AF40 49] Android_Mali_G78, [0000027611438F00][0000027610E5F0C0 49] Android_Mali_G78_Vulkan, [000002760D886500][0000027610E63240 49] Android_Mali_G710, [0000027611439300][0000027610E673C0 49] Android_Mali_G710_Vulkan, [000002760D920700][0000027610E6B540 49] Android_Vulkan_SM5, [0000027611439500][0000027610E6F6C0 49] Android_PowerVR_G6xxx, [000002760D920300][0000027610E73840 49] Android_PowerVR_GT7xxx, [0000027611439E00][0000027610E779C0 49] Android_PowerVR_GE8xxx, [000002760D921900][0000027610E7BB40 49] Android_PowerVR_GM9xxx, [0000027611438200][0000027610E7E140 49] Android_PowerVR_GM9xxx_Vulkan, [000002760D920500][0000027610E3A280 49] Android_TegraK1, [000002761143B100][0000027610E823C0 49] Android_Unknown_Vulkan, [000002760D921200][0000027610E86500 49] Lumin, [0000027611439600][0000027610E8E680 49] Lumin_Desktop, [000002760D921100][0000027610E92800 49] HoloLens, 
[2026.05.08-01.55.22:104][  0]LogMeshReduction: Using QuadricMeshReduction for automatic static mesh reduction
[2026.05.08-01.55.22:104][  0]LogMeshReduction: Using SimplygonMeshReduction for automatic skeletal mesh reduction
[2026.05.08-01.55.22:104][  0]LogMeshReduction: Using ProxyLODMeshReduction for automatic mesh merging
[2026.05.08-01.55.22:104][  0]LogMeshReduction: No distributed automatic mesh merging module available
[2026.05.08-01.55.22:104][  0]LogMeshMerging: No distributed automatic mesh merging module available
[2026.05.08-01.55.22:133][  0]LogNetVersion: testTP 1.0.0, NetCL: 17155196, EngineNetVer: 17, GameNetVer: 0 (Checksum: 3966549976)
[2026.05.08-01.55.22:636][  0]LogTexture: Default maximum texture size for cubemaps generated from long-lat sources has been changed from 512 to unlimited. In order to preserve old behaiour for '/Engine/MapTemplates/Sky/DaylightAmbientCubemap.DaylightAmbientCubemap', its maximum texture size has been explicitly set to 512.
[2026.05.08-01.55.22:708][  0]LogHMD: PokeAHoleMaterial loaded successfully
[2026.05.08-01.55.22:863][  0]LogMoviePlayer: Initializing movie player
[2026.05.08-01.55.22:954][  0]LogNiagaraDebuggerClient: Niagara Debugger Client Initialized | Session: E4F858DA45DB554FBC07BAAF7E70624C | Instance: 5B0A9EF14A18CCEA2F218D831B6285D0 (IMMERSEDEMOM5-28184).
[2026.05.08-01.55.22:998][  0]LogCollectionManager: Loaded 0 collections in 0.001292 seconds
[2026.05.08-01.55.23:000][  0]LogFileCache: Scanning file cache for directory 'C:/Users/kapil/OneDrive/Documents/Unreal Projects/testTP/Saved/Collections/' took 0.00s
[2026.05.08-01.55.23:000][  0]LogFileCache: Scanning file cache for directory 'C:/Users/kapil/OneDrive/Documents/Unreal Projects/testTP/Content/Developers/kapil/Collections/' took 0.00s
[2026.05.08-01.55.23:000][  0]LogFileCache: Scanning file cache for directory 'C:/Users/kapil/OneDrive/Documents/Unreal Projects/testTP/Content/Collections/' took 0.00s
[2026.05.08-01.55.23:000][  0]LogCollectionManager: Fixed up redirectors for 0 collections in 0.000002 seconds (updated 0 objects)
[2026.05.08-01.55.23:029][  0]LogPython: Using Python 3.7.7
[2026.05.08-01.55.23:514][  0]LogAkAudio: Wwise(R) SDK Version 2019.2.15 Build 7667. Copyright (c) 2006-2019 Audiokinetic Inc.
[2026.05.08-01.55.23:517][  0]LogAkAudio: Wwise plug-in DLL path: C:/Users/kapil/OneDrive/Documents/Unreal Projects/testTP/Plugins/Wwise/ThirdParty/x64_vc150/Profile/bin/
[2026.05.08-01.55.23:520][  0]LogAkAudio: Wwise remote connection application name: testTP
[2026.05.08-01.55.23:520][  0]LogAkAudio: Wwise successfully initialized.
[2026.05.08-01.55.33:866][  0]LogAkAudio: Initialization complete.
[2026.05.08-01.55.33:866][  0]LogInit: Audiokinetic Audio Device initialized.
[2026.05.08-01.55.37:466][  0]SourceControl: Source control is disabled
[2026.05.08-01.55.37:466][  0]SourceControl: Source control is disabled
[2026.05.08-01.55.37:469][  0]SourceControl: Source control is disabled
[2026.05.08-01.55.37:476][  0]LogUProjectInfo: Found projects:
[2026.05.08-01.55.37:564][  0]LogOpenImageDenoise: OIDN starting up
[2026.05.08-01.55.37:605][  0]LogAndroidPermission: UAndroidPermissionCallbackProxy::GetInstance
[2026.05.08-01.55.37:609][  0]LogAudioCaptureCore: Display: No Audio Capture implementations found. Audio input will be silent.
[2026.05.08-01.55.37:609][  0]LogAudioCaptureCore: Display: No Audio Capture implementations found. Audio input will be silent.
[2026.05.08-01.55.37:676][  0]LogOcInput: OculusInput pre-init called
[2026.05.08-01.55.37:682][  0]LogUObjectArray: 22811 objects as part of root set at end of initial load.
[2026.05.08-01.55.37:682][  0]LogUObjectAllocator: 6215680 out of 0 bytes used by permanent object pool.
[2026.05.08-01.55.37:682][  0]LogUObjectArray: CloseDisregardForGC: 0/0 objects in disregard for GC pool
[2026.05.08-01.55.37:740][  0]LogClass: Display: EnumProperty FAkExternalSourceInfo::CodecID is not initialized properly. Module:AkAudio File:Classes/AkGameplayTypes.h
[2026.05.08-01.55.37:740][  0]LogClass: Warning: ObjectProperty FAkExternalSourceInfo::ExternalSourceAsset is not initialized properly. Module:AkAudio File:Classes/AkGameplayTypes.h
[2026.05.08-01.55.37:740][  0]LogClass: Display: IntProperty FAkChannelMask::ChannelMask is not initialized properly. Module:AkAudio File:Classes/AkGameplayTypes.h
[2026.05.08-01.55.37:741][  0]LogClass: Display: 3 Uninitialized script struct members found including 1 object properties
[2026.05.08-01.55.37:741][  0]LogAutomationTest: Warning: ObjectProperty FAkExternalSourceInfo::ExternalSourceAsset is not initialized properly. Module:AkAudio File:Classes/AkGameplayTypes.h
[2026.05.08-01.55.37:742][  0]LogEngine: Initializing Engine...
[2026.05.08-01.55.37:746][  0]LogHMD: Failed to enumerate extensions. Please check that you have a valid OpenXR runtime installed.
[2026.05.08-01.55.37:747][  0]LogHMD: Failed to initialize OpenVR with code 110
[2026.05.08-01.55.37:747][  0]LogMagicLeap: Warning: VR disabled because ZI is not enabled.  To enable, in the editor, Edit -> Project Settings -> Plugins -> Magic Leap Plugin -> Enable Zero Iteration
[2026.05.08-01.55.37:748][  0]LogStats: UGameplayTagsManager::InitializeManager -  0.001 s
[2026.05.08-01.55.37:821][  0]LogInit: Initializing FReadOnlyCVARCache
[2026.05.08-01.55.37:821][  0]LogAudio: Display: Initializing Audio Device Manager...
[2026.05.08-01.55.37:824][  0]LogAudio: Display: Loading Default Audio Settings Objects...
[2026.05.08-01.55.37:826][  0]LogAudio: Display: No default SoundConcurrencyObject specified (or failed to load).
[2026.05.08-01.55.37:826][  0]LogAudio: Display: Audio Device Manager Initialized
[2026.05.08-01.55.37:826][  0]LogAudio: Display: Creating Audio Device:                 Id: 1, Scope: Shared, Realtime: True
[2026.05.08-01.55.37:827][  0]LogAudioMixer: Display: Audio Mixer Platform Settings:
[2026.05.08-01.55.37:827][  0]LogAudioMixer: Display: 	Sample Rate:						  48000
[2026.05.08-01.55.37:827][  0]LogAudioMixer: Display: 	Callback Buffer Frame Size Requested: 1024
[2026.05.08-01.55.37:827][  0]LogAudioMixer: Display: 	Callback Buffer Frame Size To Use:	  1024
[2026.05.08-01.55.37:827][  0]LogAudioMixer: Display: 	Number of buffers to queue:			  2
[2026.05.08-01.55.37:827][  0]LogAudioMixer: Display: 	Max Channels (voices):				  32
[2026.05.08-01.55.37:827][  0]LogAudioMixer: Display: 	Number of Async Source Workers:		  0
[2026.05.08-01.55.37:827][  0]LogAudio: Display: AudioDevice MaxSources: 32
[2026.05.08-01.55.37:827][  0]LogAudio: Display: Audio Spatialization Plugin: None (built-in).
[2026.05.08-01.55.37:827][  0]LogAudio: Display: Audio Reverb Plugin: None (built-in).
[2026.05.08-01.55.37:827][  0]LogAudio: Display: Audio Occlusion Plugin: None (built-in).
[2026.05.08-01.55.37:827][  0]LogAudioMixer: Display: Initializing audio mixer.
[2026.05.08-01.55.37:855][  0]LogAudioMixer: Display: 0: FrontLeft
[2026.05.08-01.55.37:855][  0]LogAudioMixer: Display: 1: FrontRight
[2026.05.08-01.55.37:872][  0]LogAudioMixer: Display: Using Audio Device Speakers (2- Realtek(R) Audio)
[2026.05.08-01.55.37:876][  0]LogAudioMixer: Display: Initializing Sound Submixes...
[2026.05.08-01.55.37:879][  0]LogAudioMixer: Display: Creating Master Submix 'MasterSubmixDefault'
[2026.05.08-01.55.37:879][  0]LogAudioMixer: Display: Creating Master Submix 'MasterReverbSubmixDefault'
[2026.05.08-01.55.37:881][  0]LogAudioMixer: Display: Creating Master Submix 'MasterEQSubmixDefault'
[2026.05.08-01.55.37:881][  0]LogAudioMixer: FMixerPlatformXAudio2::StartAudioStream() called
[2026.05.08-01.55.37:881][  0]LogAudioMixer: Display: Output buffers initialized: Frames=1024, Channels=2, Samples=2048
[2026.05.08-01.55.37:882][  0]LogAudioMixer: Display: Starting AudioMixerPlatformInterface::RunInternal()
[2026.05.08-01.55.37:882][  0]LogAudioMixer: Display: FMixerPlatformXAudio2::SubmitBuffer() called for the first time
[2026.05.08-01.55.37:882][  0]LogInit: FAudioDevice initialized.
[2026.05.08-01.55.37:883][  0]LogNetVersion: Set ProjectVersion to 1.0.0.0. Version Checksum will be recalculated on next use.
[2026.05.08-01.55.37:928][  0]LogDerivedDataCache: Saved boot cache 0.05s 78MB C:/Users/kapil/AppData/Local/UnrealEngine/4.27/DerivedDataCache/Boot.ddc.
[2026.05.08-01.55.37:929][  0]LogInit: Texture streaming: Enabled
[2026.05.08-01.55.38:030][  0]LogAudio: Display: Audio Device (ID: 1) registered with world 'Untitled'.
[2026.05.08-01.55.38:032][  0]LogSlate: Updating window title bar state: overlay mode, drag disabled, window buttons hidden, title bar hidden
[2026.05.08-01.55.38:033][  0]LogInit: Display: Game Engine Initialized.
[2026.05.08-01.55.38:033][  0]LogNiagaraEditor: GEditor isn't valid! Particle reset commands will not work for Niagara components!
[2026.05.08-01.55.38:124][  0]LogInit: Display: Starting Game.
[2026.05.08-01.55.38:124][  0]LogNet: Browse: /Game/ThirdPersonBP/Maps/ThirdPersonExampleMap?Name=Player
[2026.05.08-01.55.38:124][  0]LogLoad: LoadMap: /Game/ThirdPersonBP/Maps/ThirdPersonExampleMap?Name=Player
[2026.05.08-01.55.38:124][  0]LogWorld: BeginTearingDown for /Temp/Untitled_0
[2026.05.08-01.55.38:126][  0]LogWorld: UWorld::CleanupWorld for Untitled, bSessionEnded=true, bCleanupResources=true
[2026.05.08-01.55.38:127][  0]LogSlate: InvalidateAllWidgets triggered.  All widgets were invalidated
[2026.05.08-01.55.38:131][  0]LogAudio: Display: Audio Device unregistered from world 'None'.
[2026.05.08-01.55.38:134][  0]LogUObjectHash: Compacting FUObjectHashTables data took   0.44ms
[2026.05.08-01.55.38:341][  0]LogAudio: Display: Audio Device (ID: 1) registered with world 'ThirdPersonExampleMap'.
[2026.05.08-01.55.38:351][  0]LogAIModule: Creating AISystem for world ThirdPersonExampleMap
[2026.05.08-01.55.38:353][  0]LogLoad: Game class is 'ThirdPersonGameMode_C'
[2026.05.08-01.55.38:362][  0]LogWorld: Bringing World /Game/ThirdPersonBP/Maps/ThirdPersonExampleMap.ThirdPersonExampleMap up for play (max tick rate 0) at 2026.05.07-18.55.38
[2026.05.08-01.55.38:363][  0]LogWorld: Bringing up level for play took: 0.008848
[2026.05.08-01.55.38:368][  0]LogTemp: Display: [ImmerseStress] Ready. Defaults: event=SwordHits bus=7p1p4 shareset=Immerse_Audio_Renderer_(Custom)
[2026.05.08-01.55.38:368][  0]LogTemp: Display: [ImmerseStress] IMMERSE_USER_ID env=kevin_tencenttest1_emb | IMMERSE_USERID=kevin_tencenttest1_emb | IMMERSE_USER=kevin_tencenttest1_emb
[2026.05.08-01.55.38:368][  0]LogTemp: Display: [testTP] Auto-spawned ImmerseStressTestActor into ThirdPersonExampleMap (type=1)
[2026.05.08-01.55.38:368][  0]LogLoad: Took 0.244279 seconds to LoadMap(/Game/ThirdPersonBP/Maps/ThirdPersonExampleMap)
[2026.05.08-01.55.38:388][  0]LogRenderer: Reallocating scene render targets to support 1536x864 Format 10 NumSamples 1 (Frame:1).
[2026.05.08-01.55.38:388][  0]LogSlate: Took 0.000577 seconds to synchronously load lazily loaded font '../../../Engine/Content/Slate/Fonts/Roboto-Regular.ttf' (155K)
[2026.05.08-01.55.38:409][  0]LogInit: Display: Engine is initialized. Leaving FEngineLoop::Init()
[2026.05.08-01.55.38:409][  0]LogLoad: (Engine Initialization) Total time: 19.96 seconds
[2026.05.08-01.55.38:409][  0]LogLoad: (Engine Initialization) Total Blueprint compile time: 0.00 seconds
[2026.05.08-01.55.38:421][  0]LogContentStreaming: Texture pool size now 1000 MB
[2026.05.08-01.55.38:425][  0]LogSlate: InvalidateAllWidgets triggered.  All widgets were invalidated
[2026.05.08-01.55.38:570][  0]LogRenderer: Reallocating scene render targets to support 128x128 Format 10 NumSamples 1 (Frame:1).
[2026.05.08-01.55.38:599][  0]LogRenderer: Reallocating scene render targets to support 1536x864 Format 10 NumSamples 1 (Frame:2).
[2026.05.08-01.55.38:608][  1]LogSlate: Took 0.000164 seconds to synchronously load lazily loaded font '../../../Engine/Content/Slate/Fonts/Roboto-Regular.ttf' (155K)
[2026.05.08-01.55.40:922][162]LogTemp: Display: [ImmerseStress] PLAN START  steps=8 (concurrency=4 Ã— immerse{off,on}) rate=60.0Hz life=250ms warmup=2.0s phase=15.0s cooldown=2.0s CSV=../../../../../../Users/kapil/OneDrive/Documents/Unreal Projects/testTP/Saved/ImmerseStress/run_20260507_185540.csv
[2026.05.08-01.55.42:062][162]LogWindows: Error: === Critical error: ===
[2026.05.08-01.55.42:062][162]LogWindows: Error: 
[2026.05.08-01.55.42:062][162]LogWindows: Error: Fatal error!
[2026.05.08-01.55.42:062][162]LogWindows: Error: 
[2026.05.08-01.55.42:062][162]LogWindows: Error: Unhandled Exception: EXCEPTION_ACCESS_VIOLATION writing address 0x00000000000000ac
[2026.05.08-01.55.42:062][162]LogWindows: Error: 
[2026.05.08-01.55.42:062][162]LogWindows: Error: [Callstack] 0x00007fffe167782f UE4Editor-testTP.dll!CAkAudioMgr::ReserveForWrite() [d:\jenkins\ws\wwise_v2019.2\wwise\sdk\source\soundengine\akaudiolib\common\akaudiomgr.cpp:204]
[2026.05.08-01.55.42:062][162]LogWindows: Error: [Callstack] 0x00007fffe1677957 UE4Editor-testTP.dll!CAkAudioMgr::ReserveQueue() [d:\jenkins\ws\wwise_v2019.2\wwise\sdk\source\soundengine\akaudiolib\common\akaudiomgr.cpp:413]
[2026.05.08-01.55.42:062][162]LogWindows: Error: [Callstack] 0x00007fffe164dd11 UE4Editor-testTP.dll!AK::SoundEngine::SetMixer() [d:\jenkins\ws\wwise_v2019.2\wwise\sdk\source\soundengine\akaudiolib\common\akaudiolib.cpp:5231]
[2026.05.08-01.55.42:062][162]LogWindows: Error: [Callstack] 0x00007fffe163b9eb UE4Editor-testTP.dll!AImmerseStressTestActor::BypassImmerse() [C:\Users\kapil\OneDrive\Documents\Unreal Projects\testTP\Source\testTP\Private\ImmerseStressTestActor.cpp:231]
[2026.05.08-01.55.42:062][162]LogWindows: Error: [Callstack] 0x00007fffe163cbfb UE4Editor-testTP.dll!AImmerseStressTestActor::EnterPhase() [C:\Users\kapil\OneDrive\Documents\Unreal Projects\testTP\Source\testTP\Private\ImmerseStressTestActor.cpp:432]
[2026.05.08-01.55.42:062][162]LogWindows: Error: [Callstack] 0x00007fffe163fe07 UE4Editor-testTP.dll!AImmerseStressTestActor::RunPlan() [C:\Users\kapil\OneDrive\Documents\Unreal Projects\testTP\Source\testTP\Private\ImmerseStressTestActor.cpp:392]
[2026.05.08-01.55.42:062][162]LogWindows: Error: [Callstack] 0x00007ff801a592e0 UE4Editor-Engine.dll!UnknownFunction []
[2026.05.08-01.55.42:062][162]LogWindows: Error: [Callstack] 0x00007ff801a87de9 UE4Editor-Engine.dll!UnknownFunction []
[2026.05.08-01.55.42:062][162]LogWindows: Error: [Callstack] 0x00007ff80116f97d UE4Editor-Engine.dll!UnknownFunction []
[2026.05.08-01.55.42:062][162]LogWindows: Error: [Callstack] 0x00007ff800f3f56c UE4Editor-Engine.dll!UnknownFunction []
[2026.05.08-01.55.42:062][162]LogWindows: Error: [Callstack] 0x00007ff6193187a0 UE4Editor.exe!UnknownFunction []
[2026.05.08-01.55.42:062][162]LogWindows: Error: [Callstack] 0x00007ff619330fcc UE4Editor.exe!UnknownFunction []
[2026.05.08-01.55.42:062][162]LogWindows: Error: [Callstack] 0x00007ff6193310ba UE4Editor.exe!UnknownFunction []
[2026.05.08-01.55.42:062][162]LogWindows: Error: [Callstack] 0x00007ff6193340dd UE4Editor.exe!UnknownFunction []
[2026.05.08-01.55.42:062][162]LogWindows: Error: [Callstack] 0x00007ff619345984 UE4Editor.exe!UnknownFunction []
[2026.05.08-01.55.42:062][162]LogWindows: Error: [Callstack] 0x00007ff61934853a UE4Editor.exe!UnknownFunction []
[2026.05.08-01.55.42:062][162]LogWindows: Error: [Callstack] 0x00007ff90b36e8d7 KERNEL32.DLL!UnknownFunction []
[2026.05.08-01.55.42:062][162]LogWindows: Error: [Callstack] 0x00007ff90caac3fc ntdll.dll!UnknownFunction []
[2026.05.08-01.55.42:062][162]LogWindows: Error: 
[2026.05.08-01.55.42:071][162]LogExit: Executing StaticShutdownAfterError
[2026.05.08-01.55.42:073][162]LogWindows: FPlatformMisc::RequestExit(1)
[2026.05.08-01.55.42:073][162]LogWindows: FPlatformMisc::RequestExitWithStatus(1, 3)
[2026.05.08-01.55.42:073][162]LogCore: Engine exit requested (reason: Win RequestExit)
[2026.05.08-01.55.42:081][162]Log file closed, 05/07/26 18:55:42
