Log file open, 05/13/26 06:29:27
LogWindows: Failed to load 'aqProf.dll' (GetLastError=126)
LogWindows: File 'aqProf.dll' does not exist
LogWindows: Failed to load 'VtuneApi.dll' (GetLastError=126)
LogWindows: File 'VtuneApi.dll' does not exist
LogWindows: Failed to load 'VtuneApi32e.dll' (GetLastError=126)
LogWindows: File 'VtuneApi32e.dll' does not exist
LogConsoleResponse: Display: Failed to find resolution value strings in scalability ini. Falling back to default.
LogConsoleResponse: Display: Failed to find resolution value strings in scalability ini. Falling back to default.
LogInit: Display: Running engine for game: testTP
LogPlatformFile: Not using cached read wrapper
LogTaskGraph: Started task graph with 5 named threads and 59 total threads with 3 sets of task threads.
LogStats: Stats thread started at 0.211933
LogICUInternationalization: ICU TimeZone Detection - Raw Offset: -8:00, Platform Override: ''
LogInit: Display: Loading text-based GConfig....
LogPluginManager: Mounting plugin MeshPainting
LogPluginManager: Mounting plugin XGEController
LogPluginManager: Mounting plugin Paper2D
LogPluginManager: Mounting plugin LiveLink
LogPluginManager: Mounting plugin CameraShakePreviewer
LogPluginManager: Mounting plugin GameplayCameras
LogPluginManager: Mounting plugin EnvironmentQueryEditor
LogPluginManager: Mounting plugin LightPropagationVolume
LogPluginManager: Mounting plugin AISupport
LogPluginManager: Mounting plugin OodleData
LogPluginManager: Mounting plugin OodleNetwork
LogPluginManager: Mounting plugin DatasmithContent
LogPluginManager: Mounting plugin CLionSourceCodeAccess
LogPluginManager: Mounting plugin AnimationSharing
LogPluginManager: Mounting plugin NullSourceCodeAccess
LogPluginManager: Mounting plugin GitSourceControl
LogPluginManager: Mounting plugin CodeLiteSourceCodeAccess
LogPluginManager: Mounting plugin VariantManagerContent
LogPluginManager: Mounting plugin KDevelopSourceCodeAccess
LogPluginManager: Mounting plugin PerforceSourceControl
LogPluginManager: Mounting plugin PlasticSourceControl
LogPluginManager: Mounting plugin PropertyAccessNode
LogPluginManager: Mounting plugin RiderSourceCodeAccess
LogPluginManager: Mounting plugin AssetManagerEditor
LogPluginManager: Mounting plugin PixWinPlugin
LogPluginManager: Mounting plugin PluginUtils
LogPluginManager: Mounting plugin UObjectPlugin
LogPluginManager: Mounting plugin TextureFormatOodle
LogPluginManager: Mounting plugin SubversionSourceControl
LogPluginManager: Mounting plugin FacialAnimation
LogPluginManager: Mounting plugin DataValidation
LogPluginManager: Mounting plugin CurveEditorTools
LogPluginManager: Mounting plugin GameplayTagsEditor
LogPluginManager: Mounting plugin MacGraphicsSwitching
LogPluginManager: Mounting plugin CryptoKeys
LogPluginManager: Mounting plugin MaterialAnalyzer
LogPluginManager: Mounting plugin VisualStudioSourceCodeAccess
LogPluginManager: Mounting plugin PluginBrowser
LogPluginManager: Mounting plugin VisualStudioCodeSourceCodeAccess
LogPluginManager: Mounting plugin MobileLauncherProfileWizard
LogPluginManager: Mounting plugin SpeedTreeImporter
LogPluginManager: Mounting plugin XCodeSourceCodeAccess
LogPluginManager: Mounting plugin Niagara
LogPluginManager: Mounting plugin GeometryMode
LogPluginManager: Mounting plugin ChaosSolverPlugin
LogPluginManager: Mounting plugin ChaosNiagara
LogPluginManager: Mounting plugin ChaosClothEditor
LogPluginManager: Mounting plugin AutomationUtils
LogPluginManager: Mounting plugin ChaosEditor
LogPluginManager: Mounting plugin ChaosCloth
LogPluginManager: Mounting plugin CharacterAI
LogPluginManager: Mounting plugin BackChannel
LogPluginManager: Mounting plugin AlembicImporter
LogPluginManager: Mounting plugin LuminPlatformFeatures
LogPluginManager: Mounting plugin MagicLeap
LogPluginManager: Mounting plugin MagicLeapMedia
LogPluginManager: Mounting plugin MagicLeapLightEstimation
LogPluginManager: Mounting plugin GeometryCache
LogPluginManager: Mounting plugin MagicLeapPassableWorld
LogPluginManager: Mounting plugin GeometryCollectionPlugin
LogPluginManager: Mounting plugin MLSDK
LogPluginManager: Mounting plugin GeometryProcessing
LogPluginManager: Mounting plugin PlanarCut
LogPluginManager: Mounting plugin PlatformCrypto
LogPluginManager: Mounting plugin ProxyLODPlugin
LogPluginManager: Mounting plugin PythonScriptPlugin
LogPluginManager: Mounting plugin OpenImageDenoise
LogPluginManager: Mounting plugin AndroidMedia
LogPluginManager: Mounting plugin MotoSynth
LogPluginManager: Mounting plugin AvfMedia
LogPluginManager: Mounting plugin ImgMedia
LogPluginManager: Mounting plugin MediaCompositing
LogPluginManager: Mounting plugin WmfMedia
LogPluginManager: Mounting plugin MediaPlayerEditor
LogPluginManager: Mounting plugin WebMMedia
LogPluginManager: Mounting plugin SkeletalReduction
LogPluginManager: Mounting plugin UdpMessaging
LogPluginManager: Mounting plugin TcpMessaging
LogPluginManager: Mounting plugin ActorSequence
LogPluginManager: Mounting plugin LevelSequenceEditor
LogPluginManager: Mounting plugin MatineeToLevelSequence
LogPluginManager: Mounting plugin TemplateSequence
LogPluginManager: Mounting plugin OnlineSubsystemNull
LogPluginManager: Mounting plugin OnlineSubsystem
LogPluginManager: Mounting plugin ActorLayerUtilities
LogPluginManager: Mounting plugin LauncherChunkInstaller
LogPluginManager: Mounting plugin OnlineSubsystemUtils
LogPluginManager: Mounting plugin AndroidDeviceProfileSelector
LogPluginManager: Mounting plugin AppleMoviePlayer
LogPluginManager: Mounting plugin AndroidMoviePlayer
LogPluginManager: Mounting plugin ArchVisCharacter
LogPluginManager: Mounting plugin AndroidPermission
LogPluginManager: Mounting plugin AppleImageUtils
LogPluginManager: Mounting plugin AudioCapture
LogPluginManager: Mounting plugin AudioSynesthesia
LogPluginManager: Mounting plugin AssetTags
LogPluginManager: Mounting plugin CableComponent
LogPluginManager: Mounting plugin ChunkDownloader
LogPluginManager: Mounting plugin CustomMeshComponent
LogPluginManager: Mounting plugin ExampleDeviceProfileSelector
LogPluginManager: Mounting plugin EditableMesh
LogPluginManager: Mounting plugin GooglePAD
LogPluginManager: Mounting plugin GoogleCloudMessaging
LogPluginManager: Mounting plugin LocationServicesBPLibrary
LogPluginManager: Mounting plugin LinuxDeviceProfileSelector
LogPluginManager: Mounting plugin IOSDeviceProfileSelector
LogPluginManager: Mounting plugin MobilePatchingUtils
LogPluginManager: Mounting plugin OpenXRHandTracking
LogPluginManager: Mounting plugin OpenXR
LogPluginManager: Mounting plugin OpenXREyeTracker
LogPluginManager: Mounting plugin PhysXVehicles
LogPluginManager: Mounting plugin ProceduralMeshComponent
LogPluginManager: Mounting plugin PostSplashScreen
LogPluginManager: Mounting plugin RuntimePhysXCooking
LogPluginManager: Mounting plugin SoundFields
LogPluginManager: Mounting plugin PropertyAccessEditor
LogPluginManager: Mounting plugin SignificanceManager
LogPluginManager: Mounting plugin Synthesis
LogPluginManager: Mounting plugin WindowsMoviePlayer
LogPluginManager: Mounting plugin WebMMoviePlayer
LogPluginManager: Mounting plugin ScreenshotTools
LogPluginManager: Mounting plugin Takes
LogPluginManager: Mounting plugin ContentBrowserAssetDataSource
LogPluginManager: Mounting plugin ContentBrowserClassDataSource
LogPluginManager: Mounting plugin ContentBrowserFileDataSource
LogPluginManager: Mounting plugin OnlineSubsystemGooglePlay
LogPluginManager: Mounting plugin OnlineSubsystemIOS
LogPluginManager: Mounting plugin OculusVR
LogPluginManager: Mounting plugin SteamVR
LogPluginManager: Mounting plugin Wwise
PixWinPlugin: PIX capture plugin failed to initialize! Check that the process is launched from PIX.
LogInit: Using libcurl 7.55.1-DEV
LogInit:  - built for x86_64-pc-win32
LogInit:  - supports SSL with OpenSSL/1.1.1
LogInit:  - supports HTTP deflate (compression) using libz 1.2.8
LogInit:  - other features:
LogInit:      CURL_VERSION_SSL
LogInit:      CURL_VERSION_LIBZ
LogInit:      CURL_VERSION_IPV6
LogInit:      CURL_VERSION_ASYNCHDNS
LogInit:      CURL_VERSION_LARGEFILE
LogInit:      CURL_VERSION_IDN
LogInit:  CurlRequestOptions (configurable via config and command line):
LogInit:  - bVerifyPeer = true  - Libcurl will verify peer certificate
LogInit:  - bUseHttpProxy = false  - Libcurl will NOT use HTTP proxy
LogInit:  - bDontReuseConnections = false  - Libcurl will reuse connections
LogInit:  - MaxHostConnections = 16  - Libcurl will limit the number of connections to a host
LogInit:  - LocalHostAddr = Default
LogInit:  - BufferSize = 65536
LogOnline: OSS: Creating online subsystem instance for: NULL
LogInit: WinSock: version 1.1 (2.2), MaxSocks=32767, MaxUdp=65467
LogOnline: OSS: TryLoadSubsystemAndSetDefault: Loaded subsystem for module [NULL]
LogOculusPluginWrapper: OculusPlugin initialized successfully
LogHMD: Failed initializing OVRPlugin 1.59.0
LogInit: Build: ++UE4+Release-4.27-CL-18319896
LogInit: Engine Version: 4.27.2-18319896+++UE4+Release-4.27
LogInit: Compatible Engine Version: 4.27.0-17155196+++UE4+Release-4.27
LogInit: Net CL: 17155196
LogInit: OS: Windows 10 (Release 2009) (), CPU: 13th Gen Intel(R) Core(TM) i7-13650HX, GPU: Intel(R) UHD Graphics
LogInit: Compiled (64-bit): Nov 30 2021 07:12:08
LogInit: Compiled with Visual C++: 19.24.28315.00
LogInit: Build Configuration: Development
LogInit: Branch Name: ++UE4+Release-4.27
LogInit: Command Line:  /Game/ThirdPersonBP/Maps/ThirdPersonExampleMap -game -RenderOffscreen -unattended -nopause -NoSplash -abslog=C:\Users\kapil\AppData\Local\Temp\immerse_editor_20260513-062916.log
LogInit: Base Directory: C:/Program Files/Epic Games/UE_4.27/Engine/Binaries/Win64/
LogInit: Allocator: TBB
LogInit: Installed Engine Build: 1
LogDevObjectVersion: Number of dev versions registered: 29
LogDevObjectVersion:   Dev-Blueprints (B0D832E4-1F89-4F0D-ACCF-7EB736FD4AA2): 10
LogDevObjectVersion:   Dev-Build (E1C64328-A22C-4D53-A36C-8E866417BD8C): 0
LogDevObjectVersion:   Dev-Core (375EC13C-06E4-48FB-B500-84F0262A717E): 4
LogDevObjectVersion:   Dev-Editor (E4B068ED-F494-42E9-A231-DA0B2E46BB41): 40
LogDevObjectVersion:   Dev-Framework (CFFC743F-43B0-4480-9391-14DF171D2073): 37
LogDevObjectVersion:   Dev-Mobile (B02B49B5-BB20-44E9-A304-32B752E40360): 3
LogDevObjectVersion:   Dev-Networking (A4E4105C-59A1-49B5-A7C5-40C4547EDFEE): 0
LogDevObjectVersion:   Dev-Online (39C831C9-5AE6-47DC-9A44-9C173E1C8E7C): 0
LogDevObjectVersion:   Dev-Physics (78F01B33-EBEA-4F98-B9B4-84EACCB95AA2): 14
LogDevObjectVersion:   Dev-Platform (6631380F-2D4D-43E0-8009-CF276956A95A): 0
LogDevObjectVersion:   Dev-Rendering (12F88B9F-8875-4AFC-A67C-D90C383ABD29): 45
LogDevObjectVersion:   Dev-Sequencer (7B5AE74C-D270-4C10-A958-57980B212A5A): 13
LogDevObjectVersion:   Dev-VR (D7296918-1DD6-4BDD-9DE2-64A83CC13884): 3
LogDevObjectVersion:   Dev-LoadTimes (C2A15278-BFE7-4AFE-6C17-90FF531DF755): 1
LogDevObjectVersion:   Private-Geometry (6EACA3D4-40EC-4CC1-B786-8BED09428FC5): 3
LogDevObjectVersion:   Dev-AnimPhys (29E575DD-E0A3-4627-9D10-D276232CDCEA): 17
LogDevObjectVersion:   Dev-Anim (AF43A65D-7FD3-4947-9873-3E8ED9C1BB05): 15
LogDevObjectVersion:   Dev-ReflectionCapture (6B266CEC-1EC7-4B8F-A30B-E4D90942FC07): 1
LogDevObjectVersion:   Dev-Automation (0DF73D61-A23F-47EA-B727-89E90C41499A): 1
LogDevObjectVersion:   FortniteMain (601D1886-AC64-4F84-AA16-D3DE0DEAC7D6): 47
LogDevObjectVersion:   FortniteRelease (E7086368-6B23-4C58-8439-1B7016265E91): 1
LogDevObjectVersion:   Dev-Enterprise (9DFFBCD6-494F-0158-E221-12823C92A888): 10
LogDevObjectVersion:   Dev-Niagara (F2AED0AC-9AFE-416F-8664-AA7FFA26D6FC): 1
LogDevObjectVersion:   Dev-Destruction (174F1F0B-B4C6-45A5-B13F-2EE8D0FB917D): 10
LogDevObjectVersion:   Dev-Physics-Ext (35F94A83-E258-406C-A318-09F59610247C): 41
LogDevObjectVersion:   Dev-PhysicsMaterial-Chaos (B68FC16E-8B1B-42E2-B453-215C058844FE): 1
LogDevObjectVersion:   Dev-CineCamera (B2E18506-4273-CFC2-A54E-F4BB758BBA07): 1
LogDevObjectVersion:   Dev-VirtualProduction (64F58936-FD1B-42BA-BA96-7289D5D0FA4E): 1
LogDevObjectVersion:   Dev-MediaFramework (6F0ED827-A609-4895-9C91-998D90180EA4): 2
LogInit: Presizing for max 25165824 objects, including 0 objects not considered by GC, pre-allocating 0 bytes for permanent pool.
LogConfig: Applying CVar settings from Section [/Script/Engine.StreamingSettings] File [C:/Users/kapil/OneDrive/Documents/Unreal Projects/testTP/Saved/Config/Windows/Engine.ini]
LogConfig: Setting CVar [[s.MinBulkDataSizeForAsyncLoading:131072]]
LogConfig: Setting CVar [[s.AsyncLoadingThreadEnabled:0]]
LogConfig: Setting CVar [[s.EventDrivenLoaderEnabled:1]]
LogConfig: Setting CVar [[s.WarnIfTimeLimitExceeded:0]]
LogConfig: Setting CVar [[s.TimeLimitExceededMultiplier:1.5]]
LogConfig: Setting CVar [[s.TimeLimitExceededMinTime:0.005]]
LogConfig: Setting CVar [[s.UseBackgroundLevelStreaming:1]]
LogConfig: Setting CVar [[s.PriorityAsyncLoadingExtraTime:15.0]]
LogConfig: Setting CVar [[s.LevelStreamingActorsUpdateTimeLimit:5.0]]
LogConfig: Setting CVar [[s.PriorityLevelStreamingActorsUpdateExtraTime:5.0]]
LogConfig: Setting CVar [[s.LevelStreamingComponentsRegistrationGranularity:10]]
LogConfig: Setting CVar [[s.UnregisterComponentsTimeLimit:1.0]]
LogConfig: Setting CVar [[s.LevelStreamingComponentsUnregistrationGranularity:5]]
LogConfig: Setting CVar [[s.FlushStreamingOnExit:1]]
LogInit: Object subsystem initialized
LogConfig: Setting CVar [[con.DebugEarlyDefault:1]]
LogConfig: Setting CVar [[r.setres:1280x720]]
[2026.05.13-13.29.27:852][  0]LogConfig: Setting CVar [[con.DebugEarlyDefault:1]]
[2026.05.13-13.29.27:852][  0]LogConfig: Setting CVar [[r.setres:1280x720]]
[2026.05.13-13.29.27:852][  0]LogConfig: Applying CVar settings from Section [/Script/Engine.RendererSettings] File [C:/Users/kapil/OneDrive/Documents/Unreal Projects/testTP/Saved/Config/Windows/Engine.ini]
[2026.05.13-13.29.27:852][  0]LogConfig: Setting CVar [[r.GPUCrashDebugging:0]]
[2026.05.13-13.29.27:852][  0]LogConfig: Applying CVar settings from Section [/Script/Engine.RendererOverrideSettings] File [C:/Users/kapil/OneDrive/Documents/Unreal Projects/testTP/Saved/Config/Windows/Engine.ini]
[2026.05.13-13.29.27:852][  0]LogConfig: Applying CVar settings from Section [/Script/Engine.StreamingSettings] File [C:/Users/kapil/OneDrive/Documents/Unreal Projects/testTP/Saved/Config/Windows/Engine.ini]
[2026.05.13-13.29.27:852][  0]LogConfig: Setting CVar [[s.MinBulkDataSizeForAsyncLoading:131072]]
[2026.05.13-13.29.27:852][  0]LogConfig: Setting CVar [[s.AsyncLoadingThreadEnabled:0]]
[2026.05.13-13.29.27:852][  0]LogConfig: Setting CVar [[s.EventDrivenLoaderEnabled:1]]
[2026.05.13-13.29.27:852][  0]LogConfig: Setting CVar [[s.WarnIfTimeLimitExceeded:0]]
[2026.05.13-13.29.27:852][  0]LogConfig: Setting CVar [[s.TimeLimitExceededMultiplier:1.5]]
[2026.05.13-13.29.27:852][  0]LogConfig: Setting CVar [[s.TimeLimitExceededMinTime:0.005]]
[2026.05.13-13.29.27:852][  0]LogConfig: Setting CVar [[s.UseBackgroundLevelStreaming:1]]
[2026.05.13-13.29.27:852][  0]LogConfig: Setting CVar [[s.PriorityAsyncLoadingExtraTime:15.0]]
[2026.05.13-13.29.27:853][  0]LogConfig: Setting CVar [[s.LevelStreamingActorsUpdateTimeLimit:5.0]]
[2026.05.13-13.29.27:853][  0]LogConfig: Setting CVar [[s.PriorityLevelStreamingActorsUpdateExtraTime:5.0]]
[2026.05.13-13.29.27:853][  0]LogConfig: Setting CVar [[s.LevelStreamingComponentsRegistrationGranularity:10]]
[2026.05.13-13.29.27:853][  0]LogConfig: Setting CVar [[s.UnregisterComponentsTimeLimit:1.0]]
[2026.05.13-13.29.27:854][  0]LogConfig: Setting CVar [[s.LevelStreamingComponentsUnregistrationGranularity:5]]
[2026.05.13-13.29.27:854][  0]LogConfig: Setting CVar [[s.FlushStreamingOnExit:1]]
[2026.05.13-13.29.27:854][  0]LogConfig: Applying CVar settings from Section [/Script/Engine.GarbageCollectionSettings] File [C:/Users/kapil/OneDrive/Documents/Unreal Projects/testTP/Saved/Config/Windows/Engine.ini]
[2026.05.13-13.29.27:854][  0]LogConfig: Setting CVar [[gc.MaxObjectsNotConsideredByGC:1]]
[2026.05.13-13.29.27:854][  0]LogConfig: Setting CVar [[gc.SizeOfPermanentObjectPool:0]]
[2026.05.13-13.29.27:854][  0]LogConfig: Setting CVar [[gc.FlushStreamingOnGC:0]]
[2026.05.13-13.29.27:854][  0]LogConfig: Setting CVar [[gc.NumRetriesBeforeForcingGC:10]]
[2026.05.13-13.29.27:854][  0]LogConfig: Setting CVar [[gc.AllowParallelGC:1]]
[2026.05.13-13.29.27:854][  0]LogConfig: Setting CVar [[gc.TimeBetweenPurgingPendingKillObjects:61.1]]
[2026.05.13-13.29.27:854][  0]LogConfig: Setting CVar [[gc.MaxObjectsInEditor:25165824]]
[2026.05.13-13.29.27:854][  0]LogConfig: Setting CVar [[gc.IncrementalBeginDestroyEnabled:1]]
[2026.05.13-13.29.27:854][  0]LogConfig: Setting CVar [[gc.CreateGCClusters:1]]
[2026.05.13-13.29.27:854][  0]LogConfig: Setting CVar [[gc.MinGCClusterSize:5]]
[2026.05.13-13.29.27:854][  0]LogConfig: Setting CVar [[gc.ActorClusteringEnabled:0]]
[2026.05.13-13.29.27:854][  0]LogConfig: Setting CVar [[gc.BlueprintClusteringEnabled:0]]
[2026.05.13-13.29.27:854][  0]LogConfig: Setting CVar [[gc.UseDisregardForGCOnDedicatedServers:0]]
[2026.05.13-13.29.27:855][  0]LogConfig: Setting CVar [[gc.MultithreadedDestructionEnabled:1]]
[2026.05.13-13.29.27:855][  0]LogConfig: Applying CVar settings from Section [/Script/Engine.NetworkSettings] File [C:/Users/kapil/OneDrive/Documents/Unreal Projects/testTP/Saved/Config/Windows/Engine.ini]
[2026.05.13-13.29.27:855][  0]LogConfig: Applying CVar settings from Section [/Script/UnrealEd.CookerSettings] File [C:/Users/kapil/OneDrive/Documents/Unreal Projects/testTP/Saved/Config/Windows/Engine.ini]
[2026.05.13-13.29.27:859][  0]LogConfig: Applying CVar settings from Section [ViewDistanceQuality@3] File [C:/Users/kapil/OneDrive/Documents/Unreal Projects/testTP/Saved/Config/Windows/Scalability.ini]
[2026.05.13-13.29.27:859][  0]LogConfig: Setting CVar [[r.SkeletalMeshLODBias:0]]
[2026.05.13-13.29.27:859][  0]LogConfig: Setting CVar [[r.ViewDistanceScale:1.0]]
[2026.05.13-13.29.27:859][  0]LogConfig: Applying CVar settings from Section [AntiAliasingQuality@3] File [C:/Users/kapil/OneDrive/Documents/Unreal Projects/testTP/Saved/Config/Windows/Scalability.ini]
[2026.05.13-13.29.27:861][  0]LogConfig: Setting CVar [[r.PostProcessAAQuality:4]]
[2026.05.13-13.29.27:861][  0]LogConfig: Applying CVar settings from Section [ShadowQuality@3] File [C:/Users/kapil/OneDrive/Documents/Unreal Projects/testTP/Saved/Config/Windows/Scalability.ini]
[2026.05.13-13.29.27:861][  0]LogConfig: Setting CVar [[r.LightFunctionQuality:1]]
[2026.05.13-13.29.27:861][  0]LogConfig: Setting CVar [[r.ShadowQuality:5]]
[2026.05.13-13.29.27:861][  0]LogConfig: Setting CVar [[r.Shadow.CSM.MaxCascades:10]]
[2026.05.13-13.29.27:861][  0]LogConfig: Setting CVar [[r.Shadow.MaxResolution:2048]]
[2026.05.13-13.29.27:861][  0]LogConfig: Setting CVar [[r.Shadow.MaxCSMResolution:2048]]
[2026.05.13-13.29.27:862][  0]LogConfig: Setting CVar [[r.Shadow.RadiusThreshold:0.01]]
[2026.05.13-13.29.27:862][  0]LogConfig: Setting CVar [[r.Shadow.DistanceScale:1.0]]
[2026.05.13-13.29.27:862][  0]LogConfig: Setting CVar [[r.Shadow.CSM.TransitionScale:1.0]]
[2026.05.13-13.29.27:862][  0]LogConfig: Setting CVar [[r.Shadow.PreShadowResolutionFactor:1.0]]
[2026.05.13-13.29.27:862][  0]LogConfig: Setting CVar [[r.DistanceFieldShadowing:1]]
[2026.05.13-13.29.27:862][  0]LogConfig: Setting CVar [[r.DistanceFieldAO:1]]
[2026.05.13-13.29.27:863][  0]LogConfig: Setting CVar [[r.AOQuality:2]]
[2026.05.13-13.29.27:863][  0]LogConfig: Setting CVar [[r.VolumetricFog:1]]
[2026.05.13-13.29.27:863][  0]LogConfig: Setting CVar [[r.VolumetricFog.GridPixelSize:8]]
[2026.05.13-13.29.27:863][  0]LogConfig: Setting CVar [[r.VolumetricFog.GridSizeZ:128]]
[2026.05.13-13.29.27:863][  0]LogConfig: Setting CVar [[r.VolumetricFog.HistoryMissSupersampleCount:4]]
[2026.05.13-13.29.27:863][  0]LogConfig: Setting CVar [[r.LightMaxDrawDistanceScale:1]]
[2026.05.13-13.29.27:863][  0]LogConfig: Setting CVar [[r.CapsuleShadows:1]]
[2026.05.13-13.29.27:863][  0]LogConfig: Applying CVar settings from Section [PostProcessQuality@3] File [C:/Users/kapil/OneDrive/Documents/Unreal Projects/testTP/Saved/Config/Windows/Scalability.ini]
[2026.05.13-13.29.27:863][  0]LogConfig: Setting CVar [[r.MotionBlurQuality:4]]
[2026.05.13-13.29.27:863][  0]LogConfig: Setting CVar [[r.AmbientOcclusionMipLevelFactor:0.4]]
[2026.05.13-13.29.27:863][  0]LogConfig: Setting CVar [[r.AmbientOcclusionMaxQuality:100]]
[2026.05.13-13.29.27:863][  0]LogConfig: Setting CVar [[r.AmbientOcclusionLevels:-1]]
[2026.05.13-13.29.27:863][  0]LogConfig: Setting CVar [[r.AmbientOcclusionRadiusScale:1.0]]
[2026.05.13-13.29.27:863][  0]LogConfig: Setting CVar [[r.DepthOfFieldQuality:2]]
[2026.05.13-13.29.27:863][  0]LogConfig: Setting CVar [[r.RenderTargetPoolMin:400]]
[2026.05.13-13.29.27:863][  0]LogConfig: Setting CVar [[r.LensFlareQuality:2]]
[2026.05.13-13.29.27:863][  0]LogConfig: Setting CVar [[r.SceneColorFringeQuality:1]]
[2026.05.13-13.29.27:863][  0]LogConfig: Setting CVar [[r.EyeAdaptationQuality:2]]
[2026.05.13-13.29.27:864][  0]LogConfig: Setting CVar [[r.BloomQuality:5]]
[2026.05.13-13.29.27:864][  0]LogConfig: Setting CVar [[r.FastBlurThreshold:100]]
[2026.05.13-13.29.27:864][  0]LogConfig: Setting CVar [[r.Upscale.Quality:3]]
[2026.05.13-13.29.27:864][  0]LogConfig: Setting CVar [[r.Tonemapper.GrainQuantization:1]]
[2026.05.13-13.29.27:864][  0]LogConfig: Setting CVar [[r.LightShaftQuality:1]]
[2026.05.13-13.29.27:864][  0]LogConfig: Setting CVar [[r.Filter.SizeScale:1]]
[2026.05.13-13.29.27:864][  0]LogConfig: Setting CVar [[r.Tonemapper.Quality:5]]
[2026.05.13-13.29.27:864][  0]LogConfig: Setting CVar [[r.DOF.Gather.AccumulatorQuality:1        ; higher gathering accumulator quality]]
[2026.05.13-13.29.27:864][  0]LogConfig: Setting CVar [[r.DOF.Gather.PostfilterMethod:1          ; Median3x3 postfilering method]]
[2026.05.13-13.29.27:864][  0]LogConfig: Setting CVar [[r.DOF.Gather.EnableBokehSettings:0       ; no bokeh simulation when gathering]]
[2026.05.13-13.29.27:864][  0]LogConfig: Setting CVar [[r.DOF.Gather.RingCount:4                 ; medium number of samples when gathering]]
[2026.05.13-13.29.27:864][  0]LogConfig: Setting CVar [[r.DOF.Scatter.ForegroundCompositing:1    ; additive foreground scattering]]
[2026.05.13-13.29.27:864][  0]LogConfig: Setting CVar [[r.DOF.Scatter.BackgroundCompositing:2    ; additive background scattering]]
[2026.05.13-13.29.27:864][  0]LogConfig: Setting CVar [[r.DOF.Scatter.EnableBokehSettings:1      ; bokeh simulation when scattering]]
[2026.05.13-13.29.27:864][  0]LogConfig: Setting CVar [[r.DOF.Scatter.MaxSpriteRatio:0.1         ; only a maximum of 10% of scattered bokeh]]
[2026.05.13-13.29.27:864][  0]LogConfig: Setting CVar [[r.DOF.Recombine.Quality:1                ; cheap slight out of focus]]
[2026.05.13-13.29.27:864][  0]LogConfig: Setting CVar [[r.DOF.Recombine.EnableBokehSettings:0    ; no bokeh simulation on slight out of focus]]
[2026.05.13-13.29.27:864][  0]LogConfig: Setting CVar [[r.DOF.TemporalAAQuality:1                ; more stable temporal accumulation]]
[2026.05.13-13.29.27:864][  0]LogConfig: Setting CVar [[r.DOF.Kernel.MaxForegroundRadius:0.025]]
[2026.05.13-13.29.27:864][  0]LogConfig: Setting CVar [[r.DOF.Kernel.MaxBackgroundRadius:0.025]]
[2026.05.13-13.29.27:865][  0]LogConfig: Applying CVar settings from Section [TextureQuality@3] File [C:/Users/kapil/OneDrive/Documents/Unreal Projects/testTP/Saved/Config/Windows/Scalability.ini]
[2026.05.13-13.29.27:865][  0]LogConfig: Setting CVar [[r.Streaming.MipBias:0]]
[2026.05.13-13.29.27:865][  0]LogConfig: Setting CVar [[r.Streaming.AmortizeCPUToGPUCopy:0]]
[2026.05.13-13.29.27:865][  0]LogConfig: Setting CVar [[r.Streaming.MaxNumTexturesToStreamPerFrame:0]]
[2026.05.13-13.29.27:865][  0]LogConfig: Setting CVar [[r.Streaming.Boost:1]]
[2026.05.13-13.29.27:865][  0]LogConfig: Setting CVar [[r.MaxAnisotropy:8]]
[2026.05.13-13.29.27:865][  0]LogConfig: Setting CVar [[r.VT.MaxAnisotropy:8]]
[2026.05.13-13.29.27:865][  0]LogConfig: Setting CVar [[r.Streaming.LimitPoolSizeToVRAM:0]]
[2026.05.13-13.29.27:865][  0]LogConfig: Setting CVar [[r.Streaming.PoolSize:1000]]
[2026.05.13-13.29.27:865][  0]LogConfig: Setting CVar [[r.Streaming.MaxEffectiveScreenSize:0]]
[2026.05.13-13.29.27:865][  0]LogConfig: Applying CVar settings from Section [EffectsQuality@3] File [C:/Users/kapil/OneDrive/Documents/Unreal Projects/testTP/Saved/Config/Windows/Scalability.ini]
[2026.05.13-13.29.27:866][  0]LogConfig: Setting CVar [[r.TranslucencyLightingVolumeDim:64]]
[2026.05.13-13.29.27:866][  0]LogConfig: Setting CVar [[r.RefractionQuality:2]]
[2026.05.13-13.29.27:866][  0]LogConfig: Setting CVar [[r.SSR.Quality:3]]
[2026.05.13-13.29.27:866][  0]LogConfig: Setting CVar [[r.SSR.HalfResSceneColor:0]]
[2026.05.13-13.29.27:866][  0]LogConfig: Setting CVar [[r.SceneColorFormat:4]]
[2026.05.13-13.29.27:866][  0]LogConfig: Setting CVar [[r.DetailMode:2]]
[2026.05.13-13.29.27:866][  0]LogConfig: Setting CVar [[r.TranslucencyVolumeBlur:1]]
[2026.05.13-13.29.27:866][  0]LogConfig: Setting CVar [[r.MaterialQualityLevel:1 ; High quality]]
[2026.05.13-13.29.27:866][  0]LogConfig: Setting CVar [[r.AnisotropicMaterials:1]]
[2026.05.13-13.29.27:866][  0]LogConfig: Setting CVar [[r.SSS.Scale:1]]
[2026.05.13-13.29.27:867][  0]LogConfig: Setting CVar [[r.SSS.SampleSet:2]]
[2026.05.13-13.29.27:867][  0]LogConfig: Setting CVar [[r.SSS.Quality:1]]
[2026.05.13-13.29.27:867][  0]LogConfig: Setting CVar [[r.SSS.HalfRes:0]]
[2026.05.13-13.29.27:868][  0]LogConfig: Setting CVar [[r.SSGI.Quality:3]]
[2026.05.13-13.29.27:868][  0]LogConfig: Setting CVar [[r.EmitterSpawnRateScale:1.0]]
[2026.05.13-13.29.27:868][  0]LogConfig: Setting CVar [[r.ParticleLightQuality:2]]
[2026.05.13-13.29.27:868][  0]LogConfig: Setting CVar [[r.SkyAtmosphere.AerialPerspectiveLUT.FastApplyOnOpaque:1 ; Always have FastSkyLUT 1 in this case to avoid wrong sky]]
[2026.05.13-13.29.27:868][  0]LogConfig: Setting CVar [[r.SkyAtmosphere.AerialPerspectiveLUT.SampleCountMaxPerSlice:4]]
[2026.05.13-13.29.27:868][  0]LogConfig: Setting CVar [[r.SkyAtmosphere.AerialPerspectiveLUT.DepthResolution:16.0]]
[2026.05.13-13.29.27:868][  0]LogConfig: Setting CVar [[r.SkyAtmosphere.FastSkyLUT:1]]
[2026.05.13-13.29.27:868][  0]LogConfig: Setting CVar [[r.SkyAtmosphere.FastSkyLUT.SampleCountMin:4.0]]
[2026.05.13-13.29.27:868][  0]LogConfig: Setting CVar [[r.SkyAtmosphere.FastSkyLUT.SampleCountMax:128.0]]
[2026.05.13-13.29.27:868][  0]LogConfig: Setting CVar [[r.SkyAtmosphere.SampleCountMin:4.0]]
[2026.05.13-13.29.27:868][  0]LogConfig: Setting CVar [[r.SkyAtmosphere.SampleCountMax:128.0]]
[2026.05.13-13.29.27:868][  0]LogConfig: Setting CVar [[r.SkyAtmosphere.TransmittanceLUT.UseSmallFormat:0]]
[2026.05.13-13.29.27:869][  0]LogConfig: Setting CVar [[r.SkyAtmosphere.TransmittanceLUT.SampleCount:10.0]]
[2026.05.13-13.29.27:869][  0]LogConfig: Setting CVar [[r.SkyAtmosphere.MultiScatteringLUT.SampleCount:15.0]]
[2026.05.13-13.29.27:869][  0]LogConfig: Setting CVar [[r.SkyLight.RealTimeReflectionCapture:1]]
[2026.05.13-13.29.27:869][  0]LogConfig: Applying CVar settings from Section [FoliageQuality@3] File [C:/Users/kapil/OneDrive/Documents/Unreal Projects/testTP/Saved/Config/Windows/Scalability.ini]
[2026.05.13-13.29.27:869][  0]LogConfig: Setting CVar [[foliage.DensityScale:1.0]]
[2026.05.13-13.29.27:869][  0]LogConfig: Setting CVar [[grass.DensityScale:1.0]]
[2026.05.13-13.29.27:869][  0]LogConfig: Applying CVar settings from Section [ShadingQuality@3] File [C:/Users/kapil/OneDrive/Documents/Unreal Projects/testTP/Saved/Config/Windows/Scalability.ini]
[2026.05.13-13.29.27:869][  0]LogConfig: Setting CVar [[r.HairStrands.SkyLighting.IntegrationType:2]]
[2026.05.13-13.29.27:869][  0]LogConfig: Setting CVar [[r.HairStrands.SkyAO.SampleCount:4]]
[2026.05.13-13.29.27:869][  0]LogConfig: Setting CVar [[r.HairStrands.Visibility.MSAA.SamplePerPixel:4]]
[2026.05.13-13.29.27:869][  0]LogInit: Selected Device Profile: [Windows]
[2026.05.13-13.29.27:871][  0]LogInit: Applying CVar settings loaded from the selected device profile: [Windows]
[2026.05.13-13.29.27:871][  0]LogHAL: Display: Platform has ~ 16 GB [16849256448 / 17179869184 / 16], which maps to Larger [LargestMinGB=32, LargerMinGB=12, DefaultMinGB=8, SmallerMinGB=6, SmallestMinGB=0)
[2026.05.13-13.29.27:871][  0]LogInit: Going up to parent DeviceProfile []
[2026.05.13-13.29.27:871][  0]LogConfig: Applying CVar settings from Section [ViewDistanceQuality@3] File [C:/Users/kapil/OneDrive/Documents/Unreal Projects/testTP/Saved/Config/Windows/Scalability.ini]
[2026.05.13-13.29.27:871][  0]LogConfig: Setting CVar [[r.SkeletalMeshLODBias:0]]
[2026.05.13-13.29.27:872][  0]LogConfig: Setting CVar [[r.ViewDistanceScale:1.0]]
[2026.05.13-13.29.27:872][  0]LogConfig: Applying CVar settings from Section [AntiAliasingQuality@3] File [C:/Users/kapil/OneDrive/Documents/Unreal Projects/testTP/Saved/Config/Windows/Scalability.ini]
[2026.05.13-13.29.27:872][  0]LogConfig: Setting CVar [[r.PostProcessAAQuality:4]]
[2026.05.13-13.29.27:872][  0]LogConfig: Applying CVar settings from Section [ShadowQuality@3] File [C:/Users/kapil/OneDrive/Documents/Unreal Projects/testTP/Saved/Config/Windows/Scalability.ini]
[2026.05.13-13.29.27:872][  0]LogConfig: Setting CVar [[r.LightFunctionQuality:1]]
[2026.05.13-13.29.27:872][  0]LogConfig: Setting CVar [[r.ShadowQuality:5]]
[2026.05.13-13.29.27:872][  0]LogConfig: Setting CVar [[r.Shadow.CSM.MaxCascades:10]]
[2026.05.13-13.29.27:872][  0]LogConfig: Setting CVar [[r.Shadow.MaxResolution:2048]]
[2026.05.13-13.29.27:872][  0]LogConfig: Setting CVar [[r.Shadow.MaxCSMResolution:2048]]
[2026.05.13-13.29.27:872][  0]LogConfig: Setting CVar [[r.Shadow.RadiusThreshold:0.01]]
[2026.05.13-13.29.27:872][  0]LogConfig: Setting CVar [[r.Shadow.DistanceScale:1.0]]
[2026.05.13-13.29.27:872][  0]LogConfig: Setting CVar [[r.Shadow.CSM.TransitionScale:1.0]]
[2026.05.13-13.29.27:872][  0]LogConfig: Setting CVar [[r.Shadow.PreShadowResolutionFactor:1.0]]
[2026.05.13-13.29.27:872][  0]LogConfig: Setting CVar [[r.DistanceFieldShadowing:1]]
[2026.05.13-13.29.27:872][  0]LogConfig: Setting CVar [[r.DistanceFieldAO:1]]
[2026.05.13-13.29.27:872][  0]LogConfig: Setting CVar [[r.AOQuality:2]]
[2026.05.13-13.29.27:873][  0]LogConfig: Setting CVar [[r.VolumetricFog:1]]
[2026.05.13-13.29.27:873][  0]LogConfig: Setting CVar [[r.VolumetricFog.GridPixelSize:8]]
[2026.05.13-13.29.27:873][  0]LogConfig: Setting CVar [[r.VolumetricFog.GridSizeZ:128]]
[2026.05.13-13.29.27:873][  0]LogConfig: Setting CVar [[r.VolumetricFog.HistoryMissSupersampleCount:4]]
[2026.05.13-13.29.27:873][  0]LogConfig: Setting CVar [[r.LightMaxDrawDistanceScale:1]]
[2026.05.13-13.29.27:873][  0]LogConfig: Setting CVar [[r.CapsuleShadows:1]]
[2026.05.13-13.29.27:873][  0]LogConfig: Applying CVar settings from Section [PostProcessQuality@3] File [C:/Users/kapil/OneDrive/Documents/Unreal Projects/testTP/Saved/Config/Windows/Scalability.ini]
[2026.05.13-13.29.27:873][  0]LogConfig: Setting CVar [[r.MotionBlurQuality:4]]
[2026.05.13-13.29.27:873][  0]LogConfig: Setting CVar [[r.AmbientOcclusionMipLevelFactor:0.4]]
[2026.05.13-13.29.27:873][  0]LogConfig: Setting CVar [[r.AmbientOcclusionMaxQuality:100]]
[2026.05.13-13.29.27:873][  0]LogConfig: Setting CVar [[r.AmbientOcclusionLevels:-1]]
[2026.05.13-13.29.27:873][  0]LogConfig: Setting CVar [[r.AmbientOcclusionRadiusScale:1.0]]
[2026.05.13-13.29.27:873][  0]LogConfig: Setting CVar [[r.DepthOfFieldQuality:2]]
[2026.05.13-13.29.27:873][  0]LogConfig: Setting CVar [[r.RenderTargetPoolMin:400]]
[2026.05.13-13.29.27:873][  0]LogConfig: Setting CVar [[r.LensFlareQuality:2]]
[2026.05.13-13.29.27:873][  0]LogConfig: Setting CVar [[r.SceneColorFringeQuality:1]]
[2026.05.13-13.29.27:873][  0]LogConfig: Setting CVar [[r.EyeAdaptationQuality:2]]
[2026.05.13-13.29.27:874][  0]LogConfig: Setting CVar [[r.BloomQuality:5]]
[2026.05.13-13.29.27:874][  0]LogConfig: Setting CVar [[r.FastBlurThreshold:100]]
[2026.05.13-13.29.27:874][  0]LogConfig: Setting CVar [[r.Upscale.Quality:3]]
[2026.05.13-13.29.27:874][  0]LogConfig: Setting CVar [[r.Tonemapper.GrainQuantization:1]]
[2026.05.13-13.29.27:874][  0]LogConfig: Setting CVar [[r.LightShaftQuality:1]]
[2026.05.13-13.29.27:874][  0]LogConfig: Setting CVar [[r.Filter.SizeScale:1]]
[2026.05.13-13.29.27:874][  0]LogConfig: Setting CVar [[r.Tonemapper.Quality:5]]
[2026.05.13-13.29.27:874][  0]LogConfig: Setting CVar [[r.DOF.Gather.AccumulatorQuality:1        ; higher gathering accumulator quality]]
[2026.05.13-13.29.27:874][  0]LogConfig: Setting CVar [[r.DOF.Gather.PostfilterMethod:1          ; Median3x3 postfilering method]]
[2026.05.13-13.29.27:874][  0]LogConfig: Setting CVar [[r.DOF.Gather.EnableBokehSettings:0       ; no bokeh simulation when gathering]]
[2026.05.13-13.29.27:874][  0]LogConfig: Setting CVar [[r.DOF.Gather.RingCount:4                 ; medium number of samples when gathering]]
[2026.05.13-13.29.27:874][  0]LogConfig: Setting CVar [[r.DOF.Scatter.ForegroundCompositing:1    ; additive foreground scattering]]
[2026.05.13-13.29.27:874][  0]LogConfig: Setting CVar [[r.DOF.Scatter.BackgroundCompositing:2    ; additive background scattering]]
[2026.05.13-13.29.27:874][  0]LogConfig: Setting CVar [[r.DOF.Scatter.EnableBokehSettings:1      ; bokeh simulation when scattering]]
[2026.05.13-13.29.27:874][  0]LogConfig: Setting CVar [[r.DOF.Scatter.MaxSpriteRatio:0.1         ; only a maximum of 10% of scattered bokeh]]
[2026.05.13-13.29.27:874][  0]LogConfig: Setting CVar [[r.DOF.Recombine.Quality:1                ; cheap slight out of focus]]
[2026.05.13-13.29.27:874][  0]LogConfig: Setting CVar [[r.DOF.Recombine.EnableBokehSettings:0    ; no bokeh simulation on slight out of focus]]
[2026.05.13-13.29.27:874][  0]LogConfig: Setting CVar [[r.DOF.TemporalAAQuality:1                ; more stable temporal accumulation]]
[2026.05.13-13.29.27:874][  0]LogConfig: Setting CVar [[r.DOF.Kernel.MaxForegroundRadius:0.025]]
[2026.05.13-13.29.27:874][  0]LogConfig: Setting CVar [[r.DOF.Kernel.MaxBackgroundRadius:0.025]]
[2026.05.13-13.29.27:874][  0]LogConfig: Applying CVar settings from Section [TextureQuality@3] File [C:/Users/kapil/OneDrive/Documents/Unreal Projects/testTP/Saved/Config/Windows/Scalability.ini]
[2026.05.13-13.29.27:874][  0]LogConfig: Setting CVar [[r.Streaming.MipBias:0]]
[2026.05.13-13.29.27:874][  0]LogConfig: Setting CVar [[r.Streaming.AmortizeCPUToGPUCopy:0]]
[2026.05.13-13.29.27:874][  0]LogConfig: Setting CVar [[r.Streaming.MaxNumTexturesToStreamPerFrame:0]]
[2026.05.13-13.29.27:874][  0]LogConfig: Setting CVar [[r.Streaming.Boost:1]]
[2026.05.13-13.29.27:874][  0]LogConfig: Setting CVar [[r.MaxAnisotropy:8]]
[2026.05.13-13.29.27:874][  0]LogConfig: Setting CVar [[r.VT.MaxAnisotropy:8]]
[2026.05.13-13.29.27:874][  0]LogConfig: Setting CVar [[r.Streaming.LimitPoolSizeToVRAM:0]]
[2026.05.13-13.29.27:874][  0]LogConfig: Setting CVar [[r.Streaming.PoolSize:1000]]
[2026.05.13-13.29.27:874][  0]LogConfig: Setting CVar [[r.Streaming.MaxEffectiveScreenSize:0]]
[2026.05.13-13.29.27:875][  0]LogConfig: Applying CVar settings from Section [EffectsQuality@3] File [C:/Users/kapil/OneDrive/Documents/Unreal Projects/testTP/Saved/Config/Windows/Scalability.ini]
[2026.05.13-13.29.27:875][  0]LogConfig: Setting CVar [[r.TranslucencyLightingVolumeDim:64]]
[2026.05.13-13.29.27:875][  0]LogConfig: Setting CVar [[r.RefractionQuality:2]]
[2026.05.13-13.29.27:875][  0]LogConfig: Setting CVar [[r.SSR.Quality:3]]
[2026.05.13-13.29.27:875][  0]LogConfig: Setting CVar [[r.SSR.HalfResSceneColor:0]]
[2026.05.13-13.29.27:875][  0]LogConfig: Setting CVar [[r.SceneColorFormat:4]]
[2026.05.13-13.29.27:875][  0]LogConfig: Setting CVar [[r.DetailMode:2]]
[2026.05.13-13.29.27:875][  0]LogConfig: Setting CVar [[r.TranslucencyVolumeBlur:1]]
[2026.05.13-13.29.27:875][  0]LogConfig: Setting CVar [[r.MaterialQualityLevel:1 ; High quality]]
[2026.05.13-13.29.27:875][  0]LogConfig: Setting CVar [[r.AnisotropicMaterials:1]]
[2026.05.13-13.29.27:875][  0]LogConfig: Setting CVar [[r.SSS.Scale:1]]
[2026.05.13-13.29.27:875][  0]LogConfig: Setting CVar [[r.SSS.SampleSet:2]]
[2026.05.13-13.29.27:875][  0]LogConfig: Setting CVar [[r.SSS.Quality:1]]
[2026.05.13-13.29.27:875][  0]LogConfig: Setting CVar [[r.SSS.HalfRes:0]]
[2026.05.13-13.29.27:875][  0]LogConfig: Setting CVar [[r.SSGI.Quality:3]]
[2026.05.13-13.29.27:875][  0]LogConfig: Setting CVar [[r.EmitterSpawnRateScale:1.0]]
[2026.05.13-13.29.27:875][  0]LogConfig: Setting CVar [[r.ParticleLightQuality:2]]
[2026.05.13-13.29.27:875][  0]LogConfig: Setting CVar [[r.SkyAtmosphere.AerialPerspectiveLUT.FastApplyOnOpaque:1 ; Always have FastSkyLUT 1 in this case to avoid wrong sky]]
[2026.05.13-13.29.27:875][  0]LogConfig: Setting CVar [[r.SkyAtmosphere.AerialPerspectiveLUT.SampleCountMaxPerSlice:4]]
[2026.05.13-13.29.27:875][  0]LogConfig: Setting CVar [[r.SkyAtmosphere.AerialPerspectiveLUT.DepthResolution:16.0]]
[2026.05.13-13.29.27:875][  0]LogConfig: Setting CVar [[r.SkyAtmosphere.FastSkyLUT:1]]
[2026.05.13-13.29.27:875][  0]LogConfig: Setting CVar [[r.SkyAtmosphere.FastSkyLUT.SampleCountMin:4.0]]
[2026.05.13-13.29.27:876][  0]LogConfig: Setting CVar [[r.SkyAtmosphere.FastSkyLUT.SampleCountMax:128.0]]
[2026.05.13-13.29.27:876][  0]LogConfig: Setting CVar [[r.SkyAtmosphere.SampleCountMin:4.0]]
[2026.05.13-13.29.27:876][  0]LogConfig: Setting CVar [[r.SkyAtmosphere.SampleCountMax:128.0]]
[2026.05.13-13.29.27:876][  0]LogConfig: Setting CVar [[r.SkyAtmosphere.TransmittanceLUT.UseSmallFormat:0]]
[2026.05.13-13.29.27:876][  0]LogConfig: Setting CVar [[r.SkyAtmosphere.TransmittanceLUT.SampleCount:10.0]]
[2026.05.13-13.29.27:876][  0]LogConfig: Setting CVar [[r.SkyAtmosphere.MultiScatteringLUT.SampleCount:15.0]]
[2026.05.13-13.29.27:876][  0]LogConfig: Setting CVar [[r.SkyLight.RealTimeReflectionCapture:1]]
[2026.05.13-13.29.27:876][  0]LogConfig: Applying CVar settings from Section [FoliageQuality@3] File [C:/Users/kapil/OneDrive/Documents/Unreal Projects/testTP/Saved/Config/Windows/Scalability.ini]
[2026.05.13-13.29.27:876][  0]LogConfig: Setting CVar [[foliage.DensityScale:1.0]]
[2026.05.13-13.29.27:876][  0]LogConfig: Setting CVar [[grass.DensityScale:1.0]]
[2026.05.13-13.29.27:876][  0]LogConfig: Applying CVar settings from Section [ShadingQuality@3] File [C:/Users/kapil/OneDrive/Documents/Unreal Projects/testTP/Saved/Config/Windows/Scalability.ini]
[2026.05.13-13.29.27:876][  0]LogConfig: Setting CVar [[r.HairStrands.SkyLighting.IntegrationType:2]]
[2026.05.13-13.29.27:876][  0]LogConfig: Setting CVar [[r.HairStrands.SkyAO.SampleCount:4]]
[2026.05.13-13.29.27:876][  0]LogConfig: Setting CVar [[r.HairStrands.Visibility.MSAA.SamplePerPixel:4]]
[2026.05.13-13.29.27:876][  0]LogConfig: Applying CVar settings from Section [Startup] File [../../../Engine/Config/ConsoleVariables.ini]
[2026.05.13-13.29.27:877][  0]LogConfig: Setting CVar [[net.UseAdaptiveNetUpdateFrequency:0]]
[2026.05.13-13.29.27:877][  0]LogConfig: Setting CVar [[p.chaos.AllowCreatePhysxBodies:1]]
[2026.05.13-13.29.27:877][  0]LogConfig: Setting CVar [[fx.SkipVectorVMBackendOptimizations:1]]
[2026.05.13-13.29.27:877][  0]LogConfig: Applying CVar settings from Section [ConsoleVariables] File [C:/Users/kapil/OneDrive/Documents/Unreal Projects/testTP/Saved/Config/Windows/Engine.ini]
[2026.05.13-13.29.27:877][  0]LogConfig: Applying CVar settings from Section [ConsoleVariables] File [C:/Users/kapil/OneDrive/Documents/Unreal Projects/testTP/Saved/Config/Windows/Editor.ini]
[2026.05.13-13.29.27:877][  0]LogInit: Computer: IMMERSEDEMOM5
[2026.05.13-13.29.27:877][  0]LogInit: User: kapil
[2026.05.13-13.29.27:877][  0]LogInit: CPU Page size=4096, Cores=14
[2026.05.13-13.29.27:877][  0]LogInit: High frequency timer resolution =10.000000 MHz
[2026.05.13-13.29.27:877][  0]LogMemory: Memory total: Physical=15.7GB (16GB approx)
[2026.05.13-13.29.27:877][  0]LogMemory: Platform Memory Stats for Windows
[2026.05.13-13.29.27:877][  0]LogMemory: Process Physical Memory: 152.39 MB used, 152.39 MB peak
[2026.05.13-13.29.27:877][  0]LogMemory: Process Virtual Memory: 131.14 MB used, 131.14 MB peak
[2026.05.13-13.29.27:877][  0]LogMemory: Physical Memory: 13675.95 MB used,  2392.76 MB free, 16068.70 MB total
[2026.05.13-13.29.27:877][  0]LogMemory: Virtual Memory: 134208104.00 MB used,  9625.41 MB free, 134217728.00 MB total
[2026.05.13-13.29.27:882][  0]LogWindows: WindowsPlatformFeatures enabled
[2026.05.13-13.29.27:923][  0]LogInit: Physics initialised using underlying interface: PhysX
[2026.05.13-13.29.27:924][  0]LogInit: Using OS detected language (en-US).
[2026.05.13-13.29.27:924][  0]LogInit: Using OS detected locale (en-US).
[2026.05.13-13.29.27:927][  0]LogTextLocalizationManager: No specific localization for 'en-US' exists, so the 'en' localization will be used.
[2026.05.13-13.29.28:076][  0]LogWindowsTextInputMethodSystem: Display: IME system deactivated.
[2026.05.13-13.29.28:088][  0]LogSlate: New Slate User Created.  User Index 0, Is Virtual User: 0
[2026.05.13-13.29.28:088][  0]LogSlate: Slate User Registered.  User Index 0, Is Virtual User: 0
[2026.05.13-13.29.28:098][  0]LogD3D11RHI: Loaded GFSDK_Aftermath_Lib.x64.dll
[2026.05.13-13.29.28:142][  0]LogHMD: Failed to initialize OpenVR with code 110
[2026.05.13-13.29.28:143][  0]LogD3D11RHI: D3D11 min allowed feature level: 11_0
[2026.05.13-13.29.28:143][  0]LogD3D11RHI: D3D11 max allowed feature level: 11_0
[2026.05.13-13.29.28:143][  0]LogD3D11RHI: D3D11 adapters:
[2026.05.13-13.29.28:308][  0]LogD3D11RHI:    0. 'NVIDIA GeForce RTX 4060 Laptop GPU' (Feature Level 11_0)
[2026.05.13-13.29.28:308][  0]LogD3D11RHI:       7957/0/8034 MB DedicatedVideo/DedicatedSystem/SharedSystem, Outputs:1, VendorId:0x10de
[2026.05.13-13.29.28:336][  0]LogD3D11RHI:    1. 'Intel(R) UHD Graphics' (Feature Level 11_0)
[2026.05.13-13.29.28:336][  0]LogD3D11RHI:       128/0/8034 MB DedicatedVideo/DedicatedSystem/SharedSystem, Outputs:0, VendorId:0x8086
[2026.05.13-13.29.28:339][  0]LogD3D11RHI:    2. 'Microsoft Basic Render Driver' (Feature Level 11_0)
[2026.05.13-13.29.28:339][  0]LogD3D11RHI:       0/0/8034 MB DedicatedVideo/DedicatedSystem/SharedSystem, Outputs:0, VendorId:0x1414
[2026.05.13-13.29.28:339][  0]LogD3D11RHI: Chosen D3D11 Adapter:
[2026.05.13-13.29.28:339][  0]LogD3D11RHI:     Description : NVIDIA GeForce RTX 4060 Laptop GPU
[2026.05.13-13.29.28:339][  0]LogD3D11RHI:     VendorId    : 10de
[2026.05.13-13.29.28:339][  0]LogD3D11RHI:     DeviceId    : 28e0
[2026.05.13-13.29.28:339][  0]LogD3D11RHI:     SubSysId    : bf81028
[2026.05.13-13.29.28:339][  0]LogD3D11RHI:     Revision    : 00a1
[2026.05.13-13.29.28:339][  0]LogD3D11RHI:     DedicatedVideoMemory : 8343519232 bytes
[2026.05.13-13.29.28:341][  0]LogD3D11RHI:     DedicatedSystemMemory : 0 bytes
[2026.05.13-13.29.28:341][  0]LogD3D11RHI:     SharedSystemMemory : 8424628224 bytes
[2026.05.13-13.29.28:341][  0]LogD3D11RHI:     AdapterLuid : 0 72942
[2026.05.13-13.29.28:347][  0]LogD3D11RHI: Creating new Direct3DDevice
[2026.05.13-13.29.28:347][  0]LogD3D11RHI:     GPU DeviceId: 0x28e0 (for the marketing name, search the web for "GPU Device Id")
[2026.05.13-13.29.28:347][  0]LogWindows: EnumDisplayDevices:
[2026.05.13-13.29.28:347][  0]LogWindows:    0. 'Intel(R) UHD Graphics' (P:1 D:1)
[2026.05.13-13.29.28:347][  0]LogWindows:    1. 'Intel(R) UHD Graphics' (P:0 D:0)
[2026.05.13-13.29.28:347][  0]LogWindows:    2. 'Intel(R) UHD Graphics' (P:0 D:0)
[2026.05.13-13.29.28:347][  0]LogWindows:    3. 'Intel(R) UHD Graphics' (P:0 D:0)
[2026.05.13-13.29.28:347][  0]LogWindows:    4. 'NVIDIA GeForce RTX 4060 Laptop GPU' (P:0 D:0)
[2026.05.13-13.29.28:348][  0]LogWindows: DebugString: PrimaryIsNotTheChoosenAdapter PrimaryIsNotTheChoosenAdapter PrimaryIsNotTheChoosenAdapter PrimaryIsNotTheChoosenAdapter 
[2026.05.13-13.29.28:348][  0]LogD3D11RHI:     Adapter Name: NVIDIA GeForce RTX 4060 Laptop GPU
[2026.05.13-13.29.28:348][  0]LogD3D11RHI:   Driver Version: 581.95 (internal:32.0.15.8195, unified:581.95)
[2026.05.13-13.29.28:348][  0]LogD3D11RHI:      Driver Date: 11-18-2025
[2026.05.13-13.29.28:348][  0]LogRHI: Texture pool is 5569 MB (70% of 7957 MB)
[2026.05.13-13.29.28:348][  0]LogD3D11RHI: Creating D3DDevice using adapter:
[2026.05.13-13.29.28:348][  0]LogD3D11RHI:     Description : NVIDIA GeForce RTX 4060 Laptop GPU
[2026.05.13-13.29.28:348][  0]LogD3D11RHI:     VendorId    : 10de
[2026.05.13-13.29.28:348][  0]LogD3D11RHI:     DeviceId    : 28e0
[2026.05.13-13.29.28:348][  0]LogD3D11RHI:     SubSysId    : bf81028
[2026.05.13-13.29.28:348][  0]LogD3D11RHI:     Revision    : 00a1
[2026.05.13-13.29.28:348][  0]LogD3D11RHI:     DedicatedVideoMemory : 8343519232 bytes
[2026.05.13-13.29.28:348][  0]LogD3D11RHI:     DedicatedSystemMemory : 0 bytes
[2026.05.13-13.29.28:348][  0]LogD3D11RHI:     SharedSystemMemory : 8424628224 bytes
[2026.05.13-13.29.28:348][  0]LogD3D11RHI:     AdapterLuid : 0 72942
[2026.05.13-13.29.28:455][  0]LogD3D11RHI: RHI has support for 64 bit atomics
[2026.05.13-13.29.28:455][  0]LogD3D11RHI: Async texture creation enabled
[2026.05.13-13.29.28:456][  0]LogD3D11RHI: Array index from any shader is supported
[2026.05.13-13.29.28:466][  0]LogD3D11RHI: GPU Timing Frequency: 1000.000000 (Debug: 2 1)
[2026.05.13-13.29.28:492][  0]LogRHI: GeForceNow SDK initialized: 1
[2026.05.13-13.29.28:737][  0]LogTargetPlatformManager: Display: Loaded TargetPlatform 'WindowsNoEditor'
[2026.05.13-13.29.28:741][  0]LogTargetPlatformManager: Display: Loaded TargetPlatform 'Windows'
[2026.05.13-13.29.28:744][  0]LogTargetPlatformManager: Display: Loaded TargetPlatform 'WindowsClient'
[2026.05.13-13.29.28:747][  0]LogTargetPlatformManager: Display: Loaded TargetPlatform 'WindowsServer'
[2026.05.13-13.29.28:747][  0]LogTargetPlatformManager: Display: Building Assets For Windows
[2026.05.13-13.29.28:753][  0]LogAudioDebug: Display: Lib vorbis DLL was dynamically loaded.
[2026.05.13-13.29.28:778][  0]LogTextureFormatOodle: Display: Oodle Texture 2.9.0 init RDO Off
[2026.05.13-13.29.28:802][  0]LogRendererCore: Ray tracing is disabled. Reason: r.RayTracing=0.
[2026.05.13-13.29.28:802][  0]LogShaderCompilers: Guid format shader working directory is -25 characters bigger than the processId version (../../../../../../Users/kapil/OneDrive/Documents/Unreal Projects/testTP/Intermediate/Shaders/WorkingDirectory/2224/).
[2026.05.13-13.29.28:803][  0]LogShaderCompilers: Cleaned the shader compiler working directory 'C:/Users/kapil/AppData/Local/Temp/UnrealShaderWorkingDir/69EA544240E2EB84481329A5D65F0D96/'.
[2026.05.13-13.29.28:803][  0]LogXGEController: Cannot use XGE Controller as Incredibuild is not installed on this machine.
[2026.05.13-13.29.28:803][  0]LogShaderCompilers: Cannot use XGE Shader Compiler as Incredibuild is not installed on this machine.
[2026.05.13-13.29.28:803][  0]LogShaderCompilers: Display: Using Local Shader Compiler.
[2026.05.13-13.29.29:370][  0]LogDerivedDataCache: Display: Max Cache Size: 512 MB
[2026.05.13-13.29.29:424][  0]LogDerivedDataCache: Loaded boot cache 0.05s 78MB C:/Users/kapil/AppData/Local/UnrealEngine/4.27/DerivedDataCache/Boot.ddc.
[2026.05.13-13.29.29:424][  0]LogDerivedDataCache: Display: Loaded Boot cache: C:/Users/kapil/AppData/Local/UnrealEngine/4.27/DerivedDataCache/Boot.ddc
[2026.05.13-13.29.29:424][  0]LogDerivedDataCache: FDerivedDataBackendGraph:  Pak pak cache file ../../../../../../Users/kapil/OneDrive/Documents/Unreal Projects/testTP/DerivedDataCache/DDC.ddp not found, will not use a pak cache.
[2026.05.13-13.29.29:424][  0]LogDerivedDataCache: Unable to find inner node Pak for hierarchical cache Hierarchy.
[2026.05.13-13.29.29:424][  0]LogDerivedDataCache: FDerivedDataBackendGraph:  CompressedPak pak cache file ../../../../../../Users/kapil/OneDrive/Documents/Unreal Projects/testTP/DerivedDataCache/Compressed.ddp not found, will not use a pak cache.
[2026.05.13-13.29.29:424][  0]LogDerivedDataCache: Unable to find inner node CompressedPak for hierarchical cache Hierarchy.
[2026.05.13-13.29.29:437][  0]LogDerivedDataCache: Display: Pak cache opened for reading ../../../Engine/DerivedDataCache/Compressed.ddp.
[2026.05.13-13.29.29:437][  0]LogDerivedDataCache: FDerivedDataBackendGraph:  EnterprisePak pak cache file ../../../Enterprise/DerivedDataCache/Compressed.ddp not found, will not use a pak cache.
[2026.05.13-13.29.29:438][  0]LogDerivedDataCache: Unable to find inner node EnterprisePak for hierarchical cache Hierarchy.
[2026.05.13-13.29.29:444][  0]LogDerivedDataCache: Speed tests for C:/Users/kapil/AppData/Local/UnrealEngine/Common/DerivedDataCache took 0.01 seconds
[2026.05.13-13.29.29:444][  0]LogDerivedDataCache: Display: Performance to C:/Users/kapil/AppData/Local/UnrealEngine/Common/DerivedDataCache: Latency=0.02ms. RandomReadSpeed=1060.20MBs, RandomWriteSpeed=199.01MBs. Assigned SpeedClass 'Local'
[2026.05.13-13.29.29:445][  0]LogDerivedDataCache: Using Local data cache path C:/Users/kapil/AppData/Local/UnrealEngine/Common/DerivedDataCache: Writable
[2026.05.13-13.29.29:445][  0]LogDerivedDataCache: Shared data cache path not found in *engine.ini, will not use an Shared cache.
[2026.05.13-13.29.29:445][  0]LogDerivedDataCache: Unable to find inner node Shared for hierarchical cache Hierarchy.
[2026.05.13-13.29.29:470][  0]LogSlate: Using FreeType 2.10.0
[2026.05.13-13.29.29:470][  0]LogSlate: SlateFontServices - WITH_FREETYPE: 1, WITH_HARFBUZZ: 1
[2026.05.13-13.29.29:515][  0]LogInit: Using OS detected language (en-US).
[2026.05.13-13.29.29:515][  0]LogInit: Using OS detected locale (en-US).
[2026.05.13-13.29.29:516][  0]LogTextLocalizationManager: No localization for 'en-US' exists, so 'en' will be used for the language.
[2026.05.13-13.29.29:516][  0]LogTextLocalizationManager: No localization for 'en-US' exists, so 'en' will be used for the locale.
[2026.05.13-13.29.29:516][  0]LogSlate: FontCache flush requested. Reason: Culture for localization was changed
[2026.05.13-13.29.29:516][  0]LogSlate: FontCache flush requested. Reason: Culture for localization was changed
[2026.05.13-13.29.29:518][  0]LogTextLocalizationManager: Compacting localization data took   0.00ms
[2026.05.13-13.29.29:518][  0]LogAssetRegistry: FAssetRegistry took 0.0012 seconds to start up
[2026.05.13-13.29.29:647][  0]LogPackageLocalizationCache: Processed 28 localized package path(s) for 1 prioritized culture(s) in 0.027500 seconds
[2026.05.13-13.29.29:695][  0]LogInit: Selected Device Profile: [Windows]
[2026.05.13-13.29.29:695][  0]LogInit: Active device profile: [00000196D681F300][00000196BA8B3A00 49] Windows
[2026.05.13-13.29.29:695][  0]LogInit: Profiles: [00000196D681F300][00000196BA8B3A00 49] Windows, [00000196D67D4F00][00000196BA8BBB80 49] WindowsNoEditor, [00000196D681CF00][00000196BA8BE180 49] WindowsServer, [00000196D67D6A00][00000196CE678300 49] WindowsClient, [00000196D681E900][00000196CE67C480 49] IOS, [00000196D67D5900][00000196CE680600 49] iPadAir, [00000196D681D800][00000196CE684780 49] iPadAir2, [00000196D6783800][00000196CE68CA40 49] IPadPro, [00000196D6783900][00000196CE688A80 49] iPadAir3, [00000196D681E200][00000196CE690C00 49] iPadAir4, [00000196D6781400][00000196CE694D80 49] iPadMini2, [00000196D681FC00][00000196CE698F00 49] iPadMini3, [00000196D6782400][00000196CE69D080 49] iPadMini4, [00000196D681D100][00000196CE6A1200 49] iPadMini5, [00000196D67C7100][00000196CE6A94C0 49] iPhone6, [00000196D67C7200][00000196CE6A5500 49] iPodTouch6, [00000196D6780600][00000196CE6AD740 49] iPhone7, [00000196D6780400][00000196BA8B7780 49] iPodTouch7, [00000196D67C5300][00000196D13ED8C0 49] iPhone5S, [00000196D6780D00][00000196D13F5A40 49] iPhone6Plus, [00000196D67C6500][00000196D13F9BC0 49] iPhone6S, [00000196D6783D00][00000196D13FC1C0 49] iPhone6SPlus, [00000196D67C7A00][00000196D1400340 49] iPhone7Plus, [00000196D6781900][00000196D14044C0 49] iPhoneSE, [00000196D67C4900][00000196D1408640 49] iPhone8, [00000196D6782600][00000196D140C7C0 49] iPhone8Plus, [00000196D67C6300][00000196D1410940 49] iPhoneX, [00000196D6782D00][00000196D1414AC0 49] iPhoneXS, [00000196D67C7B00][00000196D1418C40 49] iPhoneXSMax, [00000196D6782A00][00000196D141CDC0 49] iPhoneXR, [00000196D67C7700][00000196D1420F40 49] iPhone11, [00000196D6783000][00000196D14250C0 49] iPhone11Pro, [00000196D67C5500][00000196D1429240 49] iPhone11ProMax, [00000196D6780200][00000196D142D3C0 49] iPhoneSE2, [00000196D67C4E00][00000196D1431540 49] iPhone12Mini, [00000196D6782100][00000196D14356C0 49] iPhone12, [00000196D67C7600][00000196D13F1800 49] iPhone12Pro, [00000196D6782E00][00000196D1C5B940 49] iPhone12ProMax, [00000196D67C4A00][00000196D1C5FA80 49] iPadPro105, [00000196D6781300][00000196D1C67C00 49] iPadPro129, [00000196D67C5100][00000196D1C6A200 49] iPadPro97, [00000196D6783500][00000196D1C6E380 49] iPadPro2_129, [00000196D67C6C00][00000196D1C72500 49] iPad5, [00000196D6780900][00000196D1C76680 49] iPad6, [00000196D67C5800][00000196D1C7A800 49] iPad7, [00000196D6781C00][00000196D1C7E980 49] iPad8, [00000196D67C5C00][00000196D1C82B00 49] iPadPro11, [00000196D6780B00][00000196D1C86C80 49] iPadPro2_11, [00000196D67C6100][00000196D1C8AE00 49] iPadPro3_129, [00000196D6782000][00000196D1C8EF80 49] iPadPro4_129, [00000196D67C6800][00000196D1C93100 49] AppleTV, [00000196D6780C00][00000196D1C97280 49] AppleTV4K, [00000196D67C6F00][00000196D1C9B400 49] TVOS, [00000196D6780E00][00000196D1C9F580 49] Mac, [00000196D67C7C00][00000196D1CA3700 49] MacClient, [00000196D6783100][00000196D1CA7880 49] MacNoEditor, [00000196D67C7D00][00000196D1C639C0 49] MacServer, [00000196D6780300][00000196D1CABB00 49] Linux, [00000196D67C5600][00000196D1CAE0C0 49] LinuxAArch64, [00000196D6781100][00000196D1CB6240 49] LinuxNoEditor, [00000196D67D6500][00000196D1CBA3C0 49] LinuxAArch64NoEditor, [00000196D6862000][00000196D1CBE540 49] LinuxClient, [00000196D67D5A00][00000196D1CC26C0 49] LinuxAArch64Client, [00000196D6861B00][00000196D1CC6840 49] LinuxServer, [00000196D67D6D00][00000196D1CCA9C0 49] LinuxAArch64Server, [00000196D6860300][00000196D1CCEB40 49] Android, [00000196D67D6300][00000196D1CD2CC0 49] Android_Low, [00000196D6861C00][00000196D1CD6E40 49] Android_Mid, [00000196D67D5700][00000196D1CDAFC0 49] Android_High, [00000196D6860800][00000196D1CDF140 49] Android_Default, [00000196D67D7200][00000196D1CE32C0 49] Android_Adreno4xx, [00000196D6861700][00000196D1CE7440 49] Android_Adreno5xx_Low, [00000196D67D6800][00000196D1CEB5C0 49] Android_Adreno5xx, [00000196D6862100][00000196D1CEF740 49] Android_Adreno6xx, [00000196D67D4D00][00000196D1CF38C0 49] Android_Adreno6xx_Vulkan, [00000196D6862600][00000196D1CF7A40 49] Android_Mali_T6xx, [00000196D67D6C00][00000196D1CB3B80 49] Android_Mali_T7xx, [00000196D6861D00][00000196D1CFA140 49] Android_Mali_T8xx, [00000196D67D4500][00000196D1CFE280 49] Android_Mali_G71, [00000196D6860100][00000196D1D023C0 49] Android_Mali_G72, [00000196D6781600][00000196D1D0A540 49] Android_Mali_G72_Vulkan, [00000196D67C4F00][00000196D1D0E6C0 49] Android_Mali_G76, [00000196D6781000][00000196D1D12840 49] Android_Mali_G76_Vulkan, [00000196D67C5B00][00000196D1D169C0 49] Android_Mali_G77, [00000196D6783E00][00000196D1D1AB40 49] Android_Mali_G77_Vulkan, [00000196D67C4700][00000196D1D1ECC0 49] Android_Mali_G78, [00000196D6780700][00000196D1D22E40 49] Android_Mali_G78_Vulkan, [00000196D6860F00][00000196D1D26FC0 49] Android_Mali_G710, [00000196D6782200][00000196D1D2B140 49] Android_Mali_G710_Vulkan, [00000196D6860D00][00000196D1D2F2C0 49] Android_Vulkan_SM5, [00000196D6783600][00000196D1D33440 49] Android_PowerVR_G6xxx, [00000196D6862500][00000196D1D375C0 49] Android_PowerVR_GT7xxx, [00000196D6783400][00000196D1D3B740 49] Android_PowerVR_GE8xxx, [00000196D6861300][00000196D1D3F8C0 49] Android_PowerVR_GM9xxx, [00000196D6782700][00000196D1D43A40 49] Android_PowerVR_GM9xxx_Vulkan, [00000196D6861500][00000196D1D47BC0 49] Android_TegraK1, [00000196D6781700][00000196D1D06180 49] Android_Unknown_Vulkan, [00000196D6860600][00000196D1D4A2C0 49] Lumin, [00000196D6781800][00000196D1D4E400 49] Lumin_Desktop, [00000196D6860B00][00000196D1D52540 49] HoloLens, 
[2026.05.13-13.29.29:728][  0]LogMeshReduction: Using QuadricMeshReduction for automatic static mesh reduction
[2026.05.13-13.29.29:728][  0]LogMeshReduction: Using SimplygonMeshReduction for automatic skeletal mesh reduction
[2026.05.13-13.29.29:728][  0]LogMeshReduction: Using ProxyLODMeshReduction for automatic mesh merging
[2026.05.13-13.29.29:728][  0]LogMeshReduction: No distributed automatic mesh merging module available
[2026.05.13-13.29.29:728][  0]LogMeshMerging: No distributed automatic mesh merging module available
[2026.05.13-13.29.29:800][  0]LogNetVersion: testTP 1.0.0, NetCL: 17155196, EngineNetVer: 17, GameNetVer: 0 (Checksum: 3966549976)
[2026.05.13-13.29.29:992][  0]LogTexture: Default maximum texture size for cubemaps generated from long-lat sources has been changed from 512 to unlimited. In order to preserve old behaiour for '/Engine/MapTemplates/Sky/DaylightAmbientCubemap.DaylightAmbientCubemap', its maximum texture size has been explicitly set to 512.
[2026.05.13-13.29.30:042][  0]LogHMD: PokeAHoleMaterial loaded successfully
[2026.05.13-13.29.30:123][  0]LogMoviePlayer: Initializing movie player
[2026.05.13-13.29.30:174][  0]LogNiagaraDebuggerClient: Niagara Debugger Client Initialized | Session: 024C0D924CFA9A3C0DCB8C8F4CBBC487 | Instance: 5065C2F24E655293778F74ADCC782AA9 (IMMERSEDEMOM5-2224).
[2026.05.13-13.29.30:192][  0]LogCollectionManager: Loaded 0 collections in 0.001291 seconds
[2026.05.13-13.29.30:194][  0]LogFileCache: Scanning file cache for directory 'C:/Users/kapil/OneDrive/Documents/Unreal Projects/testTP/Saved/Collections/' took 0.00s
[2026.05.13-13.29.30:194][  0]LogFileCache: Scanning file cache for directory 'C:/Users/kapil/OneDrive/Documents/Unreal Projects/testTP/Content/Developers/kapil/Collections/' took 0.00s
[2026.05.13-13.29.30:194][  0]LogFileCache: Scanning file cache for directory 'C:/Users/kapil/OneDrive/Documents/Unreal Projects/testTP/Content/Collections/' took 0.00s
[2026.05.13-13.29.30:194][  0]LogCollectionManager: Fixed up redirectors for 0 collections in 0.000002 seconds (updated 0 objects)
[2026.05.13-13.29.30:270][  0]LogPython: Using Python 3.7.7
[2026.05.13-13.29.30:629][  0]LogAkAudio: Wwise(R) SDK Version 2019.2.15 Build 7667. Copyright (c) 2006-2019 Audiokinetic Inc.
[2026.05.13-13.29.30:630][  0]LogAkAudio: Wwise plug-in DLL path: C:/Users/kapil/OneDrive/Documents/Unreal Projects/testTP/Plugins/Wwise/ThirdParty/x64_vc150/Profile/bin/
[2026.05.13-13.29.30:630][  0]LogAkAudio: Wwise remote connection application name: testTP
[2026.05.13-13.29.30:630][  0]LogAkAudio: Wwise successfully initialized.
[2026.05.13-13.29.30:640][  0]LogAkAudio: Initialization complete.
[2026.05.13-13.29.30:640][  0]LogInit: Audiokinetic Audio Device initialized.
[2026.05.13-13.29.30:707][  0]SourceControl: Source control is disabled
[2026.05.13-13.29.30:707][  0]SourceControl: Source control is disabled
[2026.05.13-13.29.30:712][  0]SourceControl: Source control is disabled
[2026.05.13-13.29.30:717][  0]LogUProjectInfo: Found projects:
[2026.05.13-13.29.30:781][  0]LogOpenImageDenoise: OIDN starting up
[2026.05.13-13.29.30:804][  0]LogAndroidPermission: UAndroidPermissionCallbackProxy::GetInstance
[2026.05.13-13.29.30:814][  0]LogAudioCaptureCore: Display: No Audio Capture implementations found. Audio input will be silent.
[2026.05.13-13.29.30:814][  0]LogAudioCaptureCore: Display: No Audio Capture implementations found. Audio input will be silent.
[2026.05.13-13.29.30:868][  0]LogOcInput: OculusInput pre-init called
[2026.05.13-13.29.30:874][  0]LogUObjectArray: 22857 objects as part of root set at end of initial load.
[2026.05.13-13.29.30:874][  0]LogUObjectAllocator: 6232704 out of 0 bytes used by permanent object pool.
[2026.05.13-13.29.30:874][  0]LogUObjectArray: CloseDisregardForGC: 0/0 objects in disregard for GC pool
[2026.05.13-13.29.30:914][  0]LogClass: Display: EnumProperty FAkExternalSourceInfo::CodecID is not initialized properly. Module:AkAudio File:Classes/AkGameplayTypes.h
[2026.05.13-13.29.30:914][  0]LogClass: Warning: ObjectProperty FAkExternalSourceInfo::ExternalSourceAsset is not initialized properly. Module:AkAudio File:Classes/AkGameplayTypes.h
[2026.05.13-13.29.30:914][  0]LogClass: Display: IntProperty FAkChannelMask::ChannelMask is not initialized properly. Module:AkAudio File:Classes/AkGameplayTypes.h
[2026.05.13-13.29.30:914][  0]LogClass: Display: BoolProperty FAkPS5AdvancedInitializationSettings::bVorbisHwAcceleration is not initialized properly. Module:AkAudio File:Classes/Platforms/AkPlatform_Pellegrino/AkPS5InitializationSettings.h
[2026.05.13-13.29.30:914][  0]LogClass: Display: 4 Uninitialized script struct members found including 1 object properties
[2026.05.13-13.29.30:914][  0]LogAutomationTest: Warning: ObjectProperty FAkExternalSourceInfo::ExternalSourceAsset is not initialized properly. Module:AkAudio File:Classes/AkGameplayTypes.h
[2026.05.13-13.29.30:915][  0]LogEngine: Initializing Engine...
[2026.05.13-13.29.30:917][  0]LogHMD: Failed to enumerate extensions. Please check that you have a valid OpenXR runtime installed.
[2026.05.13-13.29.30:918][  0]LogHMD: Failed to initialize OpenVR with code 110
[2026.05.13-13.29.30:918][  0]LogMagicLeap: Warning: VR disabled because ZI is not enabled.  To enable, in the editor, Edit -> Project Settings -> Plugins -> Magic Leap Plugin -> Enable Zero Iteration
[2026.05.13-13.29.30:919][  0]LogStats: UGameplayTagsManager::InitializeManager -  0.000 s
[2026.05.13-13.29.30:999][  0]LogInit: Initializing FReadOnlyCVARCache
[2026.05.13-13.29.30:999][  0]LogAudio: Display: Initializing Audio Device Manager...
[2026.05.13-13.29.31:002][  0]LogAudio: Display: Loading Default Audio Settings Objects...
[2026.05.13-13.29.31:003][  0]LogAudio: Display: No default SoundConcurrencyObject specified (or failed to load).
[2026.05.13-13.29.31:004][  0]LogAudio: Display: Audio Device Manager Initialized
[2026.05.13-13.29.31:004][  0]LogAudio: Display: Creating Audio Device:                 Id: 1, Scope: Shared, Realtime: True
[2026.05.13-13.29.31:004][  0]LogAudioMixer: Display: Audio Mixer Platform Settings:
[2026.05.13-13.29.31:004][  0]LogAudioMixer: Display: 	Sample Rate:						  48000
[2026.05.13-13.29.31:004][  0]LogAudioMixer: Display: 	Callback Buffer Frame Size Requested: 1024
[2026.05.13-13.29.31:004][  0]LogAudioMixer: Display: 	Callback Buffer Frame Size To Use:	  1024
[2026.05.13-13.29.31:004][  0]LogAudioMixer: Display: 	Number of buffers to queue:			  2
[2026.05.13-13.29.31:004][  0]LogAudioMixer: Display: 	Max Channels (voices):				  32
[2026.05.13-13.29.31:004][  0]LogAudioMixer: Display: 	Number of Async Source Workers:		  0
[2026.05.13-13.29.31:004][  0]LogAudio: Display: AudioDevice MaxSources: 32
[2026.05.13-13.29.31:005][  0]LogAudio: Display: Audio Spatialization Plugin: None (built-in).
[2026.05.13-13.29.31:005][  0]LogAudio: Display: Audio Reverb Plugin: None (built-in).
[2026.05.13-13.29.31:005][  0]LogAudio: Display: Audio Occlusion Plugin: None (built-in).
[2026.05.13-13.29.31:005][  0]LogAudioMixer: Display: Initializing audio mixer.
[2026.05.13-13.29.31:012][  0]LogAudioMixer: Display: 0: FrontLeft
[2026.05.13-13.29.31:012][  0]LogAudioMixer: Display: 1: FrontRight
[2026.05.13-13.29.31:023][  0]LogAudioMixer: Display: Using Audio Device Speakers (2- Realtek(R) Audio)
[2026.05.13-13.29.31:030][  0]LogAudioMixer: Display: Initializing Sound Submixes...
[2026.05.13-13.29.31:031][  0]LogAudioMixer: Display: Creating Master Submix 'MasterSubmixDefault'
[2026.05.13-13.29.31:031][  0]LogAudioMixer: Display: Creating Master Submix 'MasterReverbSubmixDefault'
[2026.05.13-13.29.31:032][  0]LogAudioMixer: Display: Creating Master Submix 'MasterEQSubmixDefault'
[2026.05.13-13.29.31:032][  0]LogAudioMixer: FMixerPlatformXAudio2::StartAudioStream() called
[2026.05.13-13.29.31:032][  0]LogAudioMixer: Display: Output buffers initialized: Frames=1024, Channels=2, Samples=2048
[2026.05.13-13.29.31:033][  0]LogAudioMixer: Display: Starting AudioMixerPlatformInterface::RunInternal()
[2026.05.13-13.29.31:033][  0]LogAudioMixer: Display: FMixerPlatformXAudio2::SubmitBuffer() called for the first time
[2026.05.13-13.29.31:033][  0]LogInit: FAudioDevice initialized.
[2026.05.13-13.29.31:034][  0]LogNetVersion: Set ProjectVersion to 1.0.0.0. Version Checksum will be recalculated on next use.
[2026.05.13-13.29.31:079][  0]LogDerivedDataCache: Saved boot cache 0.05s 78MB C:/Users/kapil/AppData/Local/UnrealEngine/4.27/DerivedDataCache/Boot.ddc.
[2026.05.13-13.29.31:079][  0]LogInit: Texture streaming: Enabled
[2026.05.13-13.29.31:128][  0]LogAudio: Display: Audio Device (ID: 1) registered with world 'Untitled'.
[2026.05.13-13.29.31:129][  0]LogSlate: Updating window title bar state: overlay mode, drag disabled, window buttons hidden, title bar hidden
[2026.05.13-13.29.31:136][  0]LogInit: Display: Game Engine Initialized.
[2026.05.13-13.29.31:137][  0]LogNiagaraEditor: GEditor isn't valid! Particle reset commands will not work for Niagara components!
[2026.05.13-13.29.31:215][  0]LogInit: Display: Starting Game.
[2026.05.13-13.29.31:215][  0]LogNet: Browse: /Game/ThirdPersonBP/Maps/ThirdPersonExampleMap?Name=Player
[2026.05.13-13.29.31:215][  0]LogLoad: LoadMap: /Game/ThirdPersonBP/Maps/ThirdPersonExampleMap?Name=Player
[2026.05.13-13.29.31:216][  0]LogWorld: BeginTearingDown for /Temp/Untitled_0
[2026.05.13-13.29.31:216][  0]LogWorld: UWorld::CleanupWorld for Untitled, bSessionEnded=true, bCleanupResources=true
[2026.05.13-13.29.31:216][  0]LogSlate: InvalidateAllWidgets triggered.  All widgets were invalidated
[2026.05.13-13.29.31:228][  0]LogAudio: Display: Audio Device unregistered from world 'None'.
[2026.05.13-13.29.31:229][  0]LogUObjectHash: Compacting FUObjectHashTables data took   0.47ms
[2026.05.13-13.29.31:394][  0]LogAudio: Display: Audio Device (ID: 1) registered with world 'ThirdPersonExampleMap'.
[2026.05.13-13.29.31:399][  0]LogAIModule: Creating AISystem for world ThirdPersonExampleMap
[2026.05.13-13.29.31:402][  0]LogLoad: Game class is 'ThirdPersonGameMode_C'
[2026.05.13-13.29.31:404][  0]LogWorld: Bringing World /Game/ThirdPersonBP/Maps/ThirdPersonExampleMap.ThirdPersonExampleMap up for play (max tick rate 0) at 2026.05.13-06.29.31
[2026.05.13-13.29.31:404][  0]LogWorld: Bringing up level for play took: 0.002317
[2026.05.13-13.29.31:406][  0]LogTemp: Display: [ImmerseStress] Ready. Defaults: event=SwordHits bus=7p1p4 shareset=Immerse_Audio_Renderer_(Custom)
[2026.05.13-13.29.31:406][  0]LogTemp: Display: [ImmerseStress] IMMERSE_USER_ID env=kevin_tencenttest1_emb | IMMERSE_USERID= | IMMERSE_USER=
[2026.05.13-13.29.31:406][  0]LogTemp: Display: [testTP] Auto-spawned ImmerseStressTestActor into ThirdPersonExampleMap (type=1)
[2026.05.13-13.29.31:406][  0]LogLoad: Took 0.190900 seconds to LoadMap(/Game/ThirdPersonBP/Maps/ThirdPersonExampleMap)
[2026.05.13-13.29.31:428][  0]LogSlate: Took 0.000215 seconds to synchronously load lazily loaded font '../../../Engine/Content/Slate/Fonts/Roboto-Regular.ttf' (155K)
[2026.05.13-13.29.31:445][  0]LogRenderer: Reallocating scene render targets to support 1536x864 Format 10 NumSamples 1 (Frame:1).
[2026.05.13-13.29.31:445][  0]LogInit: Display: Engine is initialized. Leaving FEngineLoop::Init()
[2026.05.13-13.29.31:445][  0]LogLoad: (Engine Initialization) Total time: 4.86 seconds
[2026.05.13-13.29.31:445][  0]LogLoad: (Engine Initialization) Total Blueprint compile time: 0.00 seconds
[2026.05.13-13.29.31:455][  0]LogContentStreaming: Texture pool size now 1000 MB
[2026.05.13-13.29.31:459][  0]LogSlate: InvalidateAllWidgets triggered.  All widgets were invalidated
[2026.05.13-13.29.31:514][  0]LogRenderer: Reallocating scene render targets to support 128x128 Format 10 NumSamples 1 (Frame:1).
[2026.05.13-13.29.31:531][  0]LogRenderer: Reallocating scene render targets to support 1536x864 Format 10 NumSamples 1 (Frame:2).
[2026.05.13-13.29.31:537][  1]LogSlate: Took 0.000144 seconds to synchronously load lazily loaded font '../../../Engine/Content/Slate/Fonts/Roboto-Regular.ttf' (155K)
[2026.05.13-13.29.33:954][194]LogTemp: Display: [ImmerseStress] REMOTE_HOLD_v1: waiting for go.flag (../../../../../../Users/kapil/OneDrive/Documents/Unreal Projects/testTP/Saved/ImmerseStress/go.flag) retry=1
[2026.05.13-13.29.39:486][779]LogAkAudio: Error: Voice Starvation
[2026.05.13-13.29.43:474][666]LogTemp: Display: [ImmerseStress] REMOTE_HOLD_v1: waiting for go.flag (../../../../../../Users/kapil/OneDrive/Documents/Unreal Projects/testTP/Saved/ImmerseStress/go.flag) retry=20
[2026.05.13-13.29.43:915][876]LogAkAudio: Error: Voice Starvation
[2026.05.13-13.29.45:231][505]LogAkAudio: Error: Voice Starvation
[2026.05.13-13.29.53:497][519]LogTemp: Display: [ImmerseStress] REMOTE_HOLD_v1: waiting for go.flag (../../../../../../Users/kapil/OneDrive/Documents/Unreal Projects/testTP/Saved/ImmerseStress/go.flag) retry=40
[2026.05.13-13.30.03:515][381]LogTemp: Display: [ImmerseStress] REMOTE_HOLD_v1: waiting for go.flag (../../../../../../Users/kapil/OneDrive/Documents/Unreal Projects/testTP/Saved/ImmerseStress/go.flag) retry=60
[2026.05.13-13.30.13:533][181]LogTemp: Display: [ImmerseStress] REMOTE_HOLD_v1: waiting for go.flag (../../../../../../Users/kapil/OneDrive/Documents/Unreal Projects/testTP/Saved/ImmerseStress/go.flag) retry=80
[2026.05.13-13.30.15:931][335]LogAkAudio: Error: Voice Starvation
[2026.05.13-13.30.16:232][480]LogAkAudio: Error: Voice Starvation
[2026.05.13-13.30.17:958][316]LogAkAudio: Error: Voice Starvation
[2026.05.13-13.30.18:244][457]LogAkAudio: Error: Voice Starvation
[2026.05.13-13.30.20:011][308]LogAkAudio: Error: Voice Starvation
[2026.05.13-13.30.20:321][456]LogAkAudio: Error: Voice Starvation
[2026.05.13-13.30.23:044][760]LogAkAudio: Error: Voice Starvation
[2026.05.13-13.30.23:336][901]LogAkAudio: Error: Voice Starvation
[2026.05.13-13.30.23:555][  7]LogTemp: Display: [ImmerseStress] REMOTE_HOLD_v1: waiting for go.flag (../../../../../../Users/kapil/OneDrive/Documents/Unreal Projects/testTP/Saved/ImmerseStress/go.flag) retry=100
[2026.05.13-13.30.26:077][227]LogAkAudio: Error: Voice Starvation
[2026.05.13-13.30.26:377][374]LogAkAudio: Error: Voice Starvation
[2026.05.13-13.30.33:575][816]LogTemp: Display: [ImmerseStress] REMOTE_HOLD_v1: waiting for go.flag (../../../../../../Users/kapil/OneDrive/Documents/Unreal Projects/testTP/Saved/ImmerseStress/go.flag) retry=120
