Log file open, 05/13/26 05:13:23
LogWindows: Failed to load 'aqProf.dll' (GetLastError=126)
LogWindows: File 'aqProf.dll' does not exist
LogWindows: Failed to load 'VtuneApi.dll' (GetLastError=126)
LogWindows: File 'VtuneApi.dll' does not exist
LogWindows: Failed to load 'VtuneApi32e.dll' (GetLastError=126)
LogWindows: File 'VtuneApi32e.dll' does not exist
LogConsoleResponse: Display: Failed to find resolution value strings in scalability ini. Falling back to default.
LogConsoleResponse: Display: Failed to find resolution value strings in scalability ini. Falling back to default.
LogInit: Display: Running engine for game: testTP
LogPlatformFile: Not using cached read wrapper
LogTaskGraph: Started task graph with 5 named threads and 59 total threads with 3 sets of task threads.
LogStats: Stats thread started at 0.210305
LogICUInternationalization: ICU TimeZone Detection - Raw Offset: -8:00, Platform Override: ''
LogInit: Display: Loading text-based GConfig....
LogPluginManager: Mounting plugin MeshPainting
LogPluginManager: Mounting plugin XGEController
LogPluginManager: Mounting plugin Paper2D
LogPluginManager: Mounting plugin LiveLink
LogPluginManager: Mounting plugin AISupport
LogPluginManager: Mounting plugin EnvironmentQueryEditor
LogPluginManager: Mounting plugin LightPropagationVolume
LogPluginManager: Mounting plugin OodleData
LogPluginManager: Mounting plugin OodleNetwork
LogPluginManager: Mounting plugin AnimationSharing
LogPluginManager: Mounting plugin GameplayCameras
LogPluginManager: Mounting plugin CameraShakePreviewer
LogPluginManager: Mounting plugin AssetManagerEditor
LogPluginManager: Mounting plugin CryptoKeys
LogPluginManager: Mounting plugin CurveEditorTools
LogPluginManager: Mounting plugin DataValidation
LogPluginManager: Mounting plugin CLionSourceCodeAccess
LogPluginManager: Mounting plugin CodeLiteSourceCodeAccess
LogPluginManager: Mounting plugin KDevelopSourceCodeAccess
LogPluginManager: Mounting plugin FacialAnimation
LogPluginManager: Mounting plugin NullSourceCodeAccess
LogPluginManager: Mounting plugin MacGraphicsSwitching
LogPluginManager: Mounting plugin GeometryMode
LogPluginManager: Mounting plugin GitSourceControl
LogPluginManager: Mounting plugin MaterialAnalyzer
LogPluginManager: Mounting plugin GameplayTagsEditor
LogPluginManager: Mounting plugin MobileLauncherProfileWizard
LogPluginManager: Mounting plugin PerforceSourceControl
LogPluginManager: Mounting plugin PlasticSourceControl
LogPluginManager: Mounting plugin PluginBrowser
LogPluginManager: Mounting plugin PluginUtils
LogPluginManager: Mounting plugin RiderSourceCodeAccess
LogPluginManager: Mounting plugin SpeedTreeImporter
LogPluginManager: Mounting plugin PropertyAccessNode
LogPluginManager: Mounting plugin SubversionSourceControl
LogPluginManager: Mounting plugin TextureFormatOodle
LogPluginManager: Mounting plugin VisualStudioCodeSourceCodeAccess
LogPluginManager: Mounting plugin XCodeSourceCodeAccess
LogPluginManager: Mounting plugin UObjectPlugin
LogPluginManager: Mounting plugin PixWinPlugin
LogPluginManager: Mounting plugin VisualStudioSourceCodeAccess
LogPluginManager: Mounting plugin Niagara
LogPluginManager: Mounting plugin DatasmithContent
LogPluginManager: Mounting plugin VariantManagerContent
LogPluginManager: Mounting plugin LuminPlatformFeatures
LogPluginManager: Mounting plugin MagicLeap
LogPluginManager: Mounting plugin MagicLeapPassableWorld
LogPluginManager: Mounting plugin MagicLeapMedia
LogPluginManager: Mounting plugin MagicLeapLightEstimation
LogPluginManager: Mounting plugin TcpMessaging
LogPluginManager: Mounting plugin UdpMessaging
LogPluginManager: Mounting plugin AndroidMedia
LogPluginManager: Mounting plugin MLSDK
LogPluginManager: Mounting plugin AvfMedia
LogPluginManager: Mounting plugin MediaCompositing
LogPluginManager: Mounting plugin ImgMedia
LogPluginManager: Mounting plugin MediaPlayerEditor
LogPluginManager: Mounting plugin WebMMedia
LogPluginManager: Mounting plugin WmfMedia
LogPluginManager: Mounting plugin MatineeToLevelSequence
LogPluginManager: Mounting plugin LevelSequenceEditor
LogPluginManager: Mounting plugin OnlineSubsystem
LogPluginManager: Mounting plugin TemplateSequence
LogPluginManager: Mounting plugin ActorSequence
LogPluginManager: Mounting plugin OnlineSubsystemNull
LogPluginManager: Mounting plugin OnlineSubsystemUtils
LogPluginManager: Mounting plugin ChaosClothEditor
LogPluginManager: Mounting plugin AutomationUtils
LogPluginManager: Mounting plugin CharacterAI
LogPluginManager: Mounting plugin AlembicImporter
LogPluginManager: Mounting plugin ChaosNiagara
LogPluginManager: Mounting plugin ChaosSolverPlugin
LogPluginManager: Mounting plugin BackChannel
LogPluginManager: Mounting plugin ChaosCloth
LogPluginManager: Mounting plugin ChaosEditor
LogPluginManager: Mounting plugin LauncherChunkInstaller
LogPluginManager: Mounting plugin AndroidDeviceProfileSelector
LogPluginManager: Mounting plugin AndroidMoviePlayer
LogPluginManager: Mounting plugin AndroidPermission
LogPluginManager: Mounting plugin ActorLayerUtilities
LogPluginManager: Mounting plugin AppleImageUtils
LogPluginManager: Mounting plugin CableComponent
LogPluginManager: Mounting plugin AppleMoviePlayer
LogPluginManager: Mounting plugin ChunkDownloader
LogPluginManager: Mounting plugin CustomMeshComponent
LogPluginManager: Mounting plugin AudioSynesthesia
LogPluginManager: Mounting plugin AssetTags
LogPluginManager: Mounting plugin GoogleCloudMessaging
LogPluginManager: Mounting plugin EditableMesh
LogPluginManager: Mounting plugin ExampleDeviceProfileSelector
LogPluginManager: Mounting plugin GeometryCache
LogPluginManager: Mounting plugin GeometryCollectionPlugin
LogPluginManager: Mounting plugin GooglePAD
LogPluginManager: Mounting plugin AudioCapture
LogPluginManager: Mounting plugin GeometryProcessing
LogPluginManager: Mounting plugin ArchVisCharacter
LogPluginManager: Mounting plugin MotoSynth
LogPluginManager: Mounting plugin LinuxDeviceProfileSelector
LogPluginManager: Mounting plugin OpenImageDenoise
LogPluginManager: Mounting plugin ProxyLODPlugin
LogPluginManager: Mounting plugin PlatformCrypto
LogPluginManager: Mounting plugin PythonScriptPlugin
LogPluginManager: Mounting plugin IOSDeviceProfileSelector
LogPluginManager: Mounting plugin LocationServicesBPLibrary
LogPluginManager: Mounting plugin MobilePatchingUtils
LogPluginManager: Mounting plugin PlanarCut
LogPluginManager: Mounting plugin OpenXREyeTracker
LogPluginManager: Mounting plugin OpenXR
LogPluginManager: Mounting plugin OpenXRHandTracking
LogPluginManager: Mounting plugin PhysXVehicles
LogPluginManager: Mounting plugin PostSplashScreen
LogPluginManager: Mounting plugin PropertyAccessEditor
LogPluginManager: Mounting plugin ProceduralMeshComponent
LogPluginManager: Mounting plugin SkeletalReduction
LogPluginManager: Mounting plugin RuntimePhysXCooking
LogPluginManager: Mounting plugin SoundFields
LogPluginManager: Mounting plugin Synthesis
LogPluginManager: Mounting plugin ScreenshotTools
LogPluginManager: Mounting plugin SignificanceManager
LogPluginManager: Mounting plugin WebMMoviePlayer
LogPluginManager: Mounting plugin WindowsMoviePlayer
LogPluginManager: Mounting plugin Takes
LogPluginManager: Mounting plugin ContentBrowserAssetDataSource
LogPluginManager: Mounting plugin ContentBrowserClassDataSource
LogPluginManager: Mounting plugin ContentBrowserFileDataSource
LogPluginManager: Mounting plugin OnlineSubsystemGooglePlay
LogPluginManager: Mounting plugin OnlineSubsystemIOS
LogPluginManager: Mounting plugin OculusVR
LogPluginManager: Mounting plugin SteamVR
LogPluginManager: Mounting plugin Wwise
PixWinPlugin: PIX capture plugin failed to initialize! Check that the process is launched from PIX.
LogInit: Using libcurl 7.55.1-DEV
LogInit:  - built for x86_64-pc-win32
LogInit:  - supports SSL with OpenSSL/1.1.1
LogInit:  - supports HTTP deflate (compression) using libz 1.2.8
LogInit:  - other features:
LogInit:      CURL_VERSION_SSL
LogInit:      CURL_VERSION_LIBZ
LogInit:      CURL_VERSION_IPV6
LogInit:      CURL_VERSION_ASYNCHDNS
LogInit:      CURL_VERSION_LARGEFILE
LogInit:      CURL_VERSION_IDN
LogInit:  CurlRequestOptions (configurable via config and command line):
LogInit:  - bVerifyPeer = true  - Libcurl will verify peer certificate
LogInit:  - bUseHttpProxy = false  - Libcurl will NOT use HTTP proxy
LogInit:  - bDontReuseConnections = false  - Libcurl will reuse connections
LogInit:  - MaxHostConnections = 16  - Libcurl will limit the number of connections to a host
LogInit:  - LocalHostAddr = Default
LogInit:  - BufferSize = 65536
LogOnline: OSS: Creating online subsystem instance for: NULL
LogInit: WinSock: version 1.1 (2.2), MaxSocks=32767, MaxUdp=65467
LogOnline: OSS: TryLoadSubsystemAndSetDefault: Loaded subsystem for module [NULL]
LogOculusPluginWrapper: OculusPlugin initialized successfully
LogHMD: Failed initializing OVRPlugin 1.59.0
LogInit: Build: ++UE4+Release-4.27-CL-18319896
LogInit: Engine Version: 4.27.2-18319896+++UE4+Release-4.27
LogInit: Compatible Engine Version: 4.27.0-17155196+++UE4+Release-4.27
LogInit: Net CL: 17155196
LogInit: OS: Windows 10 (Release 2009) (), CPU: 13th Gen Intel(R) Core(TM) i7-13650HX, GPU: Intel(R) UHD Graphics
LogInit: Compiled (64-bit): Nov 30 2021 07:12:08
LogInit: Compiled with Visual C++: 19.24.28315.00
LogInit: Build Configuration: Development
LogInit: Branch Name: ++UE4+Release-4.27
LogInit: Command Line:  /Game/ThirdPersonBP/Maps/ThirdPersonExampleMap -game -RenderOffscreen -unattended -nopause -NoSplash -abslog=C:\Users\kapil\AppData\Local\Temp\immerse_editor_20260513-051312.log
LogInit: Base Directory: C:/Program Files/Epic Games/UE_4.27/Engine/Binaries/Win64/
LogInit: Allocator: TBB
LogInit: Installed Engine Build: 1
LogDevObjectVersion: Number of dev versions registered: 29
LogDevObjectVersion:   Dev-Blueprints (B0D832E4-1F89-4F0D-ACCF-7EB736FD4AA2): 10
LogDevObjectVersion:   Dev-Build (E1C64328-A22C-4D53-A36C-8E866417BD8C): 0
LogDevObjectVersion:   Dev-Core (375EC13C-06E4-48FB-B500-84F0262A717E): 4
LogDevObjectVersion:   Dev-Editor (E4B068ED-F494-42E9-A231-DA0B2E46BB41): 40
LogDevObjectVersion:   Dev-Framework (CFFC743F-43B0-4480-9391-14DF171D2073): 37
LogDevObjectVersion:   Dev-Mobile (B02B49B5-BB20-44E9-A304-32B752E40360): 3
LogDevObjectVersion:   Dev-Networking (A4E4105C-59A1-49B5-A7C5-40C4547EDFEE): 0
LogDevObjectVersion:   Dev-Online (39C831C9-5AE6-47DC-9A44-9C173E1C8E7C): 0
LogDevObjectVersion:   Dev-Physics (78F01B33-EBEA-4F98-B9B4-84EACCB95AA2): 14
LogDevObjectVersion:   Dev-Platform (6631380F-2D4D-43E0-8009-CF276956A95A): 0
LogDevObjectVersion:   Dev-Rendering (12F88B9F-8875-4AFC-A67C-D90C383ABD29): 45
LogDevObjectVersion:   Dev-Sequencer (7B5AE74C-D270-4C10-A958-57980B212A5A): 13
LogDevObjectVersion:   Dev-VR (D7296918-1DD6-4BDD-9DE2-64A83CC13884): 3
LogDevObjectVersion:   Dev-LoadTimes (C2A15278-BFE7-4AFE-6C17-90FF531DF755): 1
LogDevObjectVersion:   Private-Geometry (6EACA3D4-40EC-4CC1-B786-8BED09428FC5): 3
LogDevObjectVersion:   Dev-AnimPhys (29E575DD-E0A3-4627-9D10-D276232CDCEA): 17
LogDevObjectVersion:   Dev-Anim (AF43A65D-7FD3-4947-9873-3E8ED9C1BB05): 15
LogDevObjectVersion:   Dev-ReflectionCapture (6B266CEC-1EC7-4B8F-A30B-E4D90942FC07): 1
LogDevObjectVersion:   Dev-Automation (0DF73D61-A23F-47EA-B727-89E90C41499A): 1
LogDevObjectVersion:   FortniteMain (601D1886-AC64-4F84-AA16-D3DE0DEAC7D6): 47
LogDevObjectVersion:   FortniteRelease (E7086368-6B23-4C58-8439-1B7016265E91): 1
LogDevObjectVersion:   Dev-Enterprise (9DFFBCD6-494F-0158-E221-12823C92A888): 10
LogDevObjectVersion:   Dev-Niagara (F2AED0AC-9AFE-416F-8664-AA7FFA26D6FC): 1
LogDevObjectVersion:   Dev-Destruction (174F1F0B-B4C6-45A5-B13F-2EE8D0FB917D): 10
LogDevObjectVersion:   Dev-Physics-Ext (35F94A83-E258-406C-A318-09F59610247C): 41
LogDevObjectVersion:   Dev-PhysicsMaterial-Chaos (B68FC16E-8B1B-42E2-B453-215C058844FE): 1
LogDevObjectVersion:   Dev-CineCamera (B2E18506-4273-CFC2-A54E-F4BB758BBA07): 1
LogDevObjectVersion:   Dev-VirtualProduction (64F58936-FD1B-42BA-BA96-7289D5D0FA4E): 1
LogDevObjectVersion:   Dev-MediaFramework (6F0ED827-A609-4895-9C91-998D90180EA4): 2
LogInit: Presizing for max 25165824 objects, including 0 objects not considered by GC, pre-allocating 0 bytes for permanent pool.
LogConfig: Applying CVar settings from Section [/Script/Engine.StreamingSettings] File [C:/Users/kapil/OneDrive/Documents/Unreal Projects/testTP/Saved/Config/Windows/Engine.ini]
LogConfig: Setting CVar [[s.MinBulkDataSizeForAsyncLoading:131072]]
LogConfig: Setting CVar [[s.AsyncLoadingThreadEnabled:0]]
LogConfig: Setting CVar [[s.EventDrivenLoaderEnabled:1]]
LogConfig: Setting CVar [[s.WarnIfTimeLimitExceeded:0]]
LogConfig: Setting CVar [[s.TimeLimitExceededMultiplier:1.5]]
LogConfig: Setting CVar [[s.TimeLimitExceededMinTime:0.005]]
LogConfig: Setting CVar [[s.UseBackgroundLevelStreaming:1]]
LogConfig: Setting CVar [[s.PriorityAsyncLoadingExtraTime:15.0]]
LogConfig: Setting CVar [[s.LevelStreamingActorsUpdateTimeLimit:5.0]]
LogConfig: Setting CVar [[s.PriorityLevelStreamingActorsUpdateExtraTime:5.0]]
LogConfig: Setting CVar [[s.LevelStreamingComponentsRegistrationGranularity:10]]
LogConfig: Setting CVar [[s.UnregisterComponentsTimeLimit:1.0]]
LogConfig: Setting CVar [[s.LevelStreamingComponentsUnregistrationGranularity:5]]
LogConfig: Setting CVar [[s.FlushStreamingOnExit:1]]
LogInit: Object subsystem initialized
LogConfig: Setting CVar [[con.DebugEarlyDefault:1]]
LogConfig: Setting CVar [[r.setres:1280x720]]
[2026.05.13-12.13.23:672][  0]LogConfig: Setting CVar [[con.DebugEarlyDefault:1]]
[2026.05.13-12.13.23:672][  0]LogConfig: Setting CVar [[r.setres:1280x720]]
[2026.05.13-12.13.23:672][  0]LogConfig: Applying CVar settings from Section [/Script/Engine.RendererSettings] File [C:/Users/kapil/OneDrive/Documents/Unreal Projects/testTP/Saved/Config/Windows/Engine.ini]
[2026.05.13-12.13.23:672][  0]LogConfig: Setting CVar [[r.GPUCrashDebugging:0]]
[2026.05.13-12.13.23:672][  0]LogConfig: Applying CVar settings from Section [/Script/Engine.RendererOverrideSettings] File [C:/Users/kapil/OneDrive/Documents/Unreal Projects/testTP/Saved/Config/Windows/Engine.ini]
[2026.05.13-12.13.23:672][  0]LogConfig: Applying CVar settings from Section [/Script/Engine.StreamingSettings] File [C:/Users/kapil/OneDrive/Documents/Unreal Projects/testTP/Saved/Config/Windows/Engine.ini]
[2026.05.13-12.13.23:672][  0]LogConfig: Setting CVar [[s.MinBulkDataSizeForAsyncLoading:131072]]
[2026.05.13-12.13.23:672][  0]LogConfig: Setting CVar [[s.AsyncLoadingThreadEnabled:0]]
[2026.05.13-12.13.23:673][  0]LogConfig: Setting CVar [[s.EventDrivenLoaderEnabled:1]]
[2026.05.13-12.13.23:673][  0]LogConfig: Setting CVar [[s.WarnIfTimeLimitExceeded:0]]
[2026.05.13-12.13.23:673][  0]LogConfig: Setting CVar [[s.TimeLimitExceededMultiplier:1.5]]
[2026.05.13-12.13.23:673][  0]LogConfig: Setting CVar [[s.TimeLimitExceededMinTime:0.005]]
[2026.05.13-12.13.23:673][  0]LogConfig: Setting CVar [[s.UseBackgroundLevelStreaming:1]]
[2026.05.13-12.13.23:673][  0]LogConfig: Setting CVar [[s.PriorityAsyncLoadingExtraTime:15.0]]
[2026.05.13-12.13.23:673][  0]LogConfig: Setting CVar [[s.LevelStreamingActorsUpdateTimeLimit:5.0]]
[2026.05.13-12.13.23:673][  0]LogConfig: Setting CVar [[s.PriorityLevelStreamingActorsUpdateExtraTime:5.0]]
[2026.05.13-12.13.23:673][  0]LogConfig: Setting CVar [[s.LevelStreamingComponentsRegistrationGranularity:10]]
[2026.05.13-12.13.23:673][  0]LogConfig: Setting CVar [[s.UnregisterComponentsTimeLimit:1.0]]
[2026.05.13-12.13.23:673][  0]LogConfig: Setting CVar [[s.LevelStreamingComponentsUnregistrationGranularity:5]]
[2026.05.13-12.13.23:674][  0]LogConfig: Setting CVar [[s.FlushStreamingOnExit:1]]
[2026.05.13-12.13.23:674][  0]LogConfig: Applying CVar settings from Section [/Script/Engine.GarbageCollectionSettings] File [C:/Users/kapil/OneDrive/Documents/Unreal Projects/testTP/Saved/Config/Windows/Engine.ini]
[2026.05.13-12.13.23:674][  0]LogConfig: Setting CVar [[gc.MaxObjectsNotConsideredByGC:1]]
[2026.05.13-12.13.23:674][  0]LogConfig: Setting CVar [[gc.SizeOfPermanentObjectPool:0]]
[2026.05.13-12.13.23:674][  0]LogConfig: Setting CVar [[gc.FlushStreamingOnGC:0]]
[2026.05.13-12.13.23:674][  0]LogConfig: Setting CVar [[gc.NumRetriesBeforeForcingGC:10]]
[2026.05.13-12.13.23:674][  0]LogConfig: Setting CVar [[gc.AllowParallelGC:1]]
[2026.05.13-12.13.23:674][  0]LogConfig: Setting CVar [[gc.TimeBetweenPurgingPendingKillObjects:61.1]]
[2026.05.13-12.13.23:674][  0]LogConfig: Setting CVar [[gc.MaxObjectsInEditor:25165824]]
[2026.05.13-12.13.23:674][  0]LogConfig: Setting CVar [[gc.IncrementalBeginDestroyEnabled:1]]
[2026.05.13-12.13.23:674][  0]LogConfig: Setting CVar [[gc.CreateGCClusters:1]]
[2026.05.13-12.13.23:675][  0]LogConfig: Setting CVar [[gc.MinGCClusterSize:5]]
[2026.05.13-12.13.23:675][  0]LogConfig: Setting CVar [[gc.ActorClusteringEnabled:0]]
[2026.05.13-12.13.23:675][  0]LogConfig: Setting CVar [[gc.BlueprintClusteringEnabled:0]]
[2026.05.13-12.13.23:675][  0]LogConfig: Setting CVar [[gc.UseDisregardForGCOnDedicatedServers:0]]
[2026.05.13-12.13.23:675][  0]LogConfig: Setting CVar [[gc.MultithreadedDestructionEnabled:1]]
[2026.05.13-12.13.23:675][  0]LogConfig: Applying CVar settings from Section [/Script/Engine.NetworkSettings] File [C:/Users/kapil/OneDrive/Documents/Unreal Projects/testTP/Saved/Config/Windows/Engine.ini]
[2026.05.13-12.13.23:675][  0]LogConfig: Applying CVar settings from Section [/Script/UnrealEd.CookerSettings] File [C:/Users/kapil/OneDrive/Documents/Unreal Projects/testTP/Saved/Config/Windows/Engine.ini]
[2026.05.13-12.13.23:681][  0]LogConfig: Applying CVar settings from Section [ViewDistanceQuality@3] File [C:/Users/kapil/OneDrive/Documents/Unreal Projects/testTP/Saved/Config/Windows/Scalability.ini]
[2026.05.13-12.13.23:681][  0]LogConfig: Setting CVar [[r.SkeletalMeshLODBias:0]]
[2026.05.13-12.13.23:681][  0]LogConfig: Setting CVar [[r.ViewDistanceScale:1.0]]
[2026.05.13-12.13.23:681][  0]LogConfig: Applying CVar settings from Section [AntiAliasingQuality@3] File [C:/Users/kapil/OneDrive/Documents/Unreal Projects/testTP/Saved/Config/Windows/Scalability.ini]
[2026.05.13-12.13.23:682][  0]LogConfig: Setting CVar [[r.PostProcessAAQuality:4]]
[2026.05.13-12.13.23:682][  0]LogConfig: Applying CVar settings from Section [ShadowQuality@3] File [C:/Users/kapil/OneDrive/Documents/Unreal Projects/testTP/Saved/Config/Windows/Scalability.ini]
[2026.05.13-12.13.23:682][  0]LogConfig: Setting CVar [[r.LightFunctionQuality:1]]
[2026.05.13-12.13.23:682][  0]LogConfig: Setting CVar [[r.ShadowQuality:5]]
[2026.05.13-12.13.23:682][  0]LogConfig: Setting CVar [[r.Shadow.CSM.MaxCascades:10]]
[2026.05.13-12.13.23:682][  0]LogConfig: Setting CVar [[r.Shadow.MaxResolution:2048]]
[2026.05.13-12.13.23:682][  0]LogConfig: Setting CVar [[r.Shadow.MaxCSMResolution:2048]]
[2026.05.13-12.13.23:682][  0]LogConfig: Setting CVar [[r.Shadow.RadiusThreshold:0.01]]
[2026.05.13-12.13.23:682][  0]LogConfig: Setting CVar [[r.Shadow.DistanceScale:1.0]]
[2026.05.13-12.13.23:682][  0]LogConfig: Setting CVar [[r.Shadow.CSM.TransitionScale:1.0]]
[2026.05.13-12.13.23:682][  0]LogConfig: Setting CVar [[r.Shadow.PreShadowResolutionFactor:1.0]]
[2026.05.13-12.13.23:682][  0]LogConfig: Setting CVar [[r.DistanceFieldShadowing:1]]
[2026.05.13-12.13.23:682][  0]LogConfig: Setting CVar [[r.DistanceFieldAO:1]]
[2026.05.13-12.13.23:682][  0]LogConfig: Setting CVar [[r.AOQuality:2]]
[2026.05.13-12.13.23:682][  0]LogConfig: Setting CVar [[r.VolumetricFog:1]]
[2026.05.13-12.13.23:682][  0]LogConfig: Setting CVar [[r.VolumetricFog.GridPixelSize:8]]
[2026.05.13-12.13.23:683][  0]LogConfig: Setting CVar [[r.VolumetricFog.GridSizeZ:128]]
[2026.05.13-12.13.23:683][  0]LogConfig: Setting CVar [[r.VolumetricFog.HistoryMissSupersampleCount:4]]
[2026.05.13-12.13.23:683][  0]LogConfig: Setting CVar [[r.LightMaxDrawDistanceScale:1]]
[2026.05.13-12.13.23:683][  0]LogConfig: Setting CVar [[r.CapsuleShadows:1]]
[2026.05.13-12.13.23:683][  0]LogConfig: Applying CVar settings from Section [PostProcessQuality@3] File [C:/Users/kapil/OneDrive/Documents/Unreal Projects/testTP/Saved/Config/Windows/Scalability.ini]
[2026.05.13-12.13.23:683][  0]LogConfig: Setting CVar [[r.MotionBlurQuality:4]]
[2026.05.13-12.13.23:683][  0]LogConfig: Setting CVar [[r.AmbientOcclusionMipLevelFactor:0.4]]
[2026.05.13-12.13.23:683][  0]LogConfig: Setting CVar [[r.AmbientOcclusionMaxQuality:100]]
[2026.05.13-12.13.23:683][  0]LogConfig: Setting CVar [[r.AmbientOcclusionLevels:-1]]
[2026.05.13-12.13.23:683][  0]LogConfig: Setting CVar [[r.AmbientOcclusionRadiusScale:1.0]]
[2026.05.13-12.13.23:683][  0]LogConfig: Setting CVar [[r.DepthOfFieldQuality:2]]
[2026.05.13-12.13.23:683][  0]LogConfig: Setting CVar [[r.RenderTargetPoolMin:400]]
[2026.05.13-12.13.23:683][  0]LogConfig: Setting CVar [[r.LensFlareQuality:2]]
[2026.05.13-12.13.23:683][  0]LogConfig: Setting CVar [[r.SceneColorFringeQuality:1]]
[2026.05.13-12.13.23:683][  0]LogConfig: Setting CVar [[r.EyeAdaptationQuality:2]]
[2026.05.13-12.13.23:683][  0]LogConfig: Setting CVar [[r.BloomQuality:5]]
[2026.05.13-12.13.23:683][  0]LogConfig: Setting CVar [[r.FastBlurThreshold:100]]
[2026.05.13-12.13.23:683][  0]LogConfig: Setting CVar [[r.Upscale.Quality:3]]
[2026.05.13-12.13.23:683][  0]LogConfig: Setting CVar [[r.Tonemapper.GrainQuantization:1]]
[2026.05.13-12.13.23:683][  0]LogConfig: Setting CVar [[r.LightShaftQuality:1]]
[2026.05.13-12.13.23:684][  0]LogConfig: Setting CVar [[r.Filter.SizeScale:1]]
[2026.05.13-12.13.23:684][  0]LogConfig: Setting CVar [[r.Tonemapper.Quality:5]]
[2026.05.13-12.13.23:684][  0]LogConfig: Setting CVar [[r.DOF.Gather.AccumulatorQuality:1        ; higher gathering accumulator quality]]
[2026.05.13-12.13.23:684][  0]LogConfig: Setting CVar [[r.DOF.Gather.PostfilterMethod:1          ; Median3x3 postfilering method]]
[2026.05.13-12.13.23:684][  0]LogConfig: Setting CVar [[r.DOF.Gather.EnableBokehSettings:0       ; no bokeh simulation when gathering]]
[2026.05.13-12.13.23:684][  0]LogConfig: Setting CVar [[r.DOF.Gather.RingCount:4                 ; medium number of samples when gathering]]
[2026.05.13-12.13.23:684][  0]LogConfig: Setting CVar [[r.DOF.Scatter.ForegroundCompositing:1    ; additive foreground scattering]]
[2026.05.13-12.13.23:684][  0]LogConfig: Setting CVar [[r.DOF.Scatter.BackgroundCompositing:2    ; additive background scattering]]
[2026.05.13-12.13.23:684][  0]LogConfig: Setting CVar [[r.DOF.Scatter.EnableBokehSettings:1      ; bokeh simulation when scattering]]
[2026.05.13-12.13.23:684][  0]LogConfig: Setting CVar [[r.DOF.Scatter.MaxSpriteRatio:0.1         ; only a maximum of 10% of scattered bokeh]]
[2026.05.13-12.13.23:684][  0]LogConfig: Setting CVar [[r.DOF.Recombine.Quality:1                ; cheap slight out of focus]]
[2026.05.13-12.13.23:684][  0]LogConfig: Setting CVar [[r.DOF.Recombine.EnableBokehSettings:0    ; no bokeh simulation on slight out of focus]]
[2026.05.13-12.13.23:684][  0]LogConfig: Setting CVar [[r.DOF.TemporalAAQuality:1                ; more stable temporal accumulation]]
[2026.05.13-12.13.23:684][  0]LogConfig: Setting CVar [[r.DOF.Kernel.MaxForegroundRadius:0.025]]
[2026.05.13-12.13.23:684][  0]LogConfig: Setting CVar [[r.DOF.Kernel.MaxBackgroundRadius:0.025]]
[2026.05.13-12.13.23:684][  0]LogConfig: Applying CVar settings from Section [TextureQuality@3] File [C:/Users/kapil/OneDrive/Documents/Unreal Projects/testTP/Saved/Config/Windows/Scalability.ini]
[2026.05.13-12.13.23:684][  0]LogConfig: Setting CVar [[r.Streaming.MipBias:0]]
[2026.05.13-12.13.23:684][  0]LogConfig: Setting CVar [[r.Streaming.AmortizeCPUToGPUCopy:0]]
[2026.05.13-12.13.23:684][  0]LogConfig: Setting CVar [[r.Streaming.MaxNumTexturesToStreamPerFrame:0]]
[2026.05.13-12.13.23:685][  0]LogConfig: Setting CVar [[r.Streaming.Boost:1]]
[2026.05.13-12.13.23:685][  0]LogConfig: Setting CVar [[r.MaxAnisotropy:8]]
[2026.05.13-12.13.23:685][  0]LogConfig: Setting CVar [[r.VT.MaxAnisotropy:8]]
[2026.05.13-12.13.23:685][  0]LogConfig: Setting CVar [[r.Streaming.LimitPoolSizeToVRAM:0]]
[2026.05.13-12.13.23:685][  0]LogConfig: Setting CVar [[r.Streaming.PoolSize:1000]]
[2026.05.13-12.13.23:685][  0]LogConfig: Setting CVar [[r.Streaming.MaxEffectiveScreenSize:0]]
[2026.05.13-12.13.23:685][  0]LogConfig: Applying CVar settings from Section [EffectsQuality@3] File [C:/Users/kapil/OneDrive/Documents/Unreal Projects/testTP/Saved/Config/Windows/Scalability.ini]
[2026.05.13-12.13.23:685][  0]LogConfig: Setting CVar [[r.TranslucencyLightingVolumeDim:64]]
[2026.05.13-12.13.23:685][  0]LogConfig: Setting CVar [[r.RefractionQuality:2]]
[2026.05.13-12.13.23:685][  0]LogConfig: Setting CVar [[r.SSR.Quality:3]]
[2026.05.13-12.13.23:685][  0]LogConfig: Setting CVar [[r.SSR.HalfResSceneColor:0]]
[2026.05.13-12.13.23:685][  0]LogConfig: Setting CVar [[r.SceneColorFormat:4]]
[2026.05.13-12.13.23:685][  0]LogConfig: Setting CVar [[r.DetailMode:2]]
[2026.05.13-12.13.23:685][  0]LogConfig: Setting CVar [[r.TranslucencyVolumeBlur:1]]
[2026.05.13-12.13.23:685][  0]LogConfig: Setting CVar [[r.MaterialQualityLevel:1 ; High quality]]
[2026.05.13-12.13.23:685][  0]LogConfig: Setting CVar [[r.AnisotropicMaterials:1]]
[2026.05.13-12.13.23:685][  0]LogConfig: Setting CVar [[r.SSS.Scale:1]]
[2026.05.13-12.13.23:685][  0]LogConfig: Setting CVar [[r.SSS.SampleSet:2]]
[2026.05.13-12.13.23:685][  0]LogConfig: Setting CVar [[r.SSS.Quality:1]]
[2026.05.13-12.13.23:685][  0]LogConfig: Setting CVar [[r.SSS.HalfRes:0]]
[2026.05.13-12.13.23:685][  0]LogConfig: Setting CVar [[r.SSGI.Quality:3]]
[2026.05.13-12.13.23:685][  0]LogConfig: Setting CVar [[r.EmitterSpawnRateScale:1.0]]
[2026.05.13-12.13.23:685][  0]LogConfig: Setting CVar [[r.ParticleLightQuality:2]]
[2026.05.13-12.13.23:685][  0]LogConfig: Setting CVar [[r.SkyAtmosphere.AerialPerspectiveLUT.FastApplyOnOpaque:1 ; Always have FastSkyLUT 1 in this case to avoid wrong sky]]
[2026.05.13-12.13.23:685][  0]LogConfig: Setting CVar [[r.SkyAtmosphere.AerialPerspectiveLUT.SampleCountMaxPerSlice:4]]
[2026.05.13-12.13.23:685][  0]LogConfig: Setting CVar [[r.SkyAtmosphere.AerialPerspectiveLUT.DepthResolution:16.0]]
[2026.05.13-12.13.23:685][  0]LogConfig: Setting CVar [[r.SkyAtmosphere.FastSkyLUT:1]]
[2026.05.13-12.13.23:685][  0]LogConfig: Setting CVar [[r.SkyAtmosphere.FastSkyLUT.SampleCountMin:4.0]]
[2026.05.13-12.13.23:685][  0]LogConfig: Setting CVar [[r.SkyAtmosphere.FastSkyLUT.SampleCountMax:128.0]]
[2026.05.13-12.13.23:685][  0]LogConfig: Setting CVar [[r.SkyAtmosphere.SampleCountMin:4.0]]
[2026.05.13-12.13.23:685][  0]LogConfig: Setting CVar [[r.SkyAtmosphere.SampleCountMax:128.0]]
[2026.05.13-12.13.23:685][  0]LogConfig: Setting CVar [[r.SkyAtmosphere.TransmittanceLUT.UseSmallFormat:0]]
[2026.05.13-12.13.23:685][  0]LogConfig: Setting CVar [[r.SkyAtmosphere.TransmittanceLUT.SampleCount:10.0]]
[2026.05.13-12.13.23:686][  0]LogConfig: Setting CVar [[r.SkyAtmosphere.MultiScatteringLUT.SampleCount:15.0]]
[2026.05.13-12.13.23:686][  0]LogConfig: Setting CVar [[r.SkyLight.RealTimeReflectionCapture:1]]
[2026.05.13-12.13.23:686][  0]LogConfig: Applying CVar settings from Section [FoliageQuality@3] File [C:/Users/kapil/OneDrive/Documents/Unreal Projects/testTP/Saved/Config/Windows/Scalability.ini]
[2026.05.13-12.13.23:686][  0]LogConfig: Setting CVar [[foliage.DensityScale:1.0]]
[2026.05.13-12.13.23:686][  0]LogConfig: Setting CVar [[grass.DensityScale:1.0]]
[2026.05.13-12.13.23:686][  0]LogConfig: Applying CVar settings from Section [ShadingQuality@3] File [C:/Users/kapil/OneDrive/Documents/Unreal Projects/testTP/Saved/Config/Windows/Scalability.ini]
[2026.05.13-12.13.23:686][  0]LogConfig: Setting CVar [[r.HairStrands.SkyLighting.IntegrationType:2]]
[2026.05.13-12.13.23:686][  0]LogConfig: Setting CVar [[r.HairStrands.SkyAO.SampleCount:4]]
[2026.05.13-12.13.23:686][  0]LogConfig: Setting CVar [[r.HairStrands.Visibility.MSAA.SamplePerPixel:4]]
[2026.05.13-12.13.23:686][  0]LogInit: Selected Device Profile: [Windows]
[2026.05.13-12.13.23:686][  0]LogInit: Applying CVar settings loaded from the selected device profile: [Windows]
[2026.05.13-12.13.23:687][  0]LogHAL: Display: Platform has ~ 16 GB [16849256448 / 17179869184 / 16], which maps to Larger [LargestMinGB=32, LargerMinGB=12, DefaultMinGB=8, SmallerMinGB=6, SmallestMinGB=0)
[2026.05.13-12.13.23:687][  0]LogInit: Going up to parent DeviceProfile []
[2026.05.13-12.13.23:687][  0]LogConfig: Applying CVar settings from Section [ViewDistanceQuality@3] File [C:/Users/kapil/OneDrive/Documents/Unreal Projects/testTP/Saved/Config/Windows/Scalability.ini]
[2026.05.13-12.13.23:687][  0]LogConfig: Setting CVar [[r.SkeletalMeshLODBias:0]]
[2026.05.13-12.13.23:687][  0]LogConfig: Setting CVar [[r.ViewDistanceScale:1.0]]
[2026.05.13-12.13.23:687][  0]LogConfig: Applying CVar settings from Section [AntiAliasingQuality@3] File [C:/Users/kapil/OneDrive/Documents/Unreal Projects/testTP/Saved/Config/Windows/Scalability.ini]
[2026.05.13-12.13.23:687][  0]LogConfig: Setting CVar [[r.PostProcessAAQuality:4]]
[2026.05.13-12.13.23:687][  0]LogConfig: Applying CVar settings from Section [ShadowQuality@3] File [C:/Users/kapil/OneDrive/Documents/Unreal Projects/testTP/Saved/Config/Windows/Scalability.ini]
[2026.05.13-12.13.23:687][  0]LogConfig: Setting CVar [[r.LightFunctionQuality:1]]
[2026.05.13-12.13.23:687][  0]LogConfig: Setting CVar [[r.ShadowQuality:5]]
[2026.05.13-12.13.23:688][  0]LogConfig: Setting CVar [[r.Shadow.CSM.MaxCascades:10]]
[2026.05.13-12.13.23:688][  0]LogConfig: Setting CVar [[r.Shadow.MaxResolution:2048]]
[2026.05.13-12.13.23:688][  0]LogConfig: Setting CVar [[r.Shadow.MaxCSMResolution:2048]]
[2026.05.13-12.13.23:688][  0]LogConfig: Setting CVar [[r.Shadow.RadiusThreshold:0.01]]
[2026.05.13-12.13.23:688][  0]LogConfig: Setting CVar [[r.Shadow.DistanceScale:1.0]]
[2026.05.13-12.13.23:688][  0]LogConfig: Setting CVar [[r.Shadow.CSM.TransitionScale:1.0]]
[2026.05.13-12.13.23:688][  0]LogConfig: Setting CVar [[r.Shadow.PreShadowResolutionFactor:1.0]]
[2026.05.13-12.13.23:688][  0]LogConfig: Setting CVar [[r.DistanceFieldShadowing:1]]
[2026.05.13-12.13.23:688][  0]LogConfig: Setting CVar [[r.DistanceFieldAO:1]]
[2026.05.13-12.13.23:688][  0]LogConfig: Setting CVar [[r.AOQuality:2]]
[2026.05.13-12.13.23:689][  0]LogConfig: Setting CVar [[r.VolumetricFog:1]]
[2026.05.13-12.13.23:689][  0]LogConfig: Setting CVar [[r.VolumetricFog.GridPixelSize:8]]
[2026.05.13-12.13.23:689][  0]LogConfig: Setting CVar [[r.VolumetricFog.GridSizeZ:128]]
[2026.05.13-12.13.23:689][  0]LogConfig: Setting CVar [[r.VolumetricFog.HistoryMissSupersampleCount:4]]
[2026.05.13-12.13.23:689][  0]LogConfig: Setting CVar [[r.LightMaxDrawDistanceScale:1]]
[2026.05.13-12.13.23:689][  0]LogConfig: Setting CVar [[r.CapsuleShadows:1]]
[2026.05.13-12.13.23:689][  0]LogConfig: Applying CVar settings from Section [PostProcessQuality@3] File [C:/Users/kapil/OneDrive/Documents/Unreal Projects/testTP/Saved/Config/Windows/Scalability.ini]
[2026.05.13-12.13.23:690][  0]LogConfig: Setting CVar [[r.MotionBlurQuality:4]]
[2026.05.13-12.13.23:690][  0]LogConfig: Setting CVar [[r.AmbientOcclusionMipLevelFactor:0.4]]
[2026.05.13-12.13.23:690][  0]LogConfig: Setting CVar [[r.AmbientOcclusionMaxQuality:100]]
[2026.05.13-12.13.23:690][  0]LogConfig: Setting CVar [[r.AmbientOcclusionLevels:-1]]
[2026.05.13-12.13.23:690][  0]LogConfig: Setting CVar [[r.AmbientOcclusionRadiusScale:1.0]]
[2026.05.13-12.13.23:690][  0]LogConfig: Setting CVar [[r.DepthOfFieldQuality:2]]
[2026.05.13-12.13.23:690][  0]LogConfig: Setting CVar [[r.RenderTargetPoolMin:400]]
[2026.05.13-12.13.23:690][  0]LogConfig: Setting CVar [[r.LensFlareQuality:2]]
[2026.05.13-12.13.23:690][  0]LogConfig: Setting CVar [[r.SceneColorFringeQuality:1]]
[2026.05.13-12.13.23:690][  0]LogConfig: Setting CVar [[r.EyeAdaptationQuality:2]]
[2026.05.13-12.13.23:690][  0]LogConfig: Setting CVar [[r.BloomQuality:5]]
[2026.05.13-12.13.23:690][  0]LogConfig: Setting CVar [[r.FastBlurThreshold:100]]
[2026.05.13-12.13.23:690][  0]LogConfig: Setting CVar [[r.Upscale.Quality:3]]
[2026.05.13-12.13.23:690][  0]LogConfig: Setting CVar [[r.Tonemapper.GrainQuantization:1]]
[2026.05.13-12.13.23:690][  0]LogConfig: Setting CVar [[r.LightShaftQuality:1]]
[2026.05.13-12.13.23:690][  0]LogConfig: Setting CVar [[r.Filter.SizeScale:1]]
[2026.05.13-12.13.23:690][  0]LogConfig: Setting CVar [[r.Tonemapper.Quality:5]]
[2026.05.13-12.13.23:690][  0]LogConfig: Setting CVar [[r.DOF.Gather.AccumulatorQuality:1        ; higher gathering accumulator quality]]
[2026.05.13-12.13.23:691][  0]LogConfig: Setting CVar [[r.DOF.Gather.PostfilterMethod:1          ; Median3x3 postfilering method]]
[2026.05.13-12.13.23:691][  0]LogConfig: Setting CVar [[r.DOF.Gather.EnableBokehSettings:0       ; no bokeh simulation when gathering]]
[2026.05.13-12.13.23:691][  0]LogConfig: Setting CVar [[r.DOF.Gather.RingCount:4                 ; medium number of samples when gathering]]
[2026.05.13-12.13.23:691][  0]LogConfig: Setting CVar [[r.DOF.Scatter.ForegroundCompositing:1    ; additive foreground scattering]]
[2026.05.13-12.13.23:691][  0]LogConfig: Setting CVar [[r.DOF.Scatter.BackgroundCompositing:2    ; additive background scattering]]
[2026.05.13-12.13.23:691][  0]LogConfig: Setting CVar [[r.DOF.Scatter.EnableBokehSettings:1      ; bokeh simulation when scattering]]
[2026.05.13-12.13.23:691][  0]LogConfig: Setting CVar [[r.DOF.Scatter.MaxSpriteRatio:0.1         ; only a maximum of 10% of scattered bokeh]]
[2026.05.13-12.13.23:691][  0]LogConfig: Setting CVar [[r.DOF.Recombine.Quality:1                ; cheap slight out of focus]]
[2026.05.13-12.13.23:691][  0]LogConfig: Setting CVar [[r.DOF.Recombine.EnableBokehSettings:0    ; no bokeh simulation on slight out of focus]]
[2026.05.13-12.13.23:691][  0]LogConfig: Setting CVar [[r.DOF.TemporalAAQuality:1                ; more stable temporal accumulation]]
[2026.05.13-12.13.23:691][  0]LogConfig: Setting CVar [[r.DOF.Kernel.MaxForegroundRadius:0.025]]
[2026.05.13-12.13.23:691][  0]LogConfig: Setting CVar [[r.DOF.Kernel.MaxBackgroundRadius:0.025]]
[2026.05.13-12.13.23:691][  0]LogConfig: Applying CVar settings from Section [TextureQuality@3] File [C:/Users/kapil/OneDrive/Documents/Unreal Projects/testTP/Saved/Config/Windows/Scalability.ini]
[2026.05.13-12.13.23:691][  0]LogConfig: Setting CVar [[r.Streaming.MipBias:0]]
[2026.05.13-12.13.23:691][  0]LogConfig: Setting CVar [[r.Streaming.AmortizeCPUToGPUCopy:0]]
[2026.05.13-12.13.23:691][  0]LogConfig: Setting CVar [[r.Streaming.MaxNumTexturesToStreamPerFrame:0]]
[2026.05.13-12.13.23:691][  0]LogConfig: Setting CVar [[r.Streaming.Boost:1]]
[2026.05.13-12.13.23:691][  0]LogConfig: Setting CVar [[r.MaxAnisotropy:8]]
[2026.05.13-12.13.23:692][  0]LogConfig: Setting CVar [[r.VT.MaxAnisotropy:8]]
[2026.05.13-12.13.23:692][  0]LogConfig: Setting CVar [[r.Streaming.LimitPoolSizeToVRAM:0]]
[2026.05.13-12.13.23:692][  0]LogConfig: Setting CVar [[r.Streaming.PoolSize:1000]]
[2026.05.13-12.13.23:692][  0]LogConfig: Setting CVar [[r.Streaming.MaxEffectiveScreenSize:0]]
[2026.05.13-12.13.23:692][  0]LogConfig: Applying CVar settings from Section [EffectsQuality@3] File [C:/Users/kapil/OneDrive/Documents/Unreal Projects/testTP/Saved/Config/Windows/Scalability.ini]
[2026.05.13-12.13.23:692][  0]LogConfig: Setting CVar [[r.TranslucencyLightingVolumeDim:64]]
[2026.05.13-12.13.23:692][  0]LogConfig: Setting CVar [[r.RefractionQuality:2]]
[2026.05.13-12.13.23:692][  0]LogConfig: Setting CVar [[r.SSR.Quality:3]]
[2026.05.13-12.13.23:692][  0]LogConfig: Setting CVar [[r.SSR.HalfResSceneColor:0]]
[2026.05.13-12.13.23:692][  0]LogConfig: Setting CVar [[r.SceneColorFormat:4]]
[2026.05.13-12.13.23:692][  0]LogConfig: Setting CVar [[r.DetailMode:2]]
[2026.05.13-12.13.23:692][  0]LogConfig: Setting CVar [[r.TranslucencyVolumeBlur:1]]
[2026.05.13-12.13.23:692][  0]LogConfig: Setting CVar [[r.MaterialQualityLevel:1 ; High quality]]
[2026.05.13-12.13.23:692][  0]LogConfig: Setting CVar [[r.AnisotropicMaterials:1]]
[2026.05.13-12.13.23:692][  0]LogConfig: Setting CVar [[r.SSS.Scale:1]]
[2026.05.13-12.13.23:692][  0]LogConfig: Setting CVar [[r.SSS.SampleSet:2]]
[2026.05.13-12.13.23:692][  0]LogConfig: Setting CVar [[r.SSS.Quality:1]]
[2026.05.13-12.13.23:693][  0]LogConfig: Setting CVar [[r.SSS.HalfRes:0]]
[2026.05.13-12.13.23:693][  0]LogConfig: Setting CVar [[r.SSGI.Quality:3]]
[2026.05.13-12.13.23:693][  0]LogConfig: Setting CVar [[r.EmitterSpawnRateScale:1.0]]
[2026.05.13-12.13.23:693][  0]LogConfig: Setting CVar [[r.ParticleLightQuality:2]]
[2026.05.13-12.13.23:693][  0]LogConfig: Setting CVar [[r.SkyAtmosphere.AerialPerspectiveLUT.FastApplyOnOpaque:1 ; Always have FastSkyLUT 1 in this case to avoid wrong sky]]
[2026.05.13-12.13.23:693][  0]LogConfig: Setting CVar [[r.SkyAtmosphere.AerialPerspectiveLUT.SampleCountMaxPerSlice:4]]
[2026.05.13-12.13.23:693][  0]LogConfig: Setting CVar [[r.SkyAtmosphere.AerialPerspectiveLUT.DepthResolution:16.0]]
[2026.05.13-12.13.23:693][  0]LogConfig: Setting CVar [[r.SkyAtmosphere.FastSkyLUT:1]]
[2026.05.13-12.13.23:693][  0]LogConfig: Setting CVar [[r.SkyAtmosphere.FastSkyLUT.SampleCountMin:4.0]]
[2026.05.13-12.13.23:693][  0]LogConfig: Setting CVar [[r.SkyAtmosphere.FastSkyLUT.SampleCountMax:128.0]]
[2026.05.13-12.13.23:693][  0]LogConfig: Setting CVar [[r.SkyAtmosphere.SampleCountMin:4.0]]
[2026.05.13-12.13.23:693][  0]LogConfig: Setting CVar [[r.SkyAtmosphere.SampleCountMax:128.0]]
[2026.05.13-12.13.23:693][  0]LogConfig: Setting CVar [[r.SkyAtmosphere.TransmittanceLUT.UseSmallFormat:0]]
[2026.05.13-12.13.23:693][  0]LogConfig: Setting CVar [[r.SkyAtmosphere.TransmittanceLUT.SampleCount:10.0]]
[2026.05.13-12.13.23:693][  0]LogConfig: Setting CVar [[r.SkyAtmosphere.MultiScatteringLUT.SampleCount:15.0]]
[2026.05.13-12.13.23:693][  0]LogConfig: Setting CVar [[r.SkyLight.RealTimeReflectionCapture:1]]
[2026.05.13-12.13.23:693][  0]LogConfig: Applying CVar settings from Section [FoliageQuality@3] File [C:/Users/kapil/OneDrive/Documents/Unreal Projects/testTP/Saved/Config/Windows/Scalability.ini]
[2026.05.13-12.13.23:693][  0]LogConfig: Setting CVar [[foliage.DensityScale:1.0]]
[2026.05.13-12.13.23:694][  0]LogConfig: Setting CVar [[grass.DensityScale:1.0]]
[2026.05.13-12.13.23:694][  0]LogConfig: Applying CVar settings from Section [ShadingQuality@3] File [C:/Users/kapil/OneDrive/Documents/Unreal Projects/testTP/Saved/Config/Windows/Scalability.ini]
[2026.05.13-12.13.23:694][  0]LogConfig: Setting CVar [[r.HairStrands.SkyLighting.IntegrationType:2]]
[2026.05.13-12.13.23:694][  0]LogConfig: Setting CVar [[r.HairStrands.SkyAO.SampleCount:4]]
[2026.05.13-12.13.23:694][  0]LogConfig: Setting CVar [[r.HairStrands.Visibility.MSAA.SamplePerPixel:4]]
[2026.05.13-12.13.23:694][  0]LogConfig: Applying CVar settings from Section [Startup] File [../../../Engine/Config/ConsoleVariables.ini]
[2026.05.13-12.13.23:694][  0]LogConfig: Setting CVar [[net.UseAdaptiveNetUpdateFrequency:0]]
[2026.05.13-12.13.23:694][  0]LogConfig: Setting CVar [[p.chaos.AllowCreatePhysxBodies:1]]
[2026.05.13-12.13.23:694][  0]LogConfig: Setting CVar [[fx.SkipVectorVMBackendOptimizations:1]]
[2026.05.13-12.13.23:694][  0]LogConfig: Applying CVar settings from Section [ConsoleVariables] File [C:/Users/kapil/OneDrive/Documents/Unreal Projects/testTP/Saved/Config/Windows/Engine.ini]
[2026.05.13-12.13.23:694][  0]LogConfig: Applying CVar settings from Section [ConsoleVariables] File [C:/Users/kapil/OneDrive/Documents/Unreal Projects/testTP/Saved/Config/Windows/Editor.ini]
[2026.05.13-12.13.23:695][  0]LogInit: Computer: IMMERSEDEMOM5
[2026.05.13-12.13.23:695][  0]LogInit: User: kapil
[2026.05.13-12.13.23:695][  0]LogInit: CPU Page size=4096, Cores=14
[2026.05.13-12.13.23:695][  0]LogInit: High frequency timer resolution =10.000000 MHz
[2026.05.13-12.13.23:695][  0]LogMemory: Memory total: Physical=15.7GB (16GB approx)
[2026.05.13-12.13.23:695][  0]LogMemory: Platform Memory Stats for Windows
[2026.05.13-12.13.23:695][  0]LogMemory: Process Physical Memory: 151.12 MB used, 151.12 MB peak
[2026.05.13-12.13.23:695][  0]LogMemory: Process Virtual Memory: 129.18 MB used, 129.18 MB peak
[2026.05.13-12.13.23:695][  0]LogMemory: Physical Memory: 13343.76 MB used,  2724.94 MB free, 16068.70 MB total
[2026.05.13-12.13.23:695][  0]LogMemory: Virtual Memory: 134207608.00 MB used,  10119.00 MB free, 134217728.00 MB total
[2026.05.13-12.13.23:698][  0]LogWindows: WindowsPlatformFeatures enabled
[2026.05.13-12.13.23:737][  0]LogInit: Physics initialised using underlying interface: PhysX
[2026.05.13-12.13.23:737][  0]LogInit: Using OS detected language (en-US).
[2026.05.13-12.13.23:738][  0]LogInit: Using OS detected locale (en-US).
[2026.05.13-12.13.23:741][  0]LogTextLocalizationManager: No specific localization for 'en-US' exists, so the 'en' localization will be used.
[2026.05.13-12.13.23:886][  0]LogWindowsTextInputMethodSystem: Display: IME system deactivated.
[2026.05.13-12.13.23:897][  0]LogSlate: New Slate User Created.  User Index 0, Is Virtual User: 0
[2026.05.13-12.13.23:897][  0]LogSlate: Slate User Registered.  User Index 0, Is Virtual User: 0
[2026.05.13-12.13.23:906][  0]LogD3D11RHI: Loaded GFSDK_Aftermath_Lib.x64.dll
[2026.05.13-12.13.23:949][  0]LogHMD: Failed to initialize OpenVR with code 110
[2026.05.13-12.13.23:949][  0]LogD3D11RHI: D3D11 min allowed feature level: 11_0
[2026.05.13-12.13.23:949][  0]LogD3D11RHI: D3D11 max allowed feature level: 11_0
[2026.05.13-12.13.23:949][  0]LogD3D11RHI: D3D11 adapters:
[2026.05.13-12.13.24:110][  0]LogD3D11RHI:    0. 'NVIDIA GeForce RTX 4060 Laptop GPU' (Feature Level 11_0)
[2026.05.13-12.13.24:110][  0]LogD3D11RHI:       7957/0/8034 MB DedicatedVideo/DedicatedSystem/SharedSystem, Outputs:1, VendorId:0x10de
[2026.05.13-12.13.24:138][  0]LogD3D11RHI:    1. 'Intel(R) UHD Graphics' (Feature Level 11_0)
[2026.05.13-12.13.24:138][  0]LogD3D11RHI:       128/0/8034 MB DedicatedVideo/DedicatedSystem/SharedSystem, Outputs:0, VendorId:0x8086
[2026.05.13-12.13.24:141][  0]LogD3D11RHI:    2. 'Microsoft Basic Render Driver' (Feature Level 11_0)
[2026.05.13-12.13.24:141][  0]LogD3D11RHI:       0/0/8034 MB DedicatedVideo/DedicatedSystem/SharedSystem, Outputs:0, VendorId:0x1414
[2026.05.13-12.13.24:141][  0]LogD3D11RHI: Chosen D3D11 Adapter:
[2026.05.13-12.13.24:141][  0]LogD3D11RHI:     Description : NVIDIA GeForce RTX 4060 Laptop GPU
[2026.05.13-12.13.24:141][  0]LogD3D11RHI:     VendorId    : 10de
[2026.05.13-12.13.24:141][  0]LogD3D11RHI:     DeviceId    : 28e0
[2026.05.13-12.13.24:141][  0]LogD3D11RHI:     SubSysId    : bf81028
[2026.05.13-12.13.24:141][  0]LogD3D11RHI:     Revision    : 00a1
[2026.05.13-12.13.24:141][  0]LogD3D11RHI:     DedicatedVideoMemory : 8343519232 bytes
[2026.05.13-12.13.24:141][  0]LogD3D11RHI:     DedicatedSystemMemory : 0 bytes
[2026.05.13-12.13.24:141][  0]LogD3D11RHI:     SharedSystemMemory : 8424628224 bytes
[2026.05.13-12.13.24:142][  0]LogD3D11RHI:     AdapterLuid : 0 72942
[2026.05.13-12.13.24:149][  0]LogD3D11RHI: Creating new Direct3DDevice
[2026.05.13-12.13.24:149][  0]LogD3D11RHI:     GPU DeviceId: 0x28e0 (for the marketing name, search the web for "GPU Device Id")
[2026.05.13-12.13.24:149][  0]LogWindows: EnumDisplayDevices:
[2026.05.13-12.13.24:149][  0]LogWindows:    0. 'Intel(R) UHD Graphics' (P:1 D:1)
[2026.05.13-12.13.24:149][  0]LogWindows:    1. 'Intel(R) UHD Graphics' (P:0 D:0)
[2026.05.13-12.13.24:149][  0]LogWindows:    2. 'Intel(R) UHD Graphics' (P:0 D:0)
[2026.05.13-12.13.24:150][  0]LogWindows:    3. 'Intel(R) UHD Graphics' (P:0 D:0)
[2026.05.13-12.13.24:150][  0]LogWindows:    4. 'NVIDIA GeForce RTX 4060 Laptop GPU' (P:0 D:0)
[2026.05.13-12.13.24:150][  0]LogWindows: DebugString: PrimaryIsNotTheChoosenAdapter PrimaryIsNotTheChoosenAdapter PrimaryIsNotTheChoosenAdapter PrimaryIsNotTheChoosenAdapter 
[2026.05.13-12.13.24:150][  0]LogD3D11RHI:     Adapter Name: NVIDIA GeForce RTX 4060 Laptop GPU
[2026.05.13-12.13.24:150][  0]LogD3D11RHI:   Driver Version: 581.95 (internal:32.0.15.8195, unified:581.95)
[2026.05.13-12.13.24:150][  0]LogD3D11RHI:      Driver Date: 11-18-2025
[2026.05.13-12.13.24:150][  0]LogRHI: Texture pool is 5569 MB (70% of 7957 MB)
[2026.05.13-12.13.24:150][  0]LogD3D11RHI: Creating D3DDevice using adapter:
[2026.05.13-12.13.24:150][  0]LogD3D11RHI:     Description : NVIDIA GeForce RTX 4060 Laptop GPU
[2026.05.13-12.13.24:150][  0]LogD3D11RHI:     VendorId    : 10de
[2026.05.13-12.13.24:150][  0]LogD3D11RHI:     DeviceId    : 28e0
[2026.05.13-12.13.24:150][  0]LogD3D11RHI:     SubSysId    : bf81028
[2026.05.13-12.13.24:150][  0]LogD3D11RHI:     Revision    : 00a1
[2026.05.13-12.13.24:150][  0]LogD3D11RHI:     DedicatedVideoMemory : 8343519232 bytes
[2026.05.13-12.13.24:150][  0]LogD3D11RHI:     DedicatedSystemMemory : 0 bytes
[2026.05.13-12.13.24:150][  0]LogD3D11RHI:     SharedSystemMemory : 8424628224 bytes
[2026.05.13-12.13.24:150][  0]LogD3D11RHI:     AdapterLuid : 0 72942
[2026.05.13-12.13.24:262][  0]LogD3D11RHI: RHI has support for 64 bit atomics
[2026.05.13-12.13.24:263][  0]LogD3D11RHI: Async texture creation enabled
[2026.05.13-12.13.24:263][  0]LogD3D11RHI: Array index from any shader is supported
[2026.05.13-12.13.24:274][  0]LogD3D11RHI: GPU Timing Frequency: 1000.000000 (Debug: 2 1)
[2026.05.13-12.13.24:300][  0]LogRHI: GeForceNow SDK initialized: 1
[2026.05.13-12.13.24:535][  0]LogTargetPlatformManager: Display: Loaded TargetPlatform 'WindowsNoEditor'
[2026.05.13-12.13.24:538][  0]LogTargetPlatformManager: Display: Loaded TargetPlatform 'Windows'
[2026.05.13-12.13.24:543][  0]LogTargetPlatformManager: Display: Loaded TargetPlatform 'WindowsClient'
[2026.05.13-12.13.24:546][  0]LogTargetPlatformManager: Display: Loaded TargetPlatform 'WindowsServer'
[2026.05.13-12.13.24:546][  0]LogTargetPlatformManager: Display: Building Assets For Windows
[2026.05.13-12.13.24:551][  0]LogAudioDebug: Display: Lib vorbis DLL was dynamically loaded.
[2026.05.13-12.13.24:576][  0]LogTextureFormatOodle: Display: Oodle Texture 2.9.0 init RDO Off
[2026.05.13-12.13.24:602][  0]LogRendererCore: Ray tracing is disabled. Reason: r.RayTracing=0.
[2026.05.13-12.13.24:603][  0]LogShaderCompilers: Guid format shader working directory is -26 characters bigger than the processId version (../../../../../../Users/kapil/OneDrive/Documents/Unreal Projects/testTP/Intermediate/Shaders/WorkingDirectory/10072/).
[2026.05.13-12.13.24:603][  0]LogShaderCompilers: Cleaned the shader compiler working directory 'C:/Users/kapil/AppData/Local/Temp/UnrealShaderWorkingDir/4E1DB0EF40ED451E8118D9A8FEADA043/'.
[2026.05.13-12.13.24:603][  0]LogXGEController: Cannot use XGE Controller as Incredibuild is not installed on this machine.
[2026.05.13-12.13.24:603][  0]LogShaderCompilers: Cannot use XGE Shader Compiler as Incredibuild is not installed on this machine.
[2026.05.13-12.13.24:603][  0]LogShaderCompilers: Display: Using Local Shader Compiler.
[2026.05.13-12.13.25:145][  0]LogDerivedDataCache: Display: Max Cache Size: 512 MB
[2026.05.13-12.13.25:209][  0]LogDerivedDataCache: Loaded boot cache 0.06s 78MB C:/Users/kapil/AppData/Local/UnrealEngine/4.27/DerivedDataCache/Boot.ddc.
[2026.05.13-12.13.25:209][  0]LogDerivedDataCache: Display: Loaded Boot cache: C:/Users/kapil/AppData/Local/UnrealEngine/4.27/DerivedDataCache/Boot.ddc
[2026.05.13-12.13.25:209][  0]LogDerivedDataCache: FDerivedDataBackendGraph:  Pak pak cache file ../../../../../../Users/kapil/OneDrive/Documents/Unreal Projects/testTP/DerivedDataCache/DDC.ddp not found, will not use a pak cache.
[2026.05.13-12.13.25:209][  0]LogDerivedDataCache: Unable to find inner node Pak for hierarchical cache Hierarchy.
[2026.05.13-12.13.25:209][  0]LogDerivedDataCache: FDerivedDataBackendGraph:  CompressedPak pak cache file ../../../../../../Users/kapil/OneDrive/Documents/Unreal Projects/testTP/DerivedDataCache/Compressed.ddp not found, will not use a pak cache.
[2026.05.13-12.13.25:210][  0]LogDerivedDataCache: Unable to find inner node CompressedPak for hierarchical cache Hierarchy.
[2026.05.13-12.13.25:222][  0]LogDerivedDataCache: Display: Pak cache opened for reading ../../../Engine/DerivedDataCache/Compressed.ddp.
[2026.05.13-12.13.25:222][  0]LogDerivedDataCache: FDerivedDataBackendGraph:  EnterprisePak pak cache file ../../../Enterprise/DerivedDataCache/Compressed.ddp not found, will not use a pak cache.
[2026.05.13-12.13.25:222][  0]LogDerivedDataCache: Unable to find inner node EnterprisePak for hierarchical cache Hierarchy.
[2026.05.13-12.13.25:229][  0]LogDerivedDataCache: Speed tests for C:/Users/kapil/AppData/Local/UnrealEngine/Common/DerivedDataCache took 0.01 seconds
[2026.05.13-12.13.25:229][  0]LogDerivedDataCache: Display: Performance to C:/Users/kapil/AppData/Local/UnrealEngine/Common/DerivedDataCache: Latency=0.02ms. RandomReadSpeed=1477.34MBs, RandomWriteSpeed=165.27MBs. Assigned SpeedClass 'Local'
[2026.05.13-12.13.25:230][  0]LogDerivedDataCache: Using Local data cache path C:/Users/kapil/AppData/Local/UnrealEngine/Common/DerivedDataCache: Writable
[2026.05.13-12.13.25:230][  0]LogDerivedDataCache: Shared data cache path not found in *engine.ini, will not use an Shared cache.
[2026.05.13-12.13.25:230][  0]LogDerivedDataCache: Unable to find inner node Shared for hierarchical cache Hierarchy.
[2026.05.13-12.13.25:255][  0]LogSlate: Using FreeType 2.10.0
[2026.05.13-12.13.25:255][  0]LogSlate: SlateFontServices - WITH_FREETYPE: 1, WITH_HARFBUZZ: 1
[2026.05.13-12.13.25:306][  0]LogInit: Using OS detected language (en-US).
[2026.05.13-12.13.25:306][  0]LogInit: Using OS detected locale (en-US).
[2026.05.13-12.13.25:306][  0]LogTextLocalizationManager: No localization for 'en-US' exists, so 'en' will be used for the language.
[2026.05.13-12.13.25:306][  0]LogTextLocalizationManager: No localization for 'en-US' exists, so 'en' will be used for the locale.
[2026.05.13-12.13.25:306][  0]LogSlate: FontCache flush requested. Reason: Culture for localization was changed
[2026.05.13-12.13.25:306][  0]LogSlate: FontCache flush requested. Reason: Culture for localization was changed
[2026.05.13-12.13.25:308][  0]LogTextLocalizationManager: Compacting localization data took   0.01ms
[2026.05.13-12.13.25:308][  0]LogAssetRegistry: FAssetRegistry took 0.0011 seconds to start up
[2026.05.13-12.13.25:442][  0]LogPackageLocalizationCache: Processed 28 localized package path(s) for 1 prioritized culture(s) in 0.025346 seconds
[2026.05.13-12.13.25:520][  0]LogInit: Selected Device Profile: [Windows]
[2026.05.13-12.13.25:520][  0]LogInit: Active device profile: [0000011F0EE7F300][0000011F6F385900 49] Windows
[2026.05.13-12.13.25:520][  0]LogInit: Profiles: [0000011F0EE7F300][0000011F6F385900 49] Windows, [0000011F0EE34F00][0000011F6F38DA80 49] WindowsNoEditor, [0000011F0EE7CF00][0000011F6F391C00 49] WindowsServer, [0000011F0EE36A00][0000011F07D96200 49] WindowsClient, [0000011F0EE7E900][0000011F07D9A380 49] IOS, [0000011F0EE35900][0000011F07D9E500 49] iPadAir, [0000011F0EE7D800][0000011F07DA2680 49] iPadAir2, [0000011F0EDD7800][0000011F07DAA940 49] IPadPro, [0000011F0EDD7900][0000011F07DA6980 49] iPadAir3, [0000011F0EE7E200][0000011F07F0AB00 49] iPadAir4, [0000011F0EDD5400][0000011F07F0EC80 49] iPadMini2, [0000011F0EE7FC00][0000011F07F12E00 49] iPadMini3, [0000011F0EDD6400][0000011F07F16F80 49] iPadMini4, [0000011F0EE7D100][0000011F07F1B100 49] iPadMini5, [0000011F0EE27100][0000011F07F233C0 49] iPhone6, [0000011F0EE27200][0000011F07F1F400 49] iPodTouch6, [0000011F0EDD4600][0000011F07F27640 49] iPhone7, [0000011F0EDD4400][0000011F6F389680 49] iPodTouch7, [0000011F0EE25300][0000011F07F2B7C0 49] iPhone5S, [0000011F0EDD4D00][0000011F07F2F900 49] iPhone6Plus, [0000011F0EE26500][0000011F07F37A80 49] iPhone6S, [0000011F0EDD7D00][0000011F07F3BC00 49] iPhone6SPlus, [0000011F0EE27A00][0000011F07F3E200 49] iPhone7Plus, [0000011F0EDD5900][0000011F07F7E380 49] iPhoneSE, [0000011F0EE24900][0000011F07F82500 49] iPhone8, [0000011F0EDD6600][0000011F07F86680 49] iPhone8Plus, [0000011F0EE26300][0000011F07F8A800 49] iPhoneX, [0000011F0EDD6D00][0000011F07F8E980 49] iPhoneXS, [0000011F0EE27B00][0000011F07F92B00 49] iPhoneXSMax, [0000011F0EDD6A00][0000011F07F96C80 49] iPhoneXR, [0000011F0EE27700][0000011F07F9AE00 49] iPhone11, [0000011F0EDD7000][0000011F07F9EF80 49] iPhone11Pro, [0000011F0EE25500][0000011F07FA3100 49] iPhone11ProMax, [0000011F0EDD4200][0000011F07FA7280 49] iPhoneSE2, [0000011F0EE24E00][0000011F07FAB400 49] iPhone12Mini, [0000011F0EDD6100][0000011F07FAF580 49] iPhone12, [0000011F0EE27600][0000011F07F336C0 49] iPhone12Pro, [0000011F0EDD6E00][0000011F07FB3800 49] iPhone12ProMax, [0000011F0EE24A00][0000011F07FB7940 49] iPadPro105, [0000011F0EDD5300][0000011F07FBBA80 49] iPadPro129, [0000011F0EE25100][0000011F07FC3C00 49] iPadPro97, [0000011F0EDD7500][0000011F07FC6200 49] iPadPro2_129, [0000011F0EE26C00][0000011F0F490380 49] iPad5, [0000011F0EDD4900][0000011F0F494500 49] iPad6, [0000011F0EE25800][0000011F0F498680 49] iPad7, [0000011F0EDD5C00][0000011F0F49C800 49] iPad8, [0000011F0EE25C00][0000011F0F4A0980 49] iPadPro11, [0000011F0EDD4B00][0000011F0F4A4B00 49] iPadPro2_11, [0000011F0EE26100][0000011F0F4A8C80 49] iPadPro3_129, [0000011F0EDD6000][0000011F0F4ACE00 49] iPadPro4_129, [0000011F0EE26800][0000011F0F4B0F80 49] AppleTV, [0000011F0EDD4C00][0000011F0F4B5100 49] AppleTV4K, [0000011F0EE26F00][0000011F0F4B9280 49] TVOS, [0000011F0EDD4E00][0000011F0F4BD400 49] Mac, [0000011F0EE27C00][0000011F0F4C1580 49] MacClient, [0000011F0EDD7100][0000011F0F4C5700 49] MacNoEditor, [0000011F0EE27D00][0000011F0F4C9880 49] MacServer, [0000011F0EDD4300][0000011F07FBF9C0 49] Linux, [0000011F0EE25600][0000011F0F4CDB00 49] LinuxAArch64, [0000011F0EDD5100][0000011F0F4D00C0 49] LinuxNoEditor, [0000011F0EE36500][0000011F0F4D8240 49] LinuxAArch64NoEditor, [0000011F0EEC2000][0000011F0F4DC3C0 49] LinuxClient, [0000011F0EE35A00][0000011F0F4E0540 49] LinuxAArch64Client, [0000011F0EEC1B00][0000011F0F4E46C0 49] LinuxServer, [0000011F0EE36D00][0000011F0F4E8840 49] LinuxAArch64Server, [0000011F0EEC0300][0000011F0F4EC9C0 49] Android, [0000011F0EE36300][0000011F0F4F0B40 49] Android_Low, [0000011F0EEC1C00][0000011F0F4F4CC0 49] Android_Mid, [0000011F0EE35700][0000011F0F4F8E40 49] Android_High, [0000011F0EEC0800][0000011F0F4FCFC0 49] Android_Default, [0000011F0EE37200][0000011F0F501140 49] Android_Adreno4xx, [0000011F0EEC1700][0000011F0F5052C0 49] Android_Adreno5xx_Low, [0000011F0EE36800][0000011F0F509440 49] Android_Adreno5xx, [0000011F0EEC2100][0000011F0F50D5C0 49] Android_Adreno6xx, [0000011F0EE34D00][0000011F0F511740 49] Android_Adreno6xx_Vulkan, [0000011F0EEC2600][0000011F0F5158C0 49] Android_Mali_T6xx, [0000011F0EE36C00][0000011F0F519A40 49] Android_Mali_T7xx, [0000011F0EEC1D00][0000011F0F4D5B80 49] Android_Mali_T8xx, [0000011F0EE34500][0000011F0F51C140 49] Android_Mali_G71, [0000011F0EEC0100][0000011F0F520280 49] Android_Mali_G72, [0000011F0EDD5600][0000011F0F5243C0 49] Android_Mali_G72_Vulkan, [0000011F0EE24F00][0000011F0F52C540 49] Android_Mali_G76, [0000011F0EDD5000][0000011F0F5306C0 49] Android_Mali_G76_Vulkan, [0000011F0EE25B00][0000011F0F534840 49] Android_Mali_G77, [0000011F0EDD7E00][0000011F0F5389C0 49] Android_Mali_G77_Vulkan, [0000011F0EE24700][0000011F0F53CB40 49] Android_Mali_G78, [0000011F0EDD4700][0000011F0F540CC0 49] Android_Mali_G78_Vulkan, [0000011F0EEC0F00][0000011F0F544E40 49] Android_Mali_G710, [0000011F0EDD6200][0000011F0F548FC0 49] Android_Mali_G710_Vulkan, [0000011F0EEC0D00][0000011F0F54D140 49] Android_Vulkan_SM5, [0000011F0EDD7600][0000011F0F5512C0 49] Android_PowerVR_G6xxx, [0000011F0EEC2500][0000011F0F555440 49] Android_PowerVR_GT7xxx, [0000011F0EDD7400][0000011F0F5595C0 49] Android_PowerVR_GE8xxx, [0000011F0EEC1300][0000011F0F55D740 49] Android_PowerVR_GM9xxx, [0000011F0EDD6700][0000011F0F5618C0 49] Android_PowerVR_GM9xxx_Vulkan, [0000011F0EEC1500][0000011F0F565A40 49] Android_TegraK1, [0000011F0EDD5700][0000011F0F569BC0 49] Android_Unknown_Vulkan, [0000011F0EEC0600][0000011F0F528180 49] Lumin, [0000011F0EDD5800][0000011F0F56C2C0 49] Lumin_Desktop, [0000011F0EEC0B00][0000011F0F570400 49] HoloLens, 
[2026.05.13-12.13.25:568][  0]LogMeshReduction: Using QuadricMeshReduction for automatic static mesh reduction
[2026.05.13-12.13.25:568][  0]LogMeshReduction: Using SimplygonMeshReduction for automatic skeletal mesh reduction
[2026.05.13-12.13.25:568][  0]LogMeshReduction: Using ProxyLODMeshReduction for automatic mesh merging
[2026.05.13-12.13.25:568][  0]LogMeshReduction: No distributed automatic mesh merging module available
[2026.05.13-12.13.25:568][  0]LogMeshMerging: No distributed automatic mesh merging module available
[2026.05.13-12.13.25:683][  0]LogNetVersion: testTP 1.0.0, NetCL: 17155196, EngineNetVer: 17, GameNetVer: 0 (Checksum: 3966549976)
[2026.05.13-12.13.25:973][  0]LogTexture: Default maximum texture size for cubemaps generated from long-lat sources has been changed from 512 to unlimited. In order to preserve old behaiour for '/Engine/MapTemplates/Sky/DaylightAmbientCubemap.DaylightAmbientCubemap', its maximum texture size has been explicitly set to 512.
[2026.05.13-12.13.26:095][  0]LogHMD: PokeAHoleMaterial loaded successfully
[2026.05.13-12.13.26:215][  0]LogMoviePlayer: Initializing movie player
[2026.05.13-12.13.26:297][  0]LogNiagaraDebuggerClient: Niagara Debugger Client Initialized | Session: DF1B4F2841DEB83CAF56C58FED5FBC7D | Instance: 2AEEA10B4D7054C62F3A049C49A5FC8E (IMMERSEDEMOM5-10072).
[2026.05.13-12.13.26:321][  0]LogCollectionManager: Loaded 0 collections in 0.001855 seconds
[2026.05.13-12.13.26:325][  0]LogFileCache: Scanning file cache for directory 'C:/Users/kapil/OneDrive/Documents/Unreal Projects/testTP/Saved/Collections/' took 0.00s
[2026.05.13-12.13.26:325][  0]LogFileCache: Scanning file cache for directory 'C:/Users/kapil/OneDrive/Documents/Unreal Projects/testTP/Content/Developers/kapil/Collections/' took 0.00s
[2026.05.13-12.13.26:326][  0]LogFileCache: Scanning file cache for directory 'C:/Users/kapil/OneDrive/Documents/Unreal Projects/testTP/Content/Collections/' took 0.00s
[2026.05.13-12.13.26:326][  0]LogCollectionManager: Fixed up redirectors for 0 collections in 0.000003 seconds (updated 0 objects)
[2026.05.13-12.13.26:465][  0]LogPython: Using Python 3.7.7
[2026.05.13-12.13.27:089][  0]LogAkAudio: Wwise(R) SDK Version 2019.2.15 Build 7667. Copyright (c) 2006-2019 Audiokinetic Inc.
[2026.05.13-12.13.27:090][  0]LogAkAudio: Wwise plug-in DLL path: C:/Users/kapil/OneDrive/Documents/Unreal Projects/testTP/Plugins/Wwise/ThirdParty/x64_vc150/Profile/bin/
[2026.05.13-12.13.27:091][  0]LogAkAudio: Wwise remote connection application name: testTP
[2026.05.13-12.13.27:091][  0]LogAkAudio: Wwise successfully initialized.
[2026.05.13-12.13.27:105][  0]LogAkAudio: Initialization complete.
[2026.05.13-12.13.27:105][  0]LogInit: Audiokinetic Audio Device initialized.
[2026.05.13-12.13.27:211][  0]SourceControl: Source control is disabled
[2026.05.13-12.13.27:211][  0]SourceControl: Source control is disabled
[2026.05.13-12.13.27:214][  0]SourceControl: Source control is disabled
[2026.05.13-12.13.27:217][  0]LogUProjectInfo: Found projects:
[2026.05.13-12.13.27:288][  0]LogAndroidPermission: UAndroidPermissionCallbackProxy::GetInstance
[2026.05.13-12.13.27:359][  0]LogAudioCaptureCore: Display: No Audio Capture implementations found. Audio input will be silent.
[2026.05.13-12.13.27:359][  0]LogAudioCaptureCore: Display: No Audio Capture implementations found. Audio input will be silent.
[2026.05.13-12.13.27:383][  0]LogOpenImageDenoise: OIDN starting up
[2026.05.13-12.13.27:430][  0]LogOcInput: OculusInput pre-init called
[2026.05.13-12.13.27:441][  0]LogUObjectArray: 22857 objects as part of root set at end of initial load.
[2026.05.13-12.13.27:441][  0]LogUObjectAllocator: 6232704 out of 0 bytes used by permanent object pool.
[2026.05.13-12.13.27:441][  0]LogUObjectArray: CloseDisregardForGC: 0/0 objects in disregard for GC pool
[2026.05.13-12.13.27:500][  0]LogClass: Display: EnumProperty FAkExternalSourceInfo::CodecID is not initialized properly. Module:AkAudio File:Classes/AkGameplayTypes.h
[2026.05.13-12.13.27:500][  0]LogClass: Warning: ObjectProperty FAkExternalSourceInfo::ExternalSourceAsset is not initialized properly. Module:AkAudio File:Classes/AkGameplayTypes.h
[2026.05.13-12.13.27:500][  0]LogClass: Display: IntProperty FAkChannelMask::ChannelMask is not initialized properly. Module:AkAudio File:Classes/AkGameplayTypes.h
[2026.05.13-12.13.27:500][  0]LogClass: Display: BoolProperty FAkPS5AdvancedInitializationSettings::bVorbisHwAcceleration is not initialized properly. Module:AkAudio File:Classes/Platforms/AkPlatform_Pellegrino/AkPS5InitializationSettings.h
[2026.05.13-12.13.27:500][  0]LogClass: Display: 4 Uninitialized script struct members found including 1 object properties
[2026.05.13-12.13.27:501][  0]LogAutomationTest: Warning: ObjectProperty FAkExternalSourceInfo::ExternalSourceAsset is not initialized properly. Module:AkAudio File:Classes/AkGameplayTypes.h
[2026.05.13-12.13.27:501][  0]LogEngine: Initializing Engine...
[2026.05.13-12.13.27:505][  0]LogHMD: Failed to enumerate extensions. Please check that you have a valid OpenXR runtime installed.
[2026.05.13-12.13.27:507][  0]LogHMD: Failed to initialize OpenVR with code 110
[2026.05.13-12.13.27:507][  0]LogMagicLeap: Warning: VR disabled because ZI is not enabled.  To enable, in the editor, Edit -> Project Settings -> Plugins -> Magic Leap Plugin -> Enable Zero Iteration
[2026.05.13-12.13.27:509][  0]LogStats: UGameplayTagsManager::InitializeManager -  0.000 s
[2026.05.13-12.13.27:654][  0]LogInit: Initializing FReadOnlyCVARCache
[2026.05.13-12.13.27:655][  0]LogAudio: Display: Initializing Audio Device Manager...
[2026.05.13-12.13.27:658][  0]LogAudio: Display: Loading Default Audio Settings Objects...
[2026.05.13-12.13.27:659][  0]LogAudio: Display: No default SoundConcurrencyObject specified (or failed to load).
[2026.05.13-12.13.27:660][  0]LogAudio: Display: Audio Device Manager Initialized
[2026.05.13-12.13.27:660][  0]LogAudio: Display: Creating Audio Device:                 Id: 1, Scope: Shared, Realtime: True
[2026.05.13-12.13.27:660][  0]LogAudioMixer: Display: Audio Mixer Platform Settings:
[2026.05.13-12.13.27:660][  0]LogAudioMixer: Display: 	Sample Rate:						  48000
[2026.05.13-12.13.27:660][  0]LogAudioMixer: Display: 	Callback Buffer Frame Size Requested: 1024
[2026.05.13-12.13.27:660][  0]LogAudioMixer: Display: 	Callback Buffer Frame Size To Use:	  1024
[2026.05.13-12.13.27:660][  0]LogAudioMixer: Display: 	Number of buffers to queue:			  2
[2026.05.13-12.13.27:660][  0]LogAudioMixer: Display: 	Max Channels (voices):				  32
[2026.05.13-12.13.27:660][  0]LogAudioMixer: Display: 	Number of Async Source Workers:		  0
[2026.05.13-12.13.27:660][  0]LogAudio: Display: AudioDevice MaxSources: 32
[2026.05.13-12.13.27:661][  0]LogAudio: Display: Audio Spatialization Plugin: None (built-in).
[2026.05.13-12.13.27:661][  0]LogAudio: Display: Audio Reverb Plugin: None (built-in).
[2026.05.13-12.13.27:661][  0]LogAudio: Display: Audio Occlusion Plugin: None (built-in).
[2026.05.13-12.13.27:661][  0]LogAudioMixer: Display: Initializing audio mixer.
[2026.05.13-12.13.27:674][  0]LogAudioMixer: Display: 0: FrontLeft
[2026.05.13-12.13.27:675][  0]LogAudioMixer: Display: 1: FrontRight
[2026.05.13-12.13.27:696][  0]LogAudioMixer: Display: Using Audio Device Speakers (2- Realtek(R) Audio)
[2026.05.13-12.13.27:708][  0]LogAudioMixer: Display: Initializing Sound Submixes...
[2026.05.13-12.13.27:709][  0]LogAudioMixer: Display: Creating Master Submix 'MasterSubmixDefault'
[2026.05.13-12.13.27:709][  0]LogAudioMixer: Display: Creating Master Submix 'MasterReverbSubmixDefault'
[2026.05.13-12.13.27:710][  0]LogAudioMixer: Display: Creating Master Submix 'MasterEQSubmixDefault'
[2026.05.13-12.13.27:711][  0]LogAudioMixer: FMixerPlatformXAudio2::StartAudioStream() called
[2026.05.13-12.13.27:711][  0]LogAudioMixer: Display: Output buffers initialized: Frames=1024, Channels=2, Samples=2048
[2026.05.13-12.13.27:712][  0]LogAudioMixer: Display: Starting AudioMixerPlatformInterface::RunInternal()
[2026.05.13-12.13.27:712][  0]LogAudioMixer: Display: FMixerPlatformXAudio2::SubmitBuffer() called for the first time
[2026.05.13-12.13.27:712][  0]LogInit: FAudioDevice initialized.
[2026.05.13-12.13.27:714][  0]LogNetVersion: Set ProjectVersion to 1.0.0.0. Version Checksum will be recalculated on next use.
[2026.05.13-12.13.27:754][  0]LogDerivedDataCache: Saved boot cache 0.04s 78MB C:/Users/kapil/AppData/Local/UnrealEngine/4.27/DerivedDataCache/Boot.ddc.
[2026.05.13-12.13.27:755][  0]LogInit: Texture streaming: Enabled
[2026.05.13-12.13.27:801][  0]LogAudio: Display: Audio Device (ID: 1) registered with world 'Untitled'.
[2026.05.13-12.13.27:801][  0]LogSlate: Updating window title bar state: overlay mode, drag disabled, window buttons hidden, title bar hidden
[2026.05.13-12.13.27:812][  0]LogInit: Display: Game Engine Initialized.
[2026.05.13-12.13.27:812][  0]LogNiagaraEditor: GEditor isn't valid! Particle reset commands will not work for Niagara components!
[2026.05.13-12.13.27:893][  0]LogInit: Display: Starting Game.
[2026.05.13-12.13.27:893][  0]LogNet: Browse: /Game/ThirdPersonBP/Maps/ThirdPersonExampleMap?Name=Player
[2026.05.13-12.13.27:893][  0]LogLoad: LoadMap: /Game/ThirdPersonBP/Maps/ThirdPersonExampleMap?Name=Player
[2026.05.13-12.13.27:893][  0]LogWorld: BeginTearingDown for /Temp/Untitled_0
[2026.05.13-12.13.27:894][  0]LogWorld: UWorld::CleanupWorld for Untitled, bSessionEnded=true, bCleanupResources=true
[2026.05.13-12.13.27:894][  0]LogSlate: InvalidateAllWidgets triggered.  All widgets were invalidated
[2026.05.13-12.13.27:901][  0]LogAudio: Display: Audio Device unregistered from world 'None'.
[2026.05.13-12.13.27:903][  0]LogUObjectHash: Compacting FUObjectHashTables data took   0.49ms
[2026.05.13-12.13.28:086][  0]LogAudio: Display: Audio Device (ID: 1) registered with world 'ThirdPersonExampleMap'.
[2026.05.13-12.13.28:092][  0]LogAIModule: Creating AISystem for world ThirdPersonExampleMap
[2026.05.13-12.13.28:094][  0]LogLoad: Game class is 'ThirdPersonGameMode_C'
[2026.05.13-12.13.28:096][  0]LogWorld: Bringing World /Game/ThirdPersonBP/Maps/ThirdPersonExampleMap.ThirdPersonExampleMap up for play (max tick rate 0) at 2026.05.13-05.13.28
[2026.05.13-12.13.28:097][  0]LogWorld: Bringing up level for play took: 0.002872
[2026.05.13-12.13.28:099][  0]LogTemp: Display: [ImmerseStress] Ready. Defaults: event=SwordHits bus=7p1p4 shareset=Immerse_Audio_Renderer_(Custom)
[2026.05.13-12.13.28:099][  0]LogTemp: Display: [ImmerseStress] IMMERSE_USER_ID env=kevin_tencenttest1_emb | IMMERSE_USERID= | IMMERSE_USER=
[2026.05.13-12.13.28:099][  0]LogTemp: Display: [testTP] Auto-spawned ImmerseStressTestActor into ThirdPersonExampleMap (type=1)
[2026.05.13-12.13.28:100][  0]LogLoad: Took 0.206444 seconds to LoadMap(/Game/ThirdPersonBP/Maps/ThirdPersonExampleMap)
[2026.05.13-12.13.28:127][  0]LogSlate: Took 0.000142 seconds to synchronously load lazily loaded font '../../../Engine/Content/Slate/Fonts/Roboto-Regular.ttf' (155K)
[2026.05.13-12.13.28:147][  0]LogRenderer: Reallocating scene render targets to support 1536x864 Format 10 NumSamples 1 (Frame:1).
[2026.05.13-12.13.28:147][  0]LogInit: Display: Engine is initialized. Leaving FEngineLoop::Init()
[2026.05.13-12.13.28:148][  0]LogLoad: (Engine Initialization) Total time: 5.53 seconds
[2026.05.13-12.13.28:148][  0]LogLoad: (Engine Initialization) Total Blueprint compile time: 0.00 seconds
[2026.05.13-12.13.28:179][  0]LogContentStreaming: Texture pool size now 1000 MB
[2026.05.13-12.13.28:183][  0]LogSlate: InvalidateAllWidgets triggered.  All widgets were invalidated
[2026.05.13-12.13.28:271][  0]LogRenderer: Reallocating scene render targets to support 128x128 Format 10 NumSamples 1 (Frame:1).
[2026.05.13-12.13.28:291][  0]LogRenderer: Reallocating scene render targets to support 1536x864 Format 10 NumSamples 1 (Frame:2).
[2026.05.13-12.13.28:303][  1]LogSlate: Took 0.000151 seconds to synchronously load lazily loaded font '../../../Engine/Content/Slate/Fonts/Roboto-Regular.ttf' (155K)
[2026.05.13-12.13.30:678][115]LogTemp: Display: [ImmerseStress] REMOTE_HOLD_v1: waiting for go.flag (../../../../../../Users/kapil/OneDrive/Documents/Unreal Projects/testTP/Saved/ImmerseStress/go.flag) retry=1
[2026.05.13-12.13.35:281][233]LogAkAudio: Error: Voice Starvation
[2026.05.13-12.13.39:826][369]LogAkAudio: Error: Voice Starvation
[2026.05.13-12.13.40:203][546]LogTemp: Display: [ImmerseStress] REMOTE_HOLD_v1: waiting for go.flag (../../../../../../Users/kapil/OneDrive/Documents/Unreal Projects/testTP/Saved/ImmerseStress/go.flag) retry=20
[2026.05.13-12.13.41:062][949]LogAkAudio: Error: Voice Starvation
[2026.05.13-12.13.50:227][364]LogTemp: Display: [ImmerseStress] REMOTE_HOLD_v1: waiting for go.flag (../../../../../../Users/kapil/OneDrive/Documents/Unreal Projects/testTP/Saved/ImmerseStress/go.flag) retry=40
[2026.05.13-12.14.00:247][210]LogTemp: Display: [ImmerseStress] REMOTE_HOLD_v1: waiting for go.flag (../../../../../../Users/kapil/OneDrive/Documents/Unreal Projects/testTP/Saved/ImmerseStress/go.flag) retry=60
[2026.05.13-12.14.02:435][265]LogAkAudio: Error: Voice Starvation
[2026.05.13-12.14.02:735][408]LogAkAudio: Error: Voice Starvation
[2026.05.13-12.14.04:498][251]LogAkAudio: Error: Voice Starvation
[2026.05.13-12.14.04:800][398]LogAkAudio: Error: Voice Starvation
[2026.05.13-12.14.06:518][225]LogAkAudio: Error: Voice Starvation
[2026.05.13-12.14.06:814][369]LogAkAudio: Error: Voice Starvation
[2026.05.13-12.14.10:267][ 26]LogTemp: Display: [ImmerseStress] REMOTE_HOLD_v1: waiting for go.flag (../../../../../../Users/kapil/OneDrive/Documents/Unreal Projects/testTP/Saved/ImmerseStress/go.flag) retry=80
[2026.05.13-12.14.20:285][843]LogTemp: Display: [ImmerseStress] REMOTE_HOLD_v1: waiting for go.flag (../../../../../../Users/kapil/OneDrive/Documents/Unreal Projects/testTP/Saved/ImmerseStress/go.flag) retry=100
[2026.05.13-12.14.30:303][670]LogTemp: Display: [ImmerseStress] REMOTE_HOLD_v1: waiting for go.flag (../../../../../../Users/kapil/OneDrive/Documents/Unreal Projects/testTP/Saved/ImmerseStress/go.flag) retry=120
[2026.05.13-12.14.40:327][480]LogTemp: Display: [ImmerseStress] REMOTE_HOLD_v1: waiting for go.flag (../../../../../../Users/kapil/OneDrive/Documents/Unreal Projects/testTP/Saved/ImmerseStress/go.flag) retry=140
[2026.05.13-12.14.41:988][280]LogAkAudio: Error: Voice Starvation
[2026.05.13-12.14.42:293][425]LogAkAudio: Error: Voice Starvation
[2026.05.13-12.14.44:040][260]LogAkAudio: Error: Voice Starvation
[2026.05.13-12.14.44:336][403]LogAkAudio: Error: Voice Starvation
[2026.05.13-12.14.50:349][290]LogTemp: Display: [ImmerseStress] REMOTE_HOLD_v1: waiting for go.flag (../../../../../../Users/kapil/OneDrive/Documents/Unreal Projects/testTP/Saved/ImmerseStress/go.flag) retry=160
