[2026-05-13T04:15:14.5780706-07:00] DebugMonitor start, maxSeconds=1800
[2026-05-13T04:15:14.5805713-07:00] [pid=27484] ---> Focus Exec Name: wwise.exe has WS_OVERLAPPEDWINDOW
[2026-05-13T04:15:14.5865812-07:00] [pid=27484] ---> Focus Exec Name: wwise.exe does not has WS_OVERLAPPEDWINDOW
[2026-05-13T04:15:14.6051203-07:00] [pid=27484] ---> Focus Exec Name:  has WS_OVERLAPPEDWINDOW
[2026-05-13T04:15:14.6066249-07:00] [pid=27484] ---> Focus Exec Name: wwise.exe has WS_OVERLAPPEDWINDOW
[2026-05-13T04:15:14.6141499-07:00] [pid=27484] ---> Focus Exec Name:  has WS_OVERLAPPEDWINDOW
[2026-05-13T04:15:14.6151498-07:00] [pid=27484] ---> Focus Exec Name:  has WS_OVERLAPPEDWINDOW
[2026-05-13T04:15:14.6251777-07:00] [pid=27484] ---> Focus Exec Name: Wwise has WS_OVERLAPPEDWINDOW
[2026-05-13T04:15:14.6251777-07:00] [pid=27484] ---> Focus Exec Name: Wwise has WS_OVERLAPPEDWINDOW
[2026-05-13T04:15:14.7631318-07:00] [pid=27484] ---> Focus Exec Name: wwise.exe does not has WS_OVERLAPPEDWINDOW
[2026-05-13T04:15:14.7686429-07:00] [pid=27484] ---> Focus Exec Name: Wwise 2019.2.15  has WS_OVERLAPPEDWINDOW
[2026-05-13T04:15:14.7701479-07:00] [pid=27484] ---> Focus Exec Name: Wwise 2019.2.15  has WS_OVERLAPPEDWINDOW
[2026-05-13T04:15:14.8543979-07:00] [pid=28232] RegisterImmerseAudioRendererFX()
[2026-05-13T04:15:14.8553968-07:00] [pid=28232] <<<_____ ImmerseAudioRenderer _____>>> 
[2026-05-13T04:15:14.8553968-07:00] [pid=28232] 
[2026-05-13T04:15:14.8553968-07:00] [pid=28232] loadAndInitializeImmerseEngine
[2026-05-13T04:15:14.8654250-07:00] [pid=28232] <<<_____ ImmerseAudioRenderer _____>>> 
[2026-05-13T04:15:14.8669278-07:00] [pid=28232] 
[2026-05-13T04:15:14.8669278-07:00] [pid=28232] CreateImmerseManager
[2026-05-13T04:15:14.8924947-07:00] [pid=28232] <<<_____ ImmerseAudioRenderer _____>>> 
[2026-05-13T04:15:14.8934943-07:00] [pid=28232] 
[2026-05-13T04:15:14.8934943-07:00] [pid=28232] WwiseFxNullParams::Init()
[2026-05-13T04:15:14.8934943-07:00] [pid=28232] <<<_____ ImmerseAudioRenderer _____>>> 
[2026-05-13T04:15:14.8934943-07:00] [pid=28232] 
[2026-05-13T04:15:14.8934943-07:00] [pid=28232] WwiseFxNullParams::SetParam()
[2026-05-13T04:15:14.8934943-07:00] [pid=28232] <<<_____ ImmerseAudioRenderer _____>>> 
[2026-05-13T04:15:14.8934943-07:00] [pid=28232] 
[2026-05-13T04:15:14.8934943-07:00] [pid=28232] WwiseFxNullParams::SetParam()
[2026-05-13T04:15:14.8934943-07:00] [pid=28232] <<<_____ ImmerseAudioRenderer _____>>> 
[2026-05-13T04:15:14.8944933-07:00] [pid=28232] 
[2026-05-13T04:15:14.8944933-07:00] [pid=28232] WwiseFxNullParams::SetParam()
[2026-05-13T04:15:14.8944933-07:00] [pid=28232] <<<_____ ImmerseAudioRenderer _____>>> 
[2026-05-13T04:15:14.8944933-07:00] [pid=28232] 
[2026-05-13T04:15:14.8944933-07:00] [pid=28232] WwiseFxNullParams::SetParam()
[2026-05-13T04:15:14.8944933-07:00] [pid=28232] <<<_____ ImmerseAudioRenderer _____>>> 
[2026-05-13T04:15:14.8944933-07:00] [pid=28232] 
[2026-05-13T04:15:14.8944933-07:00] [pid=28232] WwiseFxNullParams::ApplyParam()
[2026-05-13T04:15:14.8954937-07:00] [pid=28232] <<<_____ ImmerseAudioRenderer _____>>> 
[2026-05-13T04:15:14.8954937-07:00] [pid=28232] 
[2026-05-13T04:15:14.8954937-07:00] [pid=28232] WwiseFxNullParams::ApplyParam()
[2026-05-13T04:15:14.8954937-07:00] [pid=28232] <<<_____ ImmerseAudioRenderer _____>>> 
[2026-05-13T04:15:14.8954937-07:00] [pid=28232] 
[2026-05-13T04:15:14.8954937-07:00] [pid=28232] WwiseFxNullParams::ApplyParam()
[2026-05-13T04:15:14.8954937-07:00] [pid=28232] <<<_____ ImmerseAudioRenderer _____>>> 
[2026-05-13T04:15:14.8954937-07:00] [pid=28232] 
[2026-05-13T04:15:14.8954937-07:00] [pid=28232] WwiseFxNullParams::ApplyParam()
[2026-05-13T04:15:14.8954937-07:00] [pid=28232] <<<_____ ImmerseAudioRenderer _____>>> 
[2026-05-13T04:15:14.8954937-07:00] [pid=28232] 
[2026-05-13T04:15:14.8954937-07:00] [pid=28232] WwiseFxNullParams::ApplyParam()
[2026-05-13T04:15:14.9225787-07:00] [pid=27484] Focus Exec Name: wwise.exe
[2026-05-13T04:15:15.1240732-07:00] [pid=18712] <1>May13 04:15:15.124 SF_18712[CpBoard] [CB] HandleClipboard S to C
[2026-05-13T04:15:15.1240732-07:00] [pid=18712] <1>May13 04:15:15.124 SF_18712[CpBoard] [CB] Data Push start. len:454
[2026-05-13T04:15:15.2867527-07:00] [pid=27484] ---> Focus Exec Name: wwise.exe has WS_OVERLAPPEDWINDOW
[2026-05-13T04:15:15.2912675-07:00] [pid=27484] ---> Focus Exec Name: wwise.exe has WS_OVERLAPPEDWINDOW
[2026-05-13T04:15:15.6751000-07:00] [pid=27484] ---> Focus Exec Name: wwise.exe has WS_OVERLAPPEDWINDOW
[2026-05-13T04:15:15.6801163-07:00] [pid=27484] ---> Focus Exec Name: wwise.exe has WS_OVERLAPPEDWINDOW
[2026-05-13T04:15:19.1497026-07:00] [pid=17192] CrashReportClientDiagnosticLog: CRC/Init:2026.05.13-11.15.19
[2026-05-13T04:15:19.1507089-07:00] [pid=17192] LogTaskGraph: Started task graph with 4 named threads and 22 total threads with 1 sets of task threads.
[2026-05-13T04:15:19.1507089-07:00] [pid=17192] LogInit: Display: Loading text-based GConfig....
[2026-05-13T04:15:19.1652308-07:00] [pid=17192] LogInit: Engine Version: 4.27.2-18319896+++UE4+Release-4.27
[2026-05-13T04:15:19.1652308-07:00] [pid=17192] LogInit: Net CL: 17155196
[2026-05-13T04:15:19.1652308-07:00] [pid=17192] LogInit: Compiled (64-bit): Nov 30 2021 08:03:32
[2026-05-13T04:15:19.1652308-07:00] [pid=17192] LogInit: Build Configuration: Shipping
[2026-05-13T04:15:19.1652308-07:00] [pid=17192] LogInit: Command Line: "C:\Program Files\Epic Games\UE_4.27\Engine\Binaries\Win64\CrashReportClientEditor.exe" "../../../Engine/Binaries/Win64/CrashReportClientEditor.exe"  -READ=284 -WRITE=576 -MONITOR=8316 -unattended -ConcertServer="FA7F3EDB46D1896617C58BB590025643" -RespawnedInstance
[2026-05-13T04:15:19.1652308-07:00] [pid=17192] LogInit: Allocator: TBB
[2026-05-13T04:15:19.1722728-07:00] [pid=17192] LogInit: Presizing for max 2097152 objects, including 1 objects not considered by GC, pre-allocating 0 bytes for permanent pool.
[2026-05-13T04:15:19.1722728-07:00] [pid=17192] LogConfig: Setting CVar [[s.MinBulkDataSizeForAsyncLoading:131072]]
[2026-05-13T04:15:19.1722728-07:00] [pid=17192] LogConfig: Setting CVar [[s.EventDrivenLoaderEnabled:1]]
[2026-05-13T04:15:19.1722728-07:00] [pid=17192] LogConfig: Setting CVar [[s.TimeLimitExceededMultiplier:1.5]]
[2026-05-13T04:15:19.1722728-07:00] [pid=17192] LogConfig: Setting CVar [[s.FlushStreamingOnExit:1]]
[2026-05-13T04:15:19.1737162-07:00] [pid=17192] LogConfig: Applying CVar settings from Section [ConsoleVariables] File [C:/Users/kapil/AppData/Local/CrashReportClient/Saved/Config/WindowsNoEditor/Engine.ini]
[2026-05-13T04:15:19.1747229-07:00] [pid=17192] [2026.05.13-11.15.19:174][  0]LogInit: User: kapil
[2026-05-13T04:15:19.1747229-07:00] [pid=17192] [2026.05.13-11.15.19:174][  0]LogInit: High frequency timer resolution =10.000000 MHz
[2026-05-13T04:15:19.1747229-07:00] [pid=17192] [2026.05.13-11.15.19:174][  0]LogMemory: Platform Memory Stats for WindowsNoEditor
[2026-05-13T04:15:19.1747229-07:00] [pid=17192] [2026.05.13-11.15.19:174][  0]LogMemory: Process Virtual Memory: 65.84 MB used, 65.84 MB peak
[2026-05-13T04:15:19.1747229-07:00] [pid=17192] [2026.05.13-11.15.19:174][  0]LogMemory: Virtual Memory: 134206952.00 MB used,  10777.52 MB free, 134217728.00 MB total
[2026-05-13T04:15:19.1787272-07:00] [pid=17192] [2026.05.13-11.15.19:178][  0]LogUObjectArray: 0 objects are not in the root set, but can never be destroyed because they are in the DisregardForGC set.
[2026-05-13T04:15:19.1787272-07:00] [pid=17192] [2026.05.13-11.15.19:178][  0]LogUObjectArray: CloseDisregardForGC: 363/363 objects in disregard for GC pool
[2026-05-13T04:15:19.1787272-07:00] [pid=17192] [2026.05.13-11.15.19:178][  0]LogInit: Using OS detected locale (en-US).
[2026-05-13T04:15:19.1942727-07:00] [pid=17192] [2026.05.13-11.15.19:194][  0]LogInit: Using OS detected language (en-US).
[2026-05-13T04:15:19.1942727-07:00] [pid=17192] [2026.05.13-11.15.19:194][  0]LogTextLocalizationManager: No localization for 'en-US' exists, so 'en' will be used for the language.
[2026-05-13T04:15:19.1942727-07:00] [pid=17192] [2026.05.13-11.15.19:194][  0]LogTextLocalizationManager: Compacting localization data took   0.00ms
[2026-05-13T04:15:19.1952678-07:00] [pid=17192] [2026.05.13-11.15.19:195][  0]CrashReportClientDiagnosticLog: CRC/Load
[2026-05-13T04:15:19.1967723-07:00] [pid=17192] [2026.05.13-11.15.19:196][  0]CrashReportCoreLog: CrashReportClientVersion=1.0
[2026-05-13T04:15:19.1967723-07:00] [pid=17192] [2026.05.13-11.15.19:196][  0]CrashReportCoreLog: DataRouterUrl: https://datarouter.ol.epicgames.com/datarouter/api/v1/public/data
[2026-05-13T04:15:19.1967723-07:00] [pid=17192] [2026.05.13-11.15.19:196][  0]LogCrashDebugHelper: BuiltFromCL: 18319896
[2026-05-13T04:15:19.1967723-07:00] [pid=17192] [2026.05.13-11.15.19:196][  0]LogCrashDebugHelper: BuildVersion: ++UE4+Release-4.27-CL-18319896
[2026-05-13T04:15:19.1987806-07:00] [pid=17192] [2026.05.13-11.15.19:198][  0]CrashReportClientDiagnosticLog: OpenProcess/Done
[2026-05-13T04:15:19.5185704-07:00] [pid=8316] LogWindows: Failed to load 'aqProf.dll' (GetLastError=126)
[2026-05-13T04:15:19.5185704-07:00] [pid=8316] LogWindows: Failed to load 'VtuneApi.dll' (GetLastError=126)
[2026-05-13T04:15:19.5185704-07:00] [pid=8316] LogWindows: Failed to load 'VtuneApi32e.dll' (GetLastError=126)
[2026-05-13T04:15:19.5185704-07:00] [pid=8316] LogConsoleResponse: Display: Failed to find resolution value strings in scalability ini. Falling back to default.
[2026-05-13T04:15:19.5195706-07:00] [pid=8316] LogInit: Display: Running engine for game: testTP
[2026-05-13T04:15:19.5195706-07:00] [pid=8316] LogTaskGraph: Started task graph with 5 named threads and 59 total threads with 3 sets of task threads.
[2026-05-13T04:15:19.5195706-07:00] [pid=8316] LogICUInternationalization: ICU TimeZone Detection - Raw Offset: -8:00, Platform Override: ''
[2026-05-13T04:15:19.5712286-07:00] [pid=8316] LogPluginManager: Mounting plugin MeshPainting
[2026-05-13T04:15:19.5722332-07:00] [pid=8316] LogPluginManager: Mounting plugin Paper2D
[2026-05-13T04:15:19.5752335-07:00] [pid=8316] LogPluginManager: Mounting plugin GameplayCameras
[2026-05-13T04:15:19.5752335-07:00] [pid=8316] LogPluginManager: Mounting plugin EnvironmentQueryEditor
[2026-05-13T04:15:19.5777463-07:00] [pid=8316] LogPluginManager: Mounting plugin AISupport
[2026-05-13T04:15:19.5787460-07:00] [pid=8316] LogPluginManager: Mounting plugin CameraShakePreviewer
[2026-05-13T04:15:19.5802504-07:00] [pid=8316] LogPluginManager: Mounting plugin GitSourceControl
[2026-05-13T04:15:19.5822584-07:00] [pid=8316] LogPluginManager: Mounting plugin PixWinPlugin
[2026-05-13T04:15:19.5832592-07:00] [pid=8316] LogPluginManager: Mounting plugin OodleData
[2026-05-13T04:15:19.5842587-07:00] [pid=8316] LogPluginManager: Mounting plugin SubversionSourceControl
[2026-05-13T04:15:19.5852583-07:00] [pid=8316] LogPluginManager: Mounting plugin PlasticSourceControl
[2026-05-13T04:15:19.5867623-07:00] [pid=8316] LogPluginManager: Mounting plugin TextureFormatOodle
[2026-05-13T04:15:19.5887687-07:00] [pid=8316] LogPluginManager: Mounting plugin CryptoKeys
[2026-05-13T04:15:19.5902874-07:00] [pid=8316] LogPluginManager: Mounting plugin DataValidation
[2026-05-13T04:15:19.5912918-07:00] [pid=8316] LogPluginManager: Mounting plugin AssetManagerEditor
[2026-05-13T04:15:19.5932959-07:00] [pid=8316] LogPluginManager: Mounting plugin MaterialAnalyzer
[2026-05-13T04:15:19.5942953-07:00] [pid=8316] LogPluginManager: Mounting plugin MobileLauncherProfileWizard
[2026-05-13T04:15:19.5952954-07:00] [pid=8316] LogPluginManager: Mounting plugin VisualStudioCodeSourceCodeAccess
[2026-05-13T04:15:19.5968000-07:00] [pid=8316] LogPluginManager: Mounting plugin FacialAnimation
[2026-05-13T04:15:19.5988072-07:00] [pid=8316] LogPluginManager: Mounting plugin MacGraphicsSwitching
[2026-05-13T04:15:19.5998065-07:00] [pid=8316] LogPluginManager: Mounting plugin DatasmithContent
[2026-05-13T04:15:19.6013158-07:00] [pid=8316] LogPluginManager: Mounting plugin LuminPlatformFeatures
[2026-05-13T04:15:19.6033156-07:00] [pid=8316] LogPluginManager: Mounting plugin MagicLeap
[2026-05-13T04:15:19.6048320-07:00] [pid=8316] LogPluginManager: Mounting plugin MagicLeapMedia
[2026-05-13T04:15:19.6068508-07:00] [pid=8316] LogPluginManager: Mounting plugin MagicLeapLightEstimation
[2026-05-13T04:15:19.6078618-07:00] [pid=8316] LogPluginManager: Mounting plugin ActorSequence
[2026-05-13T04:15:19.6098657-07:00] [pid=8316] LogPluginManager: Mounting plugin TemplateSequence
[2026-05-13T04:15:19.6103716-07:00] [pid=8316] LogPluginManager: Mounting plugin BackChannel
[2026-05-13T04:15:19.6113845-07:00] [pid=8316] LogPluginManager: Mounting plugin ChaosClothEditor
[2026-05-13T04:15:19.6133994-07:00] [pid=8316] LogPluginManager: Mounting plugin ChaosSolverPlugin
[2026-05-13T04:15:19.6143902-07:00] [pid=8316] LogPluginManager: Mounting plugin ChaosEditor
[2026-05-13T04:15:19.6153897-07:00] [pid=8316] LogPluginManager: Mounting plugin OnlineSubsystemNull
[2026-05-13T04:15:19.6169018-07:00] [pid=8316] LogPluginManager: Mounting plugin OnlineSubsystemUtils
[2026-05-13T04:15:19.6179267-07:00] [pid=8316] LogPluginManager: Mounting plugin AndroidMedia
[2026-05-13T04:15:19.6189298-07:00] [pid=8316] LogPluginManager: Mounting plugin MediaCompositing
[2026-05-13T04:15:19.6204412-07:00] [pid=8316] LogPluginManager: Mounting plugin ChaosNiagara
[2026-05-13T04:15:19.6214499-07:00] [pid=8316] LogPluginManager: Mounting plugin WmfMedia
[2026-05-13T04:15:19.6224624-07:00] [pid=8316] LogPluginManager: Mounting plugin GeometryProcessing
[2026-05-13T04:15:19.6234653-07:00] [pid=8316] LogPluginManager: Mounting plugin GeometryCollectionPlugin
[2026-05-13T04:15:19.6244626-07:00] [pid=8316] LogPluginManager: Mounting plugin MotoSynth
[2026-05-13T04:15:19.6254535-07:00] [pid=8316] LogPluginManager: Mounting plugin PlanarCut
[2026-05-13T04:15:19.6279898-07:00] [pid=8316] LogPluginManager: Mounting plugin PythonScriptPlugin
[2026-05-13T04:15:19.6289826-07:00] [pid=8316] LogPluginManager: Mounting plugin PlatformCrypto
[2026-05-13T04:15:19.6299926-07:00] [pid=8316] LogPluginManager: Mounting plugin ScreenshotTools
[2026-05-13T04:15:19.6315133-07:00] [pid=8316] LogPluginManager: Mounting plugin Takes
[2026-05-13T04:15:19.6325290-07:00] [pid=8316] LogPluginManager: Mounting plugin AndroidMoviePlayer
[2026-05-13T04:15:19.6335273-07:00] [pid=8316] LogPluginManager: Mounting plugin AppleImageUtils
[2026-05-13T04:15:19.6345268-07:00] [pid=8316] LogPluginManager: Mounting plugin AudioCapture
[2026-05-13T04:15:19.6355184-07:00] [pid=8316] LogPluginManager: Mounting plugin AssetTags
[2026-05-13T04:15:19.6370366-07:00] [pid=8316] LogPluginManager: Mounting plugin ArchVisCharacter
[2026-05-13T04:15:19.6380548-07:00] [pid=8316] LogPluginManager: Mounting plugin CableComponent
[2026-05-13T04:15:19.6395583-07:00] [pid=8316] LogPluginManager: Mounting plugin GooglePAD
[2026-05-13T04:15:19.6405627-07:00] [pid=8316] LogPluginManager: Mounting plugin ExampleDeviceProfileSelector
[2026-05-13T04:15:19.6415721-07:00] [pid=8316] LogPluginManager: Mounting plugin IOSDeviceProfileSelector
[2026-05-13T04:15:19.6425780-07:00] [pid=8316] LogPluginManager: Mounting plugin MobilePatchingUtils
[2026-05-13T04:15:19.6435869-07:00] [pid=8316] LogPluginManager: Mounting plugin OpenXRHandTracking
[2026-05-13T04:15:19.6455774-07:00] [pid=8316] LogPluginManager: Mounting plugin ProceduralMeshComponent
[2026-05-13T04:15:19.6465775-07:00] [pid=8316] LogPluginManager: Mounting plugin Synthesis
[2026-05-13T04:15:19.6485894-07:00] [pid=8316] LogPluginManager: Mounting plugin OpenXR
[2026-05-13T04:15:19.6495877-07:00] [pid=8316] LogPluginManager: Mounting plugin PropertyAccessEditor
[2026-05-13T04:15:19.6511077-07:00] [pid=8316] LogPluginManager: Mounting plugin PostSplashScreen
[2026-05-13T04:15:19.6521103-07:00] [pid=8316] LogPluginManager: Mounting plugin ContentBrowserClassDataSource
[2026-05-13T04:15:19.6541226-07:00] [pid=8316] LogPluginManager: Mounting plugin ContentBrowserFileDataSource
[2026-05-13T04:15:19.6551202-07:00] [pid=8316] LogPluginManager: Mounting plugin OnlineSubsystemIOS
[2026-05-13T04:15:19.6566255-07:00] [pid=8316] LogPluginManager: Mounting plugin SteamVR
[2026-05-13T04:15:19.7095752-07:00] [pid=8316] PixWinPlugin: PIX capture plugin failed to initialize! Check that the process is launched from PIX.
[2026-05-13T04:15:19.7567140-07:00] [pid=8316] LogInit:  - built for x86_64-pc-win32
[2026-05-13T04:15:19.7567140-07:00] [pid=8316] LogInit:  - supports HTTP deflate (compression) using libz 1.2.8
[2026-05-13T04:15:19.7567140-07:00] [pid=8316] LogInit:      CURL_VERSION_SSL
[2026-05-13T04:15:19.7567140-07:00] [pid=8316] LogInit:      CURL_VERSION_IPV6
[2026-05-13T04:15:19.7567140-07:00] [pid=8316] LogInit:      CURL_VERSION_LARGEFILE
[2026-05-13T04:15:19.7567140-07:00] [pid=8316] LogInit:  CurlRequestOptions (configurable via config and command line):
[2026-05-13T04:15:19.7567140-07:00] [pid=8316] LogInit:  - bUseHttpProxy = false  - Libcurl will NOT use HTTP proxy
[2026-05-13T04:15:19.7577928-07:00] [pid=8316] LogInit:  - MaxHostConnections = 16  - Libcurl will limit the number of connections to a host
[2026-05-13T04:15:19.7577928-07:00] [pid=8316] LogInit:  - BufferSize = 65536
[2026-05-13T04:15:19.7821410-07:00] [pid=8316] LogInit: WinSock: version 1.1 (2.2), MaxSocks=32767, MaxUdp=65467
[2026-05-13T04:15:19.8568211-07:00] [pid=8316] LogOculusPluginWrapper: OculusPlugin initialized successfully
[2026-05-13T04:15:19.8578283-07:00] [pid=8316] ovr_Initialize failed: Unable to load LibOVRRT DLL
 (software\oculussdk\integrations\ovrplugin\main\src\util\compositorcapi.cpp:78)
[2026-05-13T04:15:19.8578283-07:00] [pid=8316] LogHMD: Failed initializing OVRPlugin 1.59.0
[2026-05-13T04:15:19.8578283-07:00] [pid=8316] LogInit: Engine Version: 4.27.2-18319896+++UE4+Release-4.27
[2026-05-13T04:15:19.8578283-07:00] [pid=8316] LogInit: Net CL: 17155196
[2026-05-13T04:15:19.8578283-07:00] [pid=8316] LogInit: Compiled (64-bit): Nov 30 2021 07:12:08
[2026-05-13T04:15:19.8588280-07:00] [pid=8316] LogInit: Build Configuration: Development
[2026-05-13T04:15:19.8588280-07:00] [pid=8316] LogInit: Command Line:  /Game/ThirdPersonBP/Maps/ThirdPersonExampleMap -game -RenderOffscreen -unattended -nopause -NoSplash -abslog=C:\Users\kapil\AppData\Local\Temp\immerse_editor_20260513-041509.log
[2026-05-13T04:15:19.8588280-07:00] [pid=8316] LogInit: Allocator: TBB
[2026-05-13T04:15:19.8588280-07:00] [pid=8316] LogDevObjectVersion: Number of dev versions registered: 29
[2026-05-13T04:15:19.8588280-07:00] [pid=8316] LogDevObjectVersion:   Dev-Build (E1C64328-A22C-4D53-A36C-8E866417BD8C): 0
[2026-05-13T04:15:19.8588280-07:00] [pid=8316] LogDevObjectVersion:   Dev-Editor (E4B068ED-F494-42E9-A231-DA0B2E46BB41): 40
[2026-05-13T04:15:19.8588280-07:00] [pid=8316] LogDevObjectVersion:   Dev-Mobile (B02B49B5-BB20-44E9-A304-32B752E40360): 3
[2026-05-13T04:15:19.8598276-07:00] [pid=8316] LogDevObjectVersion:   Dev-Online (39C831C9-5AE6-47DC-9A44-9C173E1C8E7C): 0
[2026-05-13T04:15:19.8598276-07:00] [pid=8316] LogDevObjectVersion:   Dev-Platform (6631380F-2D4D-43E0-8009-CF276956A95A): 0
[2026-05-13T04:15:19.8598276-07:00] [pid=8316] LogDevObjectVersion:   Dev-Sequencer (7B5AE74C-D270-4C10-A958-57980B212A5A): 13
[2026-05-13T04:15:19.8603300-07:00] [pid=8316] LogDevObjectVersion:   Dev-LoadTimes (C2A15278-BFE7-4AFE-6C17-90FF531DF755): 1
[2026-05-13T04:15:19.8603300-07:00] [pid=8316] LogDevObjectVersion:   Dev-AnimPhys (29E575DD-E0A3-4627-9D10-D276232CDCEA): 17
[2026-05-13T04:15:19.8603300-07:00] [pid=8316] LogDevObjectVersion:   Dev-ReflectionCapture (6B266CEC-1EC7-4B8F-A30B-E4D90942FC07): 1
[2026-05-13T04:15:19.8603300-07:00] [pid=8316] LogDevObjectVersion:   FortniteMain (601D1886-AC64-4F84-AA16-D3DE0DEAC7D6): 47
[2026-05-13T04:15:19.8603300-07:00] [pid=8316] LogDevObjectVersion:   Dev-Enterprise (9DFFBCD6-494F-0158-E221-12823C92A888): 10
[2026-05-13T04:15:19.8603300-07:00] [pid=8316] LogDevObjectVersion:   Dev-Destruction (174F1F0B-B4C6-45A5-B13F-2EE8D0FB917D): 10
[2026-05-13T04:15:19.8613340-07:00] [pid=8316] LogDevObjectVersion:   Dev-PhysicsMaterial-Chaos (B68FC16E-8B1B-42E2-B453-215C058844FE): 1
[2026-05-13T04:15:19.8613340-07:00] [pid=8316] LogDevObjectVersion:   Dev-VirtualProduction (64F58936-FD1B-42BA-BA96-7289D5D0FA4E): 1
[2026-05-13T04:15:19.8658433-07:00] [pid=8316] LogInit: Presizing for max 25165824 objects, including 0 objects not considered by GC, pre-allocating 0 bytes for permanent pool.
[2026-05-13T04:15:19.8668451-07:00] [pid=8316] LogConfig: Setting CVar [[s.MinBulkDataSizeForAsyncLoading:131072]]
[2026-05-13T04:15:19.8668451-07:00] [pid=8316] LogConfig: Setting CVar [[s.EventDrivenLoaderEnabled:1]]
[2026-05-13T04:15:19.8668451-07:00] [pid=8316] LogConfig: Setting CVar [[s.TimeLimitExceededMultiplier:1.5]]
[2026-05-13T04:15:19.8668451-07:00] [pid=8316] LogConfig: Setting CVar [[s.UseBackgroundLevelStreaming:1]]
[2026-05-13T04:15:19.8668451-07:00] [pid=8316] LogConfig: Setting CVar [[s.LevelStreamingActorsUpdateTimeLimit:5.0]]
[2026-05-13T04:15:19.8668451-07:00] [pid=8316] LogConfig: Setting CVar [[s.LevelStreamingComponentsRegistrationGranularity:10]]
[2026-05-13T04:15:19.8678487-07:00] [pid=8316] LogConfig: Setting CVar [[s.LevelStreamingComponentsUnregistrationGranularity:5]]
[2026-05-13T04:15:19.8713573-07:00] [pid=8316] LogInit: Object subsystem initialized
[2026-05-13T04:15:19.8723612-07:00] [pid=8316] LogConfig: Setting CVar [[r.setres:1280x720]]
[2026-05-13T04:15:19.8723612-07:00] [pid=8316] [2026.05.13-11.15.19:872][  0]LogConfig: Setting CVar [[r.setres:1280x720]]
[2026-05-13T04:15:19.8723612-07:00] [pid=8316] [2026.05.13-11.15.19:872][  0]LogConfig: Setting CVar [[r.GPUCrashDebugging:0]]
[2026-05-13T04:15:19.8723612-07:00] [pid=8316] [2026.05.13-11.15.19:872][  0]LogConfig: Applying CVar settings from Section [/Script/Engine.StreamingSettings] File [C:/Users/kapil/OneDrive/Documents/Unreal Projects/testTP/Saved/Config/Windows/Engine.ini]
[2026-05-13T04:15:19.8723612-07:00] [pid=8316] [2026.05.13-11.15.19:872][  0]LogConfig: Setting CVar [[s.AsyncLoadingThreadEnabled:0]]
[2026-05-13T04:15:19.8736031-07:00] [pid=8316] [2026.05.13-11.15.19:872][  0]LogConfig: Setting CVar [[s.WarnIfTimeLimitExceeded:0]]
[2026-05-13T04:15:19.8736031-07:00] [pid=8316] [2026.05.13-11.15.19:873][  0]LogConfig: Setting CVar [[s.TimeLimitExceededMinTime:0.005]]
[2026-05-13T04:15:19.8736031-07:00] [pid=8316] [2026.05.13-11.15.19:873][  0]LogConfig: Setting CVar [[s.PriorityAsyncLoadingExtraTime:15.0]]
[2026-05-13T04:15:19.8736031-07:00] [pid=8316] [2026.05.13-11.15.19:873][  0]LogConfig: Setting CVar [[s.PriorityLevelStreamingActorsUpdateExtraTime:5.0]]
[2026-05-13T04:15:19.8736031-07:00] [pid=8316] [2026.05.13-11.15.19:873][  0]LogConfig: Setting CVar [[s.UnregisterComponentsTimeLimit:1.0]]
[2026-05-13T04:15:19.8736031-07:00] [pid=8316] [2026.05.13-11.15.19:873][  0]LogConfig: Setting CVar [[s.FlushStreamingOnExit:1]]
[2026-05-13T04:15:19.8736031-07:00] [pid=8316] [2026.05.13-11.15.19:873][  0]LogConfig: Setting CVar [[gc.MaxObjectsNotConsideredByGC:1]]
[2026-05-13T04:15:19.8746095-07:00] [pid=8316] [2026.05.13-11.15.19:873][  0]LogConfig: Setting CVar [[gc.FlushStreamingOnGC:0]]
[2026-05-13T04:15:19.8746095-07:00] [pid=8316] [2026.05.13-11.15.19:874][  0]LogConfig: Setting CVar [[gc.AllowParallelGC:1]]
[2026-05-13T04:15:19.8746095-07:00] [pid=8316] [2026.05.13-11.15.19:874][  0]LogConfig: Setting CVar [[gc.MaxObjectsInEditor:25165824]]
[2026-05-13T04:15:19.8746095-07:00] [pid=8316] [2026.05.13-11.15.19:874][  0]LogConfig: Setting CVar [[gc.CreateGCClusters:1]]
[2026-05-13T04:15:19.8746095-07:00] [pid=8316] [2026.05.13-11.15.19:874][  0]LogConfig: Setting CVar [[gc.ActorClusteringEnabled:0]]
[2026-05-13T04:15:19.8746095-07:00] [pid=8316] [2026.05.13-11.15.19:874][  0]LogConfig: Setting CVar [[gc.UseDisregardForGCOnDedicatedServers:0]]
[2026-05-13T04:15:19.8746095-07:00] [pid=8316] [2026.05.13-11.15.19:874][  0]LogConfig: Applying CVar settings from Section [/Script/Engine.NetworkSettings] File [C:/Users/kapil/OneDrive/Documents/Unreal Projects/testTP/Saved/Config/Windows/Engine.ini]
[2026-05-13T04:15:19.8821248-07:00] [pid=8316] [2026.05.13-11.15.19:882][  0]LogConfig: Applying CVar settings from Section [ViewDistanceQuality@3] File [C:/Users/kapil/OneDrive/Documents/Unreal Projects/testTP/Saved/Config/Windows/Scalability.ini]
[2026-05-13T04:15:19.8821248-07:00] [pid=8316] [2026.05.13-11.15.19:882][  0]LogConfig: Setting CVar [[r.ViewDistanceScale:1.0]]
[2026-05-13T04:15:19.8821248-07:00] [pid=8316] [2026.05.13-11.15.19:882][  0]LogConfig: Setting CVar [[r.PostProcessAAQuality:4]]
[2026-05-13T04:15:19.8821248-07:00] [pid=8316] [2026.05.13-11.15.19:882][  0]LogConfig: Setting CVar [[r.LightFunctionQuality:1]]
[2026-05-13T04:15:19.8821248-07:00] [pid=8316] [2026.05.13-11.15.19:882][  0]LogConfig: Setting CVar [[r.Shadow.CSM.MaxCascades:10]]
[2026-05-13T04:15:19.8821248-07:00] [pid=27484] Focus Exec Name: explorer.exe
[2026-05-13T04:15:19.8821248-07:00] [pid=27484] ---> Focus Exec Name: explorer.exe does not has WS_OVERLAPPEDWINDOW
[2026-05-13T04:15:19.8831238-07:00] [pid=8316] [2026.05.13-11.15.19:882][  0]LogConfig: Setting CVar [[r.Shadow.DistanceScale:1.0]]
[2026-05-13T04:15:19.8831238-07:00] [pid=8316] [2026.05.13-11.15.19:883][  0]LogConfig: Setting CVar [[r.Shadow.PreShadowResolutionFactor:1.0]]
[2026-05-13T04:15:19.8831238-07:00] [pid=8316] [2026.05.13-11.15.19:883][  0]LogConfig: Setting CVar [[r.DistanceFieldAO:1]]
[2026-05-13T04:15:19.8831238-07:00] [pid=8316] [2026.05.13-11.15.19:883][  0]LogConfig: Setting CVar [[r.VolumetricFog:1]]
[2026-05-13T04:15:19.8831238-07:00] [pid=8316] [2026.05.13-11.15.19:883][  0]LogConfig: Setting CVar [[r.VolumetricFog.GridSizeZ:128]]
[2026-05-13T04:15:19.8831238-07:00] [pid=8316] [2026.05.13-11.15.19:883][  0]LogConfig: Setting CVar [[r.LightMaxDrawDistanceScale:1]]
[2026-05-13T04:15:19.8831238-07:00] [pid=8316] [2026.05.13-11.15.19:883][  0]LogConfig: Applying CVar settings from Section [PostProcessQuality@3] File [C:/Users/kapil/OneDrive/Documents/Unreal Projects/testTP/Saved/Config/Windows/Scalability.ini]
[2026-05-13T04:15:19.8831238-07:00] [pid=8316] [2026.05.13-11.15.19:883][  0]LogConfig: Setting CVar [[r.AmbientOcclusionMipLevelFactor:0.4]]
[2026-05-13T04:15:19.8831238-07:00] [pid=8316] [2026.05.13-11.15.19:883][  0]LogConfig: Setting CVar [[r.AmbientOcclusionLevels:-1]]
[2026-05-13T04:15:19.8841246-07:00] [pid=8316] [2026.05.13-11.15.19:884][  0]LogConfig: Setting CVar [[r.DepthOfFieldQuality:2]]
[2026-05-13T04:15:19.8841246-07:00] [pid=8316] [2026.05.13-11.15.19:884][  0]LogConfig: Setting CVar [[r.LensFlareQuality:2]]
[2026-05-13T04:15:19.8841246-07:00] [pid=8316] [2026.05.13-11.15.19:884][  0]LogConfig: Setting CVar [[r.EyeAdaptationQuality:2]]
[2026-05-13T04:15:19.8841246-07:00] [pid=8316] [2026.05.13-11.15.19:884][  0]LogConfig: Setting CVar [[r.FastBlurThreshold:100]]
[2026-05-13T04:15:19.8841246-07:00] [pid=8316] [2026.05.13-11.15.19:884][  0]LogConfig: Setting CVar [[r.Tonemapper.GrainQuantization:1]]
[2026-05-13T04:15:19.8841246-07:00] [pid=8316] [2026.05.13-11.15.19:884][  0]LogConfig: Setting CVar [[r.Filter.SizeScale:1]]
[2026-05-13T04:15:19.8841246-07:00] [pid=8316] [2026.05.13-11.15.19:884][  0]LogConfig: Setting CVar [[r.DOF.Gather.AccumulatorQuality:1        ; higher gathering accumulator quality]]
[2026-05-13T04:15:19.8841246-07:00] [pid=8316] [2026.05.13-11.15.19:884][  0]LogConfig: Setting CVar [[r.DOF.Gather.EnableBokehSettings:0       ; no bokeh simulation when gathering]]
[2026-05-13T04:15:19.8841246-07:00] [pid=8316] [2026.05.13-11.15.19:884][  0]LogConfig: Setting CVar [[r.DOF.Scatter.ForegroundCompositing:1    ; additive foreground scattering]]
[2026-05-13T04:15:19.8851240-07:00] [pid=8316] [2026.05.13-11.15.19:884][  0]LogConfig: Setting CVar [[r.DOF.Scatter.EnableBokehSettings:1      ; bokeh simulation when scattering]]
[2026-05-13T04:15:19.8851240-07:00] [pid=8316] [2026.05.13-11.15.19:885][  0]LogConfig: Setting CVar [[r.DOF.Recombine.Quality:1                ; cheap slight out of focus]]
[2026-05-13T04:15:19.8851240-07:00] [pid=8316] [2026.05.13-11.15.19:885][  0]LogConfig: Setting CVar [[r.DOF.TemporalAAQuality:1                ; more stable temporal accumulation]]
[2026-05-13T04:15:19.8851240-07:00] [pid=8316] [2026.05.13-11.15.19:885][  0]LogConfig: Setting CVar [[r.DOF.Kernel.MaxBackgroundRadius:0.025]]
[2026-05-13T04:15:19.8851240-07:00] [pid=8316] [2026.05.13-11.15.19:885][  0]LogConfig: Setting CVar [[r.Streaming.MipBias:0]]
[2026-05-13T04:15:19.8851240-07:00] [pid=8316] [2026.05.13-11.15.19:885][  0]LogConfig: Setting CVar [[r.Streaming.MaxNumTexturesToStreamPerFrame:0]]
[2026-05-13T04:15:19.8851240-07:00] [pid=8316] [2026.05.13-11.15.19:885][  0]LogConfig: Setting CVar [[r.MaxAnisotropy:8]]
[2026-05-13T04:15:19.8851240-07:00] [pid=8316] [2026.05.13-11.15.19:885][  0]LogConfig: Setting CVar [[r.Streaming.LimitPoolSizeToVRAM:0]]
[2026-05-13T04:15:19.8851240-07:00] [pid=8316] [2026.05.13-11.15.19:885][  0]LogConfig: Setting CVar [[r.Streaming.MaxEffectiveScreenSize:0]]
[2026-05-13T04:15:19.8851240-07:00] [pid=8316] [2026.05.13-11.15.19:885][  0]LogConfig: Setting CVar [[r.TranslucencyLightingVolumeDim:64]]
[2026-05-13T04:15:19.8851240-07:00] [pid=8316] [2026.05.13-11.15.19:885][  0]LogConfig: Setting CVar [[r.SSR.Quality:3]]
[2026-05-13T04:15:19.8851240-07:00] [pid=8316] [2026.05.13-11.15.19:885][  0]LogConfig: Setting CVar [[r.SceneColorFormat:4]]
[2026-05-13T04:15:19.8866287-07:00] [pid=8316] [2026.05.13-11.15.19:885][  0]LogConfig: Setting CVar [[r.TranslucencyVolumeBlur:1]]
[2026-05-13T04:15:19.8866287-07:00] [pid=8316] [2026.05.13-11.15.19:886][  0]LogConfig: Setting CVar [[r.AnisotropicMaterials:1]]
[2026-05-13T04:15:19.8866287-07:00] [pid=8316] [2026.05.13-11.15.19:886][  0]LogConfig: Setting CVar [[r.SSS.SampleSet:2]]
[2026-05-13T04:15:19.8866287-07:00] [pid=8316] [2026.05.13-11.15.19:886][  0]LogConfig: Setting CVar [[r.SSS.HalfRes:0]]
[2026-05-13T04:15:19.8866287-07:00] [pid=8316] [2026.05.13-11.15.19:886][  0]LogConfig: Setting CVar [[r.EmitterSpawnRateScale:1.0]]
[2026-05-13T04:15:19.8866287-07:00] [pid=8316] [2026.05.13-11.15.19:886][  0]LogConfig: Setting CVar [[r.SkyAtmosphere.AerialPerspectiveLUT.FastApplyOnOpaque:1 ; Always have FastSkyLUT 1 in this case to avoid wrong sky]]
[2026-05-13T04:15:19.8866287-07:00] [pid=8316] [2026.05.13-11.15.19:886][  0]LogConfig: Setting CVar [[r.SkyAtmosphere.AerialPerspectiveLUT.DepthResolution:16.0]]
[2026-05-13T04:15:19.8866287-07:00] [pid=8316] [2026.05.13-11.15.19:886][  0]LogConfig: Setting CVar [[r.SkyAtmosphere.FastSkyLUT.SampleCountMin:4.0]]
[2026-05-13T04:15:19.8866287-07:00] [pid=8316] [2026.05.13-11.15.19:886][  0]LogConfig: Setting CVar [[r.SkyAtmosphere.SampleCountMin:4.0]]
[2026-05-13T04:15:19.8876381-07:00] [pid=8316] [2026.05.13-11.15.19:887][  0]LogConfig: Setting CVar [[r.SkyAtmosphere.TransmittanceLUT.UseSmallFormat:0]]
[2026-05-13T04:15:19.8876381-07:00] [pid=8316] [2026.05.13-11.15.19:887][  0]LogConfig: Setting CVar [[r.SkyAtmosphere.MultiScatteringLUT.SampleCount:15.0]]
[2026-05-13T04:15:19.8876381-07:00] [pid=8316] [2026.05.13-11.15.19:887][  0]LogConfig: Applying CVar settings from Section [FoliageQuality@3] File [C:/Users/kapil/OneDrive/Documents/Unreal Projects/testTP/Saved/Config/Windows/Scalability.ini]
[2026-05-13T04:15:19.8876381-07:00] [pid=8316] [2026.05.13-11.15.19:887][  0]LogConfig: Setting CVar [[grass.DensityScale:1.0]]
[2026-05-13T04:15:19.8876381-07:00] [pid=8316] [2026.05.13-11.15.19:887][  0]LogConfig: Setting CVar [[r.HairStrands.SkyLighting.IntegrationType:2]]
[2026-05-13T04:15:19.8876381-07:00] [pid=8316] [2026.05.13-11.15.19:887][  0]LogConfig: Setting CVar [[r.HairStrands.Visibility.MSAA.SamplePerPixel:4]]
[2026-05-13T04:15:19.8886368-07:00] [pid=8316] [2026.05.13-11.15.19:887][  0]LogInit: Applying CVar settings loaded from the selected device profile: [Windows]
[2026-05-13T04:15:19.8886368-07:00] [pid=8316] [2026.05.13-11.15.19:888][  0]LogInit: Going up to parent DeviceProfile []
[2026-05-13T04:15:19.8886368-07:00] [pid=8316] [2026.05.13-11.15.19:888][  0]LogConfig: Setting CVar [[r.SkeletalMeshLODBias:0]]
[2026-05-13T04:15:19.8886368-07:00] [pid=8316] [2026.05.13-11.15.19:888][  0]LogConfig: Applying CVar settings from Section [AntiAliasingQuality@3] File [C:/Users/kapil/OneDrive/Documents/Unreal Projects/testTP/Saved/Config/Windows/Scalability.ini]
[2026-05-13T04:15:19.8886368-07:00] [pid=8316] [2026.05.13-11.15.19:888][  0]LogConfig: Applying CVar settings from Section [ShadowQuality@3] File [C:/Users/kapil/OneDrive/Documents/Unreal Projects/testTP/Saved/Config/Windows/Scalability.ini]
[2026-05-13T04:15:19.8886368-07:00] [pid=8316] [2026.05.13-11.15.19:888][  0]LogConfig: Setting CVar [[r.ShadowQuality:5]]
[2026-05-13T04:15:19.8886368-07:00] [pid=8316] [2026.05.13-11.15.19:888][  0]LogConfig: Setting CVar [[r.Shadow.MaxResolution:2048]]
[2026-05-13T04:15:19.8896370-07:00] [pid=8316] [2026.05.13-11.15.19:888][  0]LogConfig: Setting CVar [[r.Shadow.RadiusThreshold:0.01]]
[2026-05-13T04:15:19.8896370-07:00] [pid=8316] [2026.05.13-11.15.19:889][  0]LogConfig: Setting CVar [[r.Shadow.CSM.TransitionScale:1.0]]
[2026-05-13T04:15:19.8896370-07:00] [pid=8316] [2026.05.13-11.15.19:889][  0]LogConfig: Setting CVar [[r.DistanceFieldShadowing:1]]
[2026-05-13T04:15:19.8896370-07:00] [pid=8316] [2026.05.13-11.15.19:889][  0]LogConfig: Setting CVar [[r.AOQuality:2]]
[2026-05-13T04:15:19.8896370-07:00] [pid=8316] [2026.05.13-11.15.19:889][  0]LogConfig: Setting CVar [[r.VolumetricFog.GridPixelSize:8]]
[2026-05-13T04:15:19.8901422-07:00] [pid=8316] [2026.05.13-11.15.19:889][  0]LogConfig: Setting CVar [[r.VolumetricFog.HistoryMissSupersampleCount:4]]
[2026-05-13T04:15:19.8901422-07:00] [pid=8316] [2026.05.13-11.15.19:890][  0]LogConfig: Setting CVar [[r.CapsuleShadows:1]]
[2026-05-13T04:15:19.8901422-07:00] [pid=8316] [2026.05.13-11.15.19:890][  0]LogConfig: Setting CVar [[r.MotionBlurQuality:4]]
[2026-05-13T04:15:19.8901422-07:00] [pid=8316] [2026.05.13-11.15.19:890][  0]LogConfig: Setting CVar [[r.AmbientOcclusionMaxQuality:100]]
[2026-05-13T04:15:19.8901422-07:00] [pid=8316] [2026.05.13-11.15.19:890][  0]LogConfig: Setting CVar [[r.AmbientOcclusionRadiusScale:1.0]]
[2026-05-13T04:15:19.8911476-07:00] [pid=8316] [2026.05.13-11.15.19:891][  0]LogConfig: Setting CVar [[r.RenderTargetPoolMin:400]]
[2026-05-13T04:15:19.8911476-07:00] [pid=8316] [2026.05.13-11.15.19:891][  0]LogConfig: Setting CVar [[r.SceneColorFringeQuality:1]]
[2026-05-13T04:15:19.8911476-07:00] [pid=8316] [2026.05.13-11.15.19:891][  0]LogConfig: Setting CVar [[r.BloomQuality:5]]
[2026-05-13T04:15:19.8911476-07:00] [pid=8316] [2026.05.13-11.15.19:891][  0]LogConfig: Setting CVar [[r.Upscale.Quality:3]]
[2026-05-13T04:15:19.8911476-07:00] [pid=8316] [2026.05.13-11.15.19:891][  0]LogConfig: Setting CVar [[r.LightShaftQuality:1]]
[2026-05-13T04:15:19.8921525-07:00] [pid=8316] [2026.05.13-11.15.19:891][  0]LogConfig: Setting CVar [[r.Tonemapper.Quality:5]]
[2026-05-13T04:15:19.8921525-07:00] [pid=8316] [2026.05.13-11.15.19:892][  0]LogConfig: Setting CVar [[r.DOF.Gather.PostfilterMethod:1          ; Median3x3 postfilering method]]
[2026-05-13T04:15:19.8921525-07:00] [pid=8316] [2026.05.13-11.15.19:892][  0]LogConfig: Setting CVar [[r.DOF.Gather.RingCount:4                 ; medium number of samples when gathering]]
[2026-05-13T04:15:19.8921525-07:00] [pid=8316] [2026.05.13-11.15.19:892][  0]LogConfig: Setting CVar [[r.DOF.Scatter.BackgroundCompositing:2    ; additive background scattering]]
[2026-05-13T04:15:19.8921525-07:00] [pid=8316] [2026.05.13-11.15.19:892][  0]LogConfig: Setting CVar [[r.DOF.Scatter.MaxSpriteRatio:0.1         ; only a maximum of 10% of scattered bokeh]]
[2026-05-13T04:15:19.8921525-07:00] [pid=8316] [2026.05.13-11.15.19:892][  0]LogConfig: Setting CVar [[r.DOF.Recombine.EnableBokehSettings:0    ; no bokeh simulation on slight out of focus]]
[2026-05-13T04:15:19.8921525-07:00] [pid=8316] [2026.05.13-11.15.19:892][  0]LogConfig: Setting CVar [[r.DOF.Kernel.MaxForegroundRadius:0.025]]
[2026-05-13T04:15:19.8931523-07:00] [pid=8316] [2026.05.13-11.15.19:893][  0]LogConfig: Applying CVar settings from Section [TextureQuality@3] File [C:/Users/kapil/OneDrive/Documents/Unreal Projects/testTP/Saved/Config/Windows/Scalability.ini]
[2026-05-13T04:15:19.8931523-07:00] [pid=8316] [2026.05.13-11.15.19:893][  0]LogConfig: Setting CVar [[r.Streaming.AmortizeCPUToGPUCopy:0]]
[2026-05-13T04:15:19.8931523-07:00] [pid=8316] [2026.05.13-11.15.19:893][  0]LogConfig: Setting CVar [[r.Streaming.Boost:1]]
[2026-05-13T04:15:19.8931523-07:00] [pid=8316] [2026.05.13-11.15.19:893][  0]LogConfig: Setting CVar [[r.VT.MaxAnisotropy:8]]
[2026-05-13T04:15:19.8931523-07:00] [pid=8316] [2026.05.13-11.15.19:893][  0]LogConfig: Setting CVar [[r.Streaming.PoolSize:1000]]
[2026-05-13T04:15:19.8941525-07:00] [pid=8316] [2026.05.13-11.15.19:893][  0]LogConfig: Applying CVar settings from Section [EffectsQuality@3] File [C:/Users/kapil/OneDrive/Documents/Unreal Projects/testTP/Saved/Config/Windows/Scalability.ini]
[2026-05-13T04:15:19.8941525-07:00] [pid=8316] [2026.05.13-11.15.19:894][  0]LogConfig: Setting CVar [[r.RefractionQuality:2]]
[2026-05-13T04:15:19.8941525-07:00] [pid=8316] [2026.05.13-11.15.19:894][  0]LogConfig: Setting CVar [[r.SSR.HalfResSceneColor:0]]
[2026-05-13T04:15:19.8941525-07:00] [pid=8316] [2026.05.13-11.15.19:894][  0]LogConfig: Setting CVar [[r.DetailMode:2]]
[2026-05-13T04:15:19.8941525-07:00] [pid=8316] [2026.05.13-11.15.19:894][  0]LogConfig: Setting CVar [[r.MaterialQualityLevel:1 ; High quality]]
[2026-05-13T04:15:19.8941525-07:00] [pid=8316] [2026.05.13-11.15.19:894][  0]LogConfig: Setting CVar [[r.SSS.Scale:1]]
[2026-05-13T04:15:19.8941525-07:00] [pid=8316] [2026.05.13-11.15.19:894][  0]LogConfig: Setting CVar [[r.SSS.Quality:1]]
[2026-05-13T04:15:19.8951522-07:00] [pid=8316] [2026.05.13-11.15.19:895][  0]LogConfig: Setting CVar [[r.SSGI.Quality:3]]
[2026-05-13T04:15:19.8951522-07:00] [pid=8316] [2026.05.13-11.15.19:895][  0]LogConfig: Setting CVar [[r.ParticleLightQuality:2]]
[2026-05-13T04:15:19.8951522-07:00] [pid=8316] [2026.05.13-11.15.19:895][  0]LogConfig: Setting CVar [[r.SkyAtmosphere.AerialPerspectiveLUT.SampleCountMaxPerSlice:4]]
[2026-05-13T04:15:19.8951522-07:00] [pid=8316] [2026.05.13-11.15.19:895][  0]LogConfig: Setting CVar [[r.SkyAtmosphere.FastSkyLUT:1]]
[2026-05-13T04:15:19.8951522-07:00] [pid=8316] [2026.05.13-11.15.19:895][  0]LogConfig: Setting CVar [[r.SkyAtmosphere.FastSkyLUT.SampleCountMax:128.0]]
[2026-05-13T04:15:19.8951522-07:00] [pid=8316] [2026.05.13-11.15.19:895][  0]LogConfig: Setting CVar [[r.SkyAtmosphere.SampleCountMax:128.0]]
[2026-05-13T04:15:19.8951522-07:00] [pid=8316] [2026.05.13-11.15.19:895][  0]LogConfig: Setting CVar [[r.SkyAtmosphere.TransmittanceLUT.SampleCount:10.0]]
[2026-05-13T04:15:19.8951522-07:00] [pid=8316] [2026.05.13-11.15.19:895][  0]LogConfig: Setting CVar [[r.SkyLight.RealTimeReflectionCapture:1]]
[2026-05-13T04:15:19.8966572-07:00] [pid=8316] [2026.05.13-11.15.19:895][  0]LogConfig: Setting CVar [[foliage.DensityScale:1.0]]
[2026-05-13T04:15:19.8966572-07:00] [pid=8316] [2026.05.13-11.15.19:896][  0]LogConfig: Applying CVar settings from Section [ShadingQuality@3] File [C:/Users/kapil/OneDrive/Documents/Unreal Projects/testTP/Saved/Config/Windows/Scalability.ini]
[2026-05-13T04:15:19.8966572-07:00] [pid=8316] [2026.05.13-11.15.19:896][  0]LogConfig: Setting CVar [[r.HairStrands.SkyAO.SampleCount:4]]
[2026-05-13T04:15:19.8966572-07:00] [pid=8316] [2026.05.13-11.15.19:896][  0]LogConfig: Applying CVar settings from Section [Startup] File [../../../Engine/Config/ConsoleVariables.ini]
[2026-05-13T04:15:19.8966572-07:00] [pid=8316] [2026.05.13-11.15.19:896][  0]LogConfig: Setting CVar [[p.chaos.AllowCreatePhysxBodies:1]]
[2026-05-13T04:15:19.8976646-07:00] [pid=8316] [2026.05.13-11.15.19:897][  0]LogConfig: Applying CVar settings from Section [ConsoleVariables] File [C:/Users/kapil/OneDrive/Documents/Unreal Projects/testTP/Saved/Config/Windows/Engine.ini]
[2026-05-13T04:15:19.8976646-07:00] [pid=8316] [2026.05.13-11.15.19:897][  0]LogInit: Computer: IMMERSEDEMOM5
[2026-05-13T04:15:19.8976646-07:00] [pid=8316] [2026.05.13-11.15.19:897][  0]LogInit: CPU Page size=4096, Cores=14
[2026-05-13T04:15:19.8976646-07:00] [pid=8316] [2026.05.13-11.15.19:897][  0]LogMemory: Memory total: Physical=15.7GB (16GB approx)
[2026-05-13T04:15:19.8976646-07:00] [pid=8316] [2026.05.13-11.15.19:897][  0]LogMemory: Process Physical Memory: 150.97 MB used, 150.97 MB peak
[2026-05-13T04:15:19.8976646-07:00] [pid=8316] [2026.05.13-11.15.19:897][  0]LogMemory: Physical Memory: 12330.51 MB used,  3738.19 MB free, 16068.70 MB total
[2026-05-13T04:15:19.9032064-07:00] [pid=8316] [2026.05.13-11.15.19:902][  0]LogWindows: WindowsPlatformFeatures enabled
[2026-05-13T04:15:19.9420646-07:00] [pid=8316] [2026.05.13-11.15.19:942][  0]LogInit: Using OS detected language (en-US).
[2026-05-13T04:15:19.9475754-07:00] [pid=8316] [2026.05.13-11.15.19:947][  0]LogTextLocalizationManager: No specific localization for 'en-US' exists, so the 'en' localization will be used.
[2026-05-13T04:15:19.9565935-07:00] [pid=27484] ---> Focus Exec Name: windowsterminal.exe has WS_OVERLAPPEDWINDOW
[2026-05-13T04:15:20.1170356-07:00] [pid=8316] [2026.05.13-11.15.20:117][  0]LogSlate: New Slate User Created.  User Index 0, Is Virtual User: 0
[2026-05-13T04:15:20.1265573-07:00] [pid=8316] [2026.05.13-11.15.20:126][  0]LogD3D11RHI: Loaded GFSDK_Aftermath_Lib.x64.dll
[2026-05-13T04:15:20.1679318-07:00] [pid=8316] [2026.05.13-11.15.20:167][  0]LogD3D11RHI: D3D11 min allowed feature level: 11_0
[2026-05-13T04:15:20.1679318-07:00] [pid=8316] [2026.05.13-11.15.20:167][  0]LogD3D11RHI: D3D11 adapters:
[2026-05-13T04:15:20.3155959-07:00] [pid=8316] [2026.05.13-11.15.20:315][  0]LogD3D11RHI:       7957/0/8034 MB DedicatedVideo/DedicatedSystem/SharedSystem, Outputs:1, VendorId:0x10de
[2026-05-13T04:15:20.3396503-07:00] [pid=8316] [2026.05.13-11.15.20:339][  0]LogD3D11RHI:       128/0/8034 MB DedicatedVideo/DedicatedSystem/SharedSystem, Outputs:0, VendorId:0x8086
[2026-05-13T04:15:20.3421825-07:00] [pid=8316] [2026.05.13-11.15.20:342][  0]LogD3D11RHI:       0/0/8034 MB DedicatedVideo/DedicatedSystem/SharedSystem, Outputs:0, VendorId:0x1414
[2026-05-13T04:15:20.3421825-07:00] [pid=8316] [2026.05.13-11.15.20:342][  0]LogD3D11RHI:     Description : NVIDIA GeForce RTX 4060 Laptop GPU
[2026-05-13T04:15:20.3431825-07:00] [pid=8316] [2026.05.13-11.15.20:342][  0]LogD3D11RHI:     DeviceId    : 28e0
[2026-05-13T04:15:20.3431825-07:00] [pid=8316] [2026.05.13-11.15.20:343][  0]LogD3D11RHI:     Revision    : 00a1
[2026-05-13T04:15:20.3431825-07:00] [pid=8316] [2026.05.13-11.15.20:343][  0]LogD3D11RHI:     DedicatedSystemMemory : 0 bytes
[2026-05-13T04:15:20.3431825-07:00] [pid=8316] [2026.05.13-11.15.20:343][  0]LogD3D11RHI:     AdapterLuid : 0 72942
[2026-05-13T04:15:20.3487086-07:00] [pid=8316] [2026.05.13-11.15.20:348][  0]LogD3D11RHI:     GPU DeviceId: 0x28e0 (for the marketing name, search the web for "GPU Device Id")
[2026-05-13T04:15:20.3487086-07:00] [pid=8316] [2026.05.13-11.15.20:348][  0]LogWindows:    0. 'Intel(R) UHD Graphics' (P:1 D:1)
[2026-05-13T04:15:20.3497010-07:00] [pid=8316] [2026.05.13-11.15.20:349][  0]LogWindows:    2. 'Intel(R) UHD Graphics' (P:0 D:0)
[2026-05-13T04:15:20.3497010-07:00] [pid=8316] [2026.05.13-11.15.20:349][  0]LogWindows:    4. 'NVIDIA GeForce RTX 4060 Laptop GPU' (P:0 D:0)
[2026-05-13T04:15:20.3502031-07:00] [pid=8316] [2026.05.13-11.15.20:350][  0]LogD3D11RHI:     Adapter Name: NVIDIA GeForce RTX 4060 Laptop GPU
[2026-05-13T04:15:20.3502031-07:00] [pid=8316] [2026.05.13-11.15.20:350][  0]LogD3D11RHI:      Driver Date: 11-18-2025
[2026-05-13T04:15:20.3502031-07:00] [pid=8316] [2026.05.13-11.15.20:350][  0]LogD3D11RHI: Creating D3DDevice using adapter:
[2026-05-13T04:15:20.3502031-07:00] [pid=8316] [2026.05.13-11.15.20:350][  0]LogD3D11RHI:     VendorId    : 10de
[2026-05-13T04:15:20.3502031-07:00] [pid=8316] [2026.05.13-11.15.20:350][  0]LogD3D11RHI:     SubSysId    : bf81028
[2026-05-13T04:15:20.3502031-07:00] [pid=8316] [2026.05.13-11.15.20:350][  0]LogD3D11RHI:     DedicatedVideoMemory : 8343519232 bytes
[2026-05-13T04:15:20.3502031-07:00] [pid=8316] [2026.05.13-11.15.20:350][  0]LogD3D11RHI:     SharedSystemMemory : 8424628224 bytes
[2026-05-13T04:15:20.4554970-07:00] [pid=8316] [2026.05.13-11.15.20:455][  0]LogD3D11RHI: RHI has support for 64 bit atomics
[2026-05-13T04:15:20.4554970-07:00] [pid=8316] [2026.05.13-11.15.20:455][  0]LogD3D11RHI: Array index from any shader is supported
[2026-05-13T04:15:20.4921257-07:00] [pid=8316] [2026.05.13-11.15.20:492][  0]LogRHI: GeForceNow SDK initialized: 1
[2026-05-13T04:15:20.6743280-07:00] [pid=7184] TVOSPlatformFactory.RegisterBuildPlatforms: UnrealBuildTool.IOSPlatformSDK has no valid SDK
[2026-05-13T04:15:20.6778452-07:00] [pid=7184] HoloLensPlatformFactory.RegisterBuildPlatforms: UnrealBuildTool.HoloLensPlatformSDK using manually installed SDK
[2026-05-13T04:15:20.6823645-07:00] [pid=7184] LinuxPlatformFactory.RegisterBuildPlatforms: UnrealBuildTool.LinuxPlatformSDK has no valid SDK
[2026-05-13T04:15:20.6833664-07:00] [pid=7184] LuminSDKVersionHelper.HasAnySDK: *** Unable to determine MLSDK location ***
[2026-05-13T04:15:20.6843660-07:00] [pid=7184] WindowsPlatformFactory.RegisterBuildPlatforms: UnrealBuildTool.WindowsPlatformSDK using manually installed SDK
[2026-05-13T04:15:20.6898827-07:00] [pid=7184] ValidatePlatformsMode.Execute: ##PlatformValidate: Win64 VALID
[2026-05-13T04:15:20.6903880-07:00] [pid=7184] ValidatePlatformsMode.Execute: ##PlatformValidate: Mac VALID
[2026-05-13T04:15:20.6903880-07:00] [pid=7184] ValidatePlatformsMode.Execute: ##PlatformValidate: PS4 INVALID
[2026-05-13T04:15:20.6903880-07:00] [pid=7184] ValidatePlatformsMode.Execute: ##PlatformValidate: Android INVALID
[2026-05-13T04:15:20.6903880-07:00] [pid=7184] ValidatePlatformsMode.Execute: ##PlatformValidate: Linux INVALID
[2026-05-13T04:15:20.6903880-07:00] [pid=7184] ValidatePlatformsMode.Execute: ##PlatformValidate: AllDesktop INVALID
[2026-05-13T04:15:20.6903880-07:00] [pid=7184] ValidatePlatformsMode.Execute: ##PlatformValidate: Switch INVALID
[2026-05-13T04:15:20.6924013-07:00] [pid=7184] Timeline.Print: Timeline:
[2026-05-13T04:15:20.6924013-07:00] [pid=7184] Timeline.Print: [ 0.000]
[2026-05-13T04:15:20.6934011-07:00] [pid=7184] Timeline.Print: [ 0.080](+0.000) SingleInstanceMutex.Acquire()
[2026-05-13T04:15:20.6934011-07:00] [pid=7184] Timeline.Print:   0.080          [ 0.000](+0.022) Initializing InstalledPlatformInfo
[2026-05-13T04:15:20.6943993-07:00] [pid=7184] Timeline.Print:   0.104          [ 0.024](+0.011) MacPlatformFactory
[2026-05-13T04:15:20.6943993-07:00] [pid=7184] Timeline.Print:   0.119          [ 0.039](+0.002) AndroidPlatformFactory
[2026-05-13T04:15:20.6943993-07:00] [pid=7184] Timeline.Print:   0.122          [ 0.042](+0.001) IOSPlatformFactory
[2026-05-13T04:15:20.6943993-07:00] [pid=7184] Timeline.Print:   0.127          [ 0.046](+0.001) LuminPlatformFactory
[2026-05-13T04:15:20.6943993-07:00] [pid=7184] Timeline.Print: [ 0.134](+0.000) FileMetadataPrefetch.Stop()
[2026-05-13T04:15:20.7410584-07:00] [pid=8316] [2026.05.13-11.15.20:741][  0]LogTargetPlatformManager: Display: Loaded TargetPlatform 'WindowsNoEditor'
[2026-05-13T04:15:20.7475787-07:00] [pid=8316] [2026.05.13-11.15.20:747][  0]LogTargetPlatformManager: Display: Loaded TargetPlatform 'WindowsClient'
[2026-05-13T04:15:20.7510912-07:00] [pid=8316] [2026.05.13-11.15.20:751][  0]LogTargetPlatformManager: Display: Building Assets For Windows
[2026-05-13T04:15:20.7821960-07:00] [pid=8316] [2026.05.13-11.15.20:782][  0]LogTextureFormatOodle: Display: Oodle Texture 2.9.0 init RDO Off
[2026-05-13T04:15:20.8077773-07:00] [pid=8316] [2026.05.13-11.15.20:807][  0]LogShaderCompilers: Guid format shader working directory is -25 characters bigger than the processId version (../../../../../../Users/kapil/OneDrive/Documents/Unreal Projects/testTP/Intermediate/Shaders/WorkingDirectory/8316/).
[2026-05-13T04:15:20.8087776-07:00] [pid=8316] [2026.05.13-11.15.20:808][  0]LogXGEController: Cannot use XGE Controller as Incredibuild is not installed on this machine.
[2026-05-13T04:15:20.8087776-07:00] [pid=8316] [2026.05.13-11.15.20:808][  0]LogShaderCompilers: Display: Using Local Shader Compiler.
[2026-05-13T04:15:21.3723151-07:00] [pid=8316] [2026.05.13-11.15.21:372][  0]LogDerivedDataCache: Display: Max Cache Size: 512 MB
[2026-05-13T04:15:21.4143201-07:00] [pid=8316] [2026.05.13-11.15.21:414][  0]LogDerivedDataCache: Display: Loaded Boot cache: C:/Users/kapil/AppData/Local/UnrealEngine/4.27/DerivedDataCache/Boot.ddc
[2026-05-13T04:15:21.4143201-07:00] [pid=8316] [2026.05.13-11.15.21:414][  0]LogDerivedDataCache: Unable to find inner node Pak for hierarchical cache Hierarchy.
[2026-05-13T04:15:21.4143201-07:00] [pid=8316] [2026.05.13-11.15.21:414][  0]LogDerivedDataCache: Unable to find inner node CompressedPak for hierarchical cache Hierarchy.
[2026-05-13T04:15:21.4268373-07:00] [pid=8316] [2026.05.13-11.15.21:426][  0]LogDerivedDataCache: FDerivedDataBackendGraph:  EnterprisePak pak cache file ../../../Enterprise/DerivedDataCache/Compressed.ddp not found, will not use a pak cache.
[2026-05-13T04:15:21.4333564-07:00] [pid=8316] [2026.05.13-11.15.21:433][  0]LogDerivedDataCache: Speed tests for C:/Users/kapil/AppData/Local/UnrealEngine/Common/DerivedDataCache took 0.01 seconds
[2026-05-13T04:15:21.4343573-07:00] [pid=8316] [2026.05.13-11.15.21:434][  0]LogDerivedDataCache: Using Local data cache path C:/Users/kapil/AppData/Local/UnrealEngine/Common/DerivedDataCache: Writable
[2026-05-13T04:15:21.4353573-07:00] [pid=8316] [2026.05.13-11.15.21:434][  0]LogDerivedDataCache: Unable to find inner node Shared for hierarchical cache Hierarchy.
[2026-05-13T04:15:21.4587955-07:00] [pid=8316] [2026.05.13-11.15.21:458][  0]LogSlate: SlateFontServices - WITH_FREETYPE: 1, WITH_HARFBUZZ: 1
[2026-05-13T04:15:21.4968719-07:00] [pid=8316] [2026.05.13-11.15.21:496][  0]LogInit: Using OS detected locale (en-US).
[2026-05-13T04:15:21.4978806-07:00] [pid=8316] [2026.05.13-11.15.21:497][  0]LogTextLocalizationManager: No localization for 'en-US' exists, so 'en' will be used for the locale.
[2026-05-13T04:15:21.4978806-07:00] [pid=8316] [2026.05.13-11.15.21:497][  0]LogSlate: FontCache flush requested. Reason: Culture for localization was changed
[2026-05-13T04:15:21.4998812-07:00] [pid=8316] [2026.05.13-11.15.21:499][  0]LogAssetRegistry: FAssetRegistry took 0.0013 seconds to start up
[2026-05-13T04:15:21.6779648-07:00] [pid=8316] [2026.05.13-11.15.21:677][  0]LogInit: Selected Device Profile: [Windows]
[2026-05-13T04:15:21.6779648-07:00] [pid=8316] [2026.05.13-11.15.21:677][  0]LogInit: Profiles: [000002757DE97700][000002757B752240 49] Windows, [000002757DE4CB00][0000027564DBA3C0 49] WindowsNoEditor, [000002757DE94B00][000002757B75E540 49] WindowsServer, [000002757DE4EE00][000002757B7626C0 49] WindowsClient, [000002757DE96D00][000002757B766840 49] IOS, [000002757DE4D500][000002757B76A9C0 49] iPadAir, [000002757DE95400][000002757B76EB40 49] iPadAir2, [000002757DDFBC00][000002757B776E00 49] IPadPro, [000002757DDFBD00][000002757B772E40 49] iPadAir3, [000002757DE96600][000002757B77AFC0 49] iPadAir4, [000002757DDF9000][000002757B77F140 49] iPadMini2, [000002757DE95900][000002757B7832C0 49] iPadMini3, [000002757DDFA800][000002757B787440 49] iPadMini4, [000002757DE94200][0000027564DB7580 49] iPadMini5, [000002757DE37500][000002757B78F7C0 49] iPhone6, [000002757DE37600][000002757B78B800 49] iPodTouch6, [000002757DDF8100][000002757BFF1A80 49] iPhone7, [000002757DDF9100][000002757B793AC0 49] iPodTouch7, [000002757DE34F00][000002757BFF40C0 49] iPhone5S, [000002757DDFA900][000002757BFF8240 49] iPhone6Plus, [000002757DE36900][000002757BFFC3C0 49] iPhone6S, [000002757DDFBA00][000002757C000540 49] iPhone6SPlus, [000002757DE35800][000002757C0046C0 49] iPhone7Plus, [000002757DDF8900][000002757C008840 49] iPhoneSE, [000002757DE34900][000002757C00C9C0 49] iPhone8, [000002757DDFB000][000002757C010B40 49] iPhone8Plus, [000002757DE37100][000002757C014CC0 49] iPhoneX, [000002757DDFA100][000002757C018E40 49] iPhoneXS, [000002757DE34100][000002757C01CFC0 49] iPhoneXSMax, [000002757DDFB500][000002757C021140 49] iPhoneXR, [000002757DE34700][000002757C0252C0 49] iPhone11, [000002757DDFB200][000002757C029440 49] iPhone11Pro, [000002757DE34C00][000002757C02D5C0 49] iPhone11ProMax, [000002757DDFAC00][000002757BFED700 49] iPhoneSE2, [000002757DE36D00][000002757B323840 49] iPhone12Mini, [000002757DDFB800][000002757B327980 49] iPhone12, [000002757DE37D00][000002757B32BAC0 49] iPhone12Pro, [000002757DDF8E00][000002757B3320C0 49] iPhone12ProMax, [000002757DE35400][000002757B336240 49] iPadPro105, [000002757DDF9700][000002757B33A3C0 49] iPadPro129, [000002757DE36C00][000002757B33E540 49] iPadPro97, [000002757DDF9C00][000002757B3426C0 49] iPadPro2_129, [000002757DE35000][000002757B346840 49] iPad5, [000002757DDFAF00][000002757B34A9C0 49] iPad6, [000002757DE35700][000002757B34EB40 49] iPad7, [000002757DDFAA00][000002757B352CC0 49] iPad8, [000002757DE36800][000002757B356E40 49] iPadPro11, [000002757DDF9900][000002757B35AFC0 49] iPadPro2_11, [000002757DE37400][000002757B35F140 49] iPadPro3_129, [000002757DDFA400][000002757B3632C0 49] iPadPro4_129, [000002757DE35200][000002757B367440 49] AppleTV, [000002757DDFA000][000002757B36B5C0 49] AppleTV4K, [000002757DE35900][000002757B545740 49] TVOS, [000002757DDF8300][000002757B5498C0 49] Mac, [000002757DE34500][000002757B32FA00 49] MacClient, [000002757DDF8D00][000002757B54DB40 49] MacNoEditor, [000002757DE35500][000002757B550100 49] MacServer, [000002757DDFB700][000002757B558280 49] Linux, [000002757DE37200][000002757B55C400 49] LinuxAArch64, [000002757DDF9B00][000002757B560580 49] LinuxNoEditor, [000002757DE4E800][000002757B564700 49] LinuxAArch64NoEditor, [000002757DECCF00][000002757B568880 49] LinuxClient, [000002757DE4F500][000002757B56CA00 49] LinuxAArch64Client, [000002757DECDF00][000002757B570B80 49] LinuxServer, [000002757DE4DA00][000002757B574D00 49] LinuxAArch64Server, [000002757DECC800][000002757B578E80 49] Android, [000002757DE4C800][000002757B57D000 49] Android_Low, [000002757DECD600][000002757B581180 49] Android_Mid, [000002757DE4F900][000002757B585300 49] Android_High, [000002757DECD700][000002757B589480 49] Android_Default, [000002757DE4D800][000002757B58D600 49] Android_Adreno4xx, [000002757DECDC00][000002757B591780 49] Android_Adreno5xx_Low, [000002757DE4D400][000002757B595900 49] Android_Adreno5xx, [000002757DECC200][000002757B599A80 49] Android_Adreno6xx, [000002757DE4C400][000002757B555BC0 49] Android_Adreno6xx_Vulkan, [000002757DECEA00][000002757B59C180 49] Android_Mali_T6xx, [000002757DE4DB00][000002757B5A02C0 49] Android_Mali_T7xx, [
[2026-05-13T04:15:21.7095554-07:00] [pid=8316] [2026.05.13-11.15.21:709][  0]LogMeshReduction: Using QuadricMeshReduction for automatic static mesh reduction
[2026-05-13T04:15:21.7095554-07:00] [pid=8316] [2026.05.13-11.15.21:709][  0]LogMeshReduction: Using ProxyLODMeshReduction for automatic mesh merging
[2026-05-13T04:15:21.7095554-07:00] [pid=8316] [2026.05.13-11.15.21:709][  0]LogMeshMerging: No distributed automatic mesh merging module available
[2026-05-13T04:15:21.9567899-07:00] [pid=8316] [2026.05.13-11.15.21:956][  0]LogTexture: Default maximum texture size for cubemaps generated from long-lat sources has been changed from 512 to unlimited. In order to preserve old behaiour for '/Engine/MapTemplates/Sky/DaylightAmbientCubemap.DaylightAmbientCubemap', its maximum texture size has been explicitly set to 512.
[2026-05-13T04:15:22.0887719-07:00] [pid=8316] [2026.05.13-11.15.22:088][  0]LogMoviePlayer: Initializing movie player
[2026-05-13T04:15:22.1579753-07:00] [pid=8316] [2026.05.13-11.15.22:157][  0]LogCollectionManager: Loaded 0 collections in 0.001115 seconds
[2026-05-13T04:15:22.1614873-07:00] [pid=8316] [2026.05.13-11.15.22:161][  0]LogFileCache: Scanning file cache for directory 'C:/Users/kapil/OneDrive/Documents/Unreal Projects/testTP/Content/Developers/kapil/Collections/' took 0.00s
[2026-05-13T04:15:22.1614873-07:00] [pid=8316] [2026.05.13-11.15.22:161][  0]LogCollectionManager: Fixed up redirectors for 0 collections in 0.000002 seconds (updated 0 objects)
[2026-05-13T04:15:22.6031003-07:00] [pid=8316] [2026.05.13-11.15.22:603][  0]LogAkAudio: Wwise(R) SDK Version 2019.2.15 Build 7667. Copyright (c) 2006-2019 Audiokinetic Inc.
[2026-05-13T04:15:22.6041006-07:00] [pid=8316] [2026.05.13-11.15.22:604][  0]LogAkAudio: Wwise remote connection application name: testTP
[2026-05-13T04:15:22.6066063-07:00] [pid=8316] <<<_____ ImmerseAudioRenderer _____>>> 
[2026-05-13T04:15:22.6066063-07:00] [pid=8316] 
[2026-05-13T04:15:22.6066063-07:00] [pid=8316] CreateImmerseManager
[2026-05-13T04:15:22.6066063-07:00] [pid=8316] <<<_____ ImmerseAudioRenderer _____>>> 
[2026-05-13T04:15:22.6066063-07:00] [pid=8316] 
[2026-05-13T04:15:22.6081135-07:00] [pid=8316] [EmbodyLOG] May_13_2026 04:15:22.609 line: 466. ___IMMERSEENGINE___ Immerse_SetThreadInterface inThreadInterface:00000078A39CDD40 
[2026-05-13T04:15:22.6106562-07:00] [pid=8316] [EmbodyLOG] May_13_2026 04:15:22.610 line: 495. ___IMMERSEENGINE___ Immerse_Initialize inImmerseInit:00007FFFC28163C0 
[2026-05-13T04:15:22.6106562-07:00] [pid=8316] CreateImmerseAudioRendererFXParams()
[2026-05-13T04:15:22.6106562-07:00] [pid=8316] <<<_____ ImmerseAudioRenderer _____>>> 
[2026-05-13T04:15:22.6106562-07:00] [pid=8316] 
[2026-05-13T04:15:22.6106562-07:00] [pid=8316] [2026.05.13-11.15.22:610][  0]LogInit: Audiokinetic Audio Device initialized.
[2026-05-13T04:15:22.6136605-07:00] [pid=8316] [EmbodyLOG] May_13_2026 04:15:22.613 line: 143. ImmerseApiHelper: Immerse Api data path set: C:\ProgramData\Embody\Immerse Audio Renderer\Tencent\. 
[2026-05-13T04:15:22.6166598-07:00] [pid=8316] [EmbodyLOG] May_13_2026 04:15:22.616 line: 867. ImmerseAudioApiImplBase::InitHpeqData() - failed to initialize hpeq asset data! 
[2026-05-13T04:15:22.6166598-07:00] [pid=8316] [EmbodyLOG] May_13_2026 04:15:22.617 line: 544. ImmerseManager::Initialize() - failed to load head tracker library! 
[2026-05-13T04:15:22.6767424-07:00] [pid=8316] [2026.05.13-11.15.22:676][  0]SourceControl: Source control is disabled
[2026-05-13T04:15:22.6832562-07:00] [pid=8316] [2026.05.13-11.15.22:683][  0]LogUProjectInfo: Found projects:
[2026-05-13T04:15:22.7721130-07:00] [pid=8316] [2026.05.13-11.15.22:772][  0]LogAndroidPermission: UAndroidPermissionCallbackProxy::GetInstance
[2026-05-13T04:15:22.7811615-07:00] [pid=8316] [2026.05.13-11.15.22:781][  0]LogAudioCaptureCore: Display: No Audio Capture implementations found. Audio input will be silent.
[2026-05-13T04:15:22.8423831-07:00] [pid=8316] [2026.05.13-11.15.22:842][  0]LogUObjectArray: 22857 objects as part of root set at end of initial load.
[2026-05-13T04:15:22.8423831-07:00] [pid=8316] [2026.05.13-11.15.22:842][  0]LogUObjectArray: CloseDisregardForGC: 0/0 objects in disregard for GC pool
[2026-05-13T04:15:22.8814708-07:00] [pid=8316] [2026.05.13-11.15.22:881][  0]LogClass: Warning: ObjectProperty FAkExternalSourceInfo::ExternalSourceAsset is not initialized properly. Module:AkAudio File:Classes/AkGameplayTypes.h
[2026-05-13T04:15:22.8814708-07:00] [pid=8316] [2026.05.13-11.15.22:881][  0]LogClass: Display: BoolProperty FAkPS5AdvancedInitializationSettings::bVorbisHwAcceleration is not initialized properly. Module:AkAudio File:Classes/Platforms/AkPlatform_Pellegrino/AkPS5InitializationSettings.h
[2026-05-13T04:15:22.8814708-07:00] [pid=8316] [2026.05.13-11.15.22:881][  0]LogAutomationTest: Warning: ObjectProperty FAkExternalSourceInfo::ExternalSourceAsset is not initialized properly. Module:AkAudio File:Classes/AkGameplayTypes.h
[2026-05-13T04:15:22.8844769-07:00] [pid=8316] Error [GENERAL |  | OpenXR-Loader] : RuntimeManifestFile::FindManifestFiles - failed to find active runtime file in registry
[2026-05-13T04:15:22.8844769-07:00] [pid=8316] Error [GENERAL | xrEnumerateInstanceExtensionProperties | OpenXR-Loader] : RuntimeInterface::LoadRuntimes - failed to load a runtime
[2026-05-13T04:15:22.8844769-07:00] [pid=8316] Error [GENERAL | xrEnumerateInstanceExtensionProperties | OpenXR-Loader] : Failed querying extension properties
[2026-05-13T04:15:22.8854759-07:00] [pid=8316] [2026.05.13-11.15.22:885][  0]LogHMD: Failed to initialize OpenVR with code 110
[2026-05-13T04:15:22.8869995-07:00] [pid=8316] [2026.05.13-11.15.22:886][  0]LogStats: UGameplayTagsManager::InitializeManager -  0.000 s
[2026-05-13T04:15:22.9632294-07:00] [pid=8316] [2026.05.13-11.15.22:963][  0]LogAudio: Display: Initializing Audio Device Manager...
[2026-05-13T04:15:22.9667369-07:00] [pid=8316] [2026.05.13-11.15.22:966][  0]LogAudio: Display: No default SoundConcurrencyObject specified (or failed to load).
[2026-05-13T04:15:22.9667369-07:00] [pid=8316] [2026.05.13-11.15.22:966][  0]LogAudio: Display: Creating Audio Device:                 Id: 1, Scope: Shared, Realtime: True
[2026-05-13T04:15:22.9667369-07:00] [pid=8316] [2026.05.13-11.15.22:966][  0]LogAudioMixer: Display: 	Sample Rate:						  48000
[2026-05-13T04:15:22.9677442-07:00] [pid=8316] [2026.05.13-11.15.22:966][  0]LogAudioMixer: Display: 	Callback Buffer Frame Size To Use:	  1024
[2026-05-13T04:15:22.9677442-07:00] [pid=8316] [2026.05.13-11.15.22:967][  0]LogAudioMixer: Display: 	Max Channels (voices):				  32
[2026-05-13T04:15:22.9677442-07:00] [pid=8316] [2026.05.13-11.15.22:967][  0]LogAudio: Display: AudioDevice MaxSources: 32
[2026-05-13T04:15:22.9677442-07:00] [pid=8316] [2026.05.13-11.15.22:967][  0]LogAudio: Display: Audio Reverb Plugin: None (built-in).
[2026-05-13T04:15:22.9677442-07:00] [pid=8316] [2026.05.13-11.15.22:967][  0]LogAudioMixer: Display: Initializing audio mixer.
[2026-05-13T04:15:22.9752596-07:00] [pid=8316] [2026.05.13-11.15.22:975][  0]LogAudioMixer: Display: 1: FrontRight
[2026-05-13T04:15:22.9877925-07:00] [pid=8316] [2026.05.13-11.15.22:987][  0]LogAudioMixer: Display: Initializing Sound Submixes...
[2026-05-13T04:15:22.9897938-07:00] [pid=8316] [2026.05.13-11.15.22:989][  0]LogAudioMixer: Display: Creating Master Submix 'MasterReverbSubmixDefault'
[2026-05-13T04:15:22.9902987-07:00] [pid=8316] [2026.05.13-11.15.22:990][  0]LogAudioMixer: FMixerPlatformXAudio2::StartAudioStream() called
[2026-05-13T04:15:22.9913032-07:00] [pid=8316] [2026.05.13-11.15.22:991][  0]LogAudioMixer: Display: Starting AudioMixerPlatformInterface::RunInternal()
[2026-05-13T04:15:22.9913032-07:00] [pid=8316] [2026.05.13-11.15.22:991][  0]LogInit: FAudioDevice initialized.
[2026-05-13T04:15:23.0303773-07:00] [pid=8316] [2026.05.13-11.15.23:030][  0]LogDerivedDataCache: Saved boot cache 0.04s 78MB C:/Users/kapil/AppData/Local/UnrealEngine/4.27/DerivedDataCache/Boot.ddc.
[2026-05-13T04:15:23.0830651-07:00] [pid=8316] [2026.05.13-11.15.23:082][  0]LogAudio: Display: Audio Device (ID: 1) registered with world 'Untitled'.
[2026-05-13T04:15:23.0830651-07:00] [pid=8316] [2026.05.13-11.15.23:083][  0]LogInit: Display: Game Engine Initialized.
[2026-05-13T04:15:23.1688408-07:00] [pid=8316] [2026.05.13-11.15.23:168][  0]LogInit: Display: Starting Game.
[2026-05-13T04:15:23.1688408-07:00] [pid=8316] [2026.05.13-11.15.23:168][  0]LogLoad: LoadMap: /Game/ThirdPersonBP/Maps/ThirdPersonExampleMap?Name=Player
[2026-05-13T04:15:23.1703435-07:00] [pid=8316] [2026.05.13-11.15.23:170][  0]LogWorld: UWorld::CleanupWorld for Untitled, bSessionEnded=true, bCleanupResources=true
[2026-05-13T04:15:23.1733507-07:00] [pid=8316] [2026.05.13-11.15.23:173][  0]LogAudio: Display: Audio Device unregistered from world 'None'.
[2026-05-13T04:15:23.3345592-07:00] [pid=8316] [2026.05.13-11.15.23:334][  0]LogAudio: Display: Audio Device (ID: 1) registered with world 'ThirdPersonExampleMap'.
[2026-05-13T04:15:23.3420925-07:00] [pid=8316] [2026.05.13-11.15.23:341][  0]LogLoad: Game class is 'ThirdPersonGameMode_C'
[2026-05-13T04:15:23.3440869-07:00] [pid=8316] [2026.05.13-11.15.23:344][  0]LogWorld: Bringing up level for play took: 0.002341
[2026-05-13T04:15:23.3450866-07:00] [pid=8316] [2026.05.13-11.15.23:345][  0]LogTemp: Display: [ImmerseStress] IMMERSE_USER_ID env=kevin_tencenttest1_emb | IMMERSE_USERID= | IMMERSE_USER=
[2026-05-13T04:15:23.3450866-07:00] [pid=8316] [2026.05.13-11.15.23:345][  0]LogLoad: Took 0.176833 seconds to LoadMap(/Game/ThirdPersonBP/Maps/ThirdPersonExampleMap)
[2026-05-13T04:15:23.3832357-07:00] [pid=8316] [2026.05.13-11.15.23:382][  0]LogRenderer: Reallocating scene render targets to support 1536x864 Format 10 NumSamples 1 (Frame:1).
[2026-05-13T04:15:23.3832357-07:00] [pid=8316] [2026.05.13-11.15.23:383][  0]LogLoad: (Engine Initialization) Total time: 4.32 seconds
[2026-05-13T04:15:23.3832357-07:00] [pid=8316] Resizing viewport due to setres change, 1536 x 864
[2026-05-13T04:15:23.3952614-07:00] [pid=8316] [2026.05.13-11.15.23:395][  0]LogSlate: InvalidateAllWidgets triggered.  All widgets were invalidated
[2026-05-13T04:15:23.4704032-07:00] [pid=8316] [2026.05.13-11.15.23:470][  0]LogRenderer: Reallocating scene render targets to support 1536x864 Format 10 NumSamples 1 (Frame:2).
[2026-05-13T04:15:23.4954587-07:00] [pid=8316] <<<_____ ImmerseAudioRenderer _____>>> 
[2026-05-13T04:15:23.4954587-07:00] [pid=8316] 
[2026-05-13T04:15:23.4954587-07:00] [pid=8316] Init: this=00000275022C0080
[2026-05-13T04:15:23.4954587-07:00] [pid=8316] <<<_____ ImmerseAudioRenderer _____>>> 
[2026-05-13T04:15:23.4954587-07:00] [pid=8316] 
[2026-05-13T04:15:23.4969615-07:00] [pid=8316] [EmbodyLOG] May_13_2026 04:15:23.496 line: 251. ImmerseAudioApiImplBase::CreateAudioProcessor: failed to obtain personalized shared decoder kernel - expected behaviour if user is not set! 
[2026-05-13T04:15:23.5441172-07:00] [pid=8316] [EmbodyLOG] May_13_2026 04:15:23.544 line: 281. AudioConfig::InitializeDecoders: Successfully created shared ambisonic decoder kernel 
[2026-05-13T04:15:28.0769860-07:00] [pid=28232] <<<_____ ImmerseAudioRenderer _____>>> 
[2026-05-13T04:15:28.0769860-07:00] [pid=28232] 
[2026-05-13T04:15:28.0825051-07:00] [pid=28232] CreateDestroyImmerseManager
[2026-05-13T04:15:28.0825051-07:00] [pid=28232] <<<_____ ImmerseAudioRenderer _____>>> 
[2026-05-13T04:15:28.0825051-07:00] [pid=28232] 
[2026-05-13T04:15:28.1136018-07:00] [pid=27484] ---> Focus Exec Name: wwise.exe has WS_OVERLAPPEDWINDOW
[2026-05-13T04:15:28.1568220-07:00] [pid=8316] RegisterImmerseAudioRendererFX()
[2026-05-13T04:15:28.1568220-07:00] [pid=8316] <<<_____ ImmerseAudioRenderer _____>>> 
[2026-05-13T04:15:28.1573260-07:00] [pid=8316] 
[2026-05-13T04:15:28.1808824-07:00] [pid=8316] CreateImmerseAudioRendererFXParams()
[2026-05-13T04:15:28.1808824-07:00] [pid=8316] <<<_____ ImmerseAudioRenderer _____>>> 
[2026-05-13T04:15:28.1808824-07:00] [pid=8316] 
[2026-05-13T04:15:28.1808824-07:00] [pid=8316] WwiseFxNullParams::SetParam()
[2026-05-13T04:15:28.1808824-07:00] [pid=8316] <<<_____ ImmerseAudioRenderer _____>>> 
[2026-05-13T04:15:28.1808824-07:00] [pid=8316] 
[2026-05-13T04:15:28.1818872-07:00] [pid=8316] WwiseFxNullParams::SetParam()
[2026-05-13T04:15:28.1818872-07:00] [pid=8316] <<<_____ ImmerseAudioRenderer _____>>> 
[2026-05-13T04:15:28.1818872-07:00] [pid=8316] 
[2026-05-13T04:15:28.1818872-07:00] [pid=8316] WwiseFxNullParams::SetParam()
[2026-05-13T04:15:28.1818872-07:00] [pid=8316] <<<_____ ImmerseAudioRenderer _____>>> 
[2026-05-13T04:15:28.1818872-07:00] [pid=8316] 
[2026-05-13T04:15:28.1818872-07:00] [pid=8316] WwiseFxNullParams::SetParam()
[2026-05-13T04:15:28.1818872-07:00] [pid=8316] <<<_____ ImmerseAudioRenderer _____>>> 
[2026-05-13T04:15:28.1818872-07:00] [pid=8316] 
[2026-05-13T04:15:28.1818872-07:00] [pid=8316] WwiseFxNullParams::SetParam()
[2026-05-13T04:15:28.1828935-07:00] [pid=8316] <<<_____ ImmerseAudioRenderer _____>>> 
[2026-05-13T04:15:28.1828935-07:00] [pid=8316] 
[2026-05-13T04:15:28.1828935-07:00] [pid=8316] <<<_____ ImmerseAudioRenderer _____>>> 
[2026-05-13T04:15:28.1828935-07:00] [pid=8316] 
[2026-05-13T04:15:28.1838931-07:00] [pid=8316] <<<_____ ImmerseAudioRenderer _____>>> 
[2026-05-13T04:15:28.1838931-07:00] [pid=8316] 
[2026-05-13T04:15:28.1838931-07:00] [pid=8316] [EmbodyLOG] May_13_2026 04:15:28.184 line: 3460. generateWebAppUrl(): userId: kevin_tencenttest1_emb 
[2026-05-13T04:15:28.1848956-07:00] [pid=8316] WwiseFxNullParams::ApplyParam()
[2026-05-13T04:15:28.1848956-07:00] [pid=8316] [EmbodyLOG] May_13_2026 04:15:28.184 line: 710. ___IMMERSEENGINE___ Immerse_EnableHPEQ inHeadset: 0 
[2026-05-13T04:15:28.1848956-07:00] [pid=8316] WwiseFxNullParams::ApplyParam()
[2026-05-13T04:15:28.1848956-07:00] [pid=8316] <<<_____ ImmerseAudioRenderer _____>>> 
[2026-05-13T04:15:28.1848956-07:00] [pid=8316] 
[2026-05-13T04:15:28.1858957-07:00] [pid=8316] [EmbodyLOG] May_13_2026 04:15:28.185 line: 759. ___IMMERSEENGINE___ Immerse_SetSpeakerPlacement inSpeakerPlacement:1 
[2026-05-13T04:15:28.1858957-07:00] [pid=8316] 
[2026-05-13T04:15:28.1858957-07:00] [pid=8316] WwiseFxNullParams::ApplyParam()
[2026-05-13T04:15:28.1858957-07:00] [pid=8316] <<<_____ ImmerseAudioRenderer _____>>> 
[2026-05-13T04:15:28.1858957-07:00] [pid=8316] 
[2026-05-13T04:15:28.1869087-07:00] [pid=8316] <<<_____ ImmerseAudioRenderer _____>>> 
[2026-05-13T04:15:28.1879167-07:00] [pid=8316] 
[2026-05-13T04:15:28.1879167-07:00] [pid=8316] [EmbodyLOG] May_13_2026 04:15:28.188 line: 752. ___IMMERSEENGINE___ Immerse_DestroyAudioProcessor inAudioProcessor:1 
[2026-05-13T04:15:28.1879167-07:00] [pid=8316] [EmbodyLOG] May_13_2026 04:15:28.188 line: 1377. constructWebAppUrl: https://u.embodyvr.io/i/r2OqXGvUC-AvnMGPYyEs2qhb78f8RCkY1-idqhzd3J6Ag_lWQYHWkA**?q=2h04:en 
[2026-05-13T04:15:28.1879167-07:00] [pid=8316] 
[2026-05-13T04:15:28.1879167-07:00] [pid=8316] CreateImmerseAudioRendererFX()
[2026-05-13T04:15:28.1889161-07:00] [pid=8316] <<<_____ ImmerseAudioRenderer _____>>> 
[2026-05-13T04:15:28.1889161-07:00] [pid=8316] Init: this=00000275022C01C0
[2026-05-13T04:15:28.1889161-07:00] [pid=8316] <<<_____ ImmerseAudioRenderer _____>>> 
[2026-05-13T04:15:28.1889161-07:00] [pid=8316] 
[2026-05-13T04:15:28.1908334-07:00] [pid=8316] Term: this=00000275022C01C0
[2026-05-13T04:15:28.1908334-07:00] [pid=8316] <<<_____ ImmerseAudioRenderer _____>>> 
[2026-05-13T04:15:28.1908334-07:00] [pid=8316] 
[2026-05-13T04:15:28.1993576-07:00] [pid=8316] CreateImmerseAudioRendererFX()
[2026-05-13T04:15:28.1993576-07:00] [pid=8316] <<<_____ ImmerseAudioRenderer _____>>> 
[2026-05-13T04:15:28.1993576-07:00] [pid=8316] 
[2026-05-13T04:15:28.1993576-07:00] [pid=8316] Init: success this=00000275022C0300 numChannels=36
[2026-05-13T04:15:28.2003575-07:00] [pid=8316] [EmbodyLOG] May_13_2026 04:15:28.200 line: 738. ___IMMERSEENGINE___ Immerse_CreateAudioProcessor inChannelConfiguration:5 inInitHrirTuning:0 inInitSpeakerPlacement:0 outAudioProcessor:00000078AFF9FD90 
[2026-05-13T04:15:28.2018324-07:00] [pid=8316] [EmbodyLOG] May_13_2026 04:15:28.202 line: 269. ImmerseAudioApiImplBase::CreateAudioProcessor: failed to init personalized decoder - expected behaviour if user is not set! 
[2026-05-13T04:15:28.5068254-07:00] [pid=8316] [EmbodyLOG] May_13_2026 04:15:28.506 line: 2042. updateUserData onSetUserId: update user data on set user id 
[2026-05-13T04:15:28.5083350-07:00] [pid=8316] [EmbodyLOG] May_13_2026 04:15:28.508 line: 2060. ImmerseAPI_updateUserData onSetUserId: syncing with server 
[2026-05-13T04:15:28.5108678-07:00] [pid=8316] [EmbodyLOG] May_13_2026 04:15:28.511 line: 3274. getEmbodyData: STATUS_AUTHORIZING StatusCheck session_id: 06756e30dc6941e7b44b3ad365984a2f, immerse_id: v2.2.447, hrtf_id: 1408e0d2eca549feaf2d5631a49ca7d2, img_id: img_1 
[2026-05-13T04:15:28.5118722-07:00] [pid=8316] [EmbodyLOG] May_13_2026 04:15:28.512 line: 3232. updateUMWHPEQSelection() - updated headsetId: 18446744073709551615 
[2026-05-13T04:15:28.5128798-07:00] [pid=8316] [EmbodyLOG] May_13_2026 04:15:28.513 line: 2724. updateUserHRTFData: inside hrtfCallback invocation 
[2026-05-13T04:15:28.5138811-07:00] [pid=8316] [EmbodyLOG] May_13_2026 04:15:28.513 line: 3354. getEmbodyData: IMMERSE_STATUS::DATA_FINISHED 
[2026-05-13T04:15:28.8668493-07:00] [pid=8316] [EmbodyLOG] May_13_2026 04:15:28.867 line: 447. DecryptMultiSofaData() - decrypt result: Success 
[2026-05-13T04:15:28.8678546-07:00] [pid=8316] [EmbodyLOG] May_13_2026 04:15:28.867 line: 537. AssetManager - FOVD data (361 bytes): {"schema_version":1,"fov_groups":["l/r"],"fov_presets":[{"studio_speaker_angles_idx":[0,1,6,7,8,9,10,11,12,13,14,15,16,17,18],"label":"Narrow","id":"narrow"},{"studio_speaker_angles_idx":[2,3,6,7,8,9,10,11,12,13,14,15,16,17,18],"label":"Default","id":"default"},{"studio_speaker_angles_idx":[4,5,6,7,8,9,10,11,12,13,14,15,16,17,18],"label":"Wide","id":"wide"}]} 
[2026-05-13T04:15:28.9198455-07:00] [pid=8316] [EmbodyLOG] May_13_2026 04:15:28.920 line: 281. AudioConfig::InitializeDecoders: Successfully created shared ambisonic decoder kernel 
[2026-05-13T04:15:28.9228441-07:00] [pid=8316] [EmbodyLOG] May_13_2026 04:15:28.923 line: 1419. calculateLicenseDaysRemaining(): cached=358, elapsed=0, remaining=358 
[2026-05-13T04:15:28.9248435-07:00] [pid=8316] [EmbodyLOG] May_13_2026 04:15:28.926 line: 2576. ImmerseAPI: Too many status checks within the period allowed, returning early 
[2026-05-13T04:15:28.9268818-07:00] [pid=8316] [EmbodyLOG] May_13_2026 04:15:28.927 line: 1419. calculateLicenseDaysRemaining(): cached=358, elapsed=0, remaining=358 
[2026-05-13T04:15:28.9288869-07:00] [pid=8316] [EmbodyLOG] May_13_2026 04:15:28.928 line: 1419. calculateLicenseDaysRemaining(): cached=358, elapsed=0, remaining=358 
[2026-05-13T04:15:35.4467134-07:00] [pid=8316] [2026.05.13-11.15.35:446][590]LogTemp: Display: [ImmerseStress] REMOTE_HOLD_v1: waiting for go.flag (../../../../../../Users/kapil/OneDrive/Documents/Unreal Projects/testTP/Saved/ImmerseStress/go.flag) retry=20
[2026-05-13T04:16:01.2213844-07:00] [pid=24380] [2026.05.13-11.16.01:221][691]LogRunningAppService: Display: New foreground process [8316] C:/Program Files/Epic Games/UE_4.27/Engine/Binaries/Win64/UE4Editor.exe for app C:/Program Files/Epic Games/UE_4.27/
[2026-05-13T04:16:01.2213844-07:00] [pid=24380] [2026.05.13-11.16.01:221][691]LogRunningAppService: Display: New foreground app C:/Program Files/Epic Games/UE_4.27/
[2026-05-13T04:16:01.4678929-07:00] [pid=8316] <<<_____ ImmerseAudioRenderer _____>>> 
[2026-05-13T04:16:01.4678929-07:00] [pid=8316] 
[2026-05-13T04:16:01.4678929-07:00] [pid=8316] WwiseFxNullParams::ApplyParam()
[2026-05-13T04:16:01.4678929-07:00] [pid=8316] [EmbodyLOG] May_13_2026 04:16:01.468 line: 673. ___IMMERSEENGINE___ Immerse_EnableImmerse inMode: 2 
[2026-05-13T04:16:01.4688949-07:00] [pid=8316] WwiseFxNullParams::SetParam()
[2026-05-13T04:16:01.4688949-07:00] [pid=8316] <<<_____ ImmerseAudioRenderer _____>>> 
[2026-05-13T04:16:01.4688949-07:00] [pid=8316] 
[2026-05-13T04:16:01.4698952-07:00] [pid=8316] [EmbodyLOG] May_13_2026 04:16:01.469 line: 1419. calculateLicenseDaysRemaining(): cached=358, elapsed=0, remaining=358 
[2026-05-13T04:16:01.6024883-07:00] [pid=8316] [2026.05.13-11.16.01:602][133]LogAkAudio: Error: Voice Starvation
[2026-05-13T04:16:03.5551433-07:00] [pid=8316] <<<_____ ImmerseAudioRenderer _____>>> 
[2026-05-13T04:16:03.5551433-07:00] [pid=8316] 
[2026-05-13T04:16:03.5551433-07:00] [pid=8316] WwiseFxNullParams::ApplyParam()
[2026-05-13T04:16:03.5551433-07:00] [pid=8316] [EmbodyLOG] May_13_2026 04:16:03.556 line: 673. ___IMMERSEENGINE___ Immerse_EnableImmerse inMode: 2 
[2026-05-13T04:16:03.5566482-07:00] [pid=8316] WwiseFxNullParams::SetParam()
[2026-05-13T04:16:03.5566482-07:00] [pid=8316] <<<_____ ImmerseAudioRenderer _____>>> 
[2026-05-13T04:16:03.5566482-07:00] [pid=8316] 
[2026-05-13T04:16:03.5576569-07:00] [pid=8316] [EmbodyLOG] May_13_2026 04:16:03.557 line: 1419. calculateLicenseDaysRemaining(): cached=358, elapsed=0, remaining=358 
[2026-05-13T04:16:03.6644724-07:00] [pid=8316] <<<_____ ImmerseAudioRenderer _____>>> 
[2026-05-13T04:16:03.6644724-07:00] [pid=8316] 
[2026-05-13T04:16:03.6644724-07:00] [pid=8316] WwiseFxNullParams::ApplyParam()
[2026-05-13T04:16:03.6644724-07:00] [pid=8316] [EmbodyLOG] May_13_2026 04:16:03.665 line: 673. ___IMMERSEENGINE___ Immerse_EnableImmerse inMode: 0 
[2026-05-13T04:16:03.6654726-07:00] [pid=8316] WwiseFxNullParams::SetParam()
[2026-05-13T04:16:03.6654726-07:00] [pid=8316] <<<_____ ImmerseAudioRenderer _____>>> 
[2026-05-13T04:16:03.6654726-07:00] [pid=8316] 
[2026-05-13T04:16:03.6654726-07:00] [pid=8316] [EmbodyLOG] May_13_2026 04:16:03.666 line: 1419. calculateLicenseDaysRemaining(): cached=358, elapsed=0, remaining=358 
[2026-05-13T04:16:03.7958606-07:00] [pid=8316] <<<_____ ImmerseAudioRenderer _____>>> 
[2026-05-13T04:16:03.7958606-07:00] [pid=8316] 
[2026-05-13T04:16:03.7958606-07:00] [pid=8316] WwiseFxNullParams::ApplyParam()
[2026-05-13T04:16:03.7958606-07:00] [pid=8316] [EmbodyLOG] May_13_2026 04:16:03.796 line: 673. ___IMMERSEENGINE___ Immerse_EnableImmerse inMode: 2 
[2026-05-13T04:16:03.7968603-07:00] [pid=8316] WwiseFxNullParams::SetParam()
[2026-05-13T04:16:03.7968603-07:00] [pid=8316] <<<_____ ImmerseAudioRenderer _____>>> 
[2026-05-13T04:16:03.7968603-07:00] [pid=8316] 
[2026-05-13T04:16:03.7978664-07:00] [pid=8316] [EmbodyLOG] May_13_2026 04:16:03.797 line: 1419. calculateLicenseDaysRemaining(): cached=358, elapsed=0, remaining=358 
[2026-05-13T04:16:03.8947893-07:00] [pid=8316] <<<_____ ImmerseAudioRenderer _____>>> 
[2026-05-13T04:16:03.8947893-07:00] [pid=8316] 
[2026-05-13T04:16:03.8947893-07:00] [pid=8316] WwiseFxNullParams::ApplyParam()
[2026-05-13T04:16:03.8957875-07:00] [pid=8316] [EmbodyLOG] May_13_2026 04:16:03.895 line: 673. ___IMMERSEENGINE___ Immerse_EnableImmerse inMode: 1 
[2026-05-13T04:16:03.8957875-07:00] [pid=8316] WwiseFxNullParams::SetParam()
[2026-05-13T04:16:03.8957875-07:00] [pid=8316] <<<_____ ImmerseAudioRenderer _____>>> 
[2026-05-13T04:16:03.8957875-07:00] [pid=8316] 
[2026-05-13T04:16:03.8967890-07:00] [pid=8316] [EmbodyLOG] May_13_2026 04:16:03.897 line: 1316. getLocalSessionID for user: kevin_tencenttest1_emb 06756e30dc6941e7b44b3ad365984a2f 
[2026-05-13T04:16:03.8987953-07:00] [pid=8316] [EmbodyLOG] May_13_2026 04:16:03.899 line: 3213. usingLocalUserCache: Using local cache for user: SCR license_type: trial, license_days_left: 358, license_expired: 0, isUniversalUser: 0 
[2026-05-13T04:16:03.8987953-07:00] [pid=8316] [EmbodyLOG] May_13_2026 04:16:03.899 line: 2669. updateUserHRTFData ProfileName set to : Profile_1 
[2026-05-13T04:16:03.9003012-07:00] [pid=8316] [EmbodyLOG] May_13_2026 04:16:03.900 line: 277. LoadHrtfCallback: HRTF already loaded 
[2026-05-13T04:16:03.9013069-07:00] [pid=8316] [EmbodyLOG] May_13_2026 04:16:03.901 line: 1419. calculateLicenseDaysRemaining(): cached=358, elapsed=0, remaining=358 
[2026-05-13T04:16:03.9043136-07:00] [pid=8316] [EmbodyLOG] May_13_2026 04:16:03.904 line: 2576. ImmerseAPI: Too many status checks within the period allowed, returning early 
[2026-05-13T04:16:03.9053134-07:00] [pid=8316] [EmbodyLOG] May_13_2026 04:16:03.905 line: 1419. calculateLicenseDaysRemaining(): cached=358, elapsed=0, remaining=358 
[2026-05-13T04:16:04.0196906-07:00] [pid=8316] WwiseFxNullParams::SetParam()
[2026-05-13T04:16:04.0196906-07:00] [pid=8316] <<<_____ ImmerseAudioRenderer _____>>> 
[2026-05-13T04:16:04.0196906-07:00] [pid=8316] 
[2026-05-13T04:16:04.0201941-07:00] [pid=8316] <<<_____ ImmerseAudioRenderer _____>>> 
[2026-05-13T04:16:04.0201941-07:00] [pid=8316] 
[2026-05-13T04:16:04.0201941-07:00] [pid=8316] WwiseFxNullParams::ApplyParam()
[2026-05-13T04:16:04.0201941-07:00] [pid=8316] [EmbodyLOG] May_13_2026 04:16:04.020 line: 673. ___IMMERSEENGINE___ Immerse_EnableImmerse inMode: 2 
[2026-05-13T04:16:04.0222050-07:00] [pid=8316] [EmbodyLOG] May_13_2026 04:16:04.022 line: 1419. calculateLicenseDaysRemaining(): cached=358, elapsed=0, remaining=358 
[2026-05-13T04:16:05.1442010-07:00] [pid=8316] <<<_____ ImmerseAudioRenderer _____>>> 
[2026-05-13T04:16:05.1442010-07:00] [pid=8316] 
[2026-05-13T04:16:05.1442010-07:00] [pid=8316] WwiseFxNullParams::ApplyParam()
[2026-05-13T04:16:05.1452016-07:00] [pid=8316] [EmbodyLOG] May_13_2026 04:16:05.145 line: 710. ___IMMERSEENGINE___ Immerse_EnableHPEQ inHeadset: 102 
[2026-05-13T04:16:05.1452016-07:00] [pid=8316] WwiseFxNullParams::SetParam()
[2026-05-13T04:16:05.1452016-07:00] [pid=8316] 
[2026-05-13T04:16:05.1452016-07:00] [pid=8316] WwiseFxNullParams::ApplyParam()
[2026-05-13T04:16:05.1467081-07:00] [pid=8316] [EmbodyLOG] May_13_2026 04:16:05.146 line: 1419. calculateLicenseDaysRemaining(): cached=358, elapsed=0, remaining=358 
[2026-05-13T04:16:08.2845964-07:00] [pid=28232] RegisterImmerseAudioRendererFX()
[2026-05-13T04:16:08.2845964-07:00] [pid=28232] <<<_____ ImmerseAudioRenderer _____>>> 
[2026-05-13T04:16:08.2845964-07:00] [pid=28232] 
[2026-05-13T04:16:08.2845964-07:00] [pid=28232] loadAndInitializeImmerseEngine
[2026-05-13T04:16:08.2950745-07:00] [pid=28232] <<<_____ ImmerseAudioRenderer _____>>> 
[2026-05-13T04:16:08.2950745-07:00] [pid=28232] 
[2026-05-13T04:16:08.2950745-07:00] [pid=28232] CreateImmerseManager
[2026-05-13T04:16:08.3252426-07:00] [pid=28232] <<<_____ ImmerseAudioRenderer _____>>> 
[2026-05-13T04:16:08.3252426-07:00] [pid=28232] 
[2026-05-13T04:16:08.3252426-07:00] [pid=28232] WwiseFxNullParams::Init()
[2026-05-13T04:16:08.3252426-07:00] [pid=28232] <<<_____ ImmerseAudioRenderer _____>>> 
[2026-05-13T04:16:08.3252426-07:00] [pid=28232] 
[2026-05-13T04:16:08.3252426-07:00] [pid=28232] WwiseFxNullParams::SetParam()
[2026-05-13T04:16:08.3252426-07:00] [pid=28232] <<<_____ ImmerseAudioRenderer _____>>> 
[2026-05-13T04:16:08.3252426-07:00] [pid=28232] 
[2026-05-13T04:16:08.3252426-07:00] [pid=28232] WwiseFxNullParams::SetParam()
[2026-05-13T04:16:08.3252426-07:00] [pid=28232] <<<_____ ImmerseAudioRenderer _____>>> 
[2026-05-13T04:16:08.3252426-07:00] [pid=28232] 
[2026-05-13T04:16:08.3252426-07:00] [pid=28232] WwiseFxNullParams::SetParam()
[2026-05-13T04:16:08.3252426-07:00] [pid=28232] <<<_____ ImmerseAudioRenderer _____>>> 
[2026-05-13T04:16:08.3252426-07:00] [pid=28232] 
[2026-05-13T04:16:08.3252426-07:00] [pid=28232] WwiseFxNullParams::SetParam()
[2026-05-13T04:16:08.3252426-07:00] [pid=28232] <<<_____ ImmerseAudioRenderer _____>>> 
[2026-05-13T04:16:08.3252426-07:00] [pid=28232] 
[2026-05-13T04:16:08.3267454-07:00] [pid=28232] WwiseFxNullParams::ApplyParam()
[2026-05-13T04:16:08.3267454-07:00] [pid=28232] <<<_____ ImmerseAudioRenderer _____>>> 
[2026-05-13T04:16:08.3267454-07:00] [pid=28232] 
[2026-05-13T04:16:08.3267454-07:00] [pid=28232] WwiseFxNullParams::ApplyParam()
[2026-05-13T04:16:08.3267454-07:00] [pid=28232] <<<_____ ImmerseAudioRenderer _____>>> 
[2026-05-13T04:16:08.3267454-07:00] [pid=28232] 
[2026-05-13T04:16:08.3267454-07:00] [pid=28232] WwiseFxNullParams::ApplyParam()
[2026-05-13T04:16:08.3267454-07:00] [pid=28232] <<<_____ ImmerseAudioRenderer _____>>> 
[2026-05-13T04:16:08.3267454-07:00] [pid=28232] 
[2026-05-13T04:16:08.3267454-07:00] [pid=28232] WwiseFxNullParams::ApplyParam()
[2026-05-13T04:16:08.3267454-07:00] [pid=28232] <<<_____ ImmerseAudioRenderer _____>>> 
[2026-05-13T04:16:08.3267454-07:00] [pid=28232] 
[2026-05-13T04:16:08.3267454-07:00] [pid=28232] WwiseFxNullParams::ApplyParam()
[2026-05-13T04:16:08.3805311-07:00] [pid=17192] [2026.05.13-11.16.08:380][  0]CrashReportClientDiagnosticLog: Editor/ExitCode:-1
[2026-05-13T04:16:08.3815294-07:00] [pid=17192] [2026.05.13-11.16.08:381][  0]CrashReportClientDiagnosticLog: MTBF/LoadSession
[2026-05-13T04:16:08.3950472-07:00] [pid=17192] [2026.05.13-11.16.08:395][  0]LogInit: Using libcurl 7.55.1-DEV
[2026-05-13T04:16:08.3950472-07:00] [pid=17192] [2026.05.13-11.16.08:395][  0]LogInit:  - supports SSL with OpenSSL/1.1.1
[2026-05-13T04:16:08.3965511-07:00] [pid=17192] [2026.05.13-11.16.08:395][  0]LogInit:  - other features:
[2026-05-13T04:16:08.3965511-07:00] [pid=17192] [2026.05.13-11.16.08:396][  0]LogInit:      CURL_VERSION_LIBZ
[2026-05-13T04:16:08.3965511-07:00] [pid=17192] [2026.05.13-11.16.08:396][  0]LogInit:      CURL_VERSION_ASYNCHDNS
[2026-05-13T04:16:08.3965511-07:00] [pid=17192] [2026.05.13-11.16.08:396][  0]LogInit:      CURL_VERSION_IDN
[2026-05-13T04:16:08.3965511-07:00] [pid=17192] [2026.05.13-11.16.08:396][  0]LogInit:  - bVerifyPeer = false  - Libcurl will NOT verify peer certificate
[2026-05-13T04:16:08.3965511-07:00] [pid=17192] [2026.05.13-11.16.08:396][  0]LogInit:  - bDontReuseConnections = false  - Libcurl will reuse connections
[2026-05-13T04:16:08.3965511-07:00] [pid=17192] [2026.05.13-11.16.08:396][  0]LogInit:  - LocalHostAddr = Default
[2026-05-13T04:16:08.3965511-07:00] [pid=17192] [2026.05.13-11.16.08:396][  0]LogAnalytics: Display: [CrashReporter.Release] APIServer = https://datarouter.ol.epicgames.com/. AppVersion = ++UE4+Release-4.27-CL-18319896
[2026-05-13T04:16:08.4075806-07:00] [pid=17192] [2026.05.13-11.16.08:407][  0]LogCore: Engine exit requested (reason: CrashReportClientApp RequestExit)
[2026-05-13T04:16:08.4075806-07:00] [pid=17192] [2026.05.13-11.16.08:407][  0]LogExit: Object subsystem successfully closed.
[2026-05-13T04:16:08.4085803-07:00] [pid=17192] [2026.05.13-11.16.08:408][  0]LogModuleManager: Shutting down and abandoning module HTTP (13)
[2026-05-13T04:16:08.4085803-07:00] [pid=17192] [2026.05.13-11.16.08:408][  0]LogHttp: Display: 	verb=[POST] url=[https://datarouter.ol.epicgames.com/datarouter/api/v1/public/data?SessionID=%7BAA8A509C-4C15-3D26-1787-C39C50ECE6C8%7D&AppID=CrashReporter.Release&AppVersion=%2B%2BUE4%2BRelease-4.27-CL-18319896&UserID=f8b698bb42db84b438be4e9e5183ed14%7C6da9797861944dd5b2bedb495b874fce%7C2e2120c8-1d81-4764-95c5-a72e8ff85171&AppEnvironment=datacollector-binary&UploadType=eteventstream] refs=[1] status=Processing
[2026-05-13T04:16:08.4085803-07:00] [pid=17192] [2026.05.13-11.16.08:408][  0]LogHttp: Display: Sleeping 0.500s to wait for 1 outstanding Http requests.
[2026-05-13T04:16:08.9185348-07:00] [pid=17192] [2026.05.13-11.16.08:918][  0]LogModuleManager: Shutting down and abandoning module CrashDebugHelper (8)
[2026-05-13T04:16:08.9185348-07:00] [pid=17192] [2026.05.13-11.16.08:918][  0]LogModuleManager: Shutting down and abandoning module PakFile (4)
[2026-05-13T04:16:08.9200424-07:00] [pid=17192] [2026.05.13-11.16.08:920][  0]LogExit: Exiting.
